[100%] Built target uart_bridge_node
-- Install configuration: ""
-- Installing: /home/peter/dog/dog_dev/install/uart_bridge/lib/uart_bridge/uart_bridge_node
-- Set non-toolchain portion of runtime path of "/home/peter/dog/dog_dev/install/uart_bridge/lib/uart_bridge/uart_bridge_node" to ""
-- Installing: /home/peter/dog/dog_dev/install/uart_bridge/share/uart_bridge/config
-- Installing: /home/peter/dog/dog_dev/install/uart_bridge/share/uart_bridge/config/uart_bridge.yaml
-- Installing: /home/peter/dog/dog_dev/install/uart_bridge/share/uart_bridge/launch
-- Installing: /home/peter/dog/dog_dev/install/uart_bridge/share/uart_bridge/launch/uart_bridge.launch.py
-- Installing: /home/peter/dog/dog_dev/install/uart_bridge/share/ament_index/resource_index/package_run_dependencies/uart_bridge
-- Installing: /home/peter/dog/dog_dev/install/uart_bridge/share/ament_index/resource_index/parent_prefix_path/uart_bridge
-- Installing: /home/peter/dog/dog_dev/install/uart_bridge/share/uart_bridge/environment/ament_prefix_path.sh
-- Installing: /home/peter/dog/dog_dev/install/uart_bridge/share/uart_bridge/environment/ament_prefix_path.dsv
-- Installing: /home/peter/dog/dog_dev/install/uart_bridge/share/uart_bridge/environment/path.sh
-- Installing: /home/peter/dog/dog_dev/install/uart_bridge/share/uart_bridge/environment/path.dsv
-- Installing: /home/peter/dog/dog_dev/install/uart_bridge/share/uart_bridge/local_setup.bash
-- Installing: /home/peter/dog/dog_dev/install/uart_bridge/share/uart_bridge/local_setup.sh
-- Installing: /home/peter/dog/dog_dev/install/uart_bridge/share/uart_bridge/local_setup.zsh
-- Installing: /home/peter/dog/dog_dev/install/uart_bridge/share/uart_bridge/local_setup.dsv
-- Installing: /home/peter/dog/dog_dev/install/uart_bridge/share/uart_bridge/package.dsv
-- Installing: /home/peter/dog/dog_dev/install/uart_bridge/share/ament_index/resource_index/packages/uart_bridge
-- Installing: /home/peter/dog/dog_dev/install/uart_bridge/share/uart_bridge/cmake/uart_bridgeConfig.cmake
-- Installing: /home/peter/dog/dog_dev/install/uart_bridge/share/uart_bridge/cmake/uart_bridgeConfig-version.cmake
-- Installing: /home/peter/dog/dog_dev/install/uart_bridge/share/uart_bridge/package.xml
