[0.006s] Invoking command in '/home/peter/dog/dog_dev/build/uart_bridge': CMAKE_PREFIX_PATH=${CMAKE_PREFIX_PATH}:/opt/ros/jazzy DEBUGINFOD_URLS=https://debuginfod.ubuntu.com /usr/bin/cmake --build /home/peter/dog/dog_dev/build/uart_bridge -- -j16 -l16
[0.048s] [100%] Built target uart_bridge_node
[0.055s] Invoked command in '/home/peter/dog/dog_dev/build/uart_bridge' returned '0': CMAKE_PREFIX_PATH=${CMAKE_PREFIX_PATH}:/opt/ros/jazzy DEBUGINFOD_URLS=https://debuginfod.ubuntu.com /usr/bin/cmake --build /home/peter/dog/dog_dev/build/uart_bridge -- -j16 -l16
[0.061s] Invoking command in '/home/peter/dog/dog_dev/build/uart_bridge': CMAKE_PREFIX_PATH=${CMAKE_PREFIX_PATH}:/opt/ros/jazzy DEBUGINFOD_URLS=https://debuginfod.ubuntu.com /usr/bin/cmake --install /home/peter/dog/dog_dev/build/uart_bridge
[0.067s] -- Install configuration: ""
[0.067s] -- Installing: /home/peter/dog/dog_dev/install/uart_bridge/lib/uart_bridge/uart_bridge_node
[0.070s] -- Set non-toolchain portion of runtime path of "/home/peter/dog/dog_dev/install/uart_bridge/lib/uart_bridge/uart_bridge_node" to ""
[0.070s] -- Installing: /home/peter/dog/dog_dev/install/uart_bridge/share/uart_bridge/config
[0.070s] -- Installing: /home/peter/dog/dog_dev/install/uart_bridge/share/uart_bridge/config/uart_bridge.yaml
[0.070s] -- Installing: /home/peter/dog/dog_dev/install/uart_bridge/share/uart_bridge/launch
[0.071s] -- Installing: /home/peter/dog/dog_dev/install/uart_bridge/share/uart_bridge/launch/uart_bridge.launch.py
[0.071s] -- Installing: /home/peter/dog/dog_dev/install/uart_bridge/share/ament_index/resource_index/package_run_dependencies/uart_bridge
[0.071s] -- Installing: /home/peter/dog/dog_dev/install/uart_bridge/share/ament_index/resource_index/parent_prefix_path/uart_bridge
[0.071s] -- Installing: /home/peter/dog/dog_dev/install/uart_bridge/share/uart_bridge/environment/ament_prefix_path.sh
[0.072s] -- Installing: /home/peter/dog/dog_dev/install/uart_bridge/share/uart_bridge/environment/ament_prefix_path.dsv
[0.072s] -- Installing: /home/peter/dog/dog_dev/install/uart_bridge/share/uart_bridge/environment/path.sh
[0.072s] -- Installing: /home/peter/dog/dog_dev/install/uart_bridge/share/uart_bridge/environment/path.dsv
[0.072s] -- Installing: /home/peter/dog/dog_dev/install/uart_bridge/share/uart_bridge/local_setup.bash
[0.072s] -- Installing: /home/peter/dog/dog_dev/install/uart_bridge/share/uart_bridge/local_setup.sh
[0.073s] -- Installing: /home/peter/dog/dog_dev/install/uart_bridge/share/uart_bridge/local_setup.zsh
[0.073s] -- Installing: /home/peter/dog/dog_dev/install/uart_bridge/share/uart_bridge/local_setup.dsv
[0.073s] -- Installing: /home/peter/dog/dog_dev/install/uart_bridge/share/uart_bridge/package.dsv
[0.073s] -- Installing: /home/peter/dog/dog_dev/install/uart_bridge/share/ament_index/resource_index/packages/uart_bridge
[0.073s] -- Installing: /home/peter/dog/dog_dev/install/uart_bridge/share/uart_bridge/cmake/uart_bridgeConfig.cmake
[0.073s] -- Installing: /home/peter/dog/dog_dev/install/uart_bridge/share/uart_bridge/cmake/uart_bridgeConfig-version.cmake
[0.073s] -- Installing: /home/peter/dog/dog_dev/install/uart_bridge/share/uart_bridge/package.xml
[0.074s] Invoked command in '/home/peter/dog/dog_dev/build/uart_bridge' returned '0': CMAKE_PREFIX_PATH=${CMAKE_PREFIX_PATH}:/opt/ros/jazzy DEBUGINFOD_URLS=https://debuginfod.ubuntu.com /usr/bin/cmake --install /home/peter/dog/dog_dev/build/uart_bridge
