[0.006s] Invoking command in '/home/peter/dog/dog_dev/build/detection_node': CMAKE_PREFIX_PATH=${CMAKE_PREFIX_PATH}:/opt/ros/jazzy DEBUGINFOD_URLS=https://debuginfod.ubuntu.com /usr/bin/cmake /home/peter/dog/dog_dev/ros2_ws/src/detection_node -DCMAKE_INSTALL_PREFIX=/home/peter/dog/dog_dev/install/detection_node
[0.015s] -- Found ament_cmake: 2.5.6 (/opt/ros/jazzy/share/ament_cmake/cmake)
[0.161s] -- Found rclcpp: 28.1.18 (/opt/ros/jazzy/share/rclcpp/cmake)
[0.564s] -- Found rosidl_generator_c: 4.6.7 (/opt/ros/jazzy/share/rosidl_generator_c/cmake)
[0.569s] -- Found rosidl_generator_cpp: 4.6.7 (/opt/ros/jazzy/share/rosidl_generator_cpp/cmake)
[0.577s] -- Using all available rosidl_typesupport_c: rosidl_typesupport_fastrtps_c;rosidl_typesupport_introspection_c
[0.585s] -- Using all available rosidl_typesupport_cpp: rosidl_typesupport_fastrtps_cpp;rosidl_typesupport_introspection_cpp
[0.626s] -- Found rmw_implementation_cmake: 7.3.3 (/opt/ros/jazzy/share/rmw_implementation_cmake/cmake)
[0.627s] -- Found rmw_fastrtps_cpp: 8.4.3 (/opt/ros/jazzy/share/rmw_fastrtps_cpp/cmake)
[0.998s] -- Using RMW implementation 'rmw_fastrtps_cpp' as default
[1.244s] -- Found sensor_msgs: 5.3.7 (/opt/ros/jazzy/share/sensor_msgs/cmake)
[1.286s] -- Found cv_bridge: 4.1.0 (/opt/ros/jazzy/share/cv_bridge/cmake)
[1.293s] -- Found OpenCV: /usr (found version "4.6.0") 
[1.294s] -- Found ament_lint_auto: 0.17.5 (/opt/ros/jazzy/share/ament_lint_auto/cmake)
[1.374s] -- Added test 'cppcheck' to perform static code analysis on C / C++ code
[1.374s] -- Configured cppcheck include dirs: $<BUILD_INTERFACE:/home/peter/dog/dog_dev/ros2_ws/src/detection_node/include>
[1.374s] -- Configured cppcheck exclude dirs and/or files: 
[1.375s] -- Added test 'lint_cmake' to check CMake code style
[1.376s] -- Added test 'uncrustify' to check C / C++ code style
[1.376s] -- Configured uncrustify additional arguments: 
[1.377s] -- Added test 'xmllint' to check XML markup files
[1.378s] -- Configuring done (1.4s)
[1.390s] -- Generating done (0.0s)
[1.393s] -- Build files have been written to: /home/peter/dog/dog_dev/build/detection_node
[1.400s] Invoked command in '/home/peter/dog/dog_dev/build/detection_node' returned '0': CMAKE_PREFIX_PATH=${CMAKE_PREFIX_PATH}:/opt/ros/jazzy DEBUGINFOD_URLS=https://debuginfod.ubuntu.com /usr/bin/cmake /home/peter/dog/dog_dev/ros2_ws/src/detection_node -DCMAKE_INSTALL_PREFIX=/home/peter/dog/dog_dev/install/detection_node
[1.401s] Invoking command in '/home/peter/dog/dog_dev/build/detection_node': CMAKE_PREFIX_PATH=${CMAKE_PREFIX_PATH}:/opt/ros/jazzy DEBUGINFOD_URLS=https://debuginfod.ubuntu.com /usr/bin/cmake --build /home/peter/dog/dog_dev/build/detection_node -- -j16 -l16
[1.435s] [ 25%] Building CXX object CMakeFiles/yolo_infer.dir/src/yolo_infer.cpp.o
[2.660s] [ 50%] Linking CXX static library libyolo_infer.a
[2.682s] [ 50%] Built target yolo_infer
[2.694s] [ 75%] Building CXX object CMakeFiles/test_yolo_infer.dir/src/test_yolo_infer.cpp.o
[3.622s] [100%] Linking CXX executable test_yolo_infer
[4.378s] [100%] Built target test_yolo_infer
[4.387s] Invoked command in '/home/peter/dog/dog_dev/build/detection_node' returned '0': CMAKE_PREFIX_PATH=${CMAKE_PREFIX_PATH}:/opt/ros/jazzy DEBUGINFOD_URLS=https://debuginfod.ubuntu.com /usr/bin/cmake --build /home/peter/dog/dog_dev/build/detection_node -- -j16 -l16
[4.394s] Invoking command in '/home/peter/dog/dog_dev/build/detection_node': CMAKE_PREFIX_PATH=${CMAKE_PREFIX_PATH}:/opt/ros/jazzy DEBUGINFOD_URLS=https://debuginfod.ubuntu.com /usr/bin/cmake --install /home/peter/dog/dog_dev/build/detection_node
[4.399s] -- Install configuration: ""
[4.399s] -- Installing: /home/peter/dog/dog_dev/install/detection_node/share/ament_index/resource_index/package_run_dependencies/detection_node
[4.400s] -- Installing: /home/peter/dog/dog_dev/install/detection_node/share/ament_index/resource_index/parent_prefix_path/detection_node
[4.400s] -- Installing: /home/peter/dog/dog_dev/install/detection_node/share/detection_node/environment/ament_prefix_path.sh
[4.400s] -- Installing: /home/peter/dog/dog_dev/install/detection_node/share/detection_node/environment/ament_prefix_path.dsv
[4.400s] -- Installing: /home/peter/dog/dog_dev/install/detection_node/share/detection_node/environment/path.sh
[4.401s] -- Installing: /home/peter/dog/dog_dev/install/detection_node/share/detection_node/environment/path.dsv
[4.401s] -- Installing: /home/peter/dog/dog_dev/install/detection_node/share/detection_node/local_setup.bash
[4.401s] -- Installing: /home/peter/dog/dog_dev/install/detection_node/share/detection_node/local_setup.sh
[4.401s] -- Installing: /home/peter/dog/dog_dev/install/detection_node/share/detection_node/local_setup.zsh
[4.401s] -- Installing: /home/peter/dog/dog_dev/install/detection_node/share/detection_node/local_setup.dsv
[4.401s] -- Installing: /home/peter/dog/dog_dev/install/detection_node/share/detection_node/package.dsv
[4.401s] -- Installing: /home/peter/dog/dog_dev/install/detection_node/share/ament_index/resource_index/packages/detection_node
[4.401s] -- Installing: /home/peter/dog/dog_dev/install/detection_node/share/detection_node/cmake/detection_nodeConfig.cmake
[4.401s] -- Installing: /home/peter/dog/dog_dev/install/detection_node/share/detection_node/cmake/detection_nodeConfig-version.cmake
[4.401s] -- Installing: /home/peter/dog/dog_dev/install/detection_node/share/detection_node/package.xml
[4.401s] -- Installing: /home/peter/dog/dog_dev/install/detection_node/lib/detection_node/test_yolo_infer
[4.402s] Invoked command in '/home/peter/dog/dog_dev/build/detection_node' returned '0': CMAKE_PREFIX_PATH=${CMAKE_PREFIX_PATH}:/opt/ros/jazzy DEBUGINFOD_URLS=https://debuginfod.ubuntu.com /usr/bin/cmake --install /home/peter/dog/dog_dev/build/detection_node
