[0.008s] Invoking command in '/home/peter/dog/dog_dev/build/detection_node': CMAKE_PREFIX_PATH=${CMAKE_PREFIX_PATH}:/opt/ros/jazzy DEBUGINFOD_URLS=https://debuginfod.ubuntu.com /usr/bin/cmake /home/peter/dog/dog_dev/ros2_ws/src/detection_node -DCMAKE_INSTALL_PREFIX=/home/peter/dog/dog_dev/install/detection_node
[0.416s] -- The C compiler identification is GNU 13.3.0
[2.894s] -- The CXX compiler identification is GNU 13.3.0
[4.465s] -- Detecting C compiler ABI info
[5.155s] -- Detecting C compiler ABI info - done
[5.160s] -- Check for working C compiler: /usr/bin/cc - skipped
[5.161s] -- Detecting C compile features
[5.161s] -- Detecting C compile features - done
[5.451s] -- Detecting CXX compiler ABI info
[6.271s] -- Detecting CXX compiler ABI info - done
[6.277s] -- Check for working CXX compiler: /usr/bin/c++ - skipped
[6.277s] -- Detecting CXX compile features
[6.278s] -- Detecting CXX compile features - done
[6.280s] -- Found ament_cmake: 2.5.6 (/opt/ros/jazzy/share/ament_cmake/cmake)
[6.378s] -- Found Python3: /usr/bin/python3 (found version "3.12.3") found components: Interpreter 
[6.460s] -- Found rclcpp: 28.1.18 (/opt/ros/jazzy/share/rclcpp/cmake)
[6.715s] -- Found rosidl_generator_c: 4.6.7 (/opt/ros/jazzy/share/rosidl_generator_c/cmake)
[6.725s] -- Found rosidl_generator_cpp: 4.6.7 (/opt/ros/jazzy/share/rosidl_generator_cpp/cmake)
[6.741s] -- Using all available rosidl_typesupport_c: rosidl_typesupport_fastrtps_c;rosidl_typesupport_introspection_c
[6.758s] -- Using all available rosidl_typesupport_cpp: rosidl_typesupport_fastrtps_cpp;rosidl_typesupport_introspection_cpp
[6.829s] -- Found rmw_implementation_cmake: 7.3.3 (/opt/ros/jazzy/share/rmw_implementation_cmake/cmake)
[6.832s] -- Found rmw_fastrtps_cpp: 8.4.3 (/opt/ros/jazzy/share/rmw_fastrtps_cpp/cmake)
[6.892s] -- Found OpenSSL: /usr/lib/x86_64-linux-gnu/libcrypto.so (found version "3.0.13")  
[7.366s] -- Found FastRTPS: /opt/ros/jazzy/include (Required is at least version "2.13") 
[7.554s] -- Using RMW implementation 'rmw_fastrtps_cpp' as default
[7.996s] -- Found sensor_msgs: 5.3.7 (/opt/ros/jazzy/share/sensor_msgs/cmake)
[8.050s] -- Found cv_bridge: 4.1.0 (/opt/ros/jazzy/share/cv_bridge/cmake)
[10.429s] CMake Error at CMakeLists.txt:13 (find_package):
[10.430s]   By not providing "Findvision_msgs.cmake" in CMAKE_MODULE_PATH this project
[10.430s]   has asked CMake to find a package configuration file provided by
[10.430s]   "vision_msgs", but CMake did not find one.
[10.430s] 
[10.430s]   Could not find a package configuration file provided by "vision_msgs" with
[10.430s]   any of the following names:
[10.430s] 
[10.430s]     vision_msgsConfig.cmake
[10.430s]     vision_msgs-config.cmake
[10.430s] 
[10.430s]   Add the installation prefix of "vision_msgs" to CMAKE_PREFIX_PATH or set
[10.430s]   "vision_msgs_DIR" to a directory containing one of the above files.  If
[10.430s]   "vision_msgs" provides a separate development package or SDK, be sure it
[10.430s]   has been installed.
[10.430s] 
[10.430s] 
[10.430s] -- Configuring incomplete, errors occurred!
[10.436s] Invoked command in '/home/peter/dog/dog_dev/build/detection_node' returned '1': CMAKE_PREFIX_PATH=${CMAKE_PREFIX_PATH}:/opt/ros/jazzy DEBUGINFOD_URLS=https://debuginfod.ubuntu.com /usr/bin/cmake /home/peter/dog/dog_dev/ros2_ws/src/detection_node -DCMAKE_INSTALL_PREFIX=/home/peter/dog/dog_dev/install/detection_node
