[0.017s] Invoking command in '/home/peter/dog/dog_dev/build/detection_node': CMAKE_PREFIX_PATH=${CMAKE_PREFIX_PATH}:/opt/ros/jazzy DEBUGINFOD_URLS=https://debuginfod.ubuntu.com /usr/bin/cmake --build /home/peter/dog/dog_dev/build/detection_node -- -j16 -l16
[0.034s] -- Found ament_cmake: 2.5.6 (/opt/ros/jazzy/share/ament_cmake/cmake)
[0.195s] -- Found rclcpp: 28.1.18 (/opt/ros/jazzy/share/rclcpp/cmake)
[0.880s] -- Found rosidl_generator_c: 4.6.7 (/opt/ros/jazzy/share/rosidl_generator_c/cmake)
[0.886s] -- Found rosidl_generator_cpp: 4.6.7 (/opt/ros/jazzy/share/rosidl_generator_cpp/cmake)
[0.893s] -- Using all available rosidl_typesupport_c: rosidl_typesupport_fastrtps_c;rosidl_typesupport_introspection_c
[0.902s] -- Using all available rosidl_typesupport_cpp: rosidl_typesupport_fastrtps_cpp;rosidl_typesupport_introspection_cpp
[0.942s] -- Found rmw_implementation_cmake: 7.3.3 (/opt/ros/jazzy/share/rmw_implementation_cmake/cmake)
[0.943s] -- Found rmw_fastrtps_cpp: 8.4.3 (/opt/ros/jazzy/share/rmw_fastrtps_cpp/cmake)
[1.657s] -- Using RMW implementation 'rmw_fastrtps_cpp' as default
[2.226s] -- Found sensor_msgs: 5.3.7 (/opt/ros/jazzy/share/sensor_msgs/cmake)
[2.268s] -- Found robot_interfaces: 0.0.0 (/home/peter/dog/dog_dev/ros2_ws/install/robot_interfaces/share/robot_interfaces/cmake)
[2.282s] -- Found ament_lint_auto: 0.17.5 (/opt/ros/jazzy/share/ament_lint_auto/cmake)
[2.344s] -- Added test 'cppcheck' to perform static code analysis on C / C++ code
[2.345s] -- Configured cppcheck include dirs: $<BUILD_INTERFACE:/home/peter/dog/dog_dev/ros2_ws/src/detection_node/include>
[2.345s] -- Configured cppcheck exclude dirs and/or files: 
[2.345s] -- Added test 'flake8' to check Python code syntax and style conventions
[2.345s] -- Configured 'flake8' exclude dirs and/or files: 
[2.345s] -- Added test 'lint_cmake' to check CMake code style
[2.345s] -- Added test 'pep257' to check Python code against some of the docstring style conventions in PEP 257
[2.346s] -- Added test 'uncrustify' to check C / C++ code style
[2.346s] -- Configured uncrustify additional arguments: 
[2.346s] -- Added test 'xmllint' to check XML markup files
[2.347s] -- Configuring done (2.3s)
[2.365s] -- Generating done (0.0s)
[2.370s] -- Build files have been written to: /home/peter/dog/dog_dev/build/detection_node
[2.399s] [ 22%] Built target yolo_infer
[2.403s] [ 33%] Building CXX object CMakeFiles/detection_viz_node_exe.dir/src/detection_viz_node.cpp.o
[2.403s] [ 44%] Building CXX object CMakeFiles/detection_viz_node_exe.dir/src/detection_viz_main.cpp.o
[2.415s] [ 66%] Built target test_yolo_infer
[2.421s] [ 88%] Built target detection_node_exe
[8.453s] [100%] Linking CXX executable detection_viz_node_exe
[9.376s] [100%] Built target detection_viz_node_exe
