[0.014s] Invoking command in '/home/peter/dog/dog_dev/build/gst_receiver': CMAKE_PREFIX_PATH=${CMAKE_PREFIX_PATH}:/opt/ros/jazzy DEBUGINFOD_URLS=https://debuginfod.ubuntu.com /usr/bin/cmake --build /home/peter/dog/dog_dev/build/gst_receiver -- -j16 -l16
[0.039s] CMake Error: The current CMakeCache.txt directory /home/peter/dog/dog_dev/build/gst_receiver/CMakeCache.txt is different than the directory /mnt/c/Users/Pt/Desktop/dog/agent_dev/build/gst_receiver where CMakeCache.txt was created. This may result in binaries being created in the wrong place. If you are not sure, reedit the CMakeCache.txt
[0.292s] -- Found ament_cmake: 2.5.6 (/opt/ros/jazzy/share/ament_cmake/cmake)
[0.676s] -- Found rclcpp: 28.1.18 (/opt/ros/jazzy/share/rclcpp/cmake)
[1.209s] -- Found rosidl_generator_c: 4.6.7 (/opt/ros/jazzy/share/rosidl_generator_c/cmake)
[1.288s] -- Found rosidl_generator_cpp: 4.6.7 (/opt/ros/jazzy/share/rosidl_generator_cpp/cmake)
[1.376s] -- Using all available rosidl_typesupport_c: rosidl_typesupport_fastrtps_c;rosidl_typesupport_introspection_c
[1.460s] -- Using all available rosidl_typesupport_cpp: rosidl_typesupport_fastrtps_cpp;rosidl_typesupport_introspection_cpp
[1.711s] -- Found rmw_implementation_cmake: 7.3.3 (/opt/ros/jazzy/share/rmw_implementation_cmake/cmake)
[1.737s] -- Found rmw_fastrtps_cpp: 8.4.3 (/opt/ros/jazzy/share/rmw_fastrtps_cpp/cmake)
[2.385s] -- Using RMW implementation 'rmw_fastrtps_cpp' as default
[2.856s] -- Found sensor_msgs: 5.3.7 (/opt/ros/jazzy/share/sensor_msgs/cmake)
[2.985s] -- Found cv_bridge: 4.1.0 (/opt/ros/jazzy/share/cv_bridge/cmake)
[3.029s] -- Found ament_lint_auto: 0.17.5 (/opt/ros/jazzy/share/ament_lint_auto/cmake)
[4.044s] -- Added test 'cppcheck' to perform static code analysis on C / C++ code
[4.044s] -- Configured cppcheck include dirs: /mnt/c/Users/Pt/Desktop/dog/agent_dev/ros2_ws/src/gst_receiver/include
[4.044s] -- Configured cppcheck exclude dirs and/or files: 
[4.151s] -- Added test 'lint_cmake' to check CMake code style
[4.632s] -- Added test 'uncrustify' to check C / C++ code style
[4.632s] -- Configured uncrustify additional arguments: 
[4.722s] -- Added test 'xmllint' to check XML markup files
[4.901s] -- Configuring done (4.7s)
[5.632s] -- Generating done (0.6s)
[6.187s] -- Build files have been written to: /mnt/c/Users/Pt/Desktop/dog/agent_dev/build/gst_receiver
[6.976s] [100%] Built target gst_receiver_node
