-- The C compiler identification is GNU 13.3.0
-- The CXX compiler identification is GNU 13.3.0
-- Detecting C compiler ABI info
-- Detecting C compiler ABI info - done
-- Check for working C compiler: /usr/bin/cc - skipped
-- Detecting C compile features
-- Detecting C compile features - done
-- Detecting CXX compiler ABI info
-- Detecting CXX compiler ABI info - done
-- Check for working CXX compiler: /usr/bin/c++ - skipped
-- Detecting CXX compile features
-- Detecting CXX compile features - done
-- Found ament_cmake: 2.5.6 (/opt/ros/jazzy/share/ament_cmake/cmake)
-- Found Python3: /usr/bin/python3 (found version "3.12.3") found components: Interpreter 
-- Found rclcpp: 28.1.18 (/opt/ros/jazzy/share/rclcpp/cmake)
-- Found rosidl_generator_c: 4.6.7 (/opt/ros/jazzy/share/rosidl_generator_c/cmake)
-- Found rosidl_generator_cpp: 4.6.7 (/opt/ros/jazzy/share/rosidl_generator_cpp/cmake)
-- Using all available rosidl_typesupport_c: rosidl_typesupport_fastrtps_c;rosidl_typesupport_introspection_c
-- Using all available rosidl_typesupport_cpp: rosidl_typesupport_fastrtps_cpp;rosidl_typesupport_introspection_cpp
-- Found rmw_implementation_cmake: 7.3.3 (/opt/ros/jazzy/share/rmw_implementation_cmake/cmake)
-- Found rmw_fastrtps_cpp: 8.4.3 (/opt/ros/jazzy/share/rmw_fastrtps_cpp/cmake)
-- Found OpenSSL: /usr/lib/x86_64-linux-gnu/libcrypto.so (found version "3.0.13")  
-- Found FastRTPS: /opt/ros/jazzy/include (Required is at least version "2.13") 
-- Using RMW implementation 'rmw_fastrtps_cpp' as default
-- Found sensor_msgs: 5.3.7 (/opt/ros/jazzy/share/sensor_msgs/cmake)
-- Found ament_lint_auto: 0.17.5 (/opt/ros/jazzy/share/ament_lint_auto/cmake)
-- Added test 'cppcheck' to perform static code analysis on C / C++ code
-- Configured cppcheck include dirs: 
-- Configured cppcheck exclude dirs and/or files: 
-- Added test 'lint_cmake' to check CMake code style
-- Added test 'uncrustify' to check C / C++ code style
-- Configured uncrustify additional arguments: 
-- Added test 'xmllint' to check XML markup files
-- Configuring done (27.2s)
-- Generating done (0.5s)
-- Build files have been written to: /mnt/c/Users/Pt/Desktop/dog/agent_dev/ros2_ws/build/uart_bridge
[ 50%] Building CXX object CMakeFiles/uart_bridge_node.dir/src/uart_bridge_node.cpp.o
[100%] Linking CXX executable uart_bridge_node
[100%] Built target uart_bridge_node
-- Install configuration: ""
-- Installing: /mnt/c/Users/Pt/Desktop/dog/agent_dev/ros2_ws/install/uart_bridge/lib/uart_bridge/uart_bridge_node
-- Set non-toolchain portion of runtime path of "/mnt/c/Users/Pt/Desktop/dog/agent_dev/ros2_ws/install/uart_bridge/lib/uart_bridge/uart_bridge_node" to ""
-- Installing: /mnt/c/Users/Pt/Desktop/dog/agent_dev/ros2_ws/install/uart_bridge/share/ament_index/resource_index/package_run_dependencies/uart_bridge
-- Installing: /mnt/c/Users/Pt/Desktop/dog/agent_dev/ros2_ws/install/uart_bridge/share/ament_index/resource_index/parent_prefix_path/uart_bridge
-- Installing: /mnt/c/Users/Pt/Desktop/dog/agent_dev/ros2_ws/install/uart_bridge/share/uart_bridge/environment/ament_prefix_path.sh
-- Installing: /mnt/c/Users/Pt/Desktop/dog/agent_dev/ros2_ws/install/uart_bridge/share/uart_bridge/environment/ament_prefix_path.dsv
-- Installing: /mnt/c/Users/Pt/Desktop/dog/agent_dev/ros2_ws/install/uart_bridge/share/uart_bridge/environment/path.sh
-- Installing: /mnt/c/Users/Pt/Desktop/dog/agent_dev/ros2_ws/install/uart_bridge/share/uart_bridge/environment/path.dsv
-- Installing: /mnt/c/Users/Pt/Desktop/dog/agent_dev/ros2_ws/install/uart_bridge/share/uart_bridge/local_setup.bash
-- Installing: /mnt/c/Users/Pt/Desktop/dog/agent_dev/ros2_ws/install/uart_bridge/share/uart_bridge/local_setup.sh
-- Installing: /mnt/c/Users/Pt/Desktop/dog/agent_dev/ros2_ws/install/uart_bridge/share/uart_bridge/local_setup.zsh
-- Installing: /mnt/c/Users/Pt/Desktop/dog/agent_dev/ros2_ws/install/uart_bridge/share/uart_bridge/local_setup.dsv
-- Installing: /mnt/c/Users/Pt/Desktop/dog/agent_dev/ros2_ws/install/uart_bridge/share/uart_bridge/package.dsv
-- Installing: /mnt/c/Users/Pt/Desktop/dog/agent_dev/ros2_ws/install/uart_bridge/share/ament_index/resource_index/packages/uart_bridge
-- Installing: /mnt/c/Users/Pt/Desktop/dog/agent_dev/ros2_ws/install/uart_bridge/share/uart_bridge/cmake/uart_bridgeConfig.cmake
-- Installing: /mnt/c/Users/Pt/Desktop/dog/agent_dev/ros2_ws/install/uart_bridge/share/uart_bridge/cmake/uart_bridgeConfig-version.cmake
-- Installing: /mnt/c/Users/Pt/Desktop/dog/agent_dev/ros2_ws/install/uart_bridge/share/uart_bridge/package.xml
