[0.149s] Invoking command in '/mnt/c/Users/Pt/Desktop/dog/agent_dev/ros2_ws/build/uart_bridge': CMAKE_PREFIX_PATH=${CMAKE_PREFIX_PATH}:/opt/ros/jazzy DEBUGINFOD_URLS=https://debuginfod.ubuntu.com /usr/bin/cmake /mnt/c/Users/Pt/Desktop/dog/agent_dev/ros2_ws/src/uart_bridge -DCMAKE_INSTALL_PREFIX=/mnt/c/Users/Pt/Desktop/dog/agent_dev/ros2_ws/install/uart_bridge
[2.080s] -- The C compiler identification is GNU 13.3.0
[7.311s] -- The CXX compiler identification is GNU 13.3.0
[10.311s] -- Detecting C compiler ABI info
[13.336s] -- Detecting C compiler ABI info - done
[13.414s] -- Check for working C compiler: /usr/bin/cc - skipped
[13.415s] -- Detecting C compile features
[13.416s] -- Detecting C compile features - done
[14.363s] -- Detecting CXX compiler ABI info
[17.727s] -- Detecting CXX compiler ABI info - done
[17.811s] -- Check for working CXX compiler: /usr/bin/c++ - skipped
[17.813s] -- Detecting CXX compile features
[17.816s] -- Detecting CXX compile features - done
[17.979s] -- Found ament_cmake: 2.5.6 (/opt/ros/jazzy/share/ament_cmake/cmake)
[18.265s] -- Found Python3: /usr/bin/python3 (found version "3.12.3") found components: Interpreter 
[19.373s] -- Found rclcpp: 28.1.18 (/opt/ros/jazzy/share/rclcpp/cmake)
[20.315s] -- Found rosidl_generator_c: 4.6.7 (/opt/ros/jazzy/share/rosidl_generator_c/cmake)
[20.441s] -- Found rosidl_generator_cpp: 4.6.7 (/opt/ros/jazzy/share/rosidl_generator_cpp/cmake)
[20.670s] -- Using all available rosidl_typesupport_c: rosidl_typesupport_fastrtps_c;rosidl_typesupport_introspection_c
[20.879s] -- Using all available rosidl_typesupport_cpp: rosidl_typesupport_fastrtps_cpp;rosidl_typesupport_introspection_cpp
[21.568s] -- Found rmw_implementation_cmake: 7.3.3 (/opt/ros/jazzy/share/rmw_implementation_cmake/cmake)
[21.604s] -- Found rmw_fastrtps_cpp: 8.4.3 (/opt/ros/jazzy/share/rmw_fastrtps_cpp/cmake)
[22.093s] -- Found OpenSSL: /usr/lib/x86_64-linux-gnu/libcrypto.so (found version "3.0.13")  
[23.369s] -- Found FastRTPS: /opt/ros/jazzy/include (Required is at least version "2.13") 
[23.639s] -- Using RMW implementation 'rmw_fastrtps_cpp' as default
[24.611s] -- Found sensor_msgs: 5.3.7 (/opt/ros/jazzy/share/sensor_msgs/cmake)
[24.829s] -- Found ament_lint_auto: 0.17.5 (/opt/ros/jazzy/share/ament_lint_auto/cmake)
[26.339s] -- Added test 'cppcheck' to perform static code analysis on C / C++ code
[26.340s] -- Configured cppcheck include dirs: 
[26.341s] -- Configured cppcheck exclude dirs and/or files: 
[26.418s] -- Added test 'lint_cmake' to check CMake code style
[27.170s] -- Added test 'uncrustify' to check C / C++ code style
[27.175s] -- Configured uncrustify additional arguments: 
[27.269s] -- Added test 'xmllint' to check XML markup files
[27.523s] -- Configuring done (27.2s)
[28.144s] -- Generating done (0.5s)
[28.489s] -- Build files have been written to: /mnt/c/Users/Pt/Desktop/dog/agent_dev/ros2_ws/build/uart_bridge
[28.498s] Invoked command in '/mnt/c/Users/Pt/Desktop/dog/agent_dev/ros2_ws/build/uart_bridge' returned '0': CMAKE_PREFIX_PATH=${CMAKE_PREFIX_PATH}:/opt/ros/jazzy DEBUGINFOD_URLS=https://debuginfod.ubuntu.com /usr/bin/cmake /mnt/c/Users/Pt/Desktop/dog/agent_dev/ros2_ws/src/uart_bridge -DCMAKE_INSTALL_PREFIX=/mnt/c/Users/Pt/Desktop/dog/agent_dev/ros2_ws/install/uart_bridge
[28.507s] Invoking command in '/mnt/c/Users/Pt/Desktop/dog/agent_dev/ros2_ws/build/uart_bridge': CMAKE_PREFIX_PATH=${CMAKE_PREFIX_PATH}:/opt/ros/jazzy DEBUGINFOD_URLS=https://debuginfod.ubuntu.com /usr/bin/cmake --build /mnt/c/Users/Pt/Desktop/dog/agent_dev/ros2_ws/build/uart_bridge -- -j16 -l16
[29.285s] [ 50%] Building CXX object CMakeFiles/uart_bridge_node.dir/src/uart_bridge_node.cpp.o
[32.656s] [100%] Linking CXX executable uart_bridge_node
[34.063s] [100%] Built target uart_bridge_node
[34.201s] Invoked command in '/mnt/c/Users/Pt/Desktop/dog/agent_dev/ros2_ws/build/uart_bridge' returned '0': CMAKE_PREFIX_PATH=${CMAKE_PREFIX_PATH}:/opt/ros/jazzy DEBUGINFOD_URLS=https://debuginfod.ubuntu.com /usr/bin/cmake --build /mnt/c/Users/Pt/Desktop/dog/agent_dev/ros2_ws/build/uart_bridge -- -j16 -l16
[34.291s] Invoking command in '/mnt/c/Users/Pt/Desktop/dog/agent_dev/ros2_ws/build/uart_bridge': CMAKE_PREFIX_PATH=${CMAKE_PREFIX_PATH}:/opt/ros/jazzy DEBUGINFOD_URLS=https://debuginfod.ubuntu.com /usr/bin/cmake --install /mnt/c/Users/Pt/Desktop/dog/agent_dev/ros2_ws/build/uart_bridge
[34.324s] -- Install configuration: ""
[34.344s] -- Installing: /mnt/c/Users/Pt/Desktop/dog/agent_dev/ros2_ws/install/uart_bridge/lib/uart_bridge/uart_bridge_node
[34.453s] -- Set non-toolchain portion of runtime path of "/mnt/c/Users/Pt/Desktop/dog/agent_dev/ros2_ws/install/uart_bridge/lib/uart_bridge/uart_bridge_node" to ""
[34.653s] -- Installing: /mnt/c/Users/Pt/Desktop/dog/agent_dev/ros2_ws/install/uart_bridge/share/ament_index/resource_index/package_run_dependencies/uart_bridge
[35.228s] -- Installing: /mnt/c/Users/Pt/Desktop/dog/agent_dev/ros2_ws/install/uart_bridge/share/ament_index/resource_index/parent_prefix_path/uart_bridge
[35.439s] -- Installing: /mnt/c/Users/Pt/Desktop/dog/agent_dev/ros2_ws/install/uart_bridge/share/uart_bridge/environment/ament_prefix_path.sh
[35.516s] -- Installing: /mnt/c/Users/Pt/Desktop/dog/agent_dev/ros2_ws/install/uart_bridge/share/uart_bridge/environment/ament_prefix_path.dsv
[35.594s] -- Installing: /mnt/c/Users/Pt/Desktop/dog/agent_dev/ros2_ws/install/uart_bridge/share/uart_bridge/environment/path.sh
[35.685s] -- Installing: /mnt/c/Users/Pt/Desktop/dog/agent_dev/ros2_ws/install/uart_bridge/share/uart_bridge/environment/path.dsv
[35.918s] -- Installing: /mnt/c/Users/Pt/Desktop/dog/agent_dev/ros2_ws/install/uart_bridge/share/uart_bridge/local_setup.bash
[35.979s] -- Installing: /mnt/c/Users/Pt/Desktop/dog/agent_dev/ros2_ws/install/uart_bridge/share/uart_bridge/local_setup.sh
[36.092s] -- Installing: /mnt/c/Users/Pt/Desktop/dog/agent_dev/ros2_ws/install/uart_bridge/share/uart_bridge/local_setup.zsh
[36.277s] -- Installing: /mnt/c/Users/Pt/Desktop/dog/agent_dev/ros2_ws/install/uart_bridge/share/uart_bridge/local_setup.dsv
[36.355s] -- Installing: /mnt/c/Users/Pt/Desktop/dog/agent_dev/ros2_ws/install/uart_bridge/share/uart_bridge/package.dsv
[36.493s] -- Installing: /mnt/c/Users/Pt/Desktop/dog/agent_dev/ros2_ws/install/uart_bridge/share/ament_index/resource_index/packages/uart_bridge
[36.589s] -- Installing: /mnt/c/Users/Pt/Desktop/dog/agent_dev/ros2_ws/install/uart_bridge/share/uart_bridge/cmake/uart_bridgeConfig.cmake
[36.725s] -- Installing: /mnt/c/Users/Pt/Desktop/dog/agent_dev/ros2_ws/install/uart_bridge/share/uart_bridge/cmake/uart_bridgeConfig-version.cmake
[37.111s] -- Installing: /mnt/c/Users/Pt/Desktop/dog/agent_dev/ros2_ws/install/uart_bridge/share/uart_bridge/package.xml
[37.197s] Invoked command in '/mnt/c/Users/Pt/Desktop/dog/agent_dev/ros2_ws/build/uart_bridge' returned '0': CMAKE_PREFIX_PATH=${CMAKE_PREFIX_PATH}:/opt/ros/jazzy DEBUGINFOD_URLS=https://debuginfod.ubuntu.com /usr/bin/cmake --install /mnt/c/Users/Pt/Desktop/dog/agent_dev/ros2_ws/build/uart_bridge
