[0.612s] Invoking command in '/home/peter/dog/dog_dev/build/behavior_node': AMENT_PREFIX_PATH=/home/peter/dog/dog_dev/install/robot_interfaces:${AMENT_PREFIX_PATH} CMAKE_PREFIX_PATH=/home/peter/dog/dog_dev/install/robot_interfaces:/opt/ros/jazzy/opt/gz_math_vendor:/opt/ros/jazzy/opt/gz_utils_vendor:/opt/ros/jazzy/opt/gz_cmake_vendor:/opt/ros/jazzy DEBUGINFOD_URLS=https://debuginfod.ubuntu.com LD_LIBRARY_PATH=/home/peter/dog/dog_dev/install/robot_interfaces/lib:/opt/MVS/lib/64:/opt/MVS/lib/32:/opt/ros/jazzy/opt/rviz_ogre_vendor/lib:/opt/ros/jazzy/lib/x86_64-linux-gnu:/opt/ros/jazzy/opt/gz_math_vendor/lib:/opt/ros/jazzy/opt/gz_utils_vendor/lib:/opt/ros/jazzy/opt/gz_cmake_vendor/lib:/opt/ros/jazzy/lib:/opt/MVS/lib/64:/opt/MVS/lib/32:/opt/MVS/lib/64:/opt/MVS/lib/32 PYTHONPATH=/home/peter/dog/dog_dev/install/robot_interfaces/lib/python3.12/site-packages:${PYTHONPATH} /usr/bin/cmake --build /home/peter/dog/dog_dev/build/behavior_node -- -j16 -l16
[0.650s] [100%] Built target behavior_node_exe
[0.658s] Invoked command in '/home/peter/dog/dog_dev/build/behavior_node' returned '0': AMENT_PREFIX_PATH=/home/peter/dog/dog_dev/install/robot_interfaces:${AMENT_PREFIX_PATH} CMAKE_PREFIX_PATH=/home/peter/dog/dog_dev/install/robot_interfaces:/opt/ros/jazzy/opt/gz_math_vendor:/opt/ros/jazzy/opt/gz_utils_vendor:/opt/ros/jazzy/opt/gz_cmake_vendor:/opt/ros/jazzy DEBUGINFOD_URLS=https://debuginfod.ubuntu.com LD_LIBRARY_PATH=/home/peter/dog/dog_dev/install/robot_interfaces/lib:/opt/MVS/lib/64:/opt/MVS/lib/32:/opt/ros/jazzy/opt/rviz_ogre_vendor/lib:/opt/ros/jazzy/lib/x86_64-linux-gnu:/opt/ros/jazzy/opt/gz_math_vendor/lib:/opt/ros/jazzy/opt/gz_utils_vendor/lib:/opt/ros/jazzy/opt/gz_cmake_vendor/lib:/opt/ros/jazzy/lib:/opt/MVS/lib/64:/opt/MVS/lib/32:/opt/MVS/lib/64:/opt/MVS/lib/32 PYTHONPATH=/home/peter/dog/dog_dev/install/robot_interfaces/lib/python3.12/site-packages:${PYTHONPATH} /usr/bin/cmake --build /home/peter/dog/dog_dev/build/behavior_node -- -j16 -l16
[0.659s] Invoking command in '/home/peter/dog/dog_dev/build/behavior_node': AMENT_PREFIX_PATH=/home/peter/dog/dog_dev/install/robot_interfaces:${AMENT_PREFIX_PATH} CMAKE_PREFIX_PATH=/home/peter/dog/dog_dev/install/robot_interfaces:/opt/ros/jazzy/opt/gz_math_vendor:/opt/ros/jazzy/opt/gz_utils_vendor:/opt/ros/jazzy/opt/gz_cmake_vendor:/opt/ros/jazzy DEBUGINFOD_URLS=https://debuginfod.ubuntu.com LD_LIBRARY_PATH=/home/peter/dog/dog_dev/install/robot_interfaces/lib:/opt/MVS/lib/64:/opt/MVS/lib/32:/opt/ros/jazzy/opt/rviz_ogre_vendor/lib:/opt/ros/jazzy/lib/x86_64-linux-gnu:/opt/ros/jazzy/opt/gz_math_vendor/lib:/opt/ros/jazzy/opt/gz_utils_vendor/lib:/opt/ros/jazzy/opt/gz_cmake_vendor/lib:/opt/ros/jazzy/lib:/opt/MVS/lib/64:/opt/MVS/lib/32:/opt/MVS/lib/64:/opt/MVS/lib/32 PYTHONPATH=/home/peter/dog/dog_dev/install/robot_interfaces/lib/python3.12/site-packages:${PYTHONPATH} /usr/bin/cmake --install /home/peter/dog/dog_dev/build/behavior_node
[0.663s] -- Install configuration: ""
[0.664s] -- Up-to-date: /home/peter/dog/dog_dev/install/behavior_node/lib/behavior_node/behavior_node_exe
[0.664s] -- Up-to-date: /home/peter/dog/dog_dev/install/behavior_node/share/ament_index/resource_index/package_run_dependencies/behavior_node
[0.664s] -- Up-to-date: /home/peter/dog/dog_dev/install/behavior_node/share/ament_index/resource_index/parent_prefix_path/behavior_node
[0.664s] -- Up-to-date: /home/peter/dog/dog_dev/install/behavior_node/share/behavior_node/environment/ament_prefix_path.sh
[0.664s] -- Up-to-date: /home/peter/dog/dog_dev/install/behavior_node/share/behavior_node/environment/ament_prefix_path.dsv
[0.664s] -- Up-to-date: /home/peter/dog/dog_dev/install/behavior_node/share/behavior_node/environment/path.sh
[0.664s] -- Up-to-date: /home/peter/dog/dog_dev/install/behavior_node/share/behavior_node/environment/path.dsv
[0.664s] -- Up-to-date: /home/peter/dog/dog_dev/install/behavior_node/share/behavior_node/local_setup.bash
[0.664s] -- Up-to-date: /home/peter/dog/dog_dev/install/behavior_node/share/behavior_node/local_setup.sh
[0.664s] -- Up-to-date: /home/peter/dog/dog_dev/install/behavior_node/share/behavior_node/local_setup.zsh
[0.664s] -- Up-to-date: /home/peter/dog/dog_dev/install/behavior_node/share/behavior_node/local_setup.dsv
[0.664s] -- Installing: /home/peter/dog/dog_dev/install/behavior_node/share/behavior_node/package.dsv
[0.665s] -- Up-to-date: /home/peter/dog/dog_dev/install/behavior_node/share/ament_index/resource_index/packages/behavior_node
[0.665s] -- Up-to-date: /home/peter/dog/dog_dev/install/behavior_node/share/behavior_node/cmake/behavior_nodeConfig.cmake
[0.665s] -- Up-to-date: /home/peter/dog/dog_dev/install/behavior_node/share/behavior_node/cmake/behavior_nodeConfig-version.cmake
[0.665s] -- Up-to-date: /home/peter/dog/dog_dev/install/behavior_node/share/behavior_node/package.xml
[0.666s] Invoked command in '/home/peter/dog/dog_dev/build/behavior_node' returned '0': AMENT_PREFIX_PATH=/home/peter/dog/dog_dev/install/robot_interfaces:${AMENT_PREFIX_PATH} CMAKE_PREFIX_PATH=/home/peter/dog/dog_dev/install/robot_interfaces:/opt/ros/jazzy/opt/gz_math_vendor:/opt/ros/jazzy/opt/gz_utils_vendor:/opt/ros/jazzy/opt/gz_cmake_vendor:/opt/ros/jazzy DEBUGINFOD_URLS=https://debuginfod.ubuntu.com LD_LIBRARY_PATH=/home/peter/dog/dog_dev/install/robot_interfaces/lib:/opt/MVS/lib/64:/opt/MVS/lib/32:/opt/ros/jazzy/opt/rviz_ogre_vendor/lib:/opt/ros/jazzy/lib/x86_64-linux-gnu:/opt/ros/jazzy/opt/gz_math_vendor/lib:/opt/ros/jazzy/opt/gz_utils_vendor/lib:/opt/ros/jazzy/opt/gz_cmake_vendor/lib:/opt/ros/jazzy/lib:/opt/MVS/lib/64:/opt/MVS/lib/32:/opt/MVS/lib/64:/opt/MVS/lib/32 PYTHONPATH=/home/peter/dog/dog_dev/install/robot_interfaces/lib/python3.12/site-packages:${PYTHONPATH} /usr/bin/cmake --install /home/peter/dog/dog_dev/build/behavior_node
