[0.766s] DEBUG:colcon:Command line arguments: ['/usr/bin/colcon', 'build', '--packages-select', 'uart_bridge']
[0.767s] DEBUG:colcon:Parsed command line arguments: Namespace(log_base=None, log_level=None, verb_name='build', build_base='build', install_base='install', merge_install=False, symlink_install=False, test_result_base=None, continue_on_error=False, executor='parallel', parallel_workers=16, event_handlers=None, ignore_user_meta=False, metas=['./colcon.meta'], base_paths=['.'], packages_ignore=None, packages_ignore_regex=None, paths=None, packages_up_to=None, packages_up_to_regex=None, packages_above=None, packages_above_and_dependencies=None, packages_above_depth=None, packages_select_by_dep=None, packages_skip_by_dep=None, packages_skip_up_to=None, packages_select_build_failed=False, packages_skip_build_finished=False, packages_select_test_failures=False, packages_skip_test_passed=False, packages_select=['uart_bridge'], packages_skip=None, packages_select_regex=None, packages_skip_regex=None, packages_start=None, packages_end=None, allow_overriding=[], cmake_args=None, cmake_target=None, cmake_target_skip_unavailable=False, cmake_clean_cache=False, cmake_clean_first=False, cmake_force_configure=False, ament_cmake_args=None, catkin_cmake_args=None, catkin_skip_building_tests=False, verb_parser=<colcon_defaults.argument_parser.defaults.DefaultArgumentsDecorator object at 0x7c12858829c0>, verb_extension=<colcon_core.verb.build.BuildVerb object at 0x7c128599b290>, main=<bound method BuildVerb.main of <colcon_core.verb.build.BuildVerb object at 0x7c128599b290>>)
[0.839s] Level 1:colcon.colcon_core.package_discovery:discover_packages(colcon_meta) check parameters
[0.844s] Level 1:colcon.colcon_core.package_discovery:discover_packages(recursive) check parameters
[0.845s] Level 1:colcon.colcon_core.package_discovery:discover_packages(ignore) check parameters
[0.846s] Level 1:colcon.colcon_core.package_discovery:discover_packages(path) check parameters
[0.847s] Level 1:colcon.colcon_core.package_discovery:discover_packages(colcon_meta) discover
[0.848s] Level 1:colcon.colcon_core.package_discovery:discover_packages(recursive) discover
[0.850s] INFO:colcon.colcon_core.package_discovery:Crawling recursively for packages in '/mnt/c/Users/Pt/Desktop/dog/agent_dev/ros2_ws'
[0.854s] Level 1:colcon.colcon_core.package_identification:_identify(.) by extensions ['ignore', 'ignore_ament_install']
[0.854s] Level 1:colcon.colcon_core.package_identification:_identify(.) by extension 'ignore'
[0.855s] Level 1:colcon.colcon_core.package_identification:_identify(.) by extension 'ignore_ament_install'
[0.856s] Level 1:colcon.colcon_core.package_identification:_identify(.) by extensions ['colcon_pkg']
[0.857s] Level 1:colcon.colcon_core.package_identification:_identify(.) by extension 'colcon_pkg'
[0.857s] Level 1:colcon.colcon_core.package_identification:_identify(.) by extensions ['colcon_meta']
[0.858s] Level 1:colcon.colcon_core.package_identification:_identify(.) by extension 'colcon_meta'
[0.858s] Level 1:colcon.colcon_core.package_identification:_identify(.) by extensions ['ros']
[0.858s] Level 1:colcon.colcon_core.package_identification:_identify(.) by extension 'ros'
[0.894s] Level 1:colcon.colcon_core.package_identification:_identify(.) by extensions ['cmake', 'python']
[0.895s] Level 1:colcon.colcon_core.package_identification:_identify(.) by extension 'cmake'
[0.896s] Level 1:colcon.colcon_core.package_identification:_identify(.) by extension 'python'
[0.907s] Level 1:colcon.colcon_core.package_identification:_identify(.) by extensions ['python_setup_py']
[0.909s] Level 1:colcon.colcon_core.package_identification:_identify(.) by extension 'python_setup_py'
[0.919s] Level 1:colcon.colcon_core.package_identification:_identify(build) by extensions ['ignore', 'ignore_ament_install']
[0.920s] Level 1:colcon.colcon_core.package_identification:_identify(build) by extension 'ignore'
[0.925s] Level 1:colcon.colcon_core.package_identification:_identify(build) ignored
[0.931s] Level 1:colcon.colcon_core.package_identification:_identify(install) by extensions ['ignore', 'ignore_ament_install']
[0.932s] Level 1:colcon.colcon_core.package_identification:_identify(install) by extension 'ignore'
[0.934s] Level 1:colcon.colcon_core.package_identification:_identify(install) ignored
[0.952s] Level 1:colcon.colcon_core.package_identification:_identify(log) by extensions ['ignore', 'ignore_ament_install']
[0.954s] Level 1:colcon.colcon_core.package_identification:_identify(log) by extension 'ignore'
[0.960s] Level 1:colcon.colcon_core.package_identification:_identify(log) ignored
[0.966s] Level 1:colcon.colcon_core.package_identification:_identify(src) by extensions ['ignore', 'ignore_ament_install']
[0.966s] Level 1:colcon.colcon_core.package_identification:_identify(src) by extension 'ignore'
[0.967s] Level 1:colcon.colcon_core.package_identification:_identify(src) by extension 'ignore_ament_install'
[0.969s] Level 1:colcon.colcon_core.package_identification:_identify(src) by extensions ['colcon_pkg']
[0.970s] Level 1:colcon.colcon_core.package_identification:_identify(src) by extension 'colcon_pkg'
[0.971s] Level 1:colcon.colcon_core.package_identification:_identify(src) by extensions ['colcon_meta']
[0.971s] Level 1:colcon.colcon_core.package_identification:_identify(src) by extension 'colcon_meta'
[0.973s] Level 1:colcon.colcon_core.package_identification:_identify(src) by extensions ['ros']
[0.974s] Level 1:colcon.colcon_core.package_identification:_identify(src) by extension 'ros'
[0.978s] Level 1:colcon.colcon_core.package_identification:_identify(src) by extensions ['cmake', 'python']
[0.978s] Level 1:colcon.colcon_core.package_identification:_identify(src) by extension 'cmake'
[0.980s] Level 1:colcon.colcon_core.package_identification:_identify(src) by extension 'python'
[0.981s] Level 1:colcon.colcon_core.package_identification:_identify(src) by extensions ['python_setup_py']
[0.982s] Level 1:colcon.colcon_core.package_identification:_identify(src) by extension 'python_setup_py'
[0.996s] Level 1:colcon.colcon_core.package_identification:_identify(src/robot_interfaces) by extensions ['ignore', 'ignore_ament_install']
[0.997s] Level 1:colcon.colcon_core.package_identification:_identify(src/robot_interfaces) by extension 'ignore'
[0.999s] Level 1:colcon.colcon_core.package_identification:_identify(src/robot_interfaces) by extension 'ignore_ament_install'
[1.003s] Level 1:colcon.colcon_core.package_identification:_identify(src/robot_interfaces) by extensions ['colcon_pkg']
[1.003s] Level 1:colcon.colcon_core.package_identification:_identify(src/robot_interfaces) by extension 'colcon_pkg'
[1.007s] Level 1:colcon.colcon_core.package_identification:_identify(src/robot_interfaces) by extensions ['colcon_meta']
[1.007s] Level 1:colcon.colcon_core.package_identification:_identify(src/robot_interfaces) by extension 'colcon_meta'
[1.009s] Level 1:colcon.colcon_core.package_identification:_identify(src/robot_interfaces) by extensions ['ros']
[1.010s] Level 1:colcon.colcon_core.package_identification:_identify(src/robot_interfaces) by extension 'ros'
[1.042s] DEBUG:colcon.colcon_core.package_identification:Package 'src/robot_interfaces' with type 'ros.ament_cmake' and name 'robot_interfaces'
[1.045s] Level 1:colcon.colcon_core.package_identification:_identify(src/uart_bridge) by extensions ['ignore', 'ignore_ament_install']
[1.046s] Level 1:colcon.colcon_core.package_identification:_identify(src/uart_bridge) by extension 'ignore'
[1.047s] Level 1:colcon.colcon_core.package_identification:_identify(src/uart_bridge) by extension 'ignore_ament_install'
[1.049s] Level 1:colcon.colcon_core.package_identification:_identify(src/uart_bridge) by extensions ['colcon_pkg']
[1.049s] Level 1:colcon.colcon_core.package_identification:_identify(src/uart_bridge) by extension 'colcon_pkg'
[1.050s] Level 1:colcon.colcon_core.package_identification:_identify(src/uart_bridge) by extensions ['colcon_meta']
[1.050s] Level 1:colcon.colcon_core.package_identification:_identify(src/uart_bridge) by extension 'colcon_meta'
[1.052s] Level 1:colcon.colcon_core.package_identification:_identify(src/uart_bridge) by extensions ['ros']
[1.052s] Level 1:colcon.colcon_core.package_identification:_identify(src/uart_bridge) by extension 'ros'
[1.063s] DEBUG:colcon.colcon_core.package_identification:Package 'src/uart_bridge' with type 'ros.ament_cmake' and name 'uart_bridge'
[1.064s] Level 1:colcon.colcon_core.package_discovery:discover_packages(recursive) using defaults
[1.064s] Level 1:colcon.colcon_core.package_discovery:discover_packages(ignore) discover
[1.065s] Level 1:colcon.colcon_core.package_discovery:discover_packages(ignore) using defaults
[1.068s] Level 1:colcon.colcon_core.package_discovery:discover_packages(path) discover
[1.068s] Level 1:colcon.colcon_core.package_discovery:discover_packages(path) using defaults
[1.108s] INFO:colcon.colcon_core.package_selection:Skipping not selected package 'robot_interfaces' in 'src/robot_interfaces'
[1.110s] Level 1:colcon.colcon_core.package_discovery:discover_packages(prefix_path) check parameters
[1.111s] Level 1:colcon.colcon_core.package_discovery:discover_packages(prefix_path) discover
[1.117s] DEBUG:colcon.colcon_installed_package_information.package_discovery:Found 288 installed packages in /opt/ros/jazzy
[1.118s] Level 1:colcon.colcon_core.package_discovery:discover_packages(prefix_path) using defaults
[1.164s] Level 5:colcon.colcon_core.verb:set package 'uart_bridge' build argument 'cmake_args' from command line to 'None'
[1.165s] Level 5:colcon.colcon_core.verb:set package 'uart_bridge' build argument 'cmake_target' from command line to 'None'
[1.166s] Level 5:colcon.colcon_core.verb:set package 'uart_bridge' build argument 'cmake_target_skip_unavailable' from command line to 'False'
[1.168s] Level 5:colcon.colcon_core.verb:set package 'uart_bridge' build argument 'cmake_clean_cache' from command line to 'False'
[1.169s] Level 5:colcon.colcon_core.verb:set package 'uart_bridge' build argument 'cmake_clean_first' from command line to 'False'
[1.170s] Level 5:colcon.colcon_core.verb:set package 'uart_bridge' build argument 'cmake_force_configure' from command line to 'False'
[1.171s] Level 5:colcon.colcon_core.verb:set package 'uart_bridge' build argument 'ament_cmake_args' from command line to 'None'
[1.172s] Level 5:colcon.colcon_core.verb:set package 'uart_bridge' build argument 'catkin_cmake_args' from command line to 'None'
[1.174s] Level 5:colcon.colcon_core.verb:set package 'uart_bridge' build argument 'catkin_skip_building_tests' from command line to 'False'
[1.175s] DEBUG:colcon.colcon_core.verb:Building package 'uart_bridge' with the following arguments: {'ament_cmake_args': None, 'build_base': '/mnt/c/Users/Pt/Desktop/dog/agent_dev/ros2_ws/build/uart_bridge', 'catkin_cmake_args': None, 'catkin_skip_building_tests': False, 'cmake_args': None, 'cmake_clean_cache': False, 'cmake_clean_first': False, 'cmake_force_configure': False, 'cmake_target': None, 'cmake_target_skip_unavailable': False, 'install_base': '/mnt/c/Users/Pt/Desktop/dog/agent_dev/ros2_ws/install/uart_bridge', 'merge_install': False, 'path': '/mnt/c/Users/Pt/Desktop/dog/agent_dev/ros2_ws/src/uart_bridge', 'symlink_install': False, 'test_result_base': None}
[1.176s] INFO:colcon.colcon_core.executor:Executing jobs using 'parallel' executor
[1.177s] DEBUG:colcon.colcon_parallel_executor.executor.parallel:run_until_complete
[1.178s] INFO:colcon.colcon_ros.task.ament_cmake.build:Building ROS package in '/mnt/c/Users/Pt/Desktop/dog/agent_dev/ros2_ws/src/uart_bridge' with build type 'ament_cmake'
[1.180s] INFO:colcon.colcon_cmake.task.cmake.build:Building CMake package in '/mnt/c/Users/Pt/Desktop/dog/agent_dev/ros2_ws/src/uart_bridge'
[1.188s] INFO:colcon.colcon_core.plugin_system:Skipping extension 'colcon_core.shell.bat': Not used on non-Windows systems
[1.190s] INFO:colcon.colcon_core.shell:Skip shell extension 'powershell' for command environment: Not usable outside of PowerShell
[1.191s] DEBUG:colcon.colcon_core.shell:Skip shell extension 'dsv' for command environment
[1.337s] DEBUG:colcon.colcon_core.event_handler.log_command:Invoking command in '/mnt/c/Users/Pt/Desktop/dog/agent_dev/ros2_ws/build/uart_bridge': CMAKE_PREFIX_PATH=${CMAKE_PREFIX_PATH}:/opt/ros/jazzy DEBUGINFOD_URLS=https://debuginfod.ubuntu.com /usr/bin/cmake /mnt/c/Users/Pt/Desktop/dog/agent_dev/ros2_ws/src/uart_bridge -DCMAKE_INSTALL_PREFIX=/mnt/c/Users/Pt/Desktop/dog/agent_dev/ros2_ws/install/uart_bridge
[29.685s] DEBUG:colcon.colcon_core.event_handler.log_command:Invoked command in '/mnt/c/Users/Pt/Desktop/dog/agent_dev/ros2_ws/build/uart_bridge' returned '0': CMAKE_PREFIX_PATH=${CMAKE_PREFIX_PATH}:/opt/ros/jazzy DEBUGINFOD_URLS=https://debuginfod.ubuntu.com /usr/bin/cmake /mnt/c/Users/Pt/Desktop/dog/agent_dev/ros2_ws/src/uart_bridge -DCMAKE_INSTALL_PREFIX=/mnt/c/Users/Pt/Desktop/dog/agent_dev/ros2_ws/install/uart_bridge
[29.694s] DEBUG:colcon.colcon_core.event_handler.log_command:Invoking command in '/mnt/c/Users/Pt/Desktop/dog/agent_dev/ros2_ws/build/uart_bridge': CMAKE_PREFIX_PATH=${CMAKE_PREFIX_PATH}:/opt/ros/jazzy DEBUGINFOD_URLS=https://debuginfod.ubuntu.com /usr/bin/cmake --build /mnt/c/Users/Pt/Desktop/dog/agent_dev/ros2_ws/build/uart_bridge -- -j16 -l16
[35.388s] DEBUG:colcon.colcon_core.event_handler.log_command:Invoked command in '/mnt/c/Users/Pt/Desktop/dog/agent_dev/ros2_ws/build/uart_bridge' returned '0': CMAKE_PREFIX_PATH=${CMAKE_PREFIX_PATH}:/opt/ros/jazzy DEBUGINFOD_URLS=https://debuginfod.ubuntu.com /usr/bin/cmake --build /mnt/c/Users/Pt/Desktop/dog/agent_dev/ros2_ws/build/uart_bridge -- -j16 -l16
[35.478s] DEBUG:colcon.colcon_core.event_handler.log_command:Invoking command in '/mnt/c/Users/Pt/Desktop/dog/agent_dev/ros2_ws/build/uart_bridge': CMAKE_PREFIX_PATH=${CMAKE_PREFIX_PATH}:/opt/ros/jazzy DEBUGINFOD_URLS=https://debuginfod.ubuntu.com /usr/bin/cmake --install /mnt/c/Users/Pt/Desktop/dog/agent_dev/ros2_ws/build/uart_bridge
[38.382s] Level 1:colcon.colcon_core.environment:create_environment_scripts_only(uart_bridge)
[38.385s] DEBUG:colcon.colcon_core.event_handler.log_command:Invoked command in '/mnt/c/Users/Pt/Desktop/dog/agent_dev/ros2_ws/build/uart_bridge' returned '0': CMAKE_PREFIX_PATH=${CMAKE_PREFIX_PATH}:/opt/ros/jazzy DEBUGINFOD_URLS=https://debuginfod.ubuntu.com /usr/bin/cmake --install /mnt/c/Users/Pt/Desktop/dog/agent_dev/ros2_ws/build/uart_bridge
[38.402s] Level 1:colcon.colcon_core.environment:checking '/mnt/c/Users/Pt/Desktop/dog/agent_dev/ros2_ws/install/uart_bridge' for CMake module files
[38.608s] Level 1:colcon.colcon_core.environment:checking '/mnt/c/Users/Pt/Desktop/dog/agent_dev/ros2_ws/install/uart_bridge' for CMake config files
[38.731s] Level 1:colcon.colcon_core.shell:create_environment_hook('uart_bridge', 'cmake_prefix_path')
[38.732s] INFO:colcon.colcon_core.shell:Creating environment hook '/mnt/c/Users/Pt/Desktop/dog/agent_dev/ros2_ws/install/uart_bridge/share/uart_bridge/hook/cmake_prefix_path.ps1'
[38.756s] INFO:colcon.colcon_core.shell:Creating environment descriptor '/mnt/c/Users/Pt/Desktop/dog/agent_dev/ros2_ws/install/uart_bridge/share/uart_bridge/hook/cmake_prefix_path.dsv'
[38.771s] INFO:colcon.colcon_core.shell:Creating environment hook '/mnt/c/Users/Pt/Desktop/dog/agent_dev/ros2_ws/install/uart_bridge/share/uart_bridge/hook/cmake_prefix_path.sh'
[38.795s] Level 1:colcon.colcon_core.environment:checking '/mnt/c/Users/Pt/Desktop/dog/agent_dev/ros2_ws/install/uart_bridge/lib'
[38.800s] Level 1:colcon.colcon_core.environment:checking '/mnt/c/Users/Pt/Desktop/dog/agent_dev/ros2_ws/install/uart_bridge/bin'
[38.802s] Level 1:colcon.colcon_core.environment:checking '/mnt/c/Users/Pt/Desktop/dog/agent_dev/ros2_ws/install/uart_bridge/lib/pkgconfig/uart_bridge.pc'
[38.804s] Level 1:colcon.colcon_core.environment:checking '/mnt/c/Users/Pt/Desktop/dog/agent_dev/ros2_ws/install/uart_bridge/lib/python3.12/site-packages'
[38.808s] Level 1:colcon.colcon_core.environment:checking '/mnt/c/Users/Pt/Desktop/dog/agent_dev/ros2_ws/install/uart_bridge/bin'
[38.810s] INFO:colcon.colcon_core.shell:Creating package script '/mnt/c/Users/Pt/Desktop/dog/agent_dev/ros2_ws/install/uart_bridge/share/uart_bridge/package.ps1'
[38.846s] INFO:colcon.colcon_core.shell:Creating package descriptor '/mnt/c/Users/Pt/Desktop/dog/agent_dev/ros2_ws/install/uart_bridge/share/uart_bridge/package.dsv'
[38.892s] INFO:colcon.colcon_core.shell:Creating package script '/mnt/c/Users/Pt/Desktop/dog/agent_dev/ros2_ws/install/uart_bridge/share/uart_bridge/package.sh'
[38.927s] INFO:colcon.colcon_core.shell:Creating package script '/mnt/c/Users/Pt/Desktop/dog/agent_dev/ros2_ws/install/uart_bridge/share/uart_bridge/package.bash'
[38.939s] INFO:colcon.colcon_core.shell:Creating package script '/mnt/c/Users/Pt/Desktop/dog/agent_dev/ros2_ws/install/uart_bridge/share/uart_bridge/package.zsh'
[38.952s] Level 1:colcon.colcon_core.environment:create_file_with_runtime_dependencies(/mnt/c/Users/Pt/Desktop/dog/agent_dev/ros2_ws/install/uart_bridge/share/colcon-core/packages/uart_bridge)
[38.997s] Level 1:colcon.colcon_core.environment:create_environment_scripts_only(uart_bridge)
[38.998s] Level 1:colcon.colcon_core.environment:checking '/mnt/c/Users/Pt/Desktop/dog/agent_dev/ros2_ws/install/uart_bridge' for CMake module files
[39.130s] Level 1:colcon.colcon_core.environment:checking '/mnt/c/Users/Pt/Desktop/dog/agent_dev/ros2_ws/install/uart_bridge' for CMake config files
[39.224s] Level 1:colcon.colcon_core.shell:create_environment_hook('uart_bridge', 'cmake_prefix_path')
[39.225s] INFO:colcon.colcon_core.shell:Creating environment hook '/mnt/c/Users/Pt/Desktop/dog/agent_dev/ros2_ws/install/uart_bridge/share/uart_bridge/hook/cmake_prefix_path.ps1'
[39.237s] INFO:colcon.colcon_core.shell:Creating environment descriptor '/mnt/c/Users/Pt/Desktop/dog/agent_dev/ros2_ws/install/uart_bridge/share/uart_bridge/hook/cmake_prefix_path.dsv'
[39.251s] INFO:colcon.colcon_core.shell:Creating environment hook '/mnt/c/Users/Pt/Desktop/dog/agent_dev/ros2_ws/install/uart_bridge/share/uart_bridge/hook/cmake_prefix_path.sh'
[39.268s] Level 1:colcon.colcon_core.environment:checking '/mnt/c/Users/Pt/Desktop/dog/agent_dev/ros2_ws/install/uart_bridge/lib'
[39.293s] Level 1:colcon.colcon_core.environment:checking '/mnt/c/Users/Pt/Desktop/dog/agent_dev/ros2_ws/install/uart_bridge/bin'
[39.298s] Level 1:colcon.colcon_core.environment:checking '/mnt/c/Users/Pt/Desktop/dog/agent_dev/ros2_ws/install/uart_bridge/lib/pkgconfig/uart_bridge.pc'
[39.306s] Level 1:colcon.colcon_core.environment:checking '/mnt/c/Users/Pt/Desktop/dog/agent_dev/ros2_ws/install/uart_bridge/lib/python3.12/site-packages'
[39.310s] Level 1:colcon.colcon_core.environment:checking '/mnt/c/Users/Pt/Desktop/dog/agent_dev/ros2_ws/install/uart_bridge/bin'
[39.317s] INFO:colcon.colcon_core.shell:Creating package script '/mnt/c/Users/Pt/Desktop/dog/agent_dev/ros2_ws/install/uart_bridge/share/uart_bridge/package.ps1'
[39.343s] INFO:colcon.colcon_core.shell:Creating package descriptor '/mnt/c/Users/Pt/Desktop/dog/agent_dev/ros2_ws/install/uart_bridge/share/uart_bridge/package.dsv'
[39.387s] INFO:colcon.colcon_core.shell:Creating package script '/mnt/c/Users/Pt/Desktop/dog/agent_dev/ros2_ws/install/uart_bridge/share/uart_bridge/package.sh'
[39.445s] INFO:colcon.colcon_core.shell:Creating package script '/mnt/c/Users/Pt/Desktop/dog/agent_dev/ros2_ws/install/uart_bridge/share/uart_bridge/package.bash'
[39.457s] INFO:colcon.colcon_core.shell:Creating package script '/mnt/c/Users/Pt/Desktop/dog/agent_dev/ros2_ws/install/uart_bridge/share/uart_bridge/package.zsh'
[39.468s] Level 1:colcon.colcon_core.environment:create_file_with_runtime_dependencies(/mnt/c/Users/Pt/Desktop/dog/agent_dev/ros2_ws/install/uart_bridge/share/colcon-core/packages/uart_bridge)
[39.480s] DEBUG:colcon.colcon_parallel_executor.executor.parallel:closing loop
[39.480s] DEBUG:colcon.colcon_parallel_executor.executor.parallel:loop closed
[39.480s] DEBUG:colcon.colcon_parallel_executor.executor.parallel:run_until_complete finished with '0'
[39.480s] DEBUG:colcon.colcon_core.event_reactor:joining thread
[39.504s] INFO:colcon.colcon_core.plugin_system:Skipping extension 'colcon_notification.desktop_notification.terminal_notifier': Not used on non-Darwin systems
[39.504s] INFO:colcon.colcon_core.plugin_system:Skipping extension 'colcon_notification.desktop_notification.win32': Not used on non-Windows systems
[39.504s] INFO:colcon.colcon_notification.desktop_notification:Sending desktop notification using 'notify2'
[39.507s] DEBUG:colcon.colcon_notification.desktop_notification.notify2:Failed to initialize notify2: org.freedesktop.DBus.Error.ServiceUnknown: The name org.freedesktop.Notifications was not provided by any .service files
[39.507s] DEBUG:colcon.colcon_core.event_reactor:joined thread
[39.510s] INFO:colcon.colcon_core.shell:Creating prefix script '/mnt/c/Users/Pt/Desktop/dog/agent_dev/ros2_ws/install/local_setup.ps1'
[39.528s] INFO:colcon.colcon_core.shell:Creating prefix util module '/mnt/c/Users/Pt/Desktop/dog/agent_dev/ros2_ws/install/_local_setup_util_ps1.py'
[39.533s] INFO:colcon.colcon_core.shell:Creating prefix chain script '/mnt/c/Users/Pt/Desktop/dog/agent_dev/ros2_ws/install/setup.ps1'
[39.538s] INFO:colcon.colcon_core.shell:Creating prefix script '/mnt/c/Users/Pt/Desktop/dog/agent_dev/ros2_ws/install/local_setup.sh'
[39.545s] INFO:colcon.colcon_core.shell:Creating prefix util module '/mnt/c/Users/Pt/Desktop/dog/agent_dev/ros2_ws/install/_local_setup_util_sh.py'
[39.550s] INFO:colcon.colcon_core.shell:Creating prefix chain script '/mnt/c/Users/Pt/Desktop/dog/agent_dev/ros2_ws/install/setup.sh'
[39.561s] INFO:colcon.colcon_core.shell:Creating prefix script '/mnt/c/Users/Pt/Desktop/dog/agent_dev/ros2_ws/install/local_setup.bash'
[39.566s] INFO:colcon.colcon_core.shell:Creating prefix chain script '/mnt/c/Users/Pt/Desktop/dog/agent_dev/ros2_ws/install/setup.bash'
[39.586s] INFO:colcon.colcon_core.shell:Creating prefix script '/mnt/c/Users/Pt/Desktop/dog/agent_dev/ros2_ws/install/local_setup.zsh'
[39.591s] INFO:colcon.colcon_core.shell:Creating prefix chain script '/mnt/c/Users/Pt/Desktop/dog/agent_dev/ros2_ws/install/setup.zsh'
