[0.007s] Invoking command in '/home/peter/dog/dog_dev/build/gst_receiver': CMAKE_PREFIX_PATH=${CMAKE_PREFIX_PATH}:/opt/ros/jazzy DEBUGINFOD_URLS=https://debuginfod.ubuntu.com /usr/bin/cmake --build /home/peter/dog/dog_dev/build/gst_receiver -- -j16 -l16
[0.017s] CMake Error: The current CMakeCache.txt directory /home/peter/dog/dog_dev/build/gst_receiver/CMakeCache.txt is different than the directory /mnt/c/Users/Pt/Desktop/dog/agent_dev/build/gst_receiver where CMakeCache.txt was created. This may result in binaries being created in the wrong place. If you are not sure, reedit the CMakeCache.txt
[0.114s] -- Found ament_cmake: 2.5.6 (/opt/ros/jazzy/share/ament_cmake/cmake)
[0.494s] -- Found rclcpp: 28.1.18 (/opt/ros/jazzy/share/rclcpp/cmake)
[0.771s] -- Found rosidl_generator_c: 4.6.7 (/opt/ros/jazzy/share/rosidl_generator_c/cmake)
[0.813s] -- Found rosidl_generator_cpp: 4.6.7 (/opt/ros/jazzy/share/rosidl_generator_cpp/cmake)
[0.868s] -- Using all available rosidl_typesupport_c: rosidl_typesupport_fastrtps_c;rosidl_typesupport_introspection_c
[0.935s] -- Using all available rosidl_typesupport_cpp: rosidl_typesupport_fastrtps_cpp;rosidl_typesupport_introspection_cpp
[1.199s] -- Found rmw_implementation_cmake: 7.3.3 (/opt/ros/jazzy/share/rmw_implementation_cmake/cmake)
[1.224s] -- Found rmw_fastrtps_cpp: 8.4.3 (/opt/ros/jazzy/share/rmw_fastrtps_cpp/cmake)
[1.693s] -- Using RMW implementation 'rmw_fastrtps_cpp' as default
[1.949s] -- Found sensor_msgs: 5.3.7 (/opt/ros/jazzy/share/sensor_msgs/cmake)
[2.035s] -- Found cv_bridge: 4.1.0 (/opt/ros/jazzy/share/cv_bridge/cmake)
[2.069s] -- Found ament_lint_auto: 0.17.5 (/opt/ros/jazzy/share/ament_lint_auto/cmake)
[2.575s] -- Added test 'cppcheck' to perform static code analysis on C / C++ code
[2.575s] -- Configured cppcheck include dirs: /mnt/c/Users/Pt/Desktop/dog/agent_dev/ros2_ws/src/gst_receiver/include
[2.575s] -- Configured cppcheck exclude dirs and/or files: 
[2.680s] -- Added test 'lint_cmake' to check CMake code style
[2.867s] -- Added test 'uncrustify' to check C / C++ code style
[2.867s] -- Configured uncrustify additional arguments: 
[2.890s] -- Added test 'xmllint' to check XML markup files
[2.956s] -- Configuring done (2.9s)
[3.446s] -- Generating done (0.4s)
[3.685s] -- Build files have been written to: /mnt/c/Users/Pt/Desktop/dog/agent_dev/build/gst_receiver
[4.590s] [100%] Built target gst_receiver_node
[4.643s] Invoked command in '/home/peter/dog/dog_dev/build/gst_receiver' returned '0': CMAKE_PREFIX_PATH=${CMAKE_PREFIX_PATH}:/opt/ros/jazzy DEBUGINFOD_URLS=https://debuginfod.ubuntu.com /usr/bin/cmake --build /home/peter/dog/dog_dev/build/gst_receiver -- -j16 -l16
[4.644s] Invoking command in '/home/peter/dog/dog_dev/build/gst_receiver': CMAKE_PREFIX_PATH=${CMAKE_PREFIX_PATH}:/opt/ros/jazzy DEBUGINFOD_URLS=https://debuginfod.ubuntu.com /usr/bin/cmake --install /home/peter/dog/dog_dev/build/gst_receiver
[4.649s] -- Install configuration: ""
[4.688s] -- Up-to-date: /mnt/c/Users/Pt/Desktop/dog/agent_dev/install/gst_receiver/lib/gst_receiver/gst_receiver_node
[4.750s] -- Up-to-date: /mnt/c/Users/Pt/Desktop/dog/agent_dev/install/gst_receiver/share/ament_index/resource_index/package_run_dependencies/gst_receiver
[4.775s] -- Up-to-date: /mnt/c/Users/Pt/Desktop/dog/agent_dev/install/gst_receiver/share/ament_index/resource_index/parent_prefix_path/gst_receiver
[4.785s] -- Up-to-date: /mnt/c/Users/Pt/Desktop/dog/agent_dev/install/gst_receiver/share/gst_receiver/environment/ament_prefix_path.sh
[4.808s] -- Up-to-date: /mnt/c/Users/Pt/Desktop/dog/agent_dev/install/gst_receiver/share/gst_receiver/environment/ament_prefix_path.dsv
[4.820s] -- Up-to-date: /mnt/c/Users/Pt/Desktop/dog/agent_dev/install/gst_receiver/share/gst_receiver/environment/path.sh
[4.838s] -- Up-to-date: /mnt/c/Users/Pt/Desktop/dog/agent_dev/install/gst_receiver/share/gst_receiver/environment/path.dsv
[4.857s] -- Up-to-date: /mnt/c/Users/Pt/Desktop/dog/agent_dev/install/gst_receiver/share/gst_receiver/local_setup.bash
[4.876s] -- Up-to-date: /mnt/c/Users/Pt/Desktop/dog/agent_dev/install/gst_receiver/share/gst_receiver/local_setup.sh
[4.892s] -- Up-to-date: /mnt/c/Users/Pt/Desktop/dog/agent_dev/install/gst_receiver/share/gst_receiver/local_setup.zsh
[4.908s] -- Up-to-date: /mnt/c/Users/Pt/Desktop/dog/agent_dev/install/gst_receiver/share/gst_receiver/local_setup.dsv
[4.926s] -- Up-to-date: /mnt/c/Users/Pt/Desktop/dog/agent_dev/install/gst_receiver/share/gst_receiver/package.dsv
[4.964s] -- Up-to-date: /mnt/c/Users/Pt/Desktop/dog/agent_dev/install/gst_receiver/share/ament_index/resource_index/packages/gst_receiver
[5.002s] -- Up-to-date: /mnt/c/Users/Pt/Desktop/dog/agent_dev/install/gst_receiver/share/gst_receiver/cmake/gst_receiverConfig.cmake
[5.031s] -- Up-to-date: /mnt/c/Users/Pt/Desktop/dog/agent_dev/install/gst_receiver/share/gst_receiver/cmake/gst_receiverConfig-version.cmake
[5.060s] -- Up-to-date: /mnt/c/Users/Pt/Desktop/dog/agent_dev/install/gst_receiver/share/gst_receiver/package.xml
[5.076s] Invoked command in '/home/peter/dog/dog_dev/build/gst_receiver' returned '0': CMAKE_PREFIX_PATH=${CMAKE_PREFIX_PATH}:/opt/ros/jazzy DEBUGINFOD_URLS=https://debuginfod.ubuntu.com /usr/bin/cmake --install /home/peter/dog/dog_dev/build/gst_receiver
