-- The C compiler identification is GNU 13.3.0
-- The CXX compiler identification is GNU 13.3.0
-- Detecting C compiler ABI info
-- Detecting C compiler ABI info - done
-- Check for working C compiler: /usr/bin/cc - skipped
-- Detecting C compile features
-- Detecting C compile features - done
-- Detecting CXX compiler ABI info
-- Detecting CXX compiler ABI info - done
-- Check for working CXX compiler: /usr/bin/c++ - skipped
-- Detecting CXX compile features
-- Detecting CXX compile features - done
-- Found ament_cmake: 2.5.6 (/opt/ros/jazzy/share/ament_cmake/cmake)
-- Found Python3: /usr/bin/python3 (found version "3.12.3") found components: Interpreter 
-- Found rclcpp: 28.1.18 (/opt/ros/jazzy/share/rclcpp/cmake)
-- Found rosidl_generator_c: 4.6.7 (/opt/ros/jazzy/share/rosidl_generator_c/cmake)
-- Found rosidl_generator_cpp: 4.6.7 (/opt/ros/jazzy/share/rosidl_generator_cpp/cmake)
-- Using all available rosidl_typesupport_c: rosidl_typesupport_fastrtps_c;rosidl_typesupport_introspection_c
-- Using all available rosidl_typesupport_cpp: rosidl_typesupport_fastrtps_cpp;rosidl_typesupport_introspection_cpp
-- Found rmw_implementation_cmake: 7.3.3 (/opt/ros/jazzy/share/rmw_implementation_cmake/cmake)
-- Found rmw_fastrtps_cpp: 8.4.3 (/opt/ros/jazzy/share/rmw_fastrtps_cpp/cmake)
-- Found OpenSSL: /usr/lib/x86_64-linux-gnu/libcrypto.so (found version "3.0.13")  
-- Found FastRTPS: /opt/ros/jazzy/include (Required is at least version "2.13") 
-- Using RMW implementation 'rmw_fastrtps_cpp' as default
-- Found sensor_msgs: 5.3.7 (/opt/ros/jazzy/share/sensor_msgs/cmake)
-- Found robot_interfaces: 0.0.0 (/home/peter/dog/dog_dev/install/robot_interfaces/share/robot_interfaces/cmake)
-- Found ament_lint_auto: 0.17.5 (/opt/ros/jazzy/share/ament_lint_auto/cmake)
-- Found GTest: /usr/lib/x86_64-linux-gnu/cmake/GTest/GTestConfig.cmake (found version "1.14.0")  
-- Added test 'cppcheck' to perform static code analysis on C / C++ code
-- Configured cppcheck include dirs: $<BUILD_INTERFACE:/home/peter/dog/dog_dev/ros2_ws/src/tracker_node/include>
-- Configured cppcheck exclude dirs and/or files: 
-- Added test 'flake8' to check Python code syntax and style conventions
-- Configured 'flake8' exclude dirs and/or files: 
-- Added test 'lint_cmake' to check CMake code style
-- Added test 'pep257' to check Python code against some of the docstring style conventions in PEP 257
-- Added test 'uncrustify' to check C / C++ code style
-- Configured uncrustify additional arguments: 
-- Added test 'xmllint' to check XML markup files
-- Configuring done (11.8s)
-- Generating done (0.0s)
-- Build files have been written to: /home/peter/dog/dog_dev/build/tracker_node
[ 11%] Building CXX object CMakeFiles/byte_tracker.dir/src/byte_tracker.cpp.o
[ 22%] Linking CXX static library libbyte_tracker.a
[ 22%] Built target byte_tracker
[ 44%] Building CXX object CMakeFiles/test_tracker_node_integration.dir/test/test_tracker_node_integration.cpp.o
[ 44%] Building CXX object CMakeFiles/test_byte_tracker.dir/test/test_byte_tracker.cpp.o
[ 55%] Building CXX object CMakeFiles/tracker_node_exe.dir/src/tracker_node.cpp.o
[ 66%] Building CXX object CMakeFiles/tracker_node_exe.dir/src/main.cpp.o
In file included from /home/peter/dog/dog_dev/ros2_ws/src/tracker_node/src/tracker_node.cpp:1:
/home/peter/dog/dog_dev/ros2_ws/src/tracker_node/include/tracker_node/tracker_node.hpp:4:10: fatal error: robot_interfaces/msg/simple_detection2_d_array.hpp: No such file or directory
    4 | #include "robot_interfaces/msg/simple_detection2_d_array.hpp"
      |          ^~~~~~~~~~~~~~~~~~~~~~~~~~~~~~~~~~~~~~~~~~~~~~~~~~~~
compilation terminated.
In file included from /home/peter/dog/dog_dev/ros2_ws/src/tracker_node/src/main.cpp:2:
/home/peter/dog/dog_dev/ros2_ws/src/tracker_node/include/tracker_node/tracker_node.hpp:4:10: fatal error: robot_interfaces/msg/simple_detection2_d_array.hpp: No such file or directory
    4 | #include "robot_interfaces/msg/simple_detection2_d_array.hpp"
      |          ^~~~~~~~~~~~~~~~~~~~~~~~~~~~~~~~~~~~~~~~~~~~~~~~~~~~
compilation terminated.
gmake[2]: *** [CMakeFiles/tracker_node_exe.dir/build.make:76: CMakeFiles/tracker_node_exe.dir/src/tracker_node.cpp.o] Error 1
gmake[2]: *** Waiting for unfinished jobs....
gmake[2]: *** [CMakeFiles/tracker_node_exe.dir/build.make:90: CMakeFiles/tracker_node_exe.dir/src/main.cpp.o] Error 1
gmake[1]: *** [CMakeFiles/Makefile2:169: CMakeFiles/tracker_node_exe.dir/all] Error 2
gmake[1]: *** Waiting for unfinished jobs....
[ 77%] Linking CXX executable test_byte_tracker
[ 88%] Linking CXX executable test_tracker_node_integration
[ 88%] Built target test_byte_tracker
[ 88%] Built target test_tracker_node_integration
gmake: *** [Makefile:146: all] Error 2
