[0.983s] Invoking command in '/home/peter/dog/dog_dev/build/tracker_node': AMENT_PREFIX_PATH=/home/peter/dog/dog_dev/install/robot_interfaces:${AMENT_PREFIX_PATH} CMAKE_PREFIX_PATH=/home/peter/dog/dog_dev/install/robot_interfaces:/opt/ros/jazzy/opt/gz_math_vendor:/opt/ros/jazzy/opt/gz_utils_vendor:/opt/ros/jazzy/opt/gz_cmake_vendor:/opt/ros/jazzy DEBUGINFOD_URLS=https://debuginfod.ubuntu.com LD_LIBRARY_PATH=/home/peter/dog/dog_dev/install/robot_interfaces/lib:/opt/MVS/lib/64:/opt/MVS/lib/32:/opt/ros/jazzy/opt/rviz_ogre_vendor/lib:/opt/ros/jazzy/lib/x86_64-linux-gnu:/opt/ros/jazzy/opt/gz_math_vendor/lib:/opt/ros/jazzy/opt/gz_utils_vendor/lib:/opt/ros/jazzy/opt/gz_cmake_vendor/lib:/opt/ros/jazzy/lib:/opt/MVS/lib/64:/opt/MVS/lib/32:/opt/MVS/lib/64:/opt/MVS/lib/32 PYTHONPATH=/home/peter/dog/dog_dev/install/robot_interfaces/lib/python3.12/site-packages:${PYTHONPATH} /usr/bin/cmake /home/peter/dog/dog_dev/ros2_ws/src/tracker_node -DCMAKE_INSTALL_PREFIX=/home/peter/dog/dog_dev/install/tracker_node
[1.710s] -- The C compiler identification is GNU 13.3.0
[3.936s] -- The CXX compiler identification is GNU 13.3.0
[6.296s] -- Detecting C compiler ABI info
[7.632s] -- Detecting C compiler ABI info - done
[7.638s] -- Check for working C compiler: /usr/bin/cc - skipped
[7.638s] -- Detecting C compile features
[7.638s] -- Detecting C compile features - done
[8.261s] -- Detecting CXX compiler ABI info
[9.726s] -- Detecting CXX compiler ABI info - done
[9.732s] -- Check for working CXX compiler: /usr/bin/c++ - skipped
[9.733s] -- Detecting CXX compile features
[9.733s] -- Detecting CXX compile features - done
[9.734s] -- Found ament_cmake: 2.5.6 (/opt/ros/jazzy/share/ament_cmake/cmake)
[9.837s] -- Found Python3: /usr/bin/python3 (found version "3.12.3") found components: Interpreter 
[9.906s] -- Found rclcpp: 28.1.18 (/opt/ros/jazzy/share/rclcpp/cmake)
[10.410s] -- Found rosidl_generator_c: 4.6.7 (/opt/ros/jazzy/share/rosidl_generator_c/cmake)
[10.419s] -- Found rosidl_generator_cpp: 4.6.7 (/opt/ros/jazzy/share/rosidl_generator_cpp/cmake)
[10.429s] -- Using all available rosidl_typesupport_c: rosidl_typesupport_fastrtps_c;rosidl_typesupport_introspection_c
[10.442s] -- Using all available rosidl_typesupport_cpp: rosidl_typesupport_fastrtps_cpp;rosidl_typesupport_introspection_cpp
[10.491s] -- Found rmw_implementation_cmake: 7.3.3 (/opt/ros/jazzy/share/rmw_implementation_cmake/cmake)
[10.493s] -- Found rmw_fastrtps_cpp: 8.4.3 (/opt/ros/jazzy/share/rmw_fastrtps_cpp/cmake)
[10.545s] -- Found OpenSSL: /usr/lib/x86_64-linux-gnu/libcrypto.so (found version "3.0.13")  
[11.161s] -- Found FastRTPS: /opt/ros/jazzy/include (Required is at least version "2.13") 
[11.572s] -- Using RMW implementation 'rmw_fastrtps_cpp' as default
[12.027s] -- Found sensor_msgs: 5.3.7 (/opt/ros/jazzy/share/sensor_msgs/cmake)
[12.068s] -- Found robot_interfaces: 0.0.0 (/home/peter/dog/dog_dev/install/robot_interfaces/share/robot_interfaces/cmake)
[12.082s] -- Found ament_lint_auto: 0.17.5 (/opt/ros/jazzy/share/ament_lint_auto/cmake)
[12.736s] -- Found GTest: /usr/lib/x86_64-linux-gnu/cmake/GTest/GTestConfig.cmake (found version "1.14.0")  
[12.808s] -- Added test 'cppcheck' to perform static code analysis on C / C++ code
[12.808s] -- Configured cppcheck include dirs: $<BUILD_INTERFACE:/home/peter/dog/dog_dev/ros2_ws/src/tracker_node/include>
[12.808s] -- Configured cppcheck exclude dirs and/or files: 
[12.809s] -- Added test 'flake8' to check Python code syntax and style conventions
[12.809s] -- Configured 'flake8' exclude dirs and/or files: 
[12.810s] -- Added test 'lint_cmake' to check CMake code style
[12.810s] -- Added test 'pep257' to check Python code against some of the docstring style conventions in PEP 257
[12.811s] -- Added test 'uncrustify' to check C / C++ code style
[12.811s] -- Configured uncrustify additional arguments: 
[12.812s] -- Added test 'xmllint' to check XML markup files
[12.813s] -- Configuring done (11.8s)
[12.825s] -- Generating done (0.0s)
[12.829s] -- Build files have been written to: /home/peter/dog/dog_dev/build/tracker_node
[12.837s] Invoked command in '/home/peter/dog/dog_dev/build/tracker_node' returned '0': AMENT_PREFIX_PATH=/home/peter/dog/dog_dev/install/robot_interfaces:${AMENT_PREFIX_PATH} CMAKE_PREFIX_PATH=/home/peter/dog/dog_dev/install/robot_interfaces:/opt/ros/jazzy/opt/gz_math_vendor:/opt/ros/jazzy/opt/gz_utils_vendor:/opt/ros/jazzy/opt/gz_cmake_vendor:/opt/ros/jazzy DEBUGINFOD_URLS=https://debuginfod.ubuntu.com LD_LIBRARY_PATH=/home/peter/dog/dog_dev/install/robot_interfaces/lib:/opt/MVS/lib/64:/opt/MVS/lib/32:/opt/ros/jazzy/opt/rviz_ogre_vendor/lib:/opt/ros/jazzy/lib/x86_64-linux-gnu:/opt/ros/jazzy/opt/gz_math_vendor/lib:/opt/ros/jazzy/opt/gz_utils_vendor/lib:/opt/ros/jazzy/opt/gz_cmake_vendor/lib:/opt/ros/jazzy/lib:/opt/MVS/lib/64:/opt/MVS/lib/32:/opt/MVS/lib/64:/opt/MVS/lib/32 PYTHONPATH=/home/peter/dog/dog_dev/install/robot_interfaces/lib/python3.12/site-packages:${PYTHONPATH} /usr/bin/cmake /home/peter/dog/dog_dev/ros2_ws/src/tracker_node -DCMAKE_INSTALL_PREFIX=/home/peter/dog/dog_dev/install/tracker_node
[12.839s] Invoking command in '/home/peter/dog/dog_dev/build/tracker_node': AMENT_PREFIX_PATH=/home/peter/dog/dog_dev/install/robot_interfaces:${AMENT_PREFIX_PATH} CMAKE_PREFIX_PATH=/home/peter/dog/dog_dev/install/robot_interfaces:/opt/ros/jazzy/opt/gz_math_vendor:/opt/ros/jazzy/opt/gz_utils_vendor:/opt/ros/jazzy/opt/gz_cmake_vendor:/opt/ros/jazzy DEBUGINFOD_URLS=https://debuginfod.ubuntu.com LD_LIBRARY_PATH=/home/peter/dog/dog_dev/install/robot_interfaces/lib:/opt/MVS/lib/64:/opt/MVS/lib/32:/opt/ros/jazzy/opt/rviz_ogre_vendor/lib:/opt/ros/jazzy/lib/x86_64-linux-gnu:/opt/ros/jazzy/opt/gz_math_vendor/lib:/opt/ros/jazzy/opt/gz_utils_vendor/lib:/opt/ros/jazzy/opt/gz_cmake_vendor/lib:/opt/ros/jazzy/lib:/opt/MVS/lib/64:/opt/MVS/lib/32:/opt/MVS/lib/64:/opt/MVS/lib/32 PYTHONPATH=/home/peter/dog/dog_dev/install/robot_interfaces/lib/python3.12/site-packages:${PYTHONPATH} /usr/bin/cmake --build /home/peter/dog/dog_dev/build/tracker_node -- -j16 -l16
[12.877s] [ 11%] Building CXX object CMakeFiles/byte_tracker.dir/src/byte_tracker.cpp.o
[13.181s] [ 22%] Linking CXX static library libbyte_tracker.a
[13.206s] [ 22%] Built target byte_tracker
[13.224s] [ 44%] Building CXX object CMakeFiles/test_tracker_node_integration.dir/test/test_tracker_node_integration.cpp.o
[13.224s] [ 44%] Building CXX object CMakeFiles/test_byte_tracker.dir/test/test_byte_tracker.cpp.o
[13.224s] [ 55%] Building CXX object CMakeFiles/tracker_node_exe.dir/src/tracker_node.cpp.o
[13.224s] [ 66%] Building CXX object CMakeFiles/tracker_node_exe.dir/src/main.cpp.o
[13.398s] In file included from /home/peter/dog/dog_dev/ros2_ws/src/tracker_node/src/tracker_node.cpp:1:
[13.398s] /home/peter/dog/dog_dev/ros2_ws/src/tracker_node/include/tracker_node/tracker_node.hpp:4:10: fatal error: robot_interfaces/msg/simple_detection2_d_array.hpp: No such file or directory
[13.398s]     4 | #include "robot_interfaces/msg/simple_detection2_d_array.hpp"
[13.398s]       |          ^~~~~~~~~~~~~~~~~~~~~~~~~~~~~~~~~~~~~~~~~~~~~~~~~~~~
[13.398s] compilation terminated.
[13.398s] In file included from /home/peter/dog/dog_dev/ros2_ws/src/tracker_node/src/main.cpp:2:
[13.398s] /home/peter/dog/dog_dev/ros2_ws/src/tracker_node/include/tracker_node/tracker_node.hpp:4:10: fatal error: robot_interfaces/msg/simple_detection2_d_array.hpp: No such file or directory
[13.398s]     4 | #include "robot_interfaces/msg/simple_detection2_d_array.hpp"
[13.398s]       |          ^~~~~~~~~~~~~~~~~~~~~~~~~~~~~~~~~~~~~~~~~~~~~~~~~~~~
[13.398s] compilation terminated.
[13.401s] gmake[2]: *** [CMakeFiles/tracker_node_exe.dir/build.make:76: CMakeFiles/tracker_node_exe.dir/src/tracker_node.cpp.o] Error 1
[13.401s] gmake[2]: *** Waiting for unfinished jobs....
[13.401s] gmake[2]: *** [CMakeFiles/tracker_node_exe.dir/build.make:90: CMakeFiles/tracker_node_exe.dir/src/main.cpp.o] Error 1
[13.401s] gmake[1]: *** [CMakeFiles/Makefile2:169: CMakeFiles/tracker_node_exe.dir/all] Error 2
[13.401s] gmake[1]: *** Waiting for unfinished jobs....
[13.570s] [ 77%] Linking CXX executable test_byte_tracker
[13.983s] [ 88%] Linking CXX executable test_tracker_node_integration
[14.231s] [ 88%] Built target test_byte_tracker
[14.642s] [ 88%] Built target test_tracker_node_integration
[14.642s] gmake: *** [Makefile:146: all] Error 2
[14.644s] Invoked command in '/home/peter/dog/dog_dev/build/tracker_node' returned '2': AMENT_PREFIX_PATH=/home/peter/dog/dog_dev/install/robot_interfaces:${AMENT_PREFIX_PATH} CMAKE_PREFIX_PATH=/home/peter/dog/dog_dev/install/robot_interfaces:/opt/ros/jazzy/opt/gz_math_vendor:/opt/ros/jazzy/opt/gz_utils_vendor:/opt/ros/jazzy/opt/gz_cmake_vendor:/opt/ros/jazzy DEBUGINFOD_URLS=https://debuginfod.ubuntu.com LD_LIBRARY_PATH=/home/peter/dog/dog_dev/install/robot_interfaces/lib:/opt/MVS/lib/64:/opt/MVS/lib/32:/opt/ros/jazzy/opt/rviz_ogre_vendor/lib:/opt/ros/jazzy/lib/x86_64-linux-gnu:/opt/ros/jazzy/opt/gz_math_vendor/lib:/opt/ros/jazzy/opt/gz_utils_vendor/lib:/opt/ros/jazzy/opt/gz_cmake_vendor/lib:/opt/ros/jazzy/lib:/opt/MVS/lib/64:/opt/MVS/lib/32:/opt/MVS/lib/64:/opt/MVS/lib/32 PYTHONPATH=/home/peter/dog/dog_dev/install/robot_interfaces/lib/python3.12/site-packages:${PYTHONPATH} /usr/bin/cmake --build /home/peter/dog/dog_dev/build/tracker_node -- -j16 -l16
