[0.007s] Invoking command in '/home/peter/dog/dog_dev/build/visual_servo': CMAKE_PREFIX_PATH=${CMAKE_PREFIX_PATH}:/opt/ros/jazzy DEBUGINFOD_URLS=https://debuginfod.ubuntu.com /usr/bin/cmake /home/peter/dog/dog_dev/ros2_ws/src/visual_servo -DCMAKE_INSTALL_PREFIX=/home/peter/dog/dog_dev/install/visual_servo
[0.411s] -- The C compiler identification is GNU 13.3.0
[1.302s] -- The CXX compiler identification is GNU 13.3.0
[2.190s] -- Detecting C compiler ABI info
[2.807s] -- Detecting C compiler ABI info - done
[2.813s] -- Check for working C compiler: /usr/bin/cc - skipped
[2.813s] -- Detecting C compile features
[2.813s] -- Detecting C compile features - done
[3.072s] -- Detecting CXX compiler ABI info
[3.744s] -- Detecting CXX compiler ABI info - done
[3.750s] -- Check for working CXX compiler: /usr/bin/c++ - skipped
[3.750s] -- Detecting CXX compile features
[3.750s] -- Detecting CXX compile features - done
[3.752s] -- Found ament_cmake: 2.5.6 (/opt/ros/jazzy/share/ament_cmake/cmake)
[3.845s] -- Found Python3: /usr/bin/python3 (found version "3.12.3") found components: Interpreter 
[3.912s] -- Found rclcpp: 28.1.18 (/opt/ros/jazzy/share/rclcpp/cmake)
[4.144s] -- Found rosidl_generator_c: 4.6.7 (/opt/ros/jazzy/share/rosidl_generator_c/cmake)
[4.152s] -- Found rosidl_generator_cpp: 4.6.7 (/opt/ros/jazzy/share/rosidl_generator_cpp/cmake)
[4.163s] -- Using all available rosidl_typesupport_c: rosidl_typesupport_fastrtps_c;rosidl_typesupport_introspection_c
[4.174s] -- Using all available rosidl_typesupport_cpp: rosidl_typesupport_fastrtps_cpp;rosidl_typesupport_introspection_cpp
[4.225s] -- Found rmw_implementation_cmake: 7.3.3 (/opt/ros/jazzy/share/rmw_implementation_cmake/cmake)
[4.226s] -- Found rmw_fastrtps_cpp: 8.4.3 (/opt/ros/jazzy/share/rmw_fastrtps_cpp/cmake)
[4.278s] -- Found OpenSSL: /usr/lib/x86_64-linux-gnu/libcrypto.so (found version "3.0.13")  
[4.596s] -- Found FastRTPS: /opt/ros/jazzy/include (Required is at least version "2.13") 
[4.751s] -- Using RMW implementation 'rmw_fastrtps_cpp' as default
[5.022s] -- Found geometry_msgs: 5.3.7 (/opt/ros/jazzy/share/geometry_msgs/cmake)
[5.045s] -- Found sensor_msgs: 5.3.7 (/opt/ros/jazzy/share/sensor_msgs/cmake)
[5.062s] -- Found ament_lint_auto: 0.17.5 (/opt/ros/jazzy/share/ament_lint_auto/cmake)
[5.129s] -- Added test 'cppcheck' to perform static code analysis on C / C++ code
[5.129s] -- Configured cppcheck include dirs: $<BUILD_INTERFACE:/home/peter/dog/dog_dev/ros2_ws/src/visual_servo/include>
[5.129s] -- Configured cppcheck exclude dirs and/or files: 
[5.129s] -- Added test 'flake8' to check Python code syntax and style conventions
[5.129s] -- Configured 'flake8' exclude dirs and/or files: 
[5.130s] -- Added test 'lint_cmake' to check CMake code style
[5.131s] -- Added test 'pep257' to check Python code against some of the docstring style conventions in PEP 257
[5.131s] -- Added test 'uncrustify' to check C / C++ code style
[5.131s] -- Configured uncrustify additional arguments: 
[5.132s] -- Added test 'xmllint' to check XML markup files
[5.133s] -- Configuring done (5.1s)
[5.142s] -- Generating done (0.0s)
[5.145s] -- Build files have been written to: /home/peter/dog/dog_dev/build/visual_servo
[5.152s] Invoked command in '/home/peter/dog/dog_dev/build/visual_servo' returned '0': CMAKE_PREFIX_PATH=${CMAKE_PREFIX_PATH}:/opt/ros/jazzy DEBUGINFOD_URLS=https://debuginfod.ubuntu.com /usr/bin/cmake /home/peter/dog/dog_dev/ros2_ws/src/visual_servo -DCMAKE_INSTALL_PREFIX=/home/peter/dog/dog_dev/install/visual_servo
[5.153s] Invoking command in '/home/peter/dog/dog_dev/build/visual_servo': CMAKE_PREFIX_PATH=${CMAKE_PREFIX_PATH}:/opt/ros/jazzy DEBUGINFOD_URLS=https://debuginfod.ubuntu.com /usr/bin/cmake --build /home/peter/dog/dog_dev/build/visual_servo -- -j16 -l16
[5.186s] [ 75%] Building CXX object CMakeFiles/visual_servo_node_exe.dir/src/visual_servo_node.cpp.o
[5.186s] [ 75%] Building CXX object CMakeFiles/visual_servo_node_exe.dir/src/main.cpp.o
[5.187s] [ 75%] Building CXX object CMakeFiles/visual_servo_node_exe.dir/src/pid_controller.cpp.o
[11.418s] [100%] Linking CXX executable visual_servo_node_exe
[12.024s] [100%] Built target visual_servo_node_exe
[12.031s] Invoked command in '/home/peter/dog/dog_dev/build/visual_servo' returned '0': CMAKE_PREFIX_PATH=${CMAKE_PREFIX_PATH}:/opt/ros/jazzy DEBUGINFOD_URLS=https://debuginfod.ubuntu.com /usr/bin/cmake --build /home/peter/dog/dog_dev/build/visual_servo -- -j16 -l16
[12.032s] Invoking command in '/home/peter/dog/dog_dev/build/visual_servo': CMAKE_PREFIX_PATH=${CMAKE_PREFIX_PATH}:/opt/ros/jazzy DEBUGINFOD_URLS=https://debuginfod.ubuntu.com /usr/bin/cmake --install /home/peter/dog/dog_dev/build/visual_servo
[12.037s] -- Install configuration: ""
[12.038s] -- Installing: /home/peter/dog/dog_dev/install/visual_servo/lib/visual_servo/visual_servo_node_exe
[12.042s] -- Set non-toolchain portion of runtime path of "/home/peter/dog/dog_dev/install/visual_servo/lib/visual_servo/visual_servo_node_exe" to ""
[12.043s] -- Installing: /home/peter/dog/dog_dev/install/visual_servo/share/ament_index/resource_index/package_run_dependencies/visual_servo
[12.043s] -- Installing: /home/peter/dog/dog_dev/install/visual_servo/share/ament_index/resource_index/parent_prefix_path/visual_servo
[12.043s] -- Installing: /home/peter/dog/dog_dev/install/visual_servo/share/visual_servo/environment/ament_prefix_path.sh
[12.043s] -- Installing: /home/peter/dog/dog_dev/install/visual_servo/share/visual_servo/environment/ament_prefix_path.dsv
[12.044s] -- Installing: /home/peter/dog/dog_dev/install/visual_servo/share/visual_servo/environment/path.sh
[12.044s] -- Installing: /home/peter/dog/dog_dev/install/visual_servo/share/visual_servo/environment/path.dsv
[12.044s] -- Installing: /home/peter/dog/dog_dev/install/visual_servo/share/visual_servo/local_setup.bash
[12.044s] -- Installing: /home/peter/dog/dog_dev/install/visual_servo/share/visual_servo/local_setup.sh
[12.044s] -- Installing: /home/peter/dog/dog_dev/install/visual_servo/share/visual_servo/local_setup.zsh
[12.044s] -- Installing: /home/peter/dog/dog_dev/install/visual_servo/share/visual_servo/local_setup.dsv
[12.044s] -- Installing: /home/peter/dog/dog_dev/install/visual_servo/share/visual_servo/package.dsv
[12.044s] -- Installing: /home/peter/dog/dog_dev/install/visual_servo/share/ament_index/resource_index/packages/visual_servo
[12.045s] -- Installing: /home/peter/dog/dog_dev/install/visual_servo/share/visual_servo/cmake/visual_servoConfig.cmake
[12.045s] -- Installing: /home/peter/dog/dog_dev/install/visual_servo/share/visual_servo/cmake/visual_servoConfig-version.cmake
[12.045s] -- Installing: /home/peter/dog/dog_dev/install/visual_servo/share/visual_servo/package.xml
[12.046s] Invoked command in '/home/peter/dog/dog_dev/build/visual_servo' returned '0': CMAKE_PREFIX_PATH=${CMAKE_PREFIX_PATH}:/opt/ros/jazzy DEBUGINFOD_URLS=https://debuginfod.ubuntu.com /usr/bin/cmake --install /home/peter/dog/dog_dev/build/visual_servo
