-- Found ament_cmake: 2.5.6 (/opt/ros/jazzy/share/ament_cmake/cmake)
-- Found rclcpp: 28.1.18 (/opt/ros/jazzy/share/rclcpp/cmake)
-- Found rosidl_generator_c: 4.6.7 (/opt/ros/jazzy/share/rosidl_generator_c/cmake)
-- Found rosidl_generator_cpp: 4.6.7 (/opt/ros/jazzy/share/rosidl_generator_cpp/cmake)
-- Using all available rosidl_typesupport_c: rosidl_typesupport_fastrtps_c;rosidl_typesupport_introspection_c
-- Using all available rosidl_typesupport_cpp: rosidl_typesupport_fastrtps_cpp;rosidl_typesupport_introspection_cpp
-- Found rmw_implementation_cmake: 7.3.3 (/opt/ros/jazzy/share/rmw_implementation_cmake/cmake)
-- Found rmw_fastrtps_cpp: 8.4.3 (/opt/ros/jazzy/share/rmw_fastrtps_cpp/cmake)
-- Using RMW implementation 'rmw_fastrtps_cpp' as default
-- Found sensor_msgs: 5.3.7 (/opt/ros/jazzy/share/sensor_msgs/cmake)
-- Found cv_bridge: 4.1.0 (/opt/ros/jazzy/share/cv_bridge/cmake)
-- Found ament_lint_auto: 0.17.5 (/opt/ros/jazzy/share/ament_lint_auto/cmake)
-- Added test 'cppcheck' to perform static code analysis on C / C++ code
-- Configured cppcheck include dirs: /mnt/c/Users/Pt/Desktop/dog/agent_dev/ros2_ws/src/stereo_splitter/include
-- Configured cppcheck exclude dirs and/or files: 
-- Added test 'lint_cmake' to check CMake code style
-- Added test 'uncrustify' to check C / C++ code style
-- Configured uncrustify additional arguments: 
-- Added test 'xmllint' to check XML markup files
-- Configuring done (4.5s)
-- Generating done (0.8s)
-- Build files have been written to: /mnt/c/Users/Pt/Desktop/dog/agent_dev/build/stereo_splitter
[100%] Built target stereo_splitter_node
-- Install configuration: ""
-- Up-to-date: /mnt/c/Users/Pt/Desktop/dog/agent_dev/install/stereo_splitter/lib/stereo_splitter/stereo_splitter_node
-- Up-to-date: /mnt/c/Users/Pt/Desktop/dog/agent_dev/install/stereo_splitter/share/ament_index/resource_index/package_run_dependencies/stereo_splitter
-- Up-to-date: /mnt/c/Users/Pt/Desktop/dog/agent_dev/install/stereo_splitter/share/ament_index/resource_index/parent_prefix_path/stereo_splitter
-- Up-to-date: /mnt/c/Users/Pt/Desktop/dog/agent_dev/install/stereo_splitter/share/stereo_splitter/environment/ament_prefix_path.sh
-- Up-to-date: /mnt/c/Users/Pt/Desktop/dog/agent_dev/install/stereo_splitter/share/stereo_splitter/environment/ament_prefix_path.dsv
-- Up-to-date: /mnt/c/Users/Pt/Desktop/dog/agent_dev/install/stereo_splitter/share/stereo_splitter/environment/path.sh
-- Up-to-date: /mnt/c/Users/Pt/Desktop/dog/agent_dev/install/stereo_splitter/share/stereo_splitter/environment/path.dsv
-- Up-to-date: /mnt/c/Users/Pt/Desktop/dog/agent_dev/install/stereo_splitter/share/stereo_splitter/local_setup.bash
-- Up-to-date: /mnt/c/Users/Pt/Desktop/dog/agent_dev/install/stereo_splitter/share/stereo_splitter/local_setup.sh
-- Up-to-date: /mnt/c/Users/Pt/Desktop/dog/agent_dev/install/stereo_splitter/share/stereo_splitter/local_setup.zsh
-- Up-to-date: /mnt/c/Users/Pt/Desktop/dog/agent_dev/install/stereo_splitter/share/stereo_splitter/local_setup.dsv
-- Installing: /mnt/c/Users/Pt/Desktop/dog/agent_dev/install/stereo_splitter/share/stereo_splitter/package.dsv
-- Up-to-date: /mnt/c/Users/Pt/Desktop/dog/agent_dev/install/stereo_splitter/share/ament_index/resource_index/packages/stereo_splitter
-- Up-to-date: /mnt/c/Users/Pt/Desktop/dog/agent_dev/install/stereo_splitter/share/stereo_splitter/cmake/stereo_splitterConfig.cmake
-- Up-to-date: /mnt/c/Users/Pt/Desktop/dog/agent_dev/install/stereo_splitter/share/stereo_splitter/cmake/stereo_splitterConfig-version.cmake
-- Installing: /mnt/c/Users/Pt/Desktop/dog/agent_dev/install/stereo_splitter/share/stereo_splitter/package.xml
