-- The C compiler identification is GNU 13.3.0
-- The CXX compiler identification is GNU 13.3.0
-- Detecting C compiler ABI info
-- Detecting C compiler ABI info - done
-- Check for working C compiler: /usr/bin/cc - skipped
-- Detecting C compile features
-- Detecting C compile features - done
-- Detecting CXX compiler ABI info
-- Detecting CXX compiler ABI info - done
-- Check for working CXX compiler: /usr/bin/c++ - skipped
-- Detecting CXX compile features
-- Detecting CXX compile features - done
-- Found ament_cmake: 2.5.6 (/opt/ros/jazzy/share/ament_cmake/cmake)
-- Found Python3: /usr/bin/python3 (found version "3.12.3") found components: Interpreter 
-- Found rosidl_default_generators: 1.6.0 (/opt/ros/jazzy/share/rosidl_default_generators/cmake)
-- Using all available rosidl_typesupport_c: rosidl_typesupport_fastrtps_c;rosidl_typesupport_introspection_c
-- Using all available rosidl_typesupport_cpp: rosidl_typesupport_fastrtps_cpp;rosidl_typesupport_introspection_cpp
-- Found rosidl_adapter: 4.6.7 (/opt/ros/jazzy/share/rosidl_adapter/cmake)
-- Found std_msgs: 5.3.7 (/opt/ros/jazzy/share/std_msgs/cmake)
-- Found ament_cmake_ros: 0.12.0 (/opt/ros/jazzy/share/ament_cmake_ros/cmake)
-- Using all available rosidl_typesupport_c: rosidl_typesupport_fastrtps_c;rosidl_typesupport_introspection_c
-- Using all available rosidl_typesupport_cpp: rosidl_typesupport_fastrtps_cpp;rosidl_typesupport_introspection_cpp
-- Found python_cmake_module: 0.11.1 (/opt/ros/jazzy/share/python_cmake_module/cmake)
-- Found PythonExtra: /usr/bin/python3  
-- Found Python3: /usr/bin/python3 (found version "3.12.3") found components: Interpreter Development NumPy Development.Module Development.Embed 
-- Found Python3: /usr/bin/python3 (found version "3.12.3") found components: Interpreter 
-- Configuring done (14.3s)
-- Generating done (0.0s)
-- Build files have been written to: /home/peter/dog/dog_dev/build/robot_interfaces
[  1%] Generating type hashes for ROS interfaces
[  3%] Generating Rust code for ROS interfaces
[  3%] Built target ament_cmake_python_copy_robot_interfaces
running egg_info
creating robot_interfaces.egg-info
[  3%] Built target robot_interfaces__rosidl_generator_type_description
writing robot_interfaces.egg-info/PKG-INFO
writing dependency_links to robot_interfaces.egg-info/dependency_links.txt
writing top-level names to robot_interfaces.egg-info/top_level.txt
writing manifest file 'robot_interfaces.egg-info/SOURCES.txt'
[  5%] Generating C code for ROS interfaces
[  7%] Generating C++ code for ROS interfaces
[  7%] Built target robot_interfaces__rs
reading manifest file 'robot_interfaces.egg-info/SOURCES.txt'
writing manifest file 'robot_interfaces.egg-info/SOURCES.txt'
[  7%] Built target ament_cmake_python_build_robot_interfaces_egg
[  7%] Built target robot_interfaces__cpp
[  9%] Building C object CMakeFiles/robot_interfaces__rosidl_generator_c.dir/rosidl_generator_c/robot_interfaces/msg/detail/target_info__description.c.o
[ 10%] Building C object CMakeFiles/robot_interfaces__rosidl_generator_c.dir/rosidl_generator_c/robot_interfaces/srv/detail/set_target_class__description.c.o
[ 12%] Building C object CMakeFiles/robot_interfaces__rosidl_generator_c.dir/rosidl_generator_c/robot_interfaces/msg/detail/target_info__functions.c.o
[ 14%] Building C object CMakeFiles/robot_interfaces__rosidl_generator_c.dir/rosidl_generator_c/robot_interfaces/msg/detail/target_info__type_support.c.o
[ 16%] Building C object CMakeFiles/robot_interfaces__rosidl_generator_c.dir/rosidl_generator_c/robot_interfaces/srv/detail/set_target_class__type_support.c.o
[ 18%] Building C object CMakeFiles/robot_interfaces__rosidl_generator_c.dir/rosidl_generator_c/robot_interfaces/srv/detail/calibrate_center__functions.c.o
[ 23%] Building C object CMakeFiles/robot_interfaces__rosidl_generator_c.dir/rosidl_generator_c/robot_interfaces/srv/detail/set_target_class__functions.c.o
[ 23%] Building C object CMakeFiles/robot_interfaces__rosidl_generator_c.dir/rosidl_generator_c/robot_interfaces/srv/detail/calibrate_center__description.c.o
[ 23%] Building C object CMakeFiles/robot_interfaces__rosidl_generator_c.dir/rosidl_generator_c/robot_interfaces/srv/detail/calibrate_center__type_support.c.o
[ 25%] Linking C shared library librobot_interfaces__rosidl_generator_c.so
[ 25%] Built target robot_interfaces__rosidl_generator_c
[ 32%] Generating C++ type support for eProsima Fast-RTPS
[ 32%] Generating C++ type support dispatch for ROS interfaces
[ 32%] Generating C type support for eProsima Fast-RTPS
[ 32%] Generating C++ introspection for ROS interfaces
[ 34%] Generating C type support dispatch for ROS interfaces
[ 36%] Generating C introspection for ROS interfaces
[ 38%] Building CXX object CMakeFiles/robot_interfaces__rosidl_typesupport_c.dir/rosidl_typesupport_c/robot_interfaces/srv/calibrate_center__type_support.cpp.o
[ 40%] Building CXX object CMakeFiles/robot_interfaces__rosidl_typesupport_cpp.dir/rosidl_typesupport_cpp/robot_interfaces/srv/calibrate_center__type_support.cpp.o
[ 41%] Building CXX object CMakeFiles/robot_interfaces__rosidl_typesupport_c.dir/rosidl_typesupport_c/robot_interfaces/srv/set_target_class__type_support.cpp.o
[ 43%] Building CXX object CMakeFiles/robot_interfaces__rosidl_typesupport_c.dir/rosidl_typesupport_c/robot_interfaces/msg/target_info__type_support.cpp.o
[ 45%] Building CXX object CMakeFiles/robot_interfaces__rosidl_typesupport_cpp.dir/rosidl_typesupport_cpp/robot_interfaces/srv/set_target_class__type_support.cpp.o
[ 47%] Building CXX object CMakeFiles/robot_interfaces__rosidl_typesupport_cpp.dir/rosidl_typesupport_cpp/robot_interfaces/msg/target_info__type_support.cpp.o
[ 49%] Building CXX object CMakeFiles/robot_interfaces__rosidl_typesupport_introspection_cpp.dir/rosidl_typesupport_introspection_cpp/robot_interfaces/srv/detail/set_target_class__type_support.cpp.o
[ 50%] Building CXX object CMakeFiles/robot_interfaces__rosidl_typesupport_introspection_cpp.dir/rosidl_typesupport_introspection_cpp/robot_interfaces/msg/detail/target_info__type_support.cpp.o
[ 52%] Building CXX object CMakeFiles/robot_interfaces__rosidl_typesupport_introspection_cpp.dir/rosidl_typesupport_introspection_cpp/robot_interfaces/srv/detail/calibrate_center__type_support.cpp.o
[ 54%] Building C object CMakeFiles/robot_interfaces__rosidl_typesupport_introspection_c.dir/rosidl_typesupport_introspection_c/robot_interfaces/srv/detail/set_target_class__type_support.c.o
[ 58%] Linking CXX shared library librobot_interfaces__rosidl_typesupport_c.so
[ 58%] Building C object CMakeFiles/robot_interfaces__rosidl_typesupport_introspection_c.dir/rosidl_typesupport_introspection_c/robot_interfaces/msg/detail/target_info__type_support.c.o
[ 60%] Building C object CMakeFiles/robot_interfaces__rosidl_typesupport_introspection_c.dir/rosidl_typesupport_introspection_c/robot_interfaces/srv/detail/calibrate_center__type_support.c.o
[ 61%] Linking C shared library librobot_interfaces__rosidl_typesupport_introspection_c.so
[ 63%] Building CXX object CMakeFiles/robot_interfaces__rosidl_typesupport_fastrtps_cpp.dir/rosidl_typesupport_fastrtps_cpp/robot_interfaces/srv/detail/dds_fastrtps/set_target_class__type_support.cpp.o
[ 65%] Building CXX object CMakeFiles/robot_interfaces__rosidl_typesupport_fastrtps_cpp.dir/rosidl_typesupport_fastrtps_cpp/robot_interfaces/srv/detail/dds_fastrtps/calibrate_center__type_support.cpp.o
[ 67%] Building CXX object CMakeFiles/robot_interfaces__rosidl_typesupport_fastrtps_cpp.dir/rosidl_typesupport_fastrtps_cpp/robot_interfaces/msg/detail/dds_fastrtps/target_info__type_support.cpp.o
[ 69%] Building CXX object CMakeFiles/robot_interfaces__rosidl_typesupport_fastrtps_c.dir/rosidl_typesupport_fastrtps_c/robot_interfaces/srv/detail/calibrate_center__type_support_c.cpp.o
[ 70%] Building CXX object CMakeFiles/robot_interfaces__rosidl_typesupport_fastrtps_c.dir/rosidl_typesupport_fastrtps_c/robot_interfaces/srv/detail/set_target_class__type_support_c.cpp.o
[ 72%] Building CXX object CMakeFiles/robot_interfaces__rosidl_typesupport_fastrtps_c.dir/rosidl_typesupport_fastrtps_c/robot_interfaces/msg/detail/target_info__type_support_c.cpp.o
[ 74%] Linking CXX shared library librobot_interfaces__rosidl_typesupport_cpp.so
[ 76%] Linking CXX shared library librobot_interfaces__rosidl_typesupport_introspection_cpp.so
[ 78%] Linking CXX shared library librobot_interfaces__rosidl_typesupport_fastrtps_c.so
[ 80%] Linking CXX shared library librobot_interfaces__rosidl_typesupport_fastrtps_cpp.so
[ 80%] Built target robot_interfaces__rosidl_typesupport_c
[ 80%] Built target robot_interfaces__rosidl_typesupport_introspection_c
[ 80%] Built target robot_interfaces__rosidl_typesupport_cpp
[ 80%] Built target robot_interfaces__rosidl_typesupport_introspection_cpp
[ 80%] Built target robot_interfaces__rosidl_typesupport_fastrtps_c
[ 80%] Built target robot_interfaces__rosidl_typesupport_fastrtps_cpp
[ 80%] Built target robot_interfaces
[ 81%] Generating Python code for ROS interfaces
[ 81%] Built target robot_interfaces__py
[ 83%] Building C object CMakeFiles/robot_interfaces__rosidl_generator_py.dir/rosidl_generator_py/robot_interfaces/msg/_target_info_s.c.o
[ 85%] Building C object CMakeFiles/robot_interfaces__rosidl_generator_py.dir/rosidl_generator_py/robot_interfaces/srv/_set_target_class_s.c.o
[ 87%] Building C object CMakeFiles/robot_interfaces__rosidl_generator_py.dir/rosidl_generator_py/robot_interfaces/srv/_calibrate_center_s.c.o
[ 89%] Linking C shared library librobot_interfaces__rosidl_generator_py.so
[ 89%] Built target robot_interfaces__rosidl_generator_py
[ 92%] Building C object CMakeFiles/robot_interfaces_s__rosidl_typesupport_c.dir/rosidl_generator_py/robot_interfaces/_robot_interfaces_s.ep.rosidl_typesupport_c.c.o
[ 92%] Building C object CMakeFiles/robot_interfaces_s__rosidl_typesupport_fastrtps_c.dir/rosidl_generator_py/robot_interfaces/_robot_interfaces_s.ep.rosidl_typesupport_fastrtps_c.c.o
[ 94%] Building C object CMakeFiles/robot_interfaces_s__rosidl_typesupport_introspection_c.dir/rosidl_generator_py/robot_interfaces/_robot_interfaces_s.ep.rosidl_typesupport_introspection_c.c.o
[ 98%] Linking C shared module rosidl_generator_py/robot_interfaces/robot_interfaces_s__rosidl_typesupport_c.so
[ 98%] Linking C shared module rosidl_generator_py/robot_interfaces/robot_interfaces_s__rosidl_typesupport_introspection_c.so
[100%] Linking C shared module rosidl_generator_py/robot_interfaces/robot_interfaces_s__rosidl_typesupport_fastrtps_c.so
[100%] Built target robot_interfaces_s__rosidl_typesupport_c
[100%] Built target robot_interfaces_s__rosidl_typesupport_fastrtps_c
[100%] Built target robot_interfaces_s__rosidl_typesupport_introspection_c
-- Install configuration: ""
-- Installing: /home/peter/dog/dog_dev/install/robot_interfaces/share/ament_index/resource_index/rosidl_interfaces/robot_interfaces
-- Installing: /home/peter/dog/dog_dev/install/robot_interfaces/share/robot_interfaces/msg/TargetInfo.json
-- Installing: /home/peter/dog/dog_dev/install/robot_interfaces/share/robot_interfaces/srv/SetTargetClass.json
-- Installing: /home/peter/dog/dog_dev/install/robot_interfaces/share/robot_interfaces/srv/CalibrateCenter.json
-- Installing: /home/peter/dog/dog_dev/install/robot_interfaces/include/robot_interfaces/robot_interfaces
-- Installing: /home/peter/dog/dog_dev/install/robot_interfaces/include/robot_interfaces/robot_interfaces/srv
-- Installing: /home/peter/dog/dog_dev/install/robot_interfaces/include/robot_interfaces/robot_interfaces/srv/detail
-- Installing: /home/peter/dog/dog_dev/install/robot_interfaces/include/robot_interfaces/robot_interfaces/srv/detail/calibrate_center__type_support.h
-- Installing: /home/peter/dog/dog_dev/install/robot_interfaces/include/robot_interfaces/robot_interfaces/srv/detail/set_target_class__struct.h
-- Installing: /home/peter/dog/dog_dev/install/robot_interfaces/include/robot_interfaces/robot_interfaces/srv/detail/calibrate_center__struct.h
-- Installing: /home/peter/dog/dog_dev/install/robot_interfaces/include/robot_interfaces/robot_interfaces/srv/detail/calibrate_center__functions.c
-- Installing: /home/peter/dog/dog_dev/install/robot_interfaces/include/robot_interfaces/robot_interfaces/srv/detail/set_target_class__type_support.h
-- Installing: /home/peter/dog/dog_dev/install/robot_interfaces/include/robot_interfaces/robot_interfaces/srv/detail/calibrate_center__functions.h
-- Installing: /home/peter/dog/dog_dev/install/robot_interfaces/include/robot_interfaces/robot_interfaces/srv/detail/calibrate_center__description.c
-- Installing: /home/peter/dog/dog_dev/install/robot_interfaces/include/robot_interfaces/robot_interfaces/srv/detail/set_target_class__functions.c
-- Installing: /home/peter/dog/dog_dev/install/robot_interfaces/include/robot_interfaces/robot_interfaces/srv/detail/set_target_class__functions.h
-- Installing: /home/peter/dog/dog_dev/install/robot_interfaces/include/robot_interfaces/robot_interfaces/srv/detail/set_target_class__description.c
-- Installing: /home/peter/dog/dog_dev/install/robot_interfaces/include/robot_interfaces/robot_interfaces/srv/detail/set_target_class__type_support.c
-- Installing: /home/peter/dog/dog_dev/install/robot_interfaces/include/robot_interfaces/robot_interfaces/srv/detail/calibrate_center__type_support.c
-- Installing: /home/peter/dog/dog_dev/install/robot_interfaces/include/robot_interfaces/robot_interfaces/srv/calibrate_center.h
-- Installing: /home/peter/dog/dog_dev/install/robot_interfaces/include/robot_interfaces/robot_interfaces/srv/set_target_class.h
-- Installing: /home/peter/dog/dog_dev/install/robot_interfaces/include/robot_interfaces/robot_interfaces/msg
-- Installing: /home/peter/dog/dog_dev/install/robot_interfaces/include/robot_interfaces/robot_interfaces/msg/detail
-- Installing: /home/peter/dog/dog_dev/install/robot_interfaces/include/robot_interfaces/robot_interfaces/msg/detail/target_info__type_support.c
-- Installing: /home/peter/dog/dog_dev/install/robot_interfaces/include/robot_interfaces/robot_interfaces/msg/detail/target_info__functions.c
-- Installing: /home/peter/dog/dog_dev/install/robot_interfaces/include/robot_interfaces/robot_interfaces/msg/detail/target_info__struct.h
-- Installing: /home/peter/dog/dog_dev/install/robot_interfaces/include/robot_interfaces/robot_interfaces/msg/detail/target_info__type_support.h
-- Installing: /home/peter/dog/dog_dev/install/robot_interfaces/include/robot_interfaces/robot_interfaces/msg/detail/target_info__description.c
-- Installing: /home/peter/dog/dog_dev/install/robot_interfaces/include/robot_interfaces/robot_interfaces/msg/detail/target_info__functions.h
-- Installing: /home/peter/dog/dog_dev/install/robot_interfaces/include/robot_interfaces/robot_interfaces/msg/rosidl_generator_c__visibility_control.h
-- Installing: /home/peter/dog/dog_dev/install/robot_interfaces/include/robot_interfaces/robot_interfaces/msg/target_info.h
-- Installing: /home/peter/dog/dog_dev/install/robot_interfaces/share/robot_interfaces/environment/library_path.sh
-- Installing: /home/peter/dog/dog_dev/install/robot_interfaces/share/robot_interfaces/environment/library_path.dsv
-- Installing: /home/peter/dog/dog_dev/install/robot_interfaces/lib/librobot_interfaces__rosidl_generator_c.so
-- Set non-toolchain portion of runtime path of "/home/peter/dog/dog_dev/install/robot_interfaces/lib/librobot_interfaces__rosidl_generator_c.so" to ""
-- Up-to-date: /home/peter/dog/dog_dev/install/robot_interfaces/include/robot_interfaces/robot_interfaces
-- Up-to-date: /home/peter/dog/dog_dev/install/robot_interfaces/include/robot_interfaces/robot_interfaces/srv
-- Up-to-date: /home/peter/dog/dog_dev/install/robot_interfaces/include/robot_interfaces/robot_interfaces/srv/detail
-- Installing: /home/peter/dog/dog_dev/install/robot_interfaces/include/robot_interfaces/robot_interfaces/srv/detail/set_target_class__rosidl_typesupport_fastrtps_c.h
-- Installing: /home/peter/dog/dog_dev/install/robot_interfaces/include/robot_interfaces/robot_interfaces/srv/detail/calibrate_center__rosidl_typesupport_fastrtps_c.h
-- Up-to-date: /home/peter/dog/dog_dev/install/robot_interfaces/include/robot_interfaces/robot_interfaces/msg
-- Up-to-date: /home/peter/dog/dog_dev/install/robot_interfaces/include/robot_interfaces/robot_interfaces/msg/detail
-- Installing: /home/peter/dog/dog_dev/install/robot_interfaces/include/robot_interfaces/robot_interfaces/msg/detail/target_info__rosidl_typesupport_fastrtps_c.h
-- Installing: /home/peter/dog/dog_dev/install/robot_interfaces/include/robot_interfaces/robot_interfaces/msg/rosidl_typesupport_fastrtps_c__visibility_control.h
-- Installing: /home/peter/dog/dog_dev/install/robot_interfaces/lib/librobot_interfaces__rosidl_typesupport_fastrtps_c.so
-- Set non-toolchain portion of runtime path of "/home/peter/dog/dog_dev/install/robot_interfaces/lib/librobot_interfaces__rosidl_typesupport_fastrtps_c.so" to ""
-- Up-to-date: /home/peter/dog/dog_dev/install/robot_interfaces/include/robot_interfaces/robot_interfaces
-- Up-to-date: /home/peter/dog/dog_dev/install/robot_interfaces/include/robot_interfaces/robot_interfaces/srv
-- Up-to-date: /home/peter/dog/dog_dev/install/robot_interfaces/include/robot_interfaces/robot_interfaces/srv/detail
-- Installing: /home/peter/dog/dog_dev/install/robot_interfaces/include/robot_interfaces/robot_interfaces/srv/detail/set_target_class__rosidl_typesupport_introspection_c.h
-- Up-to-date: /home/peter/dog/dog_dev/install/robot_interfaces/include/robot_interfaces/robot_interfaces/srv/detail/set_target_class__type_support.c
-- Up-to-date: /home/peter/dog/dog_dev/install/robot_interfaces/include/robot_interfaces/robot_interfaces/srv/detail/calibrate_center__type_support.c
-- Installing: /home/peter/dog/dog_dev/install/robot_interfaces/include/robot_interfaces/robot_interfaces/srv/detail/calibrate_center__rosidl_typesupport_introspection_c.h
-- Up-to-date: /home/peter/dog/dog_dev/install/robot_interfaces/include/robot_interfaces/robot_interfaces/msg
-- Up-to-date: /home/peter/dog/dog_dev/install/robot_interfaces/include/robot_interfaces/robot_interfaces/msg/detail
-- Up-to-date: /home/peter/dog/dog_dev/install/robot_interfaces/include/robot_interfaces/robot_interfaces/msg/detail/target_info__type_support.c
-- Installing: /home/peter/dog/dog_dev/install/robot_interfaces/include/robot_interfaces/robot_interfaces/msg/detail/target_info__rosidl_typesupport_introspection_c.h
-- Installing: /home/peter/dog/dog_dev/install/robot_interfaces/include/robot_interfaces/robot_interfaces/msg/rosidl_typesupport_introspection_c__visibility_control.h
-- Installing: /home/peter/dog/dog_dev/install/robot_interfaces/lib/librobot_interfaces__rosidl_typesupport_introspection_c.so
-- Set non-toolchain portion of runtime path of "/home/peter/dog/dog_dev/install/robot_interfaces/lib/librobot_interfaces__rosidl_typesupport_introspection_c.so" to ""
-- Installing: /home/peter/dog/dog_dev/install/robot_interfaces/lib/librobot_interfaces__rosidl_typesupport_c.so
-- Set non-toolchain portion of runtime path of "/home/peter/dog/dog_dev/install/robot_interfaces/lib/librobot_interfaces__rosidl_typesupport_c.so" to ""
-- Up-to-date: /home/peter/dog/dog_dev/install/robot_interfaces/include/robot_interfaces/robot_interfaces
-- Up-to-date: /home/peter/dog/dog_dev/install/robot_interfaces/include/robot_interfaces/robot_interfaces/srv
-- Installing: /home/peter/dog/dog_dev/install/robot_interfaces/include/robot_interfaces/robot_interfaces/srv/calibrate_center.hpp
-- Up-to-date: /home/peter/dog/dog_dev/install/robot_interfaces/include/robot_interfaces/robot_interfaces/srv/detail
-- Installing: /home/peter/dog/dog_dev/install/robot_interfaces/include/robot_interfaces/robot_interfaces/srv/detail/calibrate_center__traits.hpp
-- Installing: /home/peter/dog/dog_dev/install/robot_interfaces/include/robot_interfaces/robot_interfaces/srv/detail/calibrate_center__struct.hpp
-- Installing: /home/peter/dog/dog_dev/install/robot_interfaces/include/robot_interfaces/robot_interfaces/srv/detail/calibrate_center__type_support.hpp
-- Installing: /home/peter/dog/dog_dev/install/robot_interfaces/include/robot_interfaces/robot_interfaces/srv/detail/set_target_class__builder.hpp
-- Installing: /home/peter/dog/dog_dev/install/robot_interfaces/include/robot_interfaces/robot_interfaces/srv/detail/calibrate_center__builder.hpp
-- Installing: /home/peter/dog/dog_dev/install/robot_interfaces/include/robot_interfaces/robot_interfaces/srv/detail/set_target_class__struct.hpp
-- Installing: /home/peter/dog/dog_dev/install/robot_interfaces/include/robot_interfaces/robot_interfaces/srv/detail/set_target_class__type_support.hpp
-- Installing: /home/peter/dog/dog_dev/install/robot_interfaces/include/robot_interfaces/robot_interfaces/srv/detail/set_target_class__traits.hpp
-- Installing: /home/peter/dog/dog_dev/install/robot_interfaces/include/robot_interfaces/robot_interfaces/srv/set_target_class.hpp
-- Up-to-date: /home/peter/dog/dog_dev/install/robot_interfaces/include/robot_interfaces/robot_interfaces/msg
-- Installing: /home/peter/dog/dog_dev/install/robot_interfaces/include/robot_interfaces/robot_interfaces/msg/rosidl_generator_cpp__visibility_control.hpp
-- Up-to-date: /home/peter/dog/dog_dev/install/robot_interfaces/include/robot_interfaces/robot_interfaces/msg/detail
-- Installing: /home/peter/dog/dog_dev/install/robot_interfaces/include/robot_interfaces/robot_interfaces/msg/detail/target_info__traits.hpp
-- Installing: /home/peter/dog/dog_dev/install/robot_interfaces/include/robot_interfaces/robot_interfaces/msg/detail/target_info__builder.hpp
-- Installing: /home/peter/dog/dog_dev/install/robot_interfaces/include/robot_interfaces/robot_interfaces/msg/detail/target_info__struct.hpp
-- Installing: /home/peter/dog/dog_dev/install/robot_interfaces/include/robot_interfaces/robot_interfaces/msg/detail/target_info__type_support.hpp
-- Installing: /home/peter/dog/dog_dev/install/robot_interfaces/include/robot_interfaces/robot_interfaces/msg/target_info.hpp
-- Up-to-date: /home/peter/dog/dog_dev/install/robot_interfaces/include/robot_interfaces/robot_interfaces
-- Up-to-date: /home/peter/dog/dog_dev/install/robot_interfaces/include/robot_interfaces/robot_interfaces/srv
-- Up-to-date: /home/peter/dog/dog_dev/install/robot_interfaces/include/robot_interfaces/robot_interfaces/srv/detail
-- Installing: /home/peter/dog/dog_dev/install/robot_interfaces/include/robot_interfaces/robot_interfaces/srv/detail/set_target_class__rosidl_typesupport_fastrtps_cpp.hpp
-- Installing: /home/peter/dog/dog_dev/install/robot_interfaces/include/robot_interfaces/robot_interfaces/srv/detail/calibrate_center__rosidl_typesupport_fastrtps_cpp.hpp
-- Installing: /home/peter/dog/dog_dev/install/robot_interfaces/include/robot_interfaces/robot_interfaces/srv/detail/dds_fastrtps
-- Up-to-date: /home/peter/dog/dog_dev/install/robot_interfaces/include/robot_interfaces/robot_interfaces/msg
-- Up-to-date: /home/peter/dog/dog_dev/install/robot_interfaces/include/robot_interfaces/robot_interfaces/msg/detail
-- Installing: /home/peter/dog/dog_dev/install/robot_interfaces/include/robot_interfaces/robot_interfaces/msg/detail/target_info__rosidl_typesupport_fastrtps_cpp.hpp
-- Installing: /home/peter/dog/dog_dev/install/robot_interfaces/include/robot_interfaces/robot_interfaces/msg/detail/dds_fastrtps
-- Installing: /home/peter/dog/dog_dev/install/robot_interfaces/include/robot_interfaces/robot_interfaces/msg/rosidl_typesupport_fastrtps_cpp__visibility_control.h
-- Installing: /home/peter/dog/dog_dev/install/robot_interfaces/lib/librobot_interfaces__rosidl_typesupport_fastrtps_cpp.so
-- Set non-toolchain portion of runtime path of "/home/peter/dog/dog_dev/install/robot_interfaces/lib/librobot_interfaces__rosidl_typesupport_fastrtps_cpp.so" to ""
-- Up-to-date: /home/peter/dog/dog_dev/install/robot_interfaces/include/robot_interfaces/robot_interfaces
-- Up-to-date: /home/peter/dog/dog_dev/install/robot_interfaces/include/robot_interfaces/robot_interfaces/srv
-- Up-to-date: /home/peter/dog/dog_dev/install/robot_interfaces/include/robot_interfaces/robot_interfaces/srv/detail
-- Installing: /home/peter/dog/dog_dev/install/robot_interfaces/include/robot_interfaces/robot_interfaces/srv/detail/calibrate_center__type_support.cpp
-- Installing: /home/peter/dog/dog_dev/install/robot_interfaces/include/robot_interfaces/robot_interfaces/srv/detail/calibrate_center__rosidl_typesupport_introspection_cpp.hpp
-- Installing: /home/peter/dog/dog_dev/install/robot_interfaces/include/robot_interfaces/robot_interfaces/srv/detail/set_target_class__rosidl_typesupport_introspection_cpp.hpp
-- Installing: /home/peter/dog/dog_dev/install/robot_interfaces/include/robot_interfaces/robot_interfaces/srv/detail/set_target_class__type_support.cpp
-- Up-to-date: /home/peter/dog/dog_dev/install/robot_interfaces/include/robot_interfaces/robot_interfaces/msg
-- Up-to-date: /home/peter/dog/dog_dev/install/robot_interfaces/include/robot_interfaces/robot_interfaces/msg/detail
-- Installing: /home/peter/dog/dog_dev/install/robot_interfaces/include/robot_interfaces/robot_interfaces/msg/detail/target_info__type_support.cpp
-- Installing: /home/peter/dog/dog_dev/install/robot_interfaces/include/robot_interfaces/robot_interfaces/msg/detail/target_info__rosidl_typesupport_introspection_cpp.hpp
-- Installing: /home/peter/dog/dog_dev/install/robot_interfaces/lib/librobot_interfaces__rosidl_typesupport_introspection_cpp.so
-- Set non-toolchain portion of runtime path of "/home/peter/dog/dog_dev/install/robot_interfaces/lib/librobot_interfaces__rosidl_typesupport_introspection_cpp.so" to ""
-- Installing: /home/peter/dog/dog_dev/install/robot_interfaces/lib/librobot_interfaces__rosidl_typesupport_cpp.so
-- Set non-toolchain portion of runtime path of "/home/peter/dog/dog_dev/install/robot_interfaces/lib/librobot_interfaces__rosidl_typesupport_cpp.so" to ""
-- Installing: /home/peter/dog/dog_dev/install/robot_interfaces/share/robot_interfaces/environment/pythonpath.sh
-- Installing: /home/peter/dog/dog_dev/install/robot_interfaces/share/robot_interfaces/environment/pythonpath.dsv
-- Installing: /home/peter/dog/dog_dev/install/robot_interfaces/lib/python3.12/site-packages/robot_interfaces-0.0.0-py3.12.egg-info
-- Installing: /home/peter/dog/dog_dev/install/robot_interfaces/lib/python3.12/site-packages/robot_interfaces-0.0.0-py3.12.egg-info/dependency_links.txt
-- Installing: /home/peter/dog/dog_dev/install/robot_interfaces/lib/python3.12/site-packages/robot_interfaces-0.0.0-py3.12.egg-info/PKG-INFO
-- Installing: /home/peter/dog/dog_dev/install/robot_interfaces/lib/python3.12/site-packages/robot_interfaces-0.0.0-py3.12.egg-info/SOURCES.txt
-- Installing: /home/peter/dog/dog_dev/install/robot_interfaces/lib/python3.12/site-packages/robot_interfaces-0.0.0-py3.12.egg-info/top_level.txt
-- Installing: /home/peter/dog/dog_dev/install/robot_interfaces/lib/python3.12/site-packages/robot_interfaces
-- Installing: /home/peter/dog/dog_dev/install/robot_interfaces/lib/python3.12/site-packages/robot_interfaces/robot_interfaces_s__rosidl_typesupport_introspection_c.so
-- Installing: /home/peter/dog/dog_dev/install/robot_interfaces/lib/python3.12/site-packages/robot_interfaces/_robot_interfaces_s.ep.rosidl_typesupport_c.c
-- Installing: /home/peter/dog/dog_dev/install/robot_interfaces/lib/python3.12/site-packages/robot_interfaces/robot_interfaces_s__rosidl_typesupport_fastrtps_c.so
-- Installing: /home/peter/dog/dog_dev/install/robot_interfaces/lib/python3.12/site-packages/robot_interfaces/srv
-- Installing: /home/peter/dog/dog_dev/install/robot_interfaces/lib/python3.12/site-packages/robot_interfaces/srv/_calibrate_center.py
-- Installing: /home/peter/dog/dog_dev/install/robot_interfaces/lib/python3.12/site-packages/robot_interfaces/srv/_set_target_class_s.c
-- Installing: /home/peter/dog/dog_dev/install/robot_interfaces/lib/python3.12/site-packages/robot_interfaces/srv/_set_target_class.py
-- Installing: /home/peter/dog/dog_dev/install/robot_interfaces/lib/python3.12/site-packages/robot_interfaces/srv/_calibrate_center_s.c
-- Installing: /home/peter/dog/dog_dev/install/robot_interfaces/lib/python3.12/site-packages/robot_interfaces/srv/__init__.py
-- Installing: /home/peter/dog/dog_dev/install/robot_interfaces/lib/python3.12/site-packages/robot_interfaces/__init__.py
-- Installing: /home/peter/dog/dog_dev/install/robot_interfaces/lib/python3.12/site-packages/robot_interfaces/_robot_interfaces_s.ep.rosidl_typesupport_introspection_c.c
-- Installing: /home/peter/dog/dog_dev/install/robot_interfaces/lib/python3.12/site-packages/robot_interfaces/robot_interfaces_s__rosidl_typesupport_c.so
-- Installing: /home/peter/dog/dog_dev/install/robot_interfaces/lib/python3.12/site-packages/robot_interfaces/_robot_interfaces_s.ep.rosidl_typesupport_fastrtps_c.c
-- Installing: /home/peter/dog/dog_dev/install/robot_interfaces/lib/python3.12/site-packages/robot_interfaces/msg
-- Installing: /home/peter/dog/dog_dev/install/robot_interfaces/lib/python3.12/site-packages/robot_interfaces/msg/_target_info_s.c
-- Installing: /home/peter/dog/dog_dev/install/robot_interfaces/lib/python3.12/site-packages/robot_interfaces/msg/_target_info.py
-- Installing: /home/peter/dog/dog_dev/install/robot_interfaces/lib/python3.12/site-packages/robot_interfaces/msg/__init__.py
Listing '/home/peter/dog/dog_dev/install/robot_interfaces/lib/python3.12/site-packages/robot_interfaces'...
Compiling '/home/peter/dog/dog_dev/install/robot_interfaces/lib/python3.12/site-packages/robot_interfaces/__init__.py'...
Listing '/home/peter/dog/dog_dev/install/robot_interfaces/lib/python3.12/site-packages/robot_interfaces/msg'...
Compiling '/home/peter/dog/dog_dev/install/robot_interfaces/lib/python3.12/site-packages/robot_interfaces/msg/__init__.py'...
Compiling '/home/peter/dog/dog_dev/install/robot_interfaces/lib/python3.12/site-packages/robot_interfaces/msg/_target_info.py'...
Listing '/home/peter/dog/dog_dev/install/robot_interfaces/lib/python3.12/site-packages/robot_interfaces/srv'...
Compiling '/home/peter/dog/dog_dev/install/robot_interfaces/lib/python3.12/site-packages/robot_interfaces/srv/__init__.py'...
Compiling '/home/peter/dog/dog_dev/install/robot_interfaces/lib/python3.12/site-packages/robot_interfaces/srv/_calibrate_center.py'...
Compiling '/home/peter/dog/dog_dev/install/robot_interfaces/lib/python3.12/site-packages/robot_interfaces/srv/_set_target_class.py'...
-- Installing: /home/peter/dog/dog_dev/install/robot_interfaces/lib/python3.12/site-packages/robot_interfaces/robot_interfaces_s__rosidl_typesupport_fastrtps_c.so
-- Set non-toolchain portion of runtime path of "/home/peter/dog/dog_dev/install/robot_interfaces/lib/python3.12/site-packages/robot_interfaces/robot_interfaces_s__rosidl_typesupport_fastrtps_c.so" to ""
-- Installing: /home/peter/dog/dog_dev/install/robot_interfaces/lib/python3.12/site-packages/robot_interfaces/robot_interfaces_s__rosidl_typesupport_introspection_c.so
-- Set non-toolchain portion of runtime path of "/home/peter/dog/dog_dev/install/robot_interfaces/lib/python3.12/site-packages/robot_interfaces/robot_interfaces_s__rosidl_typesupport_introspection_c.so" to ""
-- Installing: /home/peter/dog/dog_dev/install/robot_interfaces/lib/python3.12/site-packages/robot_interfaces/robot_interfaces_s__rosidl_typesupport_c.so
-- Set non-toolchain portion of runtime path of "/home/peter/dog/dog_dev/install/robot_interfaces/lib/python3.12/site-packages/robot_interfaces/robot_interfaces_s__rosidl_typesupport_c.so" to ""
-- Installing: /home/peter/dog/dog_dev/install/robot_interfaces/lib/librobot_interfaces__rosidl_generator_py.so
-- Set non-toolchain portion of runtime path of "/home/peter/dog/dog_dev/install/robot_interfaces/lib/librobot_interfaces__rosidl_generator_py.so" to ""
-- Installing: /home/peter/dog/dog_dev/install/robot_interfaces/share/ament_index/resource_index/rust_packages/robot_interfaces
-- Installing: /home/peter/dog/dog_dev/install/robot_interfaces/share/robot_interfaces/rust
-- Installing: /home/peter/dog/dog_dev/install/robot_interfaces/share/robot_interfaces/rust/Cargo.toml
-- Installing: /home/peter/dog/dog_dev/install/robot_interfaces/share/robot_interfaces/rust/build.rs
-- Installing: /home/peter/dog/dog_dev/install/robot_interfaces/share/robot_interfaces/rust/src
-- Installing: /home/peter/dog/dog_dev/install/robot_interfaces/share/robot_interfaces/rust/src/lib.rs
-- Installing: /home/peter/dog/dog_dev/install/robot_interfaces/share/robot_interfaces/rust/src/srv.rs
-- Installing: /home/peter/dog/dog_dev/install/robot_interfaces/share/robot_interfaces/rust/src/msg.rs
-- Installing: /home/peter/dog/dog_dev/install/robot_interfaces/share/robot_interfaces/rust/src/srv
-- Installing: /home/peter/dog/dog_dev/install/robot_interfaces/share/robot_interfaces/rust/src/srv/rmw.rs
-- Installing: /home/peter/dog/dog_dev/install/robot_interfaces/share/robot_interfaces/rust/src/msg
-- Installing: /home/peter/dog/dog_dev/install/robot_interfaces/share/robot_interfaces/rust/src/msg/rmw.rs
-- Installing: /home/peter/dog/dog_dev/install/robot_interfaces/share/robot_interfaces/msg/TargetInfo.idl
-- Installing: /home/peter/dog/dog_dev/install/robot_interfaces/share/robot_interfaces/srv/SetTargetClass.idl
-- Installing: /home/peter/dog/dog_dev/install/robot_interfaces/share/robot_interfaces/srv/CalibrateCenter.idl
-- Installing: /home/peter/dog/dog_dev/install/robot_interfaces/share/robot_interfaces/msg/TargetInfo.msg
-- Installing: /home/peter/dog/dog_dev/install/robot_interfaces/share/robot_interfaces/srv/SetTargetClass.srv
-- Installing: /home/peter/dog/dog_dev/install/robot_interfaces/share/robot_interfaces/srv/CalibrateCenter.srv
-- Installing: /home/peter/dog/dog_dev/install/robot_interfaces/share/ament_index/resource_index/package_run_dependencies/robot_interfaces
-- Installing: /home/peter/dog/dog_dev/install/robot_interfaces/share/ament_index/resource_index/parent_prefix_path/robot_interfaces
-- Installing: /home/peter/dog/dog_dev/install/robot_interfaces/share/robot_interfaces/environment/ament_prefix_path.sh
-- Installing: /home/peter/dog/dog_dev/install/robot_interfaces/share/robot_interfaces/environment/ament_prefix_path.dsv
-- Installing: /home/peter/dog/dog_dev/install/robot_interfaces/share/robot_interfaces/environment/path.sh
-- Installing: /home/peter/dog/dog_dev/install/robot_interfaces/share/robot_interfaces/environment/path.dsv
-- Installing: /home/peter/dog/dog_dev/install/robot_interfaces/share/robot_interfaces/local_setup.bash
-- Installing: /home/peter/dog/dog_dev/install/robot_interfaces/share/robot_interfaces/local_setup.sh
-- Installing: /home/peter/dog/dog_dev/install/robot_interfaces/share/robot_interfaces/local_setup.zsh
-- Installing: /home/peter/dog/dog_dev/install/robot_interfaces/share/robot_interfaces/local_setup.dsv
-- Installing: /home/peter/dog/dog_dev/install/robot_interfaces/share/robot_interfaces/package.dsv
-- Installing: /home/peter/dog/dog_dev/install/robot_interfaces/share/ament_index/resource_index/packages/robot_interfaces
-- Installing: /home/peter/dog/dog_dev/install/robot_interfaces/share/robot_interfaces/cmake/export_robot_interfaces__rosidl_generator_cExport.cmake
-- Installing: /home/peter/dog/dog_dev/install/robot_interfaces/share/robot_interfaces/cmake/export_robot_interfaces__rosidl_generator_cExport-noconfig.cmake
-- Installing: /home/peter/dog/dog_dev/install/robot_interfaces/share/robot_interfaces/cmake/export_robot_interfaces__rosidl_typesupport_fastrtps_cExport.cmake
-- Installing: /home/peter/dog/dog_dev/install/robot_interfaces/share/robot_interfaces/cmake/export_robot_interfaces__rosidl_typesupport_fastrtps_cExport-noconfig.cmake
-- Installing: /home/peter/dog/dog_dev/install/robot_interfaces/share/robot_interfaces/cmake/robot_interfaces__rosidl_typesupport_introspection_cExport.cmake
-- Installing: /home/peter/dog/dog_dev/install/robot_interfaces/share/robot_interfaces/cmake/robot_interfaces__rosidl_typesupport_introspection_cExport-noconfig.cmake
-- Installing: /home/peter/dog/dog_dev/install/robot_interfaces/share/robot_interfaces/cmake/robot_interfaces__rosidl_typesupport_cExport.cmake
-- Installing: /home/peter/dog/dog_dev/install/robot_interfaces/share/robot_interfaces/cmake/robot_interfaces__rosidl_typesupport_cExport-noconfig.cmake
-- Installing: /home/peter/dog/dog_dev/install/robot_interfaces/share/robot_interfaces/cmake/export_robot_interfaces__rosidl_generator_cppExport.cmake
-- Installing: /home/peter/dog/dog_dev/install/robot_interfaces/share/robot_interfaces/cmake/export_robot_interfaces__rosidl_typesupport_fastrtps_cppExport.cmake
-- Installing: /home/peter/dog/dog_dev/install/robot_interfaces/share/robot_interfaces/cmake/export_robot_interfaces__rosidl_typesupport_fastrtps_cppExport-noconfig.cmake
-- Installing: /home/peter/dog/dog_dev/install/robot_interfaces/share/robot_interfaces/cmake/robot_interfaces__rosidl_typesupport_introspection_cppExport.cmake
-- Installing: /home/peter/dog/dog_dev/install/robot_interfaces/share/robot_interfaces/cmake/robot_interfaces__rosidl_typesupport_introspection_cppExport-noconfig.cmake
-- Installing: /home/peter/dog/dog_dev/install/robot_interfaces/share/robot_interfaces/cmake/robot_interfaces__rosidl_typesupport_cppExport.cmake
-- Installing: /home/peter/dog/dog_dev/install/robot_interfaces/share/robot_interfaces/cmake/robot_interfaces__rosidl_typesupport_cppExport-noconfig.cmake
-- Installing: /home/peter/dog/dog_dev/install/robot_interfaces/share/robot_interfaces/cmake/export_robot_interfaces__rosidl_generator_pyExport.cmake
-- Installing: /home/peter/dog/dog_dev/install/robot_interfaces/share/robot_interfaces/cmake/export_robot_interfaces__rosidl_generator_pyExport-noconfig.cmake
-- Installing: /home/peter/dog/dog_dev/install/robot_interfaces/share/robot_interfaces/cmake/rosidl_cmake-extras.cmake
-- Installing: /home/peter/dog/dog_dev/install/robot_interfaces/share/robot_interfaces/cmake/ament_cmake_export_dependencies-extras.cmake
-- Installing: /home/peter/dog/dog_dev/install/robot_interfaces/share/robot_interfaces/cmake/ament_cmake_export_include_directories-extras.cmake
-- Installing: /home/peter/dog/dog_dev/install/robot_interfaces/share/robot_interfaces/cmake/ament_cmake_export_libraries-extras.cmake
-- Installing: /home/peter/dog/dog_dev/install/robot_interfaces/share/robot_interfaces/cmake/ament_cmake_export_targets-extras.cmake
-- Installing: /home/peter/dog/dog_dev/install/robot_interfaces/share/robot_interfaces/cmake/rosidl_cmake_export_typesupport_targets-extras.cmake
-- Installing: /home/peter/dog/dog_dev/install/robot_interfaces/share/robot_interfaces/cmake/rosidl_cmake_export_typesupport_libraries-extras.cmake
-- Installing: /home/peter/dog/dog_dev/install/robot_interfaces/share/robot_interfaces/cmake/robot_interfacesConfig.cmake
-- Installing: /home/peter/dog/dog_dev/install/robot_interfaces/share/robot_interfaces/cmake/robot_interfacesConfig-version.cmake
-- Installing: /home/peter/dog/dog_dev/install/robot_interfaces/share/robot_interfaces/package.xml
