[0.015s] Invoking command in '/home/peter/dog/dog_dev/build/stereo_splitter': CMAKE_PREFIX_PATH=${CMAKE_PREFIX_PATH}:/opt/ros/jazzy DEBUGINFOD_URLS=https://debuginfod.ubuntu.com /usr/bin/cmake --build /home/peter/dog/dog_dev/build/stereo_splitter -- -j16 -l16
[0.040s] CMake Error: The current CMakeCache.txt directory /home/peter/dog/dog_dev/build/stereo_splitter/CMakeCache.txt is different than the directory /mnt/c/Users/Pt/Desktop/dog/agent_dev/build/stereo_splitter where CMakeCache.txt was created. This may result in binaries being created in the wrong place. If you are not sure, reedit the CMakeCache.txt
[0.291s] -- Found ament_cmake: 2.5.6 (/opt/ros/jazzy/share/ament_cmake/cmake)
[0.674s] -- Found rclcpp: 28.1.18 (/opt/ros/jazzy/share/rclcpp/cmake)
[1.207s] -- Found rosidl_generator_c: 4.6.7 (/opt/ros/jazzy/share/rosidl_generator_c/cmake)
[1.285s] -- Found rosidl_generator_cpp: 4.6.7 (/opt/ros/jazzy/share/rosidl_generator_cpp/cmake)
[1.374s] -- Using all available rosidl_typesupport_c: rosidl_typesupport_fastrtps_c;rosidl_typesupport_introspection_c
[1.459s] -- Using all available rosidl_typesupport_cpp: rosidl_typesupport_fastrtps_cpp;rosidl_typesupport_introspection_cpp
[1.710s] -- Found rmw_implementation_cmake: 7.3.3 (/opt/ros/jazzy/share/rmw_implementation_cmake/cmake)
[1.736s] -- Found rmw_fastrtps_cpp: 8.4.3 (/opt/ros/jazzy/share/rmw_fastrtps_cpp/cmake)
[2.383s] -- Using RMW implementation 'rmw_fastrtps_cpp' as default
[2.854s] -- Found sensor_msgs: 5.3.7 (/opt/ros/jazzy/share/sensor_msgs/cmake)
[2.984s] -- Found cv_bridge: 4.1.0 (/opt/ros/jazzy/share/cv_bridge/cmake)
[3.017s] -- Found ament_lint_auto: 0.17.5 (/opt/ros/jazzy/share/ament_lint_auto/cmake)
[4.022s] -- Added test 'cppcheck' to perform static code analysis on C / C++ code
[4.023s] -- Configured cppcheck include dirs: /mnt/c/Users/Pt/Desktop/dog/agent_dev/ros2_ws/src/stereo_splitter/include
[4.023s] -- Configured cppcheck exclude dirs and/or files: 
[4.138s] -- Added test 'lint_cmake' to check CMake code style
[4.610s] -- Added test 'uncrustify' to check C / C++ code style
[4.610s] -- Configured uncrustify additional arguments: 
[4.679s] -- Added test 'xmllint' to check XML markup files
[4.858s] -- Configuring done (4.7s)
[5.620s] -- Generating done (0.6s)
[6.164s] -- Build files have been written to: /mnt/c/Users/Pt/Desktop/dog/agent_dev/build/stereo_splitter
[6.828s] [100%] Built target stereo_splitter_node
