[0.007s] Invoking command in '/home/peter/dog/dog_dev/build/detection_node': CMAKE_PREFIX_PATH=${CMAKE_PREFIX_PATH}:/opt/ros/jazzy DEBUGINFOD_URLS=https://debuginfod.ubuntu.com /usr/bin/cmake --build /home/peter/dog/dog_dev/build/detection_node -- -j16 -l16
[0.026s] -- Found ament_cmake: 2.5.6 (/opt/ros/jazzy/share/ament_cmake/cmake)
[0.173s] -- Found rclcpp: 28.1.18 (/opt/ros/jazzy/share/rclcpp/cmake)
[0.765s] -- Found rosidl_generator_c: 4.6.7 (/opt/ros/jazzy/share/rosidl_generator_c/cmake)
[0.770s] -- Found rosidl_generator_cpp: 4.6.7 (/opt/ros/jazzy/share/rosidl_generator_cpp/cmake)
[0.777s] -- Using all available rosidl_typesupport_c: rosidl_typesupport_fastrtps_c;rosidl_typesupport_introspection_c
[0.785s] -- Using all available rosidl_typesupport_cpp: rosidl_typesupport_fastrtps_cpp;rosidl_typesupport_introspection_cpp
[0.827s] -- Found rmw_implementation_cmake: 7.3.3 (/opt/ros/jazzy/share/rmw_implementation_cmake/cmake)
[0.828s] -- Found rmw_fastrtps_cpp: 8.4.3 (/opt/ros/jazzy/share/rmw_fastrtps_cpp/cmake)
[1.543s] -- Using RMW implementation 'rmw_fastrtps_cpp' as default
[2.116s] -- Found sensor_msgs: 5.3.7 (/opt/ros/jazzy/share/sensor_msgs/cmake)
[2.158s] -- Found ament_lint_auto: 0.17.5 (/opt/ros/jazzy/share/ament_lint_auto/cmake)
[2.221s] -- Added test 'cppcheck' to perform static code analysis on C / C++ code
[2.222s] -- Configured cppcheck include dirs: $<BUILD_INTERFACE:/home/peter/dog/dog_dev/ros2_ws/src/detection_node/include>
[2.222s] -- Configured cppcheck exclude dirs and/or files: 
[2.222s] -- Added test 'flake8' to check Python code syntax and style conventions
[2.222s] -- Configured 'flake8' exclude dirs and/or files: 
[2.222s] -- Added test 'lint_cmake' to check CMake code style
[2.222s] -- Added test 'pep257' to check Python code against some of the docstring style conventions in PEP 257
[2.223s] -- Added test 'uncrustify' to check C / C++ code style
[2.223s] -- Configured uncrustify additional arguments: 
[2.223s] -- Added test 'xmllint' to check XML markup files
[2.223s] -- Configuring done (2.2s)
[2.238s] -- Generating done (0.0s)
[2.242s] -- Build files have been written to: /home/peter/dog/dog_dev/build/detection_node
[2.271s] [ 33%] Built target yolo_infer
[2.284s] [ 50%] Building CXX object CMakeFiles/detection_node_exe.dir/src/detection_node.cpp.o
[2.287s] [ 83%] Built target test_yolo_infer
[7.732s] [100%] Linking CXX executable detection_node_exe
[8.281s] [100%] Built target detection_node_exe
[8.289s] Invoked command in '/home/peter/dog/dog_dev/build/detection_node' returned '0': CMAKE_PREFIX_PATH=${CMAKE_PREFIX_PATH}:/opt/ros/jazzy DEBUGINFOD_URLS=https://debuginfod.ubuntu.com /usr/bin/cmake --build /home/peter/dog/dog_dev/build/detection_node -- -j16 -l16
[8.295s] Invoking command in '/home/peter/dog/dog_dev/build/detection_node': CMAKE_PREFIX_PATH=${CMAKE_PREFIX_PATH}:/opt/ros/jazzy DEBUGINFOD_URLS=https://debuginfod.ubuntu.com /usr/bin/cmake --install /home/peter/dog/dog_dev/build/detection_node
[8.300s] -- Install configuration: ""
[8.301s] -- Installing: /home/peter/dog/dog_dev/install/detection_node/lib/detection_node/detection_node_exe
[8.303s] -- Set non-toolchain portion of runtime path of "/home/peter/dog/dog_dev/install/detection_node/lib/detection_node/detection_node_exe" to ""
[8.304s] -- Installing: /home/peter/dog/dog_dev/install/detection_node/share/ament_index/resource_index/package_run_dependencies/detection_node
[8.304s] -- Up-to-date: /home/peter/dog/dog_dev/install/detection_node/share/ament_index/resource_index/parent_prefix_path/detection_node
[8.304s] -- Up-to-date: /home/peter/dog/dog_dev/install/detection_node/share/detection_node/environment/ament_prefix_path.sh
[8.304s] -- Up-to-date: /home/peter/dog/dog_dev/install/detection_node/share/detection_node/environment/ament_prefix_path.dsv
[8.304s] -- Up-to-date: /home/peter/dog/dog_dev/install/detection_node/share/detection_node/environment/path.sh
[8.304s] -- Up-to-date: /home/peter/dog/dog_dev/install/detection_node/share/detection_node/environment/path.dsv
[8.304s] -- Up-to-date: /home/peter/dog/dog_dev/install/detection_node/share/detection_node/local_setup.bash
[8.304s] -- Up-to-date: /home/peter/dog/dog_dev/install/detection_node/share/detection_node/local_setup.sh
[8.304s] -- Up-to-date: /home/peter/dog/dog_dev/install/detection_node/share/detection_node/local_setup.zsh
[8.304s] -- Up-to-date: /home/peter/dog/dog_dev/install/detection_node/share/detection_node/local_setup.dsv
[8.304s] -- Installing: /home/peter/dog/dog_dev/install/detection_node/share/detection_node/package.dsv
[8.304s] -- Up-to-date: /home/peter/dog/dog_dev/install/detection_node/share/ament_index/resource_index/packages/detection_node
[8.305s] -- Up-to-date: /home/peter/dog/dog_dev/install/detection_node/share/detection_node/cmake/detection_nodeConfig.cmake
[8.305s] -- Up-to-date: /home/peter/dog/dog_dev/install/detection_node/share/detection_node/cmake/detection_nodeConfig-version.cmake
[8.305s] -- Installing: /home/peter/dog/dog_dev/install/detection_node/share/detection_node/package.xml
[8.305s] -- Up-to-date: /home/peter/dog/dog_dev/install/detection_node/lib/detection_node/test_yolo_infer
[8.305s] -- Installing: /home/peter/dog/dog_dev/install/detection_node/share/detection_node/config
[8.305s] -- Installing: /home/peter/dog/dog_dev/install/detection_node/share/detection_node/config/detection.yaml
[8.305s] -- Installing: /home/peter/dog/dog_dev/install/detection_node/share/detection_node/launch
[8.305s] -- Installing: /home/peter/dog/dog_dev/install/detection_node/share/detection_node/launch/detection.launch.py
[8.306s] Invoked command in '/home/peter/dog/dog_dev/build/detection_node' returned '0': CMAKE_PREFIX_PATH=${CMAKE_PREFIX_PATH}:/opt/ros/jazzy DEBUGINFOD_URLS=https://debuginfod.ubuntu.com /usr/bin/cmake --install /home/peter/dog/dog_dev/build/detection_node
