-- Found ament_cmake: 2.5.6 (/opt/ros/jazzy/share/ament_cmake/cmake)
-- Found rclcpp: 28.1.18 (/opt/ros/jazzy/share/rclcpp/cmake)
-- Found rosidl_generator_c: 4.6.7 (/opt/ros/jazzy/share/rosidl_generator_c/cmake)
-- Found rosidl_generator_cpp: 4.6.7 (/opt/ros/jazzy/share/rosidl_generator_cpp/cmake)
-- Using all available rosidl_typesupport_c: rosidl_typesupport_fastrtps_c;rosidl_typesupport_introspection_c
-- Using all available rosidl_typesupport_cpp: rosidl_typesupport_fastrtps_cpp;rosidl_typesupport_introspection_cpp
-- Found rmw_implementation_cmake: 7.3.3 (/opt/ros/jazzy/share/rmw_implementation_cmake/cmake)
-- Found rmw_fastrtps_cpp: 8.4.3 (/opt/ros/jazzy/share/rmw_fastrtps_cpp/cmake)
-- Using RMW implementation 'rmw_fastrtps_cpp' as default
-- Found sensor_msgs: 5.3.7 (/opt/ros/jazzy/share/sensor_msgs/cmake)
-- Found cv_bridge: 4.1.0 (/opt/ros/jazzy/share/cv_bridge/cmake)
-- Found message_filters: 4.11.12 (/opt/ros/jazzy/share/message_filters/cmake)
-- Found robot_interfaces: 0.0.0 (/home/peter/dog/dog_dev/ros2_ws/install/robot_interfaces/share/robot_interfaces/cmake)
-- Found ament_lint_auto: 0.17.5 (/opt/ros/jazzy/share/ament_lint_auto/cmake)
-- Added test 'cppcheck' to perform static code analysis on C / C++ code
-- Configured cppcheck include dirs: $<BUILD_INTERFACE:/home/peter/dog/dog_dev/ros2_ws/src/detection_node/include>
-- Configured cppcheck exclude dirs and/or files: 
-- Added test 'flake8' to check Python code syntax and style conventions
-- Configured 'flake8' exclude dirs and/or files: 
-- Added test 'lint_cmake' to check CMake code style
-- Added test 'pep257' to check Python code against some of the docstring style conventions in PEP 257
-- Added test 'uncrustify' to check C / C++ code style
-- Configured uncrustify additional arguments: 
-- Added test 'xmllint' to check XML markup files
-- Configuring done (1.9s)
-- Generating done (0.0s)
-- Build files have been written to: /home/peter/dog/dog_dev/build/detection_node
[ 22%] Built target yolo_infer
[ 44%] Building CXX object CMakeFiles/detection_viz_node_exe.dir/src/detection_viz_node.cpp.o
[ 44%] Building CXX object CMakeFiles/detection_viz_node_exe.dir/src/detection_viz_main.cpp.o
[ 66%] Built target test_yolo_infer
[ 88%] Built target detection_node_exe
In file included from /home/peter/dog/dog_dev/ros2_ws/src/detection_node/src/detection_viz_main.cpp:2:
/home/peter/dog/dog_dev/ros2_ws/src/detection_node/include/detection_node/detection_viz_node.hpp:5:10: fatal error: robot_interfaces/msg/simple_detection2_d_array.hpp: No such file or directory
    5 | #include "robot_interfaces/msg/simple_detection2_d_array.hpp"
      |          ^~~~~~~~~~~~~~~~~~~~~~~~~~~~~~~~~~~~~~~~~~~~~~~~~~~~
compilation terminated.
In file included from /home/peter/dog/dog_dev/ros2_ws/src/detection_node/src/detection_viz_node.cpp:1:
/home/peter/dog/dog_dev/ros2_ws/src/detection_node/include/detection_node/detection_viz_node.hpp:5:10: fatal error: robot_interfaces/msg/simple_detection2_d_array.hpp: No such file or directory
    5 | #include "robot_interfaces/msg/simple_detection2_d_array.hpp"
      |          ^~~~~~~~~~~~~~~~~~~~~~~~~~~~~~~~~~~~~~~~~~~~~~~~~~~~
compilation terminated.
gmake[2]: *** [CMakeFiles/detection_viz_node_exe.dir/build.make:90: CMakeFiles/detection_viz_node_exe.dir/src/detection_viz_main.cpp.o] Error 1
gmake[2]: *** Waiting for unfinished jobs....
gmake[2]: *** [CMakeFiles/detection_viz_node_exe.dir/build.make:76: CMakeFiles/detection_viz_node_exe.dir/src/detection_viz_node.cpp.o] Error 1
gmake[1]: *** [CMakeFiles/Makefile2:221: CMakeFiles/detection_viz_node_exe.dir/all] Error 2
gmake: *** [Makefile:146: all] Error 2
