[  1%] Built target robot_interfaces__rosidl_generator_type_description
[  2%] Built target robot_interfaces__rs
[  2%] Built target ament_cmake_python_copy_robot_interfaces
[  4%] Built target robot_interfaces__cpp
[ 26%] Built target robot_interfaces__rosidl_generator_c
[ 36%] Built target robot_interfaces__rosidl_typesupport_introspection_cpp
[ 54%] Built target robot_interfaces__rosidl_typesupport_fastrtps_c
[ 50%] Built target robot_interfaces__rosidl_typesupport_fastrtps_cpp
[ 76%] Built target robot_interfaces__rosidl_typesupport_cpp
[ 74%] Built target robot_interfaces__rosidl_typesupport_introspection_c
[ 82%] Built target robot_interfaces__rosidl_typesupport_c
[ 82%] Built target robot_interfaces
[ 84%] Built target robot_interfaces__py
[ 92%] Built target robot_interfaces__rosidl_generator_py
[ 94%] Built target robot_interfaces_s__rosidl_typesupport_introspection_c
[ 97%] Built target robot_interfaces_s__rosidl_typesupport_fastrtps_c
[100%] Built target robot_interfaces_s__rosidl_typesupport_c
running egg_info
writing robot_interfaces.egg-info/PKG-INFO
writing dependency_links to robot_interfaces.egg-info/dependency_links.txt
writing top-level names to robot_interfaces.egg-info/top_level.txt
reading manifest file 'robot_interfaces.egg-info/SOURCES.txt'
writing manifest file 'robot_interfaces.egg-info/SOURCES.txt'
[100%] Built target ament_cmake_python_build_robot_interfaces_egg
