[0.016s] Invoking command in '/home/peter/dog/dog_dev/build/robot_interfaces': CMAKE_PREFIX_PATH=${CMAKE_PREFIX_PATH}:/opt/ros/jazzy DEBUGINFOD_URLS=https://debuginfod.ubuntu.com /usr/bin/cmake --build /home/peter/dog/dog_dev/build/robot_interfaces -- -j16 -l16
[0.056s] [  1%] Built target robot_interfaces__rosidl_generator_type_description
[0.062s] [  2%] Built target robot_interfaces__rs
[0.070s] [  2%] Built target ament_cmake_python_copy_robot_interfaces
[0.077s] [  4%] Built target robot_interfaces__cpp
[0.084s] [ 26%] Built target robot_interfaces__rosidl_generator_c
[0.114s] [ 36%] Built target robot_interfaces__rosidl_typesupport_introspection_cpp
[0.115s] [ 54%] Built target robot_interfaces__rosidl_typesupport_fastrtps_c
[0.115s] [ 50%] Built target robot_interfaces__rosidl_typesupport_fastrtps_cpp
[0.115s] [ 76%] Built target robot_interfaces__rosidl_typesupport_cpp
[0.115s] [ 74%] Built target robot_interfaces__rosidl_typesupport_introspection_c
[0.115s] [ 82%] Built target robot_interfaces__rosidl_typesupport_c
[0.153s] [ 82%] Built target robot_interfaces
[0.155s] [ 84%] Built target robot_interfaces__py
[0.175s] [ 92%] Built target robot_interfaces__rosidl_generator_py
[0.195s] [ 94%] Built target robot_interfaces_s__rosidl_typesupport_introspection_c
[0.196s] [ 97%] Built target robot_interfaces_s__rosidl_typesupport_fastrtps_c
[0.197s] [100%] Built target robot_interfaces_s__rosidl_typesupport_c
[0.246s] running egg_info
[0.260s] writing robot_interfaces.egg-info/PKG-INFO
[0.260s] writing dependency_links to robot_interfaces.egg-info/dependency_links.txt
[0.260s] writing top-level names to robot_interfaces.egg-info/top_level.txt
[0.297s] reading manifest file 'robot_interfaces.egg-info/SOURCES.txt'
[0.297s] writing manifest file 'robot_interfaces.egg-info/SOURCES.txt'
[0.318s] [100%] Built target ament_cmake_python_build_robot_interfaces_egg
