[0.006s] Invoking command in '/home/peter/dog/dog_dev/build/detection_node': CMAKE_PREFIX_PATH=${CMAKE_PREFIX_PATH}:/opt/ros/jazzy DEBUGINFOD_URLS=https://debuginfod.ubuntu.com /usr/bin/cmake --build /home/peter/dog/dog_dev/build/detection_node -- -j16 -l16
[0.024s] -- Found ament_cmake: 2.5.6 (/opt/ros/jazzy/share/ament_cmake/cmake)
[0.162s] -- Found rclcpp: 28.1.18 (/opt/ros/jazzy/share/rclcpp/cmake)
[1.105s] -- Found rosidl_generator_c: 4.6.7 (/opt/ros/jazzy/share/rosidl_generator_c/cmake)
[1.110s] -- Found rosidl_generator_cpp: 4.6.7 (/opt/ros/jazzy/share/rosidl_generator_cpp/cmake)
[1.118s] -- Using all available rosidl_typesupport_c: rosidl_typesupport_fastrtps_c;rosidl_typesupport_introspection_c
[1.126s] -- Using all available rosidl_typesupport_cpp: rosidl_typesupport_fastrtps_cpp;rosidl_typesupport_introspection_cpp
[1.166s] -- Found rmw_implementation_cmake: 7.3.3 (/opt/ros/jazzy/share/rmw_implementation_cmake/cmake)
[1.167s] -- Found rmw_fastrtps_cpp: 8.4.3 (/opt/ros/jazzy/share/rmw_fastrtps_cpp/cmake)
[1.989s] -- Using RMW implementation 'rmw_fastrtps_cpp' as default
[2.680s] -- Found sensor_msgs: 5.3.7 (/opt/ros/jazzy/share/sensor_msgs/cmake)
[2.721s] -- Found cv_bridge: 4.1.0 (/opt/ros/jazzy/share/cv_bridge/cmake)
[2.726s] -- Found message_filters: 4.11.12 (/opt/ros/jazzy/share/message_filters/cmake)
[6.824s] CMake Error at CMakeLists.txt:15 (find_package):
[6.824s]   By not providing "Findrobot_interfaces.cmake" in CMAKE_MODULE_PATH this
[6.824s]   project has asked CMake to find a package configuration file provided by
[6.824s]   "robot_interfaces", but CMake did not find one.
[6.824s] 
[6.824s]   Could not find a package configuration file provided by "robot_interfaces"
[6.824s]   with any of the following names:
[6.824s] 
[6.825s]     robot_interfacesConfig.cmake
[6.825s]     robot_interfaces-config.cmake
[6.825s] 
[6.825s]   Add the installation prefix of "robot_interfaces" to CMAKE_PREFIX_PATH or
[6.825s]   set "robot_interfaces_DIR" to a directory containing one of the above
[6.825s]   files.  If "robot_interfaces" provides a separate development package or
[6.825s]   SDK, be sure it has been installed.
[6.825s] 
[6.825s] 
[6.825s] -- Configuring incomplete, errors occurred!
[6.830s] gmake: *** [Makefile:390: cmake_check_build_system] Error 1
[6.832s] Invoked command in '/home/peter/dog/dog_dev/build/detection_node' returned '2': CMAKE_PREFIX_PATH=${CMAKE_PREFIX_PATH}:/opt/ros/jazzy DEBUGINFOD_URLS=https://debuginfod.ubuntu.com /usr/bin/cmake --build /home/peter/dog/dog_dev/build/detection_node -- -j16 -l16
