-- Found ament_cmake: 2.5.6 (/opt/ros/jazzy/share/ament_cmake/cmake)
-- Found rclcpp: 28.1.18 (/opt/ros/jazzy/share/rclcpp/cmake)
-- Found rosidl_generator_c: 4.6.7 (/opt/ros/jazzy/share/rosidl_generator_c/cmake)
-- Found rosidl_generator_cpp: 4.6.7 (/opt/ros/jazzy/share/rosidl_generator_cpp/cmake)
-- Using all available rosidl_typesupport_c: rosidl_typesupport_fastrtps_c;rosidl_typesupport_introspection_c
-- Using all available rosidl_typesupport_cpp: rosidl_typesupport_fastrtps_cpp;rosidl_typesupport_introspection_cpp
-- Found rmw_implementation_cmake: 7.3.3 (/opt/ros/jazzy/share/rmw_implementation_cmake/cmake)
-- Found rmw_fastrtps_cpp: 8.4.3 (/opt/ros/jazzy/share/rmw_fastrtps_cpp/cmake)
-- Using RMW implementation 'rmw_fastrtps_cpp' as default
-- Found sensor_msgs: 5.3.7 (/opt/ros/jazzy/share/sensor_msgs/cmake)
-- Found ament_lint_auto: 0.17.5 (/opt/ros/jazzy/share/ament_lint_auto/cmake)
-- Added test 'cppcheck' to perform static code analysis on C / C++ code
-- Configured cppcheck include dirs: /mnt/c/Users/Pt/Desktop/dog/agent_dev/ros2_ws/src/uart_bridge/include
-- Configured cppcheck exclude dirs and/or files: 
-- Added test 'flake8' to check Python code syntax and style conventions
-- Configured 'flake8' exclude dirs and/or files: 
-- Added test 'lint_cmake' to check CMake code style
-- Added test 'pep257' to check Python code against some of the docstring style conventions in PEP 257
-- Added test 'uncrustify' to check C / C++ code style
-- Configured uncrustify additional arguments: 
-- Added test 'xmllint' to check XML markup files
-- Configuring done (6.4s)
-- Generating done (0.3s)
-- Build files have been written to: /mnt/c/Users/Pt/Desktop/dog/agent_dev/ros2_ws/build/uart_bridge
[ 25%] Building CXX object CMakeFiles/uart_bridge_node.dir/src/uart_bridge_node.cpp.o
[ 50%] Building CXX object CMakeFiles/uart_bridge_node.dir/src/frame_parser.cpp.o
[ 75%] Building C object CMakeFiles/uart_bridge_node.dir/src/uart_protocol.c.o
/mnt/c/Users/Pt/Desktop/dog/agent_dev/ros2_ws/src/uart_bridge/src/frame_parser.cpp:1:10: fatal error: frame_parser.hpp: No such file or directory
    1 | #include "frame_parser.hpp"
      |          ^~~~~~~~~~~~~~~~~~
compilation terminated.
gmake[2]: *** [CMakeFiles/uart_bridge_node.dir/build.make:90: CMakeFiles/uart_bridge_node.dir/src/frame_parser.cpp.o] Error 1
gmake[2]: *** Waiting for unfinished jobs....
/mnt/c/Users/Pt/Desktop/dog/agent_dev/ros2_ws/src/uart_bridge/src/uart_protocol.c:1:10: fatal error: uart_protocol.h: No such file or directory
    1 | #include "uart_protocol.h"
      |          ^~~~~~~~~~~~~~~~~
compilation terminated.
gmake[2]: *** [CMakeFiles/uart_bridge_node.dir/build.make:104: CMakeFiles/uart_bridge_node.dir/src/uart_protocol.c.o] Error 1
/mnt/c/Users/Pt/Desktop/dog/agent_dev/ros2_ws/src/uart_bridge/src/uart_bridge_node.cpp:7:10: fatal error: frame_parser.hpp: No such file or directory
    7 | #include "frame_parser.hpp"
      |          ^~~~~~~~~~~~~~~~~~
compilation terminated.
gmake[2]: *** [CMakeFiles/uart_bridge_node.dir/build.make:76: CMakeFiles/uart_bridge_node.dir/src/uart_bridge_node.cpp.o] Error 1
gmake[1]: *** [CMakeFiles/Makefile2:137: CMakeFiles/uart_bridge_node.dir/all] Error 2
gmake: *** [Makefile:146: all] Error 2
