[0.068s] Invoking command in '/mnt/c/Users/Pt/Desktop/dog/agent_dev/ros2_ws/build/uart_bridge': CMAKE_PREFIX_PATH=${CMAKE_PREFIX_PATH}:/opt/ros/jazzy DEBUGINFOD_URLS=https://debuginfod.ubuntu.com /usr/bin/cmake --build /mnt/c/Users/Pt/Desktop/dog/agent_dev/ros2_ws/build/uart_bridge -- -j16 -l16
[0.502s] -- Found ament_cmake: 2.5.6 (/opt/ros/jazzy/share/ament_cmake/cmake)
[0.982s] -- Found rclcpp: 28.1.18 (/opt/ros/jazzy/share/rclcpp/cmake)
[1.533s] -- Found rosidl_generator_c: 4.6.7 (/opt/ros/jazzy/share/rosidl_generator_c/cmake)
[1.627s] -- Found rosidl_generator_cpp: 4.6.7 (/opt/ros/jazzy/share/rosidl_generator_cpp/cmake)
[1.766s] -- Using all available rosidl_typesupport_c: rosidl_typesupport_fastrtps_c;rosidl_typesupport_introspection_c
[1.901s] -- Using all available rosidl_typesupport_cpp: rosidl_typesupport_fastrtps_cpp;rosidl_typesupport_introspection_cpp
[2.148s] -- Found rmw_implementation_cmake: 7.3.3 (/opt/ros/jazzy/share/rmw_implementation_cmake/cmake)
[2.152s] -- Found rmw_fastrtps_cpp: 8.4.3 (/opt/ros/jazzy/share/rmw_fastrtps_cpp/cmake)
[3.181s] -- Using RMW implementation 'rmw_fastrtps_cpp' as default
[3.822s] -- Found sensor_msgs: 5.3.7 (/opt/ros/jazzy/share/sensor_msgs/cmake)
[3.881s] -- Found ament_lint_auto: 0.17.5 (/opt/ros/jazzy/share/ament_lint_auto/cmake)
[5.129s] -- Added test 'cppcheck' to perform static code analysis on C / C++ code
[5.130s] -- Configured cppcheck include dirs: /mnt/c/Users/Pt/Desktop/dog/agent_dev/ros2_ws/src/uart_bridge/include
[5.130s] -- Configured cppcheck exclude dirs and/or files: 
[5.185s] -- Added test 'flake8' to check Python code syntax and style conventions
[5.185s] -- Configured 'flake8' exclude dirs and/or files: 
[5.325s] -- Added test 'lint_cmake' to check CMake code style
[5.390s] -- Added test 'pep257' to check Python code against some of the docstring style conventions in PEP 257
[6.176s] -- Added test 'uncrustify' to check C / C++ code style
[6.179s] -- Configured uncrustify additional arguments: 
[6.537s] -- Added test 'xmllint' to check XML markup files
[6.699s] -- Configuring done (6.4s)
[7.072s] -- Generating done (0.3s)
[7.245s] -- Build files have been written to: /mnt/c/Users/Pt/Desktop/dog/agent_dev/ros2_ws/build/uart_bridge
[7.953s] [ 25%] Building CXX object CMakeFiles/uart_bridge_node.dir/src/uart_bridge_node.cpp.o
[7.958s] [ 50%] Building CXX object CMakeFiles/uart_bridge_node.dir/src/frame_parser.cpp.o
[7.966s] [ 75%] Building C object CMakeFiles/uart_bridge_node.dir/src/uart_protocol.c.o
[7.984s] /mnt/c/Users/Pt/Desktop/dog/agent_dev/ros2_ws/src/uart_bridge/src/frame_parser.cpp:1:10: fatal error: frame_parser.hpp: No such file or directory
[7.985s]     1 | #include "frame_parser.hpp"
[7.985s]       |          ^~~~~~~~~~~~~~~~~~
[7.986s] compilation terminated.
[7.987s] gmake[2]: *** [CMakeFiles/uart_bridge_node.dir/build.make:90: CMakeFiles/uart_bridge_node.dir/src/frame_parser.cpp.o] Error 1
[7.988s] gmake[2]: *** Waiting for unfinished jobs....
[7.993s] /mnt/c/Users/Pt/Desktop/dog/agent_dev/ros2_ws/src/uart_bridge/src/uart_protocol.c:1:10: fatal error: uart_protocol.h: No such file or directory
[7.993s]     1 | #include "uart_protocol.h"
[7.994s]       |          ^~~~~~~~~~~~~~~~~
[7.995s] compilation terminated.
[7.996s] gmake[2]: *** [CMakeFiles/uart_bridge_node.dir/build.make:104: CMakeFiles/uart_bridge_node.dir/src/uart_protocol.c.o] Error 1
[10.617s] /mnt/c/Users/Pt/Desktop/dog/agent_dev/ros2_ws/src/uart_bridge/src/uart_bridge_node.cpp:7:10: fatal error: frame_parser.hpp: No such file or directory
[10.621s]     7 | #include "frame_parser.hpp"
[10.632s]       |          ^~~~~~~~~~~~~~~~~~
[10.636s] compilation terminated.
[10.638s] gmake[2]: *** [CMakeFiles/uart_bridge_node.dir/build.make:76: CMakeFiles/uart_bridge_node.dir/src/uart_bridge_node.cpp.o] Error 1
[10.641s] gmake[1]: *** [CMakeFiles/Makefile2:137: CMakeFiles/uart_bridge_node.dir/all] Error 2
[10.643s] gmake: *** [Makefile:146: all] Error 2
[10.645s] Invoked command in '/mnt/c/Users/Pt/Desktop/dog/agent_dev/ros2_ws/build/uart_bridge' returned '2': CMAKE_PREFIX_PATH=${CMAKE_PREFIX_PATH}:/opt/ros/jazzy DEBUGINFOD_URLS=https://debuginfod.ubuntu.com /usr/bin/cmake --build /mnt/c/Users/Pt/Desktop/dog/agent_dev/ros2_ws/build/uart_bridge -- -j16 -l16
