[0.006s] Invoking command in '/home/peter/dog/dog_dev/build/stereo_splitter': CMAKE_PREFIX_PATH=${CMAKE_PREFIX_PATH}:/opt/ros/jazzy DEBUGINFOD_URLS=https://debuginfod.ubuntu.com /usr/bin/cmake --build /home/peter/dog/dog_dev/build/stereo_splitter -- -j16 -l16
[0.014s] CMake Error: The current CMakeCache.txt directory /home/peter/dog/dog_dev/build/stereo_splitter/CMakeCache.txt is different than the directory /mnt/c/Users/Pt/Desktop/dog/agent_dev/build/stereo_splitter where CMakeCache.txt was created. This may result in binaries being created in the wrong place. If you are not sure, reedit the CMakeCache.txt
[0.111s] -- Found ament_cmake: 2.5.6 (/opt/ros/jazzy/share/ament_cmake/cmake)
[0.487s] -- Found rclcpp: 28.1.18 (/opt/ros/jazzy/share/rclcpp/cmake)
[0.768s] -- Found rosidl_generator_c: 4.6.7 (/opt/ros/jazzy/share/rosidl_generator_c/cmake)
[0.811s] -- Found rosidl_generator_cpp: 4.6.7 (/opt/ros/jazzy/share/rosidl_generator_cpp/cmake)
[0.865s] -- Using all available rosidl_typesupport_c: rosidl_typesupport_fastrtps_c;rosidl_typesupport_introspection_c
[0.932s] -- Using all available rosidl_typesupport_cpp: rosidl_typesupport_fastrtps_cpp;rosidl_typesupport_introspection_cpp
[1.196s] -- Found rmw_implementation_cmake: 7.3.3 (/opt/ros/jazzy/share/rmw_implementation_cmake/cmake)
[1.222s] -- Found rmw_fastrtps_cpp: 8.4.3 (/opt/ros/jazzy/share/rmw_fastrtps_cpp/cmake)
[1.689s] -- Using RMW implementation 'rmw_fastrtps_cpp' as default
[1.946s] -- Found sensor_msgs: 5.3.7 (/opt/ros/jazzy/share/sensor_msgs/cmake)
[2.032s] -- Found cv_bridge: 4.1.0 (/opt/ros/jazzy/share/cv_bridge/cmake)
[2.058s] -- Found ament_lint_auto: 0.17.5 (/opt/ros/jazzy/share/ament_lint_auto/cmake)
[2.571s] -- Added test 'cppcheck' to perform static code analysis on C / C++ code
[2.571s] -- Configured cppcheck include dirs: /mnt/c/Users/Pt/Desktop/dog/agent_dev/ros2_ws/src/stereo_splitter/include
[2.571s] -- Configured cppcheck exclude dirs and/or files: 
[2.668s] -- Added test 'lint_cmake' to check CMake code style
[2.864s] -- Added test 'uncrustify' to check C / C++ code style
[2.864s] -- Configured uncrustify additional arguments: 
[2.888s] -- Added test 'xmllint' to check XML markup files
[2.953s] -- Configuring done (2.9s)
[3.450s] -- Generating done (0.4s)
[3.694s] -- Build files have been written to: /mnt/c/Users/Pt/Desktop/dog/agent_dev/build/stereo_splitter
[4.518s] [100%] Built target stereo_splitter_node
[4.545s] Invoked command in '/home/peter/dog/dog_dev/build/stereo_splitter' returned '0': CMAKE_PREFIX_PATH=${CMAKE_PREFIX_PATH}:/opt/ros/jazzy DEBUGINFOD_URLS=https://debuginfod.ubuntu.com /usr/bin/cmake --build /home/peter/dog/dog_dev/build/stereo_splitter -- -j16 -l16
[4.552s] Invoking command in '/home/peter/dog/dog_dev/build/stereo_splitter': CMAKE_PREFIX_PATH=${CMAKE_PREFIX_PATH}:/opt/ros/jazzy DEBUGINFOD_URLS=https://debuginfod.ubuntu.com /usr/bin/cmake --install /home/peter/dog/dog_dev/build/stereo_splitter
[4.557s] -- Install configuration: ""
[4.594s] -- Up-to-date: /mnt/c/Users/Pt/Desktop/dog/agent_dev/install/stereo_splitter/lib/stereo_splitter/stereo_splitter_node
[4.685s] -- Up-to-date: /mnt/c/Users/Pt/Desktop/dog/agent_dev/install/stereo_splitter/share/ament_index/resource_index/package_run_dependencies/stereo_splitter
[4.718s] -- Up-to-date: /mnt/c/Users/Pt/Desktop/dog/agent_dev/install/stereo_splitter/share/ament_index/resource_index/parent_prefix_path/stereo_splitter
[4.730s] -- Up-to-date: /mnt/c/Users/Pt/Desktop/dog/agent_dev/install/stereo_splitter/share/stereo_splitter/environment/ament_prefix_path.sh
[4.748s] -- Up-to-date: /mnt/c/Users/Pt/Desktop/dog/agent_dev/install/stereo_splitter/share/stereo_splitter/environment/ament_prefix_path.dsv
[4.759s] -- Up-to-date: /mnt/c/Users/Pt/Desktop/dog/agent_dev/install/stereo_splitter/share/stereo_splitter/environment/path.sh
[4.776s] -- Up-to-date: /mnt/c/Users/Pt/Desktop/dog/agent_dev/install/stereo_splitter/share/stereo_splitter/environment/path.dsv
[4.793s] -- Up-to-date: /mnt/c/Users/Pt/Desktop/dog/agent_dev/install/stereo_splitter/share/stereo_splitter/local_setup.bash
[4.812s] -- Up-to-date: /mnt/c/Users/Pt/Desktop/dog/agent_dev/install/stereo_splitter/share/stereo_splitter/local_setup.sh
[4.827s] -- Up-to-date: /mnt/c/Users/Pt/Desktop/dog/agent_dev/install/stereo_splitter/share/stereo_splitter/local_setup.zsh
[4.845s] -- Up-to-date: /mnt/c/Users/Pt/Desktop/dog/agent_dev/install/stereo_splitter/share/stereo_splitter/local_setup.dsv
[4.863s] -- Up-to-date: /mnt/c/Users/Pt/Desktop/dog/agent_dev/install/stereo_splitter/share/stereo_splitter/package.dsv
[4.890s] -- Up-to-date: /mnt/c/Users/Pt/Desktop/dog/agent_dev/install/stereo_splitter/share/ament_index/resource_index/packages/stereo_splitter
[4.909s] -- Up-to-date: /mnt/c/Users/Pt/Desktop/dog/agent_dev/install/stereo_splitter/share/stereo_splitter/cmake/stereo_splitterConfig.cmake
[4.926s] -- Up-to-date: /mnt/c/Users/Pt/Desktop/dog/agent_dev/install/stereo_splitter/share/stereo_splitter/cmake/stereo_splitterConfig-version.cmake
[4.951s] -- Up-to-date: /mnt/c/Users/Pt/Desktop/dog/agent_dev/install/stereo_splitter/share/stereo_splitter/package.xml
[4.965s] Invoked command in '/home/peter/dog/dog_dev/build/stereo_splitter' returned '0': CMAKE_PREFIX_PATH=${CMAKE_PREFIX_PATH}:/opt/ros/jazzy DEBUGINFOD_URLS=https://debuginfod.ubuntu.com /usr/bin/cmake --install /home/peter/dog/dog_dev/build/stereo_splitter
