[0.067s] Invoking command in '/mnt/c/Users/Pt/Desktop/dog/agent_dev/ros2_ws/build/robot_interfaces': CMAKE_PREFIX_PATH=${CMAKE_PREFIX_PATH}:/opt/ros/jazzy DEBUGINFOD_URLS=https://debuginfod.ubuntu.com /usr/bin/cmake /mnt/c/Users/Pt/Desktop/dog/agent_dev/ros2_ws/src/robot_interfaces -DCMAKE_INSTALL_PREFIX=/mnt/c/Users/Pt/Desktop/dog/agent_dev/ros2_ws/install/robot_interfaces
[1.214s] -- The C compiler identification is GNU 13.3.0
[3.725s] -- The CXX compiler identification is GNU 13.3.0
[5.747s] -- Detecting C compiler ABI info
[7.448s] -- Detecting C compiler ABI info - done
[7.509s] -- Check for working C compiler: /usr/bin/cc - skipped
[7.511s] -- Detecting C compile features
[7.512s] -- Detecting C compile features - done
[7.899s] -- Detecting CXX compiler ABI info
[9.315s] -- Detecting CXX compiler ABI info - done
[9.354s] -- Check for working CXX compiler: /usr/bin/c++ - skipped
[9.356s] -- Detecting CXX compile features
[9.357s] -- Detecting CXX compile features - done
[9.425s] -- Found ament_cmake: 2.5.6 (/opt/ros/jazzy/share/ament_cmake/cmake)
[9.669s] -- Found Python3: /usr/bin/python3 (found version "3.12.3") found components: Interpreter 
[10.568s] -- Found rosidl_default_generators: 1.6.0 (/opt/ros/jazzy/share/rosidl_default_generators/cmake)
[10.667s] -- Using all available rosidl_typesupport_c: rosidl_typesupport_fastrtps_c;rosidl_typesupport_introspection_c
[11.471s] -- Using all available rosidl_typesupport_cpp: rosidl_typesupport_fastrtps_cpp;rosidl_typesupport_introspection_cpp
[11.936s] -- Found rosidl_adapter: 4.6.7 (/opt/ros/jazzy/share/rosidl_adapter/cmake)
[11.962s] -- Found std_msgs: 5.3.7 (/opt/ros/jazzy/share/std_msgs/cmake)
[14.525s] -- Found ament_cmake_ros: 0.12.0 (/opt/ros/jazzy/share/ament_cmake_ros/cmake)
[16.805s] -- Using all available rosidl_typesupport_c: rosidl_typesupport_fastrtps_c;rosidl_typesupport_introspection_c
[19.568s] -- Using all available rosidl_typesupport_cpp: rosidl_typesupport_fastrtps_cpp;rosidl_typesupport_introspection_cpp
[19.760s] -- Found python_cmake_module: 0.11.1 (/opt/ros/jazzy/share/python_cmake_module/cmake)
[19.935s] -- Found PythonExtra: /usr/bin/python3  
[20.557s] -- Found Python3: /usr/bin/python3 (found version "3.12.3") found components: Interpreter Development NumPy Development.Module Development.Embed 
[21.741s] -- Found Python3: /usr/bin/python3 (found version "3.12.3") found components: Interpreter 
[23.276s] -- Configuring done (23.1s)
[27.137s] -- Generating done (3.4s)
[28.349s] -- Build files have been written to: /mnt/c/Users/Pt/Desktop/dog/agent_dev/ros2_ws/build/robot_interfaces
[28.358s] Invoked command in '/mnt/c/Users/Pt/Desktop/dog/agent_dev/ros2_ws/build/robot_interfaces' returned '0': CMAKE_PREFIX_PATH=${CMAKE_PREFIX_PATH}:/opt/ros/jazzy DEBUGINFOD_URLS=https://debuginfod.ubuntu.com /usr/bin/cmake /mnt/c/Users/Pt/Desktop/dog/agent_dev/ros2_ws/src/robot_interfaces -DCMAKE_INSTALL_PREFIX=/mnt/c/Users/Pt/Desktop/dog/agent_dev/ros2_ws/install/robot_interfaces
[28.433s] Invoking command in '/mnt/c/Users/Pt/Desktop/dog/agent_dev/ros2_ws/build/robot_interfaces': CMAKE_PREFIX_PATH=${CMAKE_PREFIX_PATH}:/opt/ros/jazzy DEBUGINFOD_URLS=https://debuginfod.ubuntu.com /usr/bin/cmake --build /mnt/c/Users/Pt/Desktop/dog/agent_dev/ros2_ws/build/robot_interfaces -- -j16 -l16
[29.015s] [  1%] Generating type hashes for ROS interfaces
[29.041s] [  3%] Generating Rust code for ROS interfaces
[29.176s] [  3%] Built target ament_cmake_python_copy_robot_interfaces
[29.883s] running egg_info
[29.890s] creating robot_interfaces.egg-info
[29.944s] [  3%] Built target robot_interfaces__rosidl_generator_type_description
[29.953s] writing robot_interfaces.egg-info/PKG-INFO
[29.968s] writing dependency_links to robot_interfaces.egg-info/dependency_links.txt
[29.996s] writing top-level names to robot_interfaces.egg-info/top_level.txt
[30.002s] writing manifest file 'robot_interfaces.egg-info/SOURCES.txt'
[30.126s] [  3%] Built target robot_interfaces__rs
[30.161s] reading manifest file 'robot_interfaces.egg-info/SOURCES.txt'
[30.249s] [  5%] Generating C code for ROS interfaces
[30.254s] writing manifest file 'robot_interfaces.egg-info/SOURCES.txt'
[30.372s] [  5%] Built target ament_cmake_python_build_robot_interfaces_egg
[30.457s] [  7%] Generating C++ code for ROS interfaces
[31.705s] [  7%] Built target robot_interfaces__cpp
[32.222s] [  9%] Building C object CMakeFiles/robot_interfaces__rosidl_generator_c.dir/rosidl_generator_c/robot_interfaces/msg/detail/target_info__description.c.o
[32.233s] [ 10%] Building C object CMakeFiles/robot_interfaces__rosidl_generator_c.dir/rosidl_generator_c/robot_interfaces/msg/detail/target_info__functions.c.o
[32.243s] [ 12%] Building C object CMakeFiles/robot_interfaces__rosidl_generator_c.dir/rosidl_generator_c/robot_interfaces/msg/detail/target_info__type_support.c.o
[32.253s] [ 14%] Building C object CMakeFiles/robot_interfaces__rosidl_generator_c.dir/rosidl_generator_c/robot_interfaces/srv/detail/set_target_class__description.c.o
[32.269s] [ 18%] Building C object CMakeFiles/robot_interfaces__rosidl_generator_c.dir/rosidl_generator_c/robot_interfaces/srv/detail/set_target_class__functions.c.o
[32.273s] [ 18%] Building C object CMakeFiles/robot_interfaces__rosidl_generator_c.dir/rosidl_generator_c/robot_interfaces/srv/detail/set_target_class__type_support.c.o
[32.288s] [ 20%] Building C object CMakeFiles/robot_interfaces__rosidl_generator_c.dir/rosidl_generator_c/robot_interfaces/srv/detail/calibrate_center__description.c.o
[32.301s] [ 21%] Building C object CMakeFiles/robot_interfaces__rosidl_generator_c.dir/rosidl_generator_c/robot_interfaces/srv/detail/calibrate_center__functions.c.o
[32.316s] [ 23%] Building C object CMakeFiles/robot_interfaces__rosidl_generator_c.dir/rosidl_generator_c/robot_interfaces/srv/detail/calibrate_center__type_support.c.o
[32.830s] [ 25%] Linking C shared library librobot_interfaces__rosidl_generator_c.so
[34.295s] [ 25%] Built target robot_interfaces__rosidl_generator_c
[34.647s] [ 27%] Generating C++ type support dispatch for ROS interfaces
[34.675s] [ 34%] Generating C type support dispatch for ROS interfaces
[34.682s] [ 34%] Generating C++ introspection for ROS interfaces
[34.683s] [ 34%] Generating C++ type support for eProsima Fast-RTPS
[34.686s] [ 34%] Generating C introspection for ROS interfaces
[34.697s] [ 36%] Generating C type support for eProsima Fast-RTPS
[35.353s] [ 38%] Building CXX object CMakeFiles/robot_interfaces__rosidl_typesupport_cpp.dir/rosidl_typesupport_cpp/robot_interfaces/msg/target_info__type_support.cpp.o
[35.362s] [ 40%] Building CXX object CMakeFiles/robot_interfaces__rosidl_typesupport_cpp.dir/rosidl_typesupport_cpp/robot_interfaces/srv/set_target_class__type_support.cpp.o
[35.377s] [ 43%] Building CXX object CMakeFiles/robot_interfaces__rosidl_typesupport_c.dir/rosidl_typesupport_c/robot_interfaces/msg/target_info__type_support.cpp.o
[35.381s] [ 43%] Building CXX object CMakeFiles/robot_interfaces__rosidl_typesupport_cpp.dir/rosidl_typesupport_cpp/robot_interfaces/srv/calibrate_center__type_support.cpp.o
[35.394s] [ 45%] Building CXX object CMakeFiles/robot_interfaces__rosidl_typesupport_c.dir/rosidl_typesupport_c/robot_interfaces/srv/set_target_class__type_support.cpp.o
[35.420s] [ 47%] Building CXX object CMakeFiles/robot_interfaces__rosidl_typesupport_c.dir/rosidl_typesupport_c/robot_interfaces/srv/calibrate_center__type_support.cpp.o
[35.648s] [ 50%] Building C object CMakeFiles/robot_interfaces__rosidl_typesupport_introspection_c.dir/rosidl_typesupport_introspection_c/robot_interfaces/msg/detail/target_info__type_support.c.o
[35.654s] [ 50%] Building CXX object CMakeFiles/robot_interfaces__rosidl_typesupport_introspection_cpp.dir/rosidl_typesupport_introspection_cpp/robot_interfaces/msg/detail/target_info__type_support.cpp.o
[35.671s] [ 54%] Building C object CMakeFiles/robot_interfaces__rosidl_typesupport_introspection_c.dir/rosidl_typesupport_introspection_c/robot_interfaces/srv/detail/set_target_class__type_support.c.o
[35.676s] [ 56%] Building CXX object CMakeFiles/robot_interfaces__rosidl_typesupport_introspection_cpp.dir/rosidl_typesupport_introspection_cpp/robot_interfaces/srv/detail/set_target_class__type_support.cpp.o
[35.681s] [ 56%] Building C object CMakeFiles/robot_interfaces__rosidl_typesupport_introspection_c.dir/rosidl_typesupport_introspection_c/robot_interfaces/srv/detail/calibrate_center__type_support.c.o
[35.693s] [ 58%] Building CXX object CMakeFiles/robot_interfaces__rosidl_typesupport_introspection_cpp.dir/rosidl_typesupport_introspection_cpp/robot_interfaces/srv/detail/calibrate_center__type_support.cpp.o
[35.833s] [ 60%] Building CXX object CMakeFiles/robot_interfaces__rosidl_typesupport_fastrtps_cpp.dir/rosidl_typesupport_fastrtps_cpp/robot_interfaces/msg/detail/dds_fastrtps/target_info__type_support.cpp.o
[35.847s] [ 61%] Building CXX object CMakeFiles/robot_interfaces__rosidl_typesupport_fastrtps_cpp.dir/rosidl_typesupport_fastrtps_cpp/robot_interfaces/srv/detail/dds_fastrtps/set_target_class__type_support.cpp.o
[35.860s] [ 65%] Building CXX object CMakeFiles/robot_interfaces__rosidl_typesupport_fastrtps_cpp.dir/rosidl_typesupport_fastrtps_cpp/robot_interfaces/srv/detail/dds_fastrtps/calibrate_center__type_support.cpp.o
[35.863s] [ 65%] Building CXX object CMakeFiles/robot_interfaces__rosidl_typesupport_fastrtps_c.dir/rosidl_typesupport_fastrtps_c/robot_interfaces/msg/detail/target_info__type_support_c.cpp.o
[35.882s] [ 67%] Building CXX object CMakeFiles/robot_interfaces__rosidl_typesupport_fastrtps_c.dir/rosidl_typesupport_fastrtps_c/robot_interfaces/srv/detail/set_target_class__type_support_c.cpp.o
[35.898s] [ 70%] Linking CXX shared library librobot_interfaces__rosidl_typesupport_c.so
[35.902s] [ 70%] Building CXX object CMakeFiles/robot_interfaces__rosidl_typesupport_fastrtps_c.dir/rosidl_typesupport_fastrtps_c/robot_interfaces/srv/detail/calibrate_center__type_support_c.cpp.o
[36.363s] [ 72%] Linking C shared library librobot_interfaces__rosidl_typesupport_introspection_c.so
[36.998s] [ 74%] Linking CXX shared library librobot_interfaces__rosidl_typesupport_cpp.so
[37.081s] [ 74%] Built target robot_interfaces__rosidl_typesupport_c
[37.514s] [ 74%] Built target robot_interfaces__rosidl_typesupport_introspection_c
[37.664s] [ 76%] Linking CXX shared library librobot_interfaces__rosidl_typesupport_introspection_cpp.so
[37.775s] [ 78%] Linking CXX shared library librobot_interfaces__rosidl_typesupport_fastrtps_c.so
[38.200s] [ 80%] Linking CXX shared library librobot_interfaces__rosidl_typesupport_fastrtps_cpp.so
[38.290s] [ 80%] Built target robot_interfaces__rosidl_typesupport_cpp
[39.113s] [ 80%] Built target robot_interfaces__rosidl_typesupport_fastrtps_c
[39.123s] [ 80%] Built target robot_interfaces__rosidl_typesupport_introspection_cpp
[40.109s] [ 80%] Built target robot_interfaces__rosidl_typesupport_fastrtps_cpp
[40.625s] [ 80%] Built target robot_interfaces
[41.148s] [ 81%] Generating Python code for ROS interfaces
[42.005s] [ 81%] Built target robot_interfaces__py
[42.265s] [ 83%] Building C object CMakeFiles/robot_interfaces__rosidl_generator_py.dir/rosidl_generator_py/robot_interfaces/msg/_target_info_s.c.o
[42.277s] [ 85%] Building C object CMakeFiles/robot_interfaces__rosidl_generator_py.dir/rosidl_generator_py/robot_interfaces/srv/_set_target_class_s.c.o
[42.297s] [ 87%] Building C object CMakeFiles/robot_interfaces__rosidl_generator_py.dir/rosidl_generator_py/robot_interfaces/srv/_calibrate_center_s.c.o
[42.913s] [ 89%] Linking C shared library librobot_interfaces__rosidl_generator_py.so
[44.105s] [ 89%] Built target robot_interfaces__rosidl_generator_py
[44.524s] [ 92%] Building C object CMakeFiles/robot_interfaces_s__rosidl_typesupport_introspection_c.dir/rosidl_generator_py/robot_interfaces/_robot_interfaces_s.ep.rosidl_typesupport_introspection_c.c.o
[44.525s] [ 92%] Building C object CMakeFiles/robot_interfaces_s__rosidl_typesupport_fastrtps_c.dir/rosidl_generator_py/robot_interfaces/_robot_interfaces_s.ep.rosidl_typesupport_fastrtps_c.c.o
[44.529s] [ 94%] Building C object CMakeFiles/robot_interfaces_s__rosidl_typesupport_c.dir/rosidl_generator_py/robot_interfaces/_robot_interfaces_s.ep.rosidl_typesupport_c.c.o
[45.781s] [ 96%] Linking C shared module rosidl_generator_py/robot_interfaces/robot_interfaces_s__rosidl_typesupport_c.so
[45.956s] [ 98%] Linking C shared module rosidl_generator_py/robot_interfaces/robot_interfaces_s__rosidl_typesupport_introspection_c.so
[45.965s] [100%] Linking C shared module rosidl_generator_py/robot_interfaces/robot_interfaces_s__rosidl_typesupport_fastrtps_c.so
[46.586s] [100%] Built target robot_interfaces_s__rosidl_typesupport_c
[46.593s] [100%] Built target robot_interfaces_s__rosidl_typesupport_introspection_c
[46.629s] [100%] Built target robot_interfaces_s__rosidl_typesupport_fastrtps_c
[46.984s] Invoked command in '/mnt/c/Users/Pt/Desktop/dog/agent_dev/ros2_ws/build/robot_interfaces' returned '0': CMAKE_PREFIX_PATH=${CMAKE_PREFIX_PATH}:/opt/ros/jazzy DEBUGINFOD_URLS=https://debuginfod.ubuntu.com /usr/bin/cmake --build /mnt/c/Users/Pt/Desktop/dog/agent_dev/ros2_ws/build/robot_interfaces -- -j16 -l16
[47.125s] Invoking command in '/mnt/c/Users/Pt/Desktop/dog/agent_dev/ros2_ws/build/robot_interfaces': CMAKE_PREFIX_PATH=${CMAKE_PREFIX_PATH}:/opt/ros/jazzy DEBUGINFOD_URLS=https://debuginfod.ubuntu.com /usr/bin/cmake --install /mnt/c/Users/Pt/Desktop/dog/agent_dev/ros2_ws/build/robot_interfaces
[47.178s] -- Install configuration: ""
[47.227s] -- Installing: /mnt/c/Users/Pt/Desktop/dog/agent_dev/ros2_ws/install/robot_interfaces/share/ament_index/resource_index/rosidl_interfaces/robot_interfaces
[47.421s] -- Installing: /mnt/c/Users/Pt/Desktop/dog/agent_dev/ros2_ws/install/robot_interfaces/share/robot_interfaces/msg/TargetInfo.json
[47.505s] -- Installing: /mnt/c/Users/Pt/Desktop/dog/agent_dev/ros2_ws/install/robot_interfaces/share/robot_interfaces/srv/SetTargetClass.json
[47.729s] -- Installing: /mnt/c/Users/Pt/Desktop/dog/agent_dev/ros2_ws/install/robot_interfaces/share/robot_interfaces/srv/CalibrateCenter.json
[47.904s] -- Installing: /mnt/c/Users/Pt/Desktop/dog/agent_dev/ros2_ws/install/robot_interfaces/include/robot_interfaces/robot_interfaces
[48.019s] -- Installing: /mnt/c/Users/Pt/Desktop/dog/agent_dev/ros2_ws/install/robot_interfaces/include/robot_interfaces/robot_interfaces/msg
[48.054s] -- Installing: /mnt/c/Users/Pt/Desktop/dog/agent_dev/ros2_ws/install/robot_interfaces/include/robot_interfaces/robot_interfaces/msg/detail
[48.150s] -- Installing: /mnt/c/Users/Pt/Desktop/dog/agent_dev/ros2_ws/install/robot_interfaces/include/robot_interfaces/robot_interfaces/msg/detail/target_info__description.c
[48.368s] -- Installing: /mnt/c/Users/Pt/Desktop/dog/agent_dev/ros2_ws/install/robot_interfaces/include/robot_interfaces/robot_interfaces/msg/detail/target_info__functions.c
[48.727s] -- Installing: /mnt/c/Users/Pt/Desktop/dog/agent_dev/ros2_ws/install/robot_interfaces/include/robot_interfaces/robot_interfaces/msg/detail/target_info__functions.h
[48.874s] -- Installing: /mnt/c/Users/Pt/Desktop/dog/agent_dev/ros2_ws/install/robot_interfaces/include/robot_interfaces/robot_interfaces/msg/detail/target_info__struct.h
[49.003s] -- Installing: /mnt/c/Users/Pt/Desktop/dog/agent_dev/ros2_ws/install/robot_interfaces/include/robot_interfaces/robot_interfaces/msg/detail/target_info__type_support.c
[49.140s] -- Installing: /mnt/c/Users/Pt/Desktop/dog/agent_dev/ros2_ws/install/robot_interfaces/include/robot_interfaces/robot_interfaces/msg/detail/target_info__type_support.h
[49.354s] -- Installing: /mnt/c/Users/Pt/Desktop/dog/agent_dev/ros2_ws/install/robot_interfaces/include/robot_interfaces/robot_interfaces/msg/rosidl_generator_c__visibility_control.h
[49.808s] -- Installing: /mnt/c/Users/Pt/Desktop/dog/agent_dev/ros2_ws/install/robot_interfaces/include/robot_interfaces/robot_interfaces/msg/target_info.h
[49.882s] -- Installing: /mnt/c/Users/Pt/Desktop/dog/agent_dev/ros2_ws/install/robot_interfaces/include/robot_interfaces/robot_interfaces/srv
[49.963s] -- Installing: /mnt/c/Users/Pt/Desktop/dog/agent_dev/ros2_ws/install/robot_interfaces/include/robot_interfaces/robot_interfaces/srv/calibrate_center.h
[50.076s] -- Installing: /mnt/c/Users/Pt/Desktop/dog/agent_dev/ros2_ws/install/robot_interfaces/include/robot_interfaces/robot_interfaces/srv/detail
[50.142s] -- Installing: /mnt/c/Users/Pt/Desktop/dog/agent_dev/ros2_ws/install/robot_interfaces/include/robot_interfaces/robot_interfaces/srv/detail/calibrate_center__description.c
[50.357s] -- Installing: /mnt/c/Users/Pt/Desktop/dog/agent_dev/ros2_ws/install/robot_interfaces/include/robot_interfaces/robot_interfaces/srv/detail/calibrate_center__functions.c
[50.560s] -- Installing: /mnt/c/Users/Pt/Desktop/dog/agent_dev/ros2_ws/install/robot_interfaces/include/robot_interfaces/robot_interfaces/srv/detail/calibrate_center__functions.h
[50.706s] -- Installing: /mnt/c/Users/Pt/Desktop/dog/agent_dev/ros2_ws/install/robot_interfaces/include/robot_interfaces/robot_interfaces/srv/detail/calibrate_center__struct.h
[50.796s] -- Installing: /mnt/c/Users/Pt/Desktop/dog/agent_dev/ros2_ws/install/robot_interfaces/include/robot_interfaces/robot_interfaces/srv/detail/calibrate_center__type_support.c
[50.883s] -- Installing: /mnt/c/Users/Pt/Desktop/dog/agent_dev/ros2_ws/install/robot_interfaces/include/robot_interfaces/robot_interfaces/srv/detail/calibrate_center__type_support.h
[51.084s] -- Installing: /mnt/c/Users/Pt/Desktop/dog/agent_dev/ros2_ws/install/robot_interfaces/include/robot_interfaces/robot_interfaces/srv/detail/set_target_class__description.c
[51.210s] -- Installing: /mnt/c/Users/Pt/Desktop/dog/agent_dev/ros2_ws/install/robot_interfaces/include/robot_interfaces/robot_interfaces/srv/detail/set_target_class__functions.c
[51.315s] -- Installing: /mnt/c/Users/Pt/Desktop/dog/agent_dev/ros2_ws/install/robot_interfaces/include/robot_interfaces/robot_interfaces/srv/detail/set_target_class__functions.h
[51.400s] -- Installing: /mnt/c/Users/Pt/Desktop/dog/agent_dev/ros2_ws/install/robot_interfaces/include/robot_interfaces/robot_interfaces/srv/detail/set_target_class__struct.h
[51.489s] -- Installing: /mnt/c/Users/Pt/Desktop/dog/agent_dev/ros2_ws/install/robot_interfaces/include/robot_interfaces/robot_interfaces/srv/detail/set_target_class__type_support.c
[51.743s] -- Installing: /mnt/c/Users/Pt/Desktop/dog/agent_dev/ros2_ws/install/robot_interfaces/include/robot_interfaces/robot_interfaces/srv/detail/set_target_class__type_support.h
[51.973s] -- Installing: /mnt/c/Users/Pt/Desktop/dog/agent_dev/ros2_ws/install/robot_interfaces/include/robot_interfaces/robot_interfaces/srv/set_target_class.h
[52.190s] -- Installing: /mnt/c/Users/Pt/Desktop/dog/agent_dev/ros2_ws/install/robot_interfaces/share/robot_interfaces/environment/library_path.sh
[52.244s] -- Installing: /mnt/c/Users/Pt/Desktop/dog/agent_dev/ros2_ws/install/robot_interfaces/share/robot_interfaces/environment/library_path.dsv
[52.306s] -- Installing: /mnt/c/Users/Pt/Desktop/dog/agent_dev/ros2_ws/install/robot_interfaces/lib/librobot_interfaces__rosidl_generator_c.so
[52.489s] -- Set non-toolchain portion of runtime path of "/mnt/c/Users/Pt/Desktop/dog/agent_dev/ros2_ws/install/robot_interfaces/lib/librobot_interfaces__rosidl_generator_c.so" to ""
[52.500s] -- Up-to-date: /mnt/c/Users/Pt/Desktop/dog/agent_dev/ros2_ws/install/robot_interfaces/include/robot_interfaces/robot_interfaces
[52.593s] -- Up-to-date: /mnt/c/Users/Pt/Desktop/dog/agent_dev/ros2_ws/install/robot_interfaces/include/robot_interfaces/robot_interfaces/msg
[52.618s] -- Up-to-date: /mnt/c/Users/Pt/Desktop/dog/agent_dev/ros2_ws/install/robot_interfaces/include/robot_interfaces/robot_interfaces/msg/detail
[52.670s] -- Installing: /mnt/c/Users/Pt/Desktop/dog/agent_dev/ros2_ws/install/robot_interfaces/include/robot_interfaces/robot_interfaces/msg/detail/target_info__rosidl_typesupport_fastrtps_c.h
[52.918s] -- Installing: /mnt/c/Users/Pt/Desktop/dog/agent_dev/ros2_ws/install/robot_interfaces/include/robot_interfaces/robot_interfaces/msg/rosidl_typesupport_fastrtps_c__visibility_control.h
[53.037s] -- Up-to-date: /mnt/c/Users/Pt/Desktop/dog/agent_dev/ros2_ws/install/robot_interfaces/include/robot_interfaces/robot_interfaces/srv
[53.112s] -- Up-to-date: /mnt/c/Users/Pt/Desktop/dog/agent_dev/ros2_ws/install/robot_interfaces/include/robot_interfaces/robot_interfaces/srv/detail
[53.170s] -- Installing: /mnt/c/Users/Pt/Desktop/dog/agent_dev/ros2_ws/install/robot_interfaces/include/robot_interfaces/robot_interfaces/srv/detail/calibrate_center__rosidl_typesupport_fastrtps_c.h
[53.260s] -- Installing: /mnt/c/Users/Pt/Desktop/dog/agent_dev/ros2_ws/install/robot_interfaces/include/robot_interfaces/robot_interfaces/srv/detail/set_target_class__rosidl_typesupport_fastrtps_c.h
[53.387s] -- Installing: /mnt/c/Users/Pt/Desktop/dog/agent_dev/ros2_ws/install/robot_interfaces/lib/librobot_interfaces__rosidl_typesupport_fastrtps_c.so
[53.522s] -- Set non-toolchain portion of runtime path of "/mnt/c/Users/Pt/Desktop/dog/agent_dev/ros2_ws/install/robot_interfaces/lib/librobot_interfaces__rosidl_typesupport_fastrtps_c.so" to ""
[53.550s] -- Up-to-date: /mnt/c/Users/Pt/Desktop/dog/agent_dev/ros2_ws/install/robot_interfaces/include/robot_interfaces/robot_interfaces
[53.589s] -- Up-to-date: /mnt/c/Users/Pt/Desktop/dog/agent_dev/ros2_ws/install/robot_interfaces/include/robot_interfaces/robot_interfaces/msg
[53.632s] -- Up-to-date: /mnt/c/Users/Pt/Desktop/dog/agent_dev/ros2_ws/install/robot_interfaces/include/robot_interfaces/robot_interfaces/msg/detail
[53.676s] -- Installing: /mnt/c/Users/Pt/Desktop/dog/agent_dev/ros2_ws/install/robot_interfaces/include/robot_interfaces/robot_interfaces/msg/detail/target_info__rosidl_typesupport_introspection_c.h
[53.833s] -- Installing: /mnt/c/Users/Pt/Desktop/dog/agent_dev/ros2_ws/install/robot_interfaces/include/robot_interfaces/robot_interfaces/msg/detail/target_info__type_support.c
[54.103s] -- Installing: /mnt/c/Users/Pt/Desktop/dog/agent_dev/ros2_ws/install/robot_interfaces/include/robot_interfaces/robot_interfaces/msg/rosidl_typesupport_introspection_c__visibility_control.h
[54.176s] -- Up-to-date: /mnt/c/Users/Pt/Desktop/dog/agent_dev/ros2_ws/install/robot_interfaces/include/robot_interfaces/robot_interfaces/srv
[54.203s] -- Up-to-date: /mnt/c/Users/Pt/Desktop/dog/agent_dev/ros2_ws/install/robot_interfaces/include/robot_interfaces/robot_interfaces/srv/detail
[54.244s] -- Installing: /mnt/c/Users/Pt/Desktop/dog/agent_dev/ros2_ws/install/robot_interfaces/include/robot_interfaces/robot_interfaces/srv/detail/calibrate_center__rosidl_typesupport_introspection_c.h
[54.428s] -- Installing: /mnt/c/Users/Pt/Desktop/dog/agent_dev/ros2_ws/install/robot_interfaces/include/robot_interfaces/robot_interfaces/srv/detail/calibrate_center__type_support.c
[54.558s] -- Installing: /mnt/c/Users/Pt/Desktop/dog/agent_dev/ros2_ws/install/robot_interfaces/include/robot_interfaces/robot_interfaces/srv/detail/set_target_class__rosidl_typesupport_introspection_c.h
[54.666s] -- Installing: /mnt/c/Users/Pt/Desktop/dog/agent_dev/ros2_ws/install/robot_interfaces/include/robot_interfaces/robot_interfaces/srv/detail/set_target_class__type_support.c
[54.754s] -- Installing: /mnt/c/Users/Pt/Desktop/dog/agent_dev/ros2_ws/install/robot_interfaces/lib/librobot_interfaces__rosidl_typesupport_introspection_c.so
[54.846s] -- Set non-toolchain portion of runtime path of "/mnt/c/Users/Pt/Desktop/dog/agent_dev/ros2_ws/install/robot_interfaces/lib/librobot_interfaces__rosidl_typesupport_introspection_c.so" to ""
[54.860s] -- Installing: /mnt/c/Users/Pt/Desktop/dog/agent_dev/ros2_ws/install/robot_interfaces/lib/librobot_interfaces__rosidl_typesupport_c.so
[54.971s] -- Set non-toolchain portion of runtime path of "/mnt/c/Users/Pt/Desktop/dog/agent_dev/ros2_ws/install/robot_interfaces/lib/librobot_interfaces__rosidl_typesupport_c.so" to ""
[55.023s] -- Up-to-date: /mnt/c/Users/Pt/Desktop/dog/agent_dev/ros2_ws/install/robot_interfaces/include/robot_interfaces/robot_interfaces
[55.049s] -- Up-to-date: /mnt/c/Users/Pt/Desktop/dog/agent_dev/ros2_ws/install/robot_interfaces/include/robot_interfaces/robot_interfaces/msg
[55.077s] -- Up-to-date: /mnt/c/Users/Pt/Desktop/dog/agent_dev/ros2_ws/install/robot_interfaces/include/robot_interfaces/robot_interfaces/msg/detail
[55.109s] -- Installing: /mnt/c/Users/Pt/Desktop/dog/agent_dev/ros2_ws/install/robot_interfaces/include/robot_interfaces/robot_interfaces/msg/detail/target_info__builder.hpp
[55.197s] -- Installing: /mnt/c/Users/Pt/Desktop/dog/agent_dev/ros2_ws/install/robot_interfaces/include/robot_interfaces/robot_interfaces/msg/detail/target_info__struct.hpp
[55.286s] -- Installing: /mnt/c/Users/Pt/Desktop/dog/agent_dev/ros2_ws/install/robot_interfaces/include/robot_interfaces/robot_interfaces/msg/detail/target_info__traits.hpp
[55.422s] -- Installing: /mnt/c/Users/Pt/Desktop/dog/agent_dev/ros2_ws/install/robot_interfaces/include/robot_interfaces/robot_interfaces/msg/detail/target_info__type_support.hpp
[55.687s] -- Installing: /mnt/c/Users/Pt/Desktop/dog/agent_dev/ros2_ws/install/robot_interfaces/include/robot_interfaces/robot_interfaces/msg/rosidl_generator_cpp__visibility_control.hpp
[55.994s] -- Installing: /mnt/c/Users/Pt/Desktop/dog/agent_dev/ros2_ws/install/robot_interfaces/include/robot_interfaces/robot_interfaces/msg/target_info.hpp
[56.155s] -- Up-to-date: /mnt/c/Users/Pt/Desktop/dog/agent_dev/ros2_ws/install/robot_interfaces/include/robot_interfaces/robot_interfaces/srv
[56.183s] -- Installing: /mnt/c/Users/Pt/Desktop/dog/agent_dev/ros2_ws/install/robot_interfaces/include/robot_interfaces/robot_interfaces/srv/calibrate_center.hpp
[56.520s] -- Up-to-date: /mnt/c/Users/Pt/Desktop/dog/agent_dev/ros2_ws/install/robot_interfaces/include/robot_interfaces/robot_interfaces/srv/detail
[56.721s] -- Installing: /mnt/c/Users/Pt/Desktop/dog/agent_dev/ros2_ws/install/robot_interfaces/include/robot_interfaces/robot_interfaces/srv/detail/calibrate_center__builder.hpp
[56.880s] -- Installing: /mnt/c/Users/Pt/Desktop/dog/agent_dev/ros2_ws/install/robot_interfaces/include/robot_interfaces/robot_interfaces/srv/detail/calibrate_center__struct.hpp
[57.014s] -- Installing: /mnt/c/Users/Pt/Desktop/dog/agent_dev/ros2_ws/install/robot_interfaces/include/robot_interfaces/robot_interfaces/srv/detail/calibrate_center__traits.hpp
[57.166s] -- Installing: /mnt/c/Users/Pt/Desktop/dog/agent_dev/ros2_ws/install/robot_interfaces/include/robot_interfaces/robot_interfaces/srv/detail/calibrate_center__type_support.hpp
[57.305s] -- Installing: /mnt/c/Users/Pt/Desktop/dog/agent_dev/ros2_ws/install/robot_interfaces/include/robot_interfaces/robot_interfaces/srv/detail/set_target_class__builder.hpp
[57.490s] -- Installing: /mnt/c/Users/Pt/Desktop/dog/agent_dev/ros2_ws/install/robot_interfaces/include/robot_interfaces/robot_interfaces/srv/detail/set_target_class__struct.hpp
[57.796s] -- Installing: /mnt/c/Users/Pt/Desktop/dog/agent_dev/ros2_ws/install/robot_interfaces/include/robot_interfaces/robot_interfaces/srv/detail/set_target_class__traits.hpp
[58.124s] -- Installing: /mnt/c/Users/Pt/Desktop/dog/agent_dev/ros2_ws/install/robot_interfaces/include/robot_interfaces/robot_interfaces/srv/detail/set_target_class__type_support.hpp
[58.356s] -- Installing: /mnt/c/Users/Pt/Desktop/dog/agent_dev/ros2_ws/install/robot_interfaces/include/robot_interfaces/robot_interfaces/srv/set_target_class.hpp
[58.464s] -- Up-to-date: /mnt/c/Users/Pt/Desktop/dog/agent_dev/ros2_ws/install/robot_interfaces/include/robot_interfaces/robot_interfaces
[58.507s] -- Up-to-date: /mnt/c/Users/Pt/Desktop/dog/agent_dev/ros2_ws/install/robot_interfaces/include/robot_interfaces/robot_interfaces/msg
[58.540s] -- Up-to-date: /mnt/c/Users/Pt/Desktop/dog/agent_dev/ros2_ws/install/robot_interfaces/include/robot_interfaces/robot_interfaces/msg/detail
[58.569s] -- Installing: /mnt/c/Users/Pt/Desktop/dog/agent_dev/ros2_ws/install/robot_interfaces/include/robot_interfaces/robot_interfaces/msg/detail/dds_fastrtps
[58.613s] -- Installing: /mnt/c/Users/Pt/Desktop/dog/agent_dev/ros2_ws/install/robot_interfaces/include/robot_interfaces/robot_interfaces/msg/detail/target_info__rosidl_typesupport_fastrtps_cpp.hpp
[58.711s] -- Installing: /mnt/c/Users/Pt/Desktop/dog/agent_dev/ros2_ws/install/robot_interfaces/include/robot_interfaces/robot_interfaces/msg/rosidl_typesupport_fastrtps_cpp__visibility_control.h
[58.785s] -- Up-to-date: /mnt/c/Users/Pt/Desktop/dog/agent_dev/ros2_ws/install/robot_interfaces/include/robot_interfaces/robot_interfaces/srv
[58.811s] -- Up-to-date: /mnt/c/Users/Pt/Desktop/dog/agent_dev/ros2_ws/install/robot_interfaces/include/robot_interfaces/robot_interfaces/srv/detail
[58.841s] -- Installing: /mnt/c/Users/Pt/Desktop/dog/agent_dev/ros2_ws/install/robot_interfaces/include/robot_interfaces/robot_interfaces/srv/detail/calibrate_center__rosidl_typesupport_fastrtps_cpp.hpp
[58.933s] -- Installing: /mnt/c/Users/Pt/Desktop/dog/agent_dev/ros2_ws/install/robot_interfaces/include/robot_interfaces/robot_interfaces/srv/detail/dds_fastrtps
[59.036s] -- Installing: /mnt/c/Users/Pt/Desktop/dog/agent_dev/ros2_ws/install/robot_interfaces/include/robot_interfaces/robot_interfaces/srv/detail/set_target_class__rosidl_typesupport_fastrtps_cpp.hpp
[59.178s] -- Installing: /mnt/c/Users/Pt/Desktop/dog/agent_dev/ros2_ws/install/robot_interfaces/lib/librobot_interfaces__rosidl_typesupport_fastrtps_cpp.so
[59.350s] -- Set non-toolchain portion of runtime path of "/mnt/c/Users/Pt/Desktop/dog/agent_dev/ros2_ws/install/robot_interfaces/lib/librobot_interfaces__rosidl_typesupport_fastrtps_cpp.so" to ""
[59.366s] -- Up-to-date: /mnt/c/Users/Pt/Desktop/dog/agent_dev/ros2_ws/install/robot_interfaces/include/robot_interfaces/robot_interfaces
[59.390s] -- Up-to-date: /mnt/c/Users/Pt/Desktop/dog/agent_dev/ros2_ws/install/robot_interfaces/include/robot_interfaces/robot_interfaces/msg
[59.418s] -- Up-to-date: /mnt/c/Users/Pt/Desktop/dog/agent_dev/ros2_ws/install/robot_interfaces/include/robot_interfaces/robot_interfaces/msg/detail
[59.472s] -- Installing: /mnt/c/Users/Pt/Desktop/dog/agent_dev/ros2_ws/install/robot_interfaces/include/robot_interfaces/robot_interfaces/msg/detail/target_info__rosidl_typesupport_introspection_cpp.hpp
[59.562s] -- Installing: /mnt/c/Users/Pt/Desktop/dog/agent_dev/ros2_ws/install/robot_interfaces/include/robot_interfaces/robot_interfaces/msg/detail/target_info__type_support.cpp
[59.743s] -- Up-to-date: /mnt/c/Users/Pt/Desktop/dog/agent_dev/ros2_ws/install/robot_interfaces/include/robot_interfaces/robot_interfaces/srv
[59.768s] -- Up-to-date: /mnt/c/Users/Pt/Desktop/dog/agent_dev/ros2_ws/install/robot_interfaces/include/robot_interfaces/robot_interfaces/srv/detail
[59.798s] -- Installing: /mnt/c/Users/Pt/Desktop/dog/agent_dev/ros2_ws/install/robot_interfaces/include/robot_interfaces/robot_interfaces/srv/detail/calibrate_center__rosidl_typesupport_introspection_cpp.hpp
[60.004s] -- Installing: /mnt/c/Users/Pt/Desktop/dog/agent_dev/ros2_ws/install/robot_interfaces/include/robot_interfaces/robot_interfaces/srv/detail/calibrate_center__type_support.cpp
[60.575s] -- Installing: /mnt/c/Users/Pt/Desktop/dog/agent_dev/ros2_ws/install/robot_interfaces/include/robot_interfaces/robot_interfaces/srv/detail/set_target_class__rosidl_typesupport_introspection_cpp.hpp
[60.738s] -- Installing: /mnt/c/Users/Pt/Desktop/dog/agent_dev/ros2_ws/install/robot_interfaces/include/robot_interfaces/robot_interfaces/srv/detail/set_target_class__type_support.cpp
[60.869s] -- Installing: /mnt/c/Users/Pt/Desktop/dog/agent_dev/ros2_ws/install/robot_interfaces/lib/librobot_interfaces__rosidl_typesupport_introspection_cpp.so
[61.101s] -- Set non-toolchain portion of runtime path of "/mnt/c/Users/Pt/Desktop/dog/agent_dev/ros2_ws/install/robot_interfaces/lib/librobot_interfaces__rosidl_typesupport_introspection_cpp.so" to ""
[61.130s] -- Installing: /mnt/c/Users/Pt/Desktop/dog/agent_dev/ros2_ws/install/robot_interfaces/lib/librobot_interfaces__rosidl_typesupport_cpp.so
[61.338s] -- Set non-toolchain portion of runtime path of "/mnt/c/Users/Pt/Desktop/dog/agent_dev/ros2_ws/install/robot_interfaces/lib/librobot_interfaces__rosidl_typesupport_cpp.so" to ""
[61.354s] -- Installing: /mnt/c/Users/Pt/Desktop/dog/agent_dev/ros2_ws/install/robot_interfaces/share/robot_interfaces/environment/pythonpath.sh
[61.447s] -- Installing: /mnt/c/Users/Pt/Desktop/dog/agent_dev/ros2_ws/install/robot_interfaces/share/robot_interfaces/environment/pythonpath.dsv
[61.508s] -- Installing: /mnt/c/Users/Pt/Desktop/dog/agent_dev/ros2_ws/install/robot_interfaces/lib/python3.12/site-packages/robot_interfaces-0.0.0-py3.12.egg-info
[61.543s] -- Installing: /mnt/c/Users/Pt/Desktop/dog/agent_dev/ros2_ws/install/robot_interfaces/lib/python3.12/site-packages/robot_interfaces-0.0.0-py3.12.egg-info/dependency_links.txt
[61.673s] -- Installing: /mnt/c/Users/Pt/Desktop/dog/agent_dev/ros2_ws/install/robot_interfaces/lib/python3.12/site-packages/robot_interfaces-0.0.0-py3.12.egg-info/PKG-INFO
[61.786s] -- Installing: /mnt/c/Users/Pt/Desktop/dog/agent_dev/ros2_ws/install/robot_interfaces/lib/python3.12/site-packages/robot_interfaces-0.0.0-py3.12.egg-info/SOURCES.txt
[61.862s] -- Installing: /mnt/c/Users/Pt/Desktop/dog/agent_dev/ros2_ws/install/robot_interfaces/lib/python3.12/site-packages/robot_interfaces-0.0.0-py3.12.egg-info/top_level.txt
[62.001s] -- Installing: /mnt/c/Users/Pt/Desktop/dog/agent_dev/ros2_ws/install/robot_interfaces/lib/python3.12/site-packages/robot_interfaces
[62.029s] -- Installing: /mnt/c/Users/Pt/Desktop/dog/agent_dev/ros2_ws/install/robot_interfaces/lib/python3.12/site-packages/robot_interfaces/msg
[62.115s] -- Installing: /mnt/c/Users/Pt/Desktop/dog/agent_dev/ros2_ws/install/robot_interfaces/lib/python3.12/site-packages/robot_interfaces/msg/_target_info.py
[62.207s] -- Installing: /mnt/c/Users/Pt/Desktop/dog/agent_dev/ros2_ws/install/robot_interfaces/lib/python3.12/site-packages/robot_interfaces/msg/_target_info_s.c
[62.359s] -- Installing: /mnt/c/Users/Pt/Desktop/dog/agent_dev/ros2_ws/install/robot_interfaces/lib/python3.12/site-packages/robot_interfaces/msg/__init__.py
[62.500s] -- Installing: /mnt/c/Users/Pt/Desktop/dog/agent_dev/ros2_ws/install/robot_interfaces/lib/python3.12/site-packages/robot_interfaces/robot_interfaces_s__rosidl_typesupport_c.so
[62.654s] -- Installing: /mnt/c/Users/Pt/Desktop/dog/agent_dev/ros2_ws/install/robot_interfaces/lib/python3.12/site-packages/robot_interfaces/robot_interfaces_s__rosidl_typesupport_fastrtps_c.so
[62.851s] -- Installing: /mnt/c/Users/Pt/Desktop/dog/agent_dev/ros2_ws/install/robot_interfaces/lib/python3.12/site-packages/robot_interfaces/robot_interfaces_s__rosidl_typesupport_introspection_c.so
[62.935s] -- Installing: /mnt/c/Users/Pt/Desktop/dog/agent_dev/ros2_ws/install/robot_interfaces/lib/python3.12/site-packages/robot_interfaces/srv
[62.973s] -- Installing: /mnt/c/Users/Pt/Desktop/dog/agent_dev/ros2_ws/install/robot_interfaces/lib/python3.12/site-packages/robot_interfaces/srv/_calibrate_center.py
[63.325s] -- Installing: /mnt/c/Users/Pt/Desktop/dog/agent_dev/ros2_ws/install/robot_interfaces/lib/python3.12/site-packages/robot_interfaces/srv/_calibrate_center_s.c
[63.642s] -- Installing: /mnt/c/Users/Pt/Desktop/dog/agent_dev/ros2_ws/install/robot_interfaces/lib/python3.12/site-packages/robot_interfaces/srv/_set_target_class.py
[63.819s] -- Installing: /mnt/c/Users/Pt/Desktop/dog/agent_dev/ros2_ws/install/robot_interfaces/lib/python3.12/site-packages/robot_interfaces/srv/_set_target_class_s.c
[63.920s] -- Installing: /mnt/c/Users/Pt/Desktop/dog/agent_dev/ros2_ws/install/robot_interfaces/lib/python3.12/site-packages/robot_interfaces/srv/__init__.py
[64.040s] -- Installing: /mnt/c/Users/Pt/Desktop/dog/agent_dev/ros2_ws/install/robot_interfaces/lib/python3.12/site-packages/robot_interfaces/_robot_interfaces_s.ep.rosidl_typesupport_c.c
[64.260s] -- Installing: /mnt/c/Users/Pt/Desktop/dog/agent_dev/ros2_ws/install/robot_interfaces/lib/python3.12/site-packages/robot_interfaces/_robot_interfaces_s.ep.rosidl_typesupport_fastrtps_c.c
[64.384s] -- Installing: /mnt/c/Users/Pt/Desktop/dog/agent_dev/ros2_ws/install/robot_interfaces/lib/python3.12/site-packages/robot_interfaces/_robot_interfaces_s.ep.rosidl_typesupport_introspection_c.c
[64.506s] -- Installing: /mnt/c/Users/Pt/Desktop/dog/agent_dev/ros2_ws/install/robot_interfaces/lib/python3.12/site-packages/robot_interfaces/__init__.py
[65.677s] Listing '/mnt/c/Users/Pt/Desktop/dog/agent_dev/ros2_ws/install/robot_interfaces/lib/python3.12/site-packages/robot_interfaces'...
[65.678s] Compiling '/mnt/c/Users/Pt/Desktop/dog/agent_dev/ros2_ws/install/robot_interfaces/lib/python3.12/site-packages/robot_interfaces/__init__.py'...
[65.679s] Listing '/mnt/c/Users/Pt/Desktop/dog/agent_dev/ros2_ws/install/robot_interfaces/lib/python3.12/site-packages/robot_interfaces/msg'...
[65.679s] Compiling '/mnt/c/Users/Pt/Desktop/dog/agent_dev/ros2_ws/install/robot_interfaces/lib/python3.12/site-packages/robot_interfaces/msg/__init__.py'...
[65.680s] Compiling '/mnt/c/Users/Pt/Desktop/dog/agent_dev/ros2_ws/install/robot_interfaces/lib/python3.12/site-packages/robot_interfaces/msg/_target_info.py'...
[65.681s] Listing '/mnt/c/Users/Pt/Desktop/dog/agent_dev/ros2_ws/install/robot_interfaces/lib/python3.12/site-packages/robot_interfaces/srv'...
[65.682s] Compiling '/mnt/c/Users/Pt/Desktop/dog/agent_dev/ros2_ws/install/robot_interfaces/lib/python3.12/site-packages/robot_interfaces/srv/__init__.py'...
[65.683s] Compiling '/mnt/c/Users/Pt/Desktop/dog/agent_dev/ros2_ws/install/robot_interfaces/lib/python3.12/site-packages/robot_interfaces/srv/_calibrate_center.py'...
[65.684s] Compiling '/mnt/c/Users/Pt/Desktop/dog/agent_dev/ros2_ws/install/robot_interfaces/lib/python3.12/site-packages/robot_interfaces/srv/_set_target_class.py'...
[65.762s] -- Installing: /mnt/c/Users/Pt/Desktop/dog/agent_dev/ros2_ws/install/robot_interfaces/lib/python3.12/site-packages/robot_interfaces/robot_interfaces_s__rosidl_typesupport_fastrtps_c.so
[66.212s] -- Set non-toolchain portion of runtime path of "/mnt/c/Users/Pt/Desktop/dog/agent_dev/ros2_ws/install/robot_interfaces/lib/python3.12/site-packages/robot_interfaces/robot_interfaces_s__rosidl_typesupport_fastrtps_c.so" to ""
[66.286s] -- Installing: /mnt/c/Users/Pt/Desktop/dog/agent_dev/ros2_ws/install/robot_interfaces/lib/python3.12/site-packages/robot_interfaces/robot_interfaces_s__rosidl_typesupport_introspection_c.so
[66.510s] -- Set non-toolchain portion of runtime path of "/mnt/c/Users/Pt/Desktop/dog/agent_dev/ros2_ws/install/robot_interfaces/lib/python3.12/site-packages/robot_interfaces/robot_interfaces_s__rosidl_typesupport_introspection_c.so" to ""
[66.590s] -- Installing: /mnt/c/Users/Pt/Desktop/dog/agent_dev/ros2_ws/install/robot_interfaces/lib/python3.12/site-packages/robot_interfaces/robot_interfaces_s__rosidl_typesupport_c.so
[66.777s] -- Set non-toolchain portion of runtime path of "/mnt/c/Users/Pt/Desktop/dog/agent_dev/ros2_ws/install/robot_interfaces/lib/python3.12/site-packages/robot_interfaces/robot_interfaces_s__rosidl_typesupport_c.so" to ""
[66.803s] -- Installing: /mnt/c/Users/Pt/Desktop/dog/agent_dev/ros2_ws/install/robot_interfaces/lib/librobot_interfaces__rosidl_generator_py.so
[66.941s] -- Set non-toolchain portion of runtime path of "/mnt/c/Users/Pt/Desktop/dog/agent_dev/ros2_ws/install/robot_interfaces/lib/librobot_interfaces__rosidl_generator_py.so" to ""
[67.009s] -- Installing: /mnt/c/Users/Pt/Desktop/dog/agent_dev/ros2_ws/install/robot_interfaces/share/ament_index/resource_index/rust_packages/robot_interfaces
[67.182s] -- Installing: /mnt/c/Users/Pt/Desktop/dog/agent_dev/ros2_ws/install/robot_interfaces/share/robot_interfaces/rust
[67.245s] -- Installing: /mnt/c/Users/Pt/Desktop/dog/agent_dev/ros2_ws/install/robot_interfaces/share/robot_interfaces/rust/build.rs
[67.366s] -- Installing: /mnt/c/Users/Pt/Desktop/dog/agent_dev/ros2_ws/install/robot_interfaces/share/robot_interfaces/rust/Cargo.toml
[67.463s] -- Installing: /mnt/c/Users/Pt/Desktop/dog/agent_dev/ros2_ws/install/robot_interfaces/share/robot_interfaces/rust/src
[67.636s] -- Installing: /mnt/c/Users/Pt/Desktop/dog/agent_dev/ros2_ws/install/robot_interfaces/share/robot_interfaces/rust/src/lib.rs
[67.742s] -- Installing: /mnt/c/Users/Pt/Desktop/dog/agent_dev/ros2_ws/install/robot_interfaces/share/robot_interfaces/rust/src/msg
[67.832s] -- Installing: /mnt/c/Users/Pt/Desktop/dog/agent_dev/ros2_ws/install/robot_interfaces/share/robot_interfaces/rust/src/msg/rmw.rs
[67.973s] -- Installing: /mnt/c/Users/Pt/Desktop/dog/agent_dev/ros2_ws/install/robot_interfaces/share/robot_interfaces/rust/src/msg.rs
[68.198s] -- Installing: /mnt/c/Users/Pt/Desktop/dog/agent_dev/ros2_ws/install/robot_interfaces/share/robot_interfaces/rust/src/srv
[68.237s] -- Installing: /mnt/c/Users/Pt/Desktop/dog/agent_dev/ros2_ws/install/robot_interfaces/share/robot_interfaces/rust/src/srv/rmw.rs
[68.494s] -- Installing: /mnt/c/Users/Pt/Desktop/dog/agent_dev/ros2_ws/install/robot_interfaces/share/robot_interfaces/rust/src/srv.rs
[68.888s] -- Installing: /mnt/c/Users/Pt/Desktop/dog/agent_dev/ros2_ws/install/robot_interfaces/share/robot_interfaces/msg/TargetInfo.idl
[69.023s] -- Installing: /mnt/c/Users/Pt/Desktop/dog/agent_dev/ros2_ws/install/robot_interfaces/share/robot_interfaces/srv/SetTargetClass.idl
[69.124s] -- Installing: /mnt/c/Users/Pt/Desktop/dog/agent_dev/ros2_ws/install/robot_interfaces/share/robot_interfaces/srv/CalibrateCenter.idl
[69.204s] -- Installing: /mnt/c/Users/Pt/Desktop/dog/agent_dev/ros2_ws/install/robot_interfaces/share/robot_interfaces/msg/TargetInfo.msg
[69.270s] -- Installing: /mnt/c/Users/Pt/Desktop/dog/agent_dev/ros2_ws/install/robot_interfaces/share/robot_interfaces/srv/SetTargetClass.srv
[69.338s] -- Installing: /mnt/c/Users/Pt/Desktop/dog/agent_dev/ros2_ws/install/robot_interfaces/share/robot_interfaces/srv/CalibrateCenter.srv
[69.567s] -- Installing: /mnt/c/Users/Pt/Desktop/dog/agent_dev/ros2_ws/install/robot_interfaces/share/ament_index/resource_index/package_run_dependencies/robot_interfaces
[69.745s] -- Installing: /mnt/c/Users/Pt/Desktop/dog/agent_dev/ros2_ws/install/robot_interfaces/share/ament_index/resource_index/parent_prefix_path/robot_interfaces
[69.854s] -- Installing: /mnt/c/Users/Pt/Desktop/dog/agent_dev/ros2_ws/install/robot_interfaces/share/robot_interfaces/environment/ament_prefix_path.sh
[70.017s] -- Installing: /mnt/c/Users/Pt/Desktop/dog/agent_dev/ros2_ws/install/robot_interfaces/share/robot_interfaces/environment/ament_prefix_path.dsv
[70.071s] -- Installing: /mnt/c/Users/Pt/Desktop/dog/agent_dev/ros2_ws/install/robot_interfaces/share/robot_interfaces/environment/path.sh
[70.308s] -- Installing: /mnt/c/Users/Pt/Desktop/dog/agent_dev/ros2_ws/install/robot_interfaces/share/robot_interfaces/environment/path.dsv
[70.365s] -- Installing: /mnt/c/Users/Pt/Desktop/dog/agent_dev/ros2_ws/install/robot_interfaces/share/robot_interfaces/local_setup.bash
[70.428s] -- Installing: /mnt/c/Users/Pt/Desktop/dog/agent_dev/ros2_ws/install/robot_interfaces/share/robot_interfaces/local_setup.sh
[70.483s] -- Installing: /mnt/c/Users/Pt/Desktop/dog/agent_dev/ros2_ws/install/robot_interfaces/share/robot_interfaces/local_setup.zsh
[70.612s] -- Installing: /mnt/c/Users/Pt/Desktop/dog/agent_dev/ros2_ws/install/robot_interfaces/share/robot_interfaces/local_setup.dsv
[70.670s] -- Installing: /mnt/c/Users/Pt/Desktop/dog/agent_dev/ros2_ws/install/robot_interfaces/share/robot_interfaces/package.dsv
[70.843s] -- Installing: /mnt/c/Users/Pt/Desktop/dog/agent_dev/ros2_ws/install/robot_interfaces/share/ament_index/resource_index/packages/robot_interfaces
[71.186s] -- Installing: /mnt/c/Users/Pt/Desktop/dog/agent_dev/ros2_ws/install/robot_interfaces/share/robot_interfaces/cmake/export_robot_interfaces__rosidl_generator_cExport.cmake
[71.259s] -- Installing: /mnt/c/Users/Pt/Desktop/dog/agent_dev/ros2_ws/install/robot_interfaces/share/robot_interfaces/cmake/export_robot_interfaces__rosidl_generator_cExport-noconfig.cmake
[71.343s] -- Installing: /mnt/c/Users/Pt/Desktop/dog/agent_dev/ros2_ws/install/robot_interfaces/share/robot_interfaces/cmake/export_robot_interfaces__rosidl_typesupport_fastrtps_cExport.cmake
[71.467s] -- Installing: /mnt/c/Users/Pt/Desktop/dog/agent_dev/ros2_ws/install/robot_interfaces/share/robot_interfaces/cmake/export_robot_interfaces__rosidl_typesupport_fastrtps_cExport-noconfig.cmake
[71.691s] -- Installing: /mnt/c/Users/Pt/Desktop/dog/agent_dev/ros2_ws/install/robot_interfaces/share/robot_interfaces/cmake/robot_interfaces__rosidl_typesupport_introspection_cExport.cmake
[71.841s] -- Installing: /mnt/c/Users/Pt/Desktop/dog/agent_dev/ros2_ws/install/robot_interfaces/share/robot_interfaces/cmake/robot_interfaces__rosidl_typesupport_introspection_cExport-noconfig.cmake
[72.193s] -- Installing: /mnt/c/Users/Pt/Desktop/dog/agent_dev/ros2_ws/install/robot_interfaces/share/robot_interfaces/cmake/robot_interfaces__rosidl_typesupport_cExport.cmake
[72.270s] -- Installing: /mnt/c/Users/Pt/Desktop/dog/agent_dev/ros2_ws/install/robot_interfaces/share/robot_interfaces/cmake/robot_interfaces__rosidl_typesupport_cExport-noconfig.cmake
[72.511s] -- Installing: /mnt/c/Users/Pt/Desktop/dog/agent_dev/ros2_ws/install/robot_interfaces/share/robot_interfaces/cmake/export_robot_interfaces__rosidl_generator_cppExport.cmake
[72.604s] -- Installing: /mnt/c/Users/Pt/Desktop/dog/agent_dev/ros2_ws/install/robot_interfaces/share/robot_interfaces/cmake/export_robot_interfaces__rosidl_typesupport_fastrtps_cppExport.cmake
[72.756s] -- Installing: /mnt/c/Users/Pt/Desktop/dog/agent_dev/ros2_ws/install/robot_interfaces/share/robot_interfaces/cmake/export_robot_interfaces__rosidl_typesupport_fastrtps_cppExport-noconfig.cmake
[72.825s] -- Installing: /mnt/c/Users/Pt/Desktop/dog/agent_dev/ros2_ws/install/robot_interfaces/share/robot_interfaces/cmake/robot_interfaces__rosidl_typesupport_introspection_cppExport.cmake
[72.911s] -- Installing: /mnt/c/Users/Pt/Desktop/dog/agent_dev/ros2_ws/install/robot_interfaces/share/robot_interfaces/cmake/robot_interfaces__rosidl_typesupport_introspection_cppExport-noconfig.cmake
[73.239s] -- Installing: /mnt/c/Users/Pt/Desktop/dog/agent_dev/ros2_ws/install/robot_interfaces/share/robot_interfaces/cmake/robot_interfaces__rosidl_typesupport_cppExport.cmake
[73.547s] -- Installing: /mnt/c/Users/Pt/Desktop/dog/agent_dev/ros2_ws/install/robot_interfaces/share/robot_interfaces/cmake/robot_interfaces__rosidl_typesupport_cppExport-noconfig.cmake
[73.794s] -- Installing: /mnt/c/Users/Pt/Desktop/dog/agent_dev/ros2_ws/install/robot_interfaces/share/robot_interfaces/cmake/export_robot_interfaces__rosidl_generator_pyExport.cmake
[74.139s] -- Installing: /mnt/c/Users/Pt/Desktop/dog/agent_dev/ros2_ws/install/robot_interfaces/share/robot_interfaces/cmake/export_robot_interfaces__rosidl_generator_pyExport-noconfig.cmake
[74.428s] -- Installing: /mnt/c/Users/Pt/Desktop/dog/agent_dev/ros2_ws/install/robot_interfaces/share/robot_interfaces/cmake/rosidl_cmake-extras.cmake
[74.691s] -- Installing: /mnt/c/Users/Pt/Desktop/dog/agent_dev/ros2_ws/install/robot_interfaces/share/robot_interfaces/cmake/ament_cmake_export_dependencies-extras.cmake
[74.925s] -- Installing: /mnt/c/Users/Pt/Desktop/dog/agent_dev/ros2_ws/install/robot_interfaces/share/robot_interfaces/cmake/ament_cmake_export_include_directories-extras.cmake
[75.020s] -- Installing: /mnt/c/Users/Pt/Desktop/dog/agent_dev/ros2_ws/install/robot_interfaces/share/robot_interfaces/cmake/ament_cmake_export_libraries-extras.cmake
[75.130s] -- Installing: /mnt/c/Users/Pt/Desktop/dog/agent_dev/ros2_ws/install/robot_interfaces/share/robot_interfaces/cmake/ament_cmake_export_targets-extras.cmake
[75.247s] -- Installing: /mnt/c/Users/Pt/Desktop/dog/agent_dev/ros2_ws/install/robot_interfaces/share/robot_interfaces/cmake/rosidl_cmake_export_typesupport_targets-extras.cmake
[75.389s] -- Installing: /mnt/c/Users/Pt/Desktop/dog/agent_dev/ros2_ws/install/robot_interfaces/share/robot_interfaces/cmake/rosidl_cmake_export_typesupport_libraries-extras.cmake
[75.515s] -- Installing: /mnt/c/Users/Pt/Desktop/dog/agent_dev/ros2_ws/install/robot_interfaces/share/robot_interfaces/cmake/robot_interfacesConfig.cmake
[75.662s] -- Installing: /mnt/c/Users/Pt/Desktop/dog/agent_dev/ros2_ws/install/robot_interfaces/share/robot_interfaces/cmake/robot_interfacesConfig-version.cmake
[75.806s] -- Installing: /mnt/c/Users/Pt/Desktop/dog/agent_dev/ros2_ws/install/robot_interfaces/share/robot_interfaces/package.xml
[75.967s] Invoked command in '/mnt/c/Users/Pt/Desktop/dog/agent_dev/ros2_ws/build/robot_interfaces' returned '0': CMAKE_PREFIX_PATH=${CMAKE_PREFIX_PATH}:/opt/ros/jazzy DEBUGINFOD_URLS=https://debuginfod.ubuntu.com /usr/bin/cmake --install /mnt/c/Users/Pt/Desktop/dog/agent_dev/ros2_ws/build/robot_interfaces
