[0.006s] Invoking command in '/home/peter/dog/dog_dev/build/robot_interfaces': CMAKE_PREFIX_PATH=${CMAKE_PREFIX_PATH}:/opt/ros/jazzy DEBUGINFOD_URLS=https://debuginfod.ubuntu.com /usr/bin/cmake /home/peter/dog/dog_dev/ros2_ws/src/robot_interfaces -DCMAKE_INSTALL_PREFIX=/home/peter/dog/dog_dev/install/robot_interfaces
[0.014s] -- Found ament_cmake: 2.5.6 (/opt/ros/jazzy/share/ament_cmake/cmake)
[0.083s] -- Found rosidl_default_generators: 1.6.0 (/opt/ros/jazzy/share/rosidl_default_generators/cmake)
[0.085s] -- Using all available rosidl_typesupport_c: rosidl_typesupport_fastrtps_c;rosidl_typesupport_introspection_c
[0.908s] -- Using all available rosidl_typesupport_cpp: rosidl_typesupport_fastrtps_cpp;rosidl_typesupport_introspection_cpp
[0.929s] -- Found rosidl_adapter: 4.6.7 (/opt/ros/jazzy/share/rosidl_adapter/cmake)
[0.930s] -- Found std_msgs: 5.3.7 (/opt/ros/jazzy/share/std_msgs/cmake)
[1.151s] -- Found ament_cmake_ros: 0.12.0 (/opt/ros/jazzy/share/ament_cmake_ros/cmake)
[1.242s] -- Using all available rosidl_typesupport_c: rosidl_typesupport_fastrtps_c;rosidl_typesupport_introspection_c
[1.360s] -- Using all available rosidl_typesupport_cpp: rosidl_typesupport_fastrtps_cpp;rosidl_typesupport_introspection_cpp
[1.360s] -- Found python_cmake_module: 0.11.1 (/opt/ros/jazzy/share/python_cmake_module/cmake)
[1.541s] -- Found Python3: /usr/bin/python3 (found version "3.12.3") found components: Interpreter Development NumPy Development.Module Development.Embed 
[1.586s] -- Found Python3: /usr/bin/python3 (found version "3.12.3") found components: Interpreter 
[1.590s] -- Configuring done (1.6s)
[1.626s] -- Generating done (0.0s)
[1.636s] -- Build files have been written to: /home/peter/dog/dog_dev/build/robot_interfaces
[1.642s] Invoked command in '/home/peter/dog/dog_dev/build/robot_interfaces' returned '0': CMAKE_PREFIX_PATH=${CMAKE_PREFIX_PATH}:/opt/ros/jazzy DEBUGINFOD_URLS=https://debuginfod.ubuntu.com /usr/bin/cmake /home/peter/dog/dog_dev/ros2_ws/src/robot_interfaces -DCMAKE_INSTALL_PREFIX=/home/peter/dog/dog_dev/install/robot_interfaces
[1.643s] Invoking command in '/home/peter/dog/dog_dev/build/robot_interfaces': CMAKE_PREFIX_PATH=${CMAKE_PREFIX_PATH}:/opt/ros/jazzy DEBUGINFOD_URLS=https://debuginfod.ubuntu.com /usr/bin/cmake --build /home/peter/dog/dog_dev/build/robot_interfaces -- -j16 -l16
[1.678s] [  1%] Built target robot_interfaces__rosidl_generator_type_description
[1.678s] [  2%] Built target robot_interfaces__rs
[1.684s] [  2%] Built target ament_cmake_python_copy_robot_interfaces
[1.691s] [  4%] Built target robot_interfaces__cpp
[1.696s] [ 26%] Built target robot_interfaces__rosidl_generator_c
[1.713s] [ 36%] Built target robot_interfaces__rosidl_typesupport_c
[1.715s] [ 45%] Built target robot_interfaces__rosidl_typesupport_introspection_c
[1.715s] [ 54%] Built target robot_interfaces__rosidl_typesupport_introspection_cpp
[1.716s] [ 64%] Built target robot_interfaces__rosidl_typesupport_cpp
[1.718s] [ 73%] Built target robot_interfaces__rosidl_typesupport_fastrtps_cpp
[1.719s] [ 82%] Built target robot_interfaces__rosidl_typesupport_fastrtps_c
[1.734s] [ 82%] Built target robot_interfaces
[1.748s] [ 84%] Built target robot_interfaces__py
[1.767s] [ 92%] Built target robot_interfaces__rosidl_generator_py
[1.782s] [ 94%] Built target robot_interfaces_s__rosidl_typesupport_introspection_c
[1.782s] [ 97%] Built target robot_interfaces_s__rosidl_typesupport_fastrtps_c
[1.783s] [100%] Built target robot_interfaces_s__rosidl_typesupport_c
[1.816s] running egg_info
[1.827s] writing robot_interfaces.egg-info/PKG-INFO
[1.827s] writing dependency_links to robot_interfaces.egg-info/dependency_links.txt
[1.827s] writing top-level names to robot_interfaces.egg-info/top_level.txt
[1.860s] reading manifest file 'robot_interfaces.egg-info/SOURCES.txt'
[1.861s] writing manifest file 'robot_interfaces.egg-info/SOURCES.txt'
[1.879s] [100%] Built target ament_cmake_python_build_robot_interfaces_egg
[1.887s] Invoked command in '/home/peter/dog/dog_dev/build/robot_interfaces' returned '0': CMAKE_PREFIX_PATH=${CMAKE_PREFIX_PATH}:/opt/ros/jazzy DEBUGINFOD_URLS=https://debuginfod.ubuntu.com /usr/bin/cmake --build /home/peter/dog/dog_dev/build/robot_interfaces -- -j16 -l16
[1.894s] Invoking command in '/home/peter/dog/dog_dev/build/robot_interfaces': CMAKE_PREFIX_PATH=${CMAKE_PREFIX_PATH}:/opt/ros/jazzy DEBUGINFOD_URLS=https://debuginfod.ubuntu.com /usr/bin/cmake --install /home/peter/dog/dog_dev/build/robot_interfaces
[1.900s] -- Install configuration: ""
[1.900s] -- Up-to-date: /home/peter/dog/dog_dev/install/robot_interfaces/share/ament_index/resource_index/rosidl_interfaces/robot_interfaces
[1.900s] -- Up-to-date: /home/peter/dog/dog_dev/install/robot_interfaces/share/robot_interfaces/msg/TargetInfo.json
[1.900s] -- Up-to-date: /home/peter/dog/dog_dev/install/robot_interfaces/share/robot_interfaces/msg/SimpleDetection.json
[1.901s] -- Up-to-date: /home/peter/dog/dog_dev/install/robot_interfaces/share/robot_interfaces/msg/SimpleDetection2DArray.json
[1.901s] -- Up-to-date: /home/peter/dog/dog_dev/install/robot_interfaces/share/robot_interfaces/srv/SetTargetClass.json
[1.901s] -- Up-to-date: /home/peter/dog/dog_dev/install/robot_interfaces/share/robot_interfaces/srv/CalibrateCenter.json
[1.901s] -- Up-to-date: /home/peter/dog/dog_dev/install/robot_interfaces/include/robot_interfaces/robot_interfaces
[1.901s] -- Up-to-date: /home/peter/dog/dog_dev/install/robot_interfaces/include/robot_interfaces/robot_interfaces/srv
[1.902s] -- Up-to-date: /home/peter/dog/dog_dev/install/robot_interfaces/include/robot_interfaces/robot_interfaces/srv/detail
[1.902s] -- Up-to-date: /home/peter/dog/dog_dev/install/robot_interfaces/include/robot_interfaces/robot_interfaces/srv/detail/calibrate_center__type_support.h
[1.902s] -- Up-to-date: /home/peter/dog/dog_dev/install/robot_interfaces/include/robot_interfaces/robot_interfaces/srv/detail/set_target_class__struct.h
[1.902s] -- Up-to-date: /home/peter/dog/dog_dev/install/robot_interfaces/include/robot_interfaces/robot_interfaces/srv/detail/calibrate_center__struct.h
[1.902s] -- Up-to-date: /home/peter/dog/dog_dev/install/robot_interfaces/include/robot_interfaces/robot_interfaces/srv/detail/calibrate_center__functions.c
[1.902s] -- Up-to-date: /home/peter/dog/dog_dev/install/robot_interfaces/include/robot_interfaces/robot_interfaces/srv/detail/set_target_class__type_support.h
[1.902s] -- Up-to-date: /home/peter/dog/dog_dev/install/robot_interfaces/include/robot_interfaces/robot_interfaces/srv/detail/calibrate_center__functions.h
[1.902s] -- Up-to-date: /home/peter/dog/dog_dev/install/robot_interfaces/include/robot_interfaces/robot_interfaces/srv/detail/calibrate_center__description.c
[1.902s] -- Up-to-date: /home/peter/dog/dog_dev/install/robot_interfaces/include/robot_interfaces/robot_interfaces/srv/detail/set_target_class__functions.c
[1.902s] -- Up-to-date: /home/peter/dog/dog_dev/install/robot_interfaces/include/robot_interfaces/robot_interfaces/srv/detail/set_target_class__functions.h
[1.902s] -- Up-to-date: /home/peter/dog/dog_dev/install/robot_interfaces/include/robot_interfaces/robot_interfaces/srv/detail/set_target_class__description.c
[1.902s] -- Up-to-date: /home/peter/dog/dog_dev/install/robot_interfaces/include/robot_interfaces/robot_interfaces/srv/detail/set_target_class__type_support.c
[1.903s] -- Up-to-date: /home/peter/dog/dog_dev/install/robot_interfaces/include/robot_interfaces/robot_interfaces/srv/detail/calibrate_center__type_support.c
[1.903s] -- Up-to-date: /home/peter/dog/dog_dev/install/robot_interfaces/include/robot_interfaces/robot_interfaces/srv/calibrate_center.h
[1.903s] -- Up-to-date: /home/peter/dog/dog_dev/install/robot_interfaces/include/robot_interfaces/robot_interfaces/srv/set_target_class.h
[1.903s] -- Up-to-date: /home/peter/dog/dog_dev/install/robot_interfaces/include/robot_interfaces/robot_interfaces/msg
[1.903s] -- Up-to-date: /home/peter/dog/dog_dev/install/robot_interfaces/include/robot_interfaces/robot_interfaces/msg/detail
[1.903s] -- Up-to-date: /home/peter/dog/dog_dev/install/robot_interfaces/include/robot_interfaces/robot_interfaces/msg/detail/target_info__type_support.c
[1.903s] -- Up-to-date: /home/peter/dog/dog_dev/install/robot_interfaces/include/robot_interfaces/robot_interfaces/msg/detail/simple_detection2_d_array__type_support.c
[1.903s] -- Up-to-date: /home/peter/dog/dog_dev/install/robot_interfaces/include/robot_interfaces/robot_interfaces/msg/detail/simple_detection__functions.h
[1.904s] -- Up-to-date: /home/peter/dog/dog_dev/install/robot_interfaces/include/robot_interfaces/robot_interfaces/msg/detail/simple_detection__functions.c
[1.904s] -- Up-to-date: /home/peter/dog/dog_dev/install/robot_interfaces/include/robot_interfaces/robot_interfaces/msg/detail/simple_detection__type_support.h
[1.904s] -- Up-to-date: /home/peter/dog/dog_dev/install/robot_interfaces/include/robot_interfaces/robot_interfaces/msg/detail/target_info__functions.c
[1.904s] -- Up-to-date: /home/peter/dog/dog_dev/install/robot_interfaces/include/robot_interfaces/robot_interfaces/msg/detail/simple_detection__struct.h
[1.904s] -- Up-to-date: /home/peter/dog/dog_dev/install/robot_interfaces/include/robot_interfaces/robot_interfaces/msg/detail/simple_detection2_d_array__description.c
[1.904s] -- Up-to-date: /home/peter/dog/dog_dev/install/robot_interfaces/include/robot_interfaces/robot_interfaces/msg/detail/target_info__struct.h
[1.904s] -- Up-to-date: /home/peter/dog/dog_dev/install/robot_interfaces/include/robot_interfaces/robot_interfaces/msg/detail/simple_detection__description.c
[1.904s] -- Up-to-date: /home/peter/dog/dog_dev/install/robot_interfaces/include/robot_interfaces/robot_interfaces/msg/detail/target_info__type_support.h
[1.904s] -- Up-to-date: /home/peter/dog/dog_dev/install/robot_interfaces/include/robot_interfaces/robot_interfaces/msg/detail/simple_detection__type_support.c
[1.904s] -- Up-to-date: /home/peter/dog/dog_dev/install/robot_interfaces/include/robot_interfaces/robot_interfaces/msg/detail/simple_detection2_d_array__type_support.h
[1.904s] -- Up-to-date: /home/peter/dog/dog_dev/install/robot_interfaces/include/robot_interfaces/robot_interfaces/msg/detail/target_info__description.c
[1.904s] -- Up-to-date: /home/peter/dog/dog_dev/install/robot_interfaces/include/robot_interfaces/robot_interfaces/msg/detail/simple_detection2_d_array__struct.h
[1.904s] -- Up-to-date: /home/peter/dog/dog_dev/install/robot_interfaces/include/robot_interfaces/robot_interfaces/msg/detail/target_info__functions.h
[1.904s] -- Up-to-date: /home/peter/dog/dog_dev/install/robot_interfaces/include/robot_interfaces/robot_interfaces/msg/detail/simple_detection2_d_array__functions.c
[1.904s] -- Up-to-date: /home/peter/dog/dog_dev/install/robot_interfaces/include/robot_interfaces/robot_interfaces/msg/detail/simple_detection2_d_array__functions.h
[1.904s] -- Up-to-date: /home/peter/dog/dog_dev/install/robot_interfaces/include/robot_interfaces/robot_interfaces/msg/simple_detection.h
[1.904s] -- Up-to-date: /home/peter/dog/dog_dev/install/robot_interfaces/include/robot_interfaces/robot_interfaces/msg/simple_detection2_d_array.h
[1.904s] -- Up-to-date: /home/peter/dog/dog_dev/install/robot_interfaces/include/robot_interfaces/robot_interfaces/msg/rosidl_generator_c__visibility_control.h
[1.905s] -- Up-to-date: /home/peter/dog/dog_dev/install/robot_interfaces/include/robot_interfaces/robot_interfaces/msg/target_info.h
[1.905s] -- Up-to-date: /home/peter/dog/dog_dev/install/robot_interfaces/share/robot_interfaces/environment/library_path.sh
[1.905s] -- Up-to-date: /home/peter/dog/dog_dev/install/robot_interfaces/share/robot_interfaces/environment/library_path.dsv
[1.905s] -- Up-to-date: /home/peter/dog/dog_dev/install/robot_interfaces/lib/librobot_interfaces__rosidl_generator_c.so
[1.905s] -- Up-to-date: /home/peter/dog/dog_dev/install/robot_interfaces/include/robot_interfaces/robot_interfaces
[1.905s] -- Up-to-date: /home/peter/dog/dog_dev/install/robot_interfaces/include/robot_interfaces/robot_interfaces/srv
[1.905s] -- Up-to-date: /home/peter/dog/dog_dev/install/robot_interfaces/include/robot_interfaces/robot_interfaces/srv/detail
[1.905s] -- Up-to-date: /home/peter/dog/dog_dev/install/robot_interfaces/include/robot_interfaces/robot_interfaces/srv/detail/set_target_class__rosidl_typesupport_fastrtps_c.h
[1.905s] -- Up-to-date: /home/peter/dog/dog_dev/install/robot_interfaces/include/robot_interfaces/robot_interfaces/srv/detail/calibrate_center__rosidl_typesupport_fastrtps_c.h
[1.905s] -- Up-to-date: /home/peter/dog/dog_dev/install/robot_interfaces/include/robot_interfaces/robot_interfaces/msg
[1.905s] -- Up-to-date: /home/peter/dog/dog_dev/install/robot_interfaces/include/robot_interfaces/robot_interfaces/msg/detail
[1.905s] -- Up-to-date: /home/peter/dog/dog_dev/install/robot_interfaces/include/robot_interfaces/robot_interfaces/msg/detail/simple_detection__rosidl_typesupport_fastrtps_c.h
[1.905s] -- Up-to-date: /home/peter/dog/dog_dev/install/robot_interfaces/include/robot_interfaces/robot_interfaces/msg/detail/target_info__rosidl_typesupport_fastrtps_c.h
[1.905s] -- Up-to-date: /home/peter/dog/dog_dev/install/robot_interfaces/include/robot_interfaces/robot_interfaces/msg/detail/simple_detection2_d_array__rosidl_typesupport_fastrtps_c.h
[1.905s] -- Up-to-date: /home/peter/dog/dog_dev/install/robot_interfaces/include/robot_interfaces/robot_interfaces/msg/rosidl_typesupport_fastrtps_c__visibility_control.h
[1.905s] -- Up-to-date: /home/peter/dog/dog_dev/install/robot_interfaces/lib/librobot_interfaces__rosidl_typesupport_fastrtps_c.so
[1.905s] -- Up-to-date: /home/peter/dog/dog_dev/install/robot_interfaces/include/robot_interfaces/robot_interfaces
[1.905s] -- Up-to-date: /home/peter/dog/dog_dev/install/robot_interfaces/include/robot_interfaces/robot_interfaces/srv
[1.905s] -- Up-to-date: /home/peter/dog/dog_dev/install/robot_interfaces/include/robot_interfaces/robot_interfaces/srv/detail
[1.905s] -- Up-to-date: /home/peter/dog/dog_dev/install/robot_interfaces/include/robot_interfaces/robot_interfaces/srv/detail/set_target_class__rosidl_typesupport_introspection_c.h
[1.905s] -- Up-to-date: /home/peter/dog/dog_dev/install/robot_interfaces/include/robot_interfaces/robot_interfaces/srv/detail/set_target_class__type_support.c
[1.905s] -- Up-to-date: /home/peter/dog/dog_dev/install/robot_interfaces/include/robot_interfaces/robot_interfaces/srv/detail/calibrate_center__type_support.c
[1.906s] -- Up-to-date: /home/peter/dog/dog_dev/install/robot_interfaces/include/robot_interfaces/robot_interfaces/srv/detail/calibrate_center__rosidl_typesupport_introspection_c.h
[1.906s] -- Up-to-date: /home/peter/dog/dog_dev/install/robot_interfaces/include/robot_interfaces/robot_interfaces/msg
[1.906s] -- Up-to-date: /home/peter/dog/dog_dev/install/robot_interfaces/include/robot_interfaces/robot_interfaces/msg/detail
[1.906s] -- Up-to-date: /home/peter/dog/dog_dev/install/robot_interfaces/include/robot_interfaces/robot_interfaces/msg/detail/target_info__type_support.c
[1.906s] -- Up-to-date: /home/peter/dog/dog_dev/install/robot_interfaces/include/robot_interfaces/robot_interfaces/msg/detail/simple_detection2_d_array__type_support.c
[1.906s] -- Up-to-date: /home/peter/dog/dog_dev/install/robot_interfaces/include/robot_interfaces/robot_interfaces/msg/detail/simple_detection2_d_array__rosidl_typesupport_introspection_c.h
[1.906s] -- Up-to-date: /home/peter/dog/dog_dev/install/robot_interfaces/include/robot_interfaces/robot_interfaces/msg/detail/simple_detection__type_support.c
[1.906s] -- Up-to-date: /home/peter/dog/dog_dev/install/robot_interfaces/include/robot_interfaces/robot_interfaces/msg/detail/simple_detection__rosidl_typesupport_introspection_c.h
[1.906s] -- Up-to-date: /home/peter/dog/dog_dev/install/robot_interfaces/include/robot_interfaces/robot_interfaces/msg/detail/target_info__rosidl_typesupport_introspection_c.h
[1.906s] -- Up-to-date: /home/peter/dog/dog_dev/install/robot_interfaces/include/robot_interfaces/robot_interfaces/msg/rosidl_typesupport_introspection_c__visibility_control.h
[1.906s] -- Up-to-date: /home/peter/dog/dog_dev/install/robot_interfaces/lib/librobot_interfaces__rosidl_typesupport_introspection_c.so
[1.906s] -- Up-to-date: /home/peter/dog/dog_dev/install/robot_interfaces/lib/librobot_interfaces__rosidl_typesupport_c.so
[1.906s] -- Up-to-date: /home/peter/dog/dog_dev/install/robot_interfaces/include/robot_interfaces/robot_interfaces
[1.906s] -- Up-to-date: /home/peter/dog/dog_dev/install/robot_interfaces/include/robot_interfaces/robot_interfaces/srv
[1.906s] -- Up-to-date: /home/peter/dog/dog_dev/install/robot_interfaces/include/robot_interfaces/robot_interfaces/srv/calibrate_center.hpp
[1.906s] -- Up-to-date: /home/peter/dog/dog_dev/install/robot_interfaces/include/robot_interfaces/robot_interfaces/srv/detail
[1.906s] -- Up-to-date: /home/peter/dog/dog_dev/install/robot_interfaces/include/robot_interfaces/robot_interfaces/srv/detail/calibrate_center__traits.hpp
[1.906s] -- Up-to-date: /home/peter/dog/dog_dev/install/robot_interfaces/include/robot_interfaces/robot_interfaces/srv/detail/calibrate_center__struct.hpp
[1.906s] -- Up-to-date: /home/peter/dog/dog_dev/install/robot_interfaces/include/robot_interfaces/robot_interfaces/srv/detail/calibrate_center__type_support.hpp
[1.906s] -- Up-to-date: /home/peter/dog/dog_dev/install/robot_interfaces/include/robot_interfaces/robot_interfaces/srv/detail/set_target_class__builder.hpp
[1.906s] -- Up-to-date: /home/peter/dog/dog_dev/install/robot_interfaces/include/robot_interfaces/robot_interfaces/srv/detail/calibrate_center__builder.hpp
[1.906s] -- Up-to-date: /home/peter/dog/dog_dev/install/robot_interfaces/include/robot_interfaces/robot_interfaces/srv/detail/set_target_class__struct.hpp
[1.906s] -- Up-to-date: /home/peter/dog/dog_dev/install/robot_interfaces/include/robot_interfaces/robot_interfaces/srv/detail/set_target_class__type_support.hpp
[1.906s] -- Up-to-date: /home/peter/dog/dog_dev/install/robot_interfaces/include/robot_interfaces/robot_interfaces/srv/detail/set_target_class__traits.hpp
[1.906s] -- Up-to-date: /home/peter/dog/dog_dev/install/robot_interfaces/include/robot_interfaces/robot_interfaces/srv/set_target_class.hpp
[1.906s] -- Up-to-date: /home/peter/dog/dog_dev/install/robot_interfaces/include/robot_interfaces/robot_interfaces/msg
[1.906s] -- Up-to-date: /home/peter/dog/dog_dev/install/robot_interfaces/include/robot_interfaces/robot_interfaces/msg/rosidl_generator_cpp__visibility_control.hpp
[1.907s] -- Up-to-date: /home/peter/dog/dog_dev/install/robot_interfaces/include/robot_interfaces/robot_interfaces/msg/detail
[1.907s] -- Up-to-date: /home/peter/dog/dog_dev/install/robot_interfaces/include/robot_interfaces/robot_interfaces/msg/detail/target_info__traits.hpp
[1.907s] -- Up-to-date: /home/peter/dog/dog_dev/install/robot_interfaces/include/robot_interfaces/robot_interfaces/msg/detail/target_info__builder.hpp
[1.907s] -- Up-to-date: /home/peter/dog/dog_dev/install/robot_interfaces/include/robot_interfaces/robot_interfaces/msg/detail/simple_detection__traits.hpp
[1.907s] -- Up-to-date: /home/peter/dog/dog_dev/install/robot_interfaces/include/robot_interfaces/robot_interfaces/msg/detail/simple_detection2_d_array__traits.hpp
[1.907s] -- Up-to-date: /home/peter/dog/dog_dev/install/robot_interfaces/include/robot_interfaces/robot_interfaces/msg/detail/target_info__struct.hpp
[1.907s] -- Up-to-date: /home/peter/dog/dog_dev/install/robot_interfaces/include/robot_interfaces/robot_interfaces/msg/detail/target_info__type_support.hpp
[1.907s] -- Up-to-date: /home/peter/dog/dog_dev/install/robot_interfaces/include/robot_interfaces/robot_interfaces/msg/detail/simple_detection__type_support.hpp
[1.907s] -- Up-to-date: /home/peter/dog/dog_dev/install/robot_interfaces/include/robot_interfaces/robot_interfaces/msg/detail/simple_detection2_d_array__type_support.hpp
[1.907s] -- Up-to-date: /home/peter/dog/dog_dev/install/robot_interfaces/include/robot_interfaces/robot_interfaces/msg/detail/simple_detection2_d_array__builder.hpp
[1.907s] -- Up-to-date: /home/peter/dog/dog_dev/install/robot_interfaces/include/robot_interfaces/robot_interfaces/msg/detail/simple_detection__builder.hpp
[1.907s] -- Up-to-date: /home/peter/dog/dog_dev/install/robot_interfaces/include/robot_interfaces/robot_interfaces/msg/detail/simple_detection__struct.hpp
[1.907s] -- Up-to-date: /home/peter/dog/dog_dev/install/robot_interfaces/include/robot_interfaces/robot_interfaces/msg/detail/simple_detection2_d_array__struct.hpp
[1.907s] -- Up-to-date: /home/peter/dog/dog_dev/install/robot_interfaces/include/robot_interfaces/robot_interfaces/msg/simple_detection.hpp
[1.907s] -- Up-to-date: /home/peter/dog/dog_dev/install/robot_interfaces/include/robot_interfaces/robot_interfaces/msg/target_info.hpp
[1.907s] -- Up-to-date: /home/peter/dog/dog_dev/install/robot_interfaces/include/robot_interfaces/robot_interfaces/msg/simple_detection2_d_array.hpp
[1.907s] -- Up-to-date: /home/peter/dog/dog_dev/install/robot_interfaces/include/robot_interfaces/robot_interfaces
[1.907s] -- Up-to-date: /home/peter/dog/dog_dev/install/robot_interfaces/include/robot_interfaces/robot_interfaces/srv
[1.907s] -- Up-to-date: /home/peter/dog/dog_dev/install/robot_interfaces/include/robot_interfaces/robot_interfaces/srv/detail
[1.907s] -- Up-to-date: /home/peter/dog/dog_dev/install/robot_interfaces/include/robot_interfaces/robot_interfaces/srv/detail/set_target_class__rosidl_typesupport_fastrtps_cpp.hpp
[1.907s] -- Up-to-date: /home/peter/dog/dog_dev/install/robot_interfaces/include/robot_interfaces/robot_interfaces/srv/detail/calibrate_center__rosidl_typesupport_fastrtps_cpp.hpp
[1.907s] -- Up-to-date: /home/peter/dog/dog_dev/install/robot_interfaces/include/robot_interfaces/robot_interfaces/srv/detail/dds_fastrtps
[1.908s] -- Up-to-date: /home/peter/dog/dog_dev/install/robot_interfaces/include/robot_interfaces/robot_interfaces/msg
[1.908s] -- Up-to-date: /home/peter/dog/dog_dev/install/robot_interfaces/include/robot_interfaces/robot_interfaces/msg/detail
[1.908s] -- Up-to-date: /home/peter/dog/dog_dev/install/robot_interfaces/include/robot_interfaces/robot_interfaces/msg/detail/simple_detection__rosidl_typesupport_fastrtps_cpp.hpp
[1.908s] -- Up-to-date: /home/peter/dog/dog_dev/install/robot_interfaces/include/robot_interfaces/robot_interfaces/msg/detail/target_info__rosidl_typesupport_fastrtps_cpp.hpp
[1.908s] -- Up-to-date: /home/peter/dog/dog_dev/install/robot_interfaces/include/robot_interfaces/robot_interfaces/msg/detail/simple_detection2_d_array__rosidl_typesupport_fastrtps_cpp.hpp
[1.908s] -- Up-to-date: /home/peter/dog/dog_dev/install/robot_interfaces/include/robot_interfaces/robot_interfaces/msg/detail/dds_fastrtps
[1.908s] -- Up-to-date: /home/peter/dog/dog_dev/install/robot_interfaces/include/robot_interfaces/robot_interfaces/msg/rosidl_typesupport_fastrtps_cpp__visibility_control.h
[1.908s] -- Up-to-date: /home/peter/dog/dog_dev/install/robot_interfaces/lib/librobot_interfaces__rosidl_typesupport_fastrtps_cpp.so
[1.908s] -- Up-to-date: /home/peter/dog/dog_dev/install/robot_interfaces/include/robot_interfaces/robot_interfaces
[1.908s] -- Up-to-date: /home/peter/dog/dog_dev/install/robot_interfaces/include/robot_interfaces/robot_interfaces/srv
[1.908s] -- Up-to-date: /home/peter/dog/dog_dev/install/robot_interfaces/include/robot_interfaces/robot_interfaces/srv/detail
[1.908s] -- Up-to-date: /home/peter/dog/dog_dev/install/robot_interfaces/include/robot_interfaces/robot_interfaces/srv/detail/calibrate_center__type_support.cpp
[1.908s] -- Up-to-date: /home/peter/dog/dog_dev/install/robot_interfaces/include/robot_interfaces/robot_interfaces/srv/detail/calibrate_center__rosidl_typesupport_introspection_cpp.hpp
[1.908s] -- Up-to-date: /home/peter/dog/dog_dev/install/robot_interfaces/include/robot_interfaces/robot_interfaces/srv/detail/set_target_class__rosidl_typesupport_introspection_cpp.hpp
[1.908s] -- Up-to-date: /home/peter/dog/dog_dev/install/robot_interfaces/include/robot_interfaces/robot_interfaces/srv/detail/set_target_class__type_support.cpp
[1.908s] -- Up-to-date: /home/peter/dog/dog_dev/install/robot_interfaces/include/robot_interfaces/robot_interfaces/msg
[1.908s] -- Up-to-date: /home/peter/dog/dog_dev/install/robot_interfaces/include/robot_interfaces/robot_interfaces/msg/detail
[1.908s] -- Up-to-date: /home/peter/dog/dog_dev/install/robot_interfaces/include/robot_interfaces/robot_interfaces/msg/detail/simple_detection2_d_array__rosidl_typesupport_introspection_cpp.hpp
[1.908s] -- Up-to-date: /home/peter/dog/dog_dev/install/robot_interfaces/include/robot_interfaces/robot_interfaces/msg/detail/target_info__type_support.cpp
[1.908s] -- Up-to-date: /home/peter/dog/dog_dev/install/robot_interfaces/include/robot_interfaces/robot_interfaces/msg/detail/target_info__rosidl_typesupport_introspection_cpp.hpp
[1.908s] -- Up-to-date: /home/peter/dog/dog_dev/install/robot_interfaces/include/robot_interfaces/robot_interfaces/msg/detail/simple_detection__type_support.cpp
[1.908s] -- Up-to-date: /home/peter/dog/dog_dev/install/robot_interfaces/include/robot_interfaces/robot_interfaces/msg/detail/simple_detection__rosidl_typesupport_introspection_cpp.hpp
[1.908s] -- Up-to-date: /home/peter/dog/dog_dev/install/robot_interfaces/include/robot_interfaces/robot_interfaces/msg/detail/simple_detection2_d_array__type_support.cpp
[1.908s] -- Up-to-date: /home/peter/dog/dog_dev/install/robot_interfaces/lib/librobot_interfaces__rosidl_typesupport_introspection_cpp.so
[1.908s] -- Up-to-date: /home/peter/dog/dog_dev/install/robot_interfaces/lib/librobot_interfaces__rosidl_typesupport_cpp.so
[1.908s] -- Up-to-date: /home/peter/dog/dog_dev/install/robot_interfaces/share/robot_interfaces/environment/pythonpath.sh
[1.908s] -- Up-to-date: /home/peter/dog/dog_dev/install/robot_interfaces/share/robot_interfaces/environment/pythonpath.dsv
[1.908s] -- Up-to-date: /home/peter/dog/dog_dev/install/robot_interfaces/lib/python3.12/site-packages/robot_interfaces-0.0.0-py3.12.egg-info
[1.908s] -- Installing: /home/peter/dog/dog_dev/install/robot_interfaces/lib/python3.12/site-packages/robot_interfaces-0.0.0-py3.12.egg-info/dependency_links.txt
[1.908s] -- Installing: /home/peter/dog/dog_dev/install/robot_interfaces/lib/python3.12/site-packages/robot_interfaces-0.0.0-py3.12.egg-info/PKG-INFO
[1.908s] -- Installing: /home/peter/dog/dog_dev/install/robot_interfaces/lib/python3.12/site-packages/robot_interfaces-0.0.0-py3.12.egg-info/SOURCES.txt
[1.908s] -- Installing: /home/peter/dog/dog_dev/install/robot_interfaces/lib/python3.12/site-packages/robot_interfaces-0.0.0-py3.12.egg-info/top_level.txt
[1.908s] -- Up-to-date: /home/peter/dog/dog_dev/install/robot_interfaces/lib/python3.12/site-packages/robot_interfaces
[1.909s] -- Up-to-date: /home/peter/dog/dog_dev/install/robot_interfaces/lib/python3.12/site-packages/robot_interfaces/robot_interfaces_s__rosidl_typesupport_introspection_c.so
[1.909s] -- Up-to-date: /home/peter/dog/dog_dev/install/robot_interfaces/lib/python3.12/site-packages/robot_interfaces/_robot_interfaces_s.ep.rosidl_typesupport_c.c
[1.909s] -- Up-to-date: /home/peter/dog/dog_dev/install/robot_interfaces/lib/python3.12/site-packages/robot_interfaces/robot_interfaces_s__rosidl_typesupport_fastrtps_c.so
[1.909s] -- Up-to-date: /home/peter/dog/dog_dev/install/robot_interfaces/lib/python3.12/site-packages/robot_interfaces/srv
[1.909s] -- Up-to-date: /home/peter/dog/dog_dev/install/robot_interfaces/lib/python3.12/site-packages/robot_interfaces/srv/_calibrate_center.py
[1.909s] -- Up-to-date: /home/peter/dog/dog_dev/install/robot_interfaces/lib/python3.12/site-packages/robot_interfaces/srv/_set_target_class_s.c
[1.909s] -- Up-to-date: /home/peter/dog/dog_dev/install/robot_interfaces/lib/python3.12/site-packages/robot_interfaces/srv/_set_target_class.py
[1.909s] -- Up-to-date: /home/peter/dog/dog_dev/install/robot_interfaces/lib/python3.12/site-packages/robot_interfaces/srv/_calibrate_center_s.c
[1.909s] -- Up-to-date: /home/peter/dog/dog_dev/install/robot_interfaces/lib/python3.12/site-packages/robot_interfaces/srv/__init__.py
[1.909s] -- Installing: /home/peter/dog/dog_dev/install/robot_interfaces/lib/python3.12/site-packages/robot_interfaces/__init__.py
[1.909s] -- Up-to-date: /home/peter/dog/dog_dev/install/robot_interfaces/lib/python3.12/site-packages/robot_interfaces/_robot_interfaces_s.ep.rosidl_typesupport_introspection_c.c
[1.909s] -- Up-to-date: /home/peter/dog/dog_dev/install/robot_interfaces/lib/python3.12/site-packages/robot_interfaces/robot_interfaces_s__rosidl_typesupport_c.so
[1.909s] -- Up-to-date: /home/peter/dog/dog_dev/install/robot_interfaces/lib/python3.12/site-packages/robot_interfaces/_robot_interfaces_s.ep.rosidl_typesupport_fastrtps_c.c
[1.909s] -- Up-to-date: /home/peter/dog/dog_dev/install/robot_interfaces/lib/python3.12/site-packages/robot_interfaces/msg
[1.909s] -- Up-to-date: /home/peter/dog/dog_dev/install/robot_interfaces/lib/python3.12/site-packages/robot_interfaces/msg/_simple_detection.py
[1.909s] -- Up-to-date: /home/peter/dog/dog_dev/install/robot_interfaces/lib/python3.12/site-packages/robot_interfaces/msg/_target_info_s.c
[1.909s] -- Up-to-date: /home/peter/dog/dog_dev/install/robot_interfaces/lib/python3.12/site-packages/robot_interfaces/msg/_target_info.py
[1.909s] -- Up-to-date: /home/peter/dog/dog_dev/install/robot_interfaces/lib/python3.12/site-packages/robot_interfaces/msg/__init__.py
[1.909s] -- Up-to-date: /home/peter/dog/dog_dev/install/robot_interfaces/lib/python3.12/site-packages/robot_interfaces/msg/_simple_detection2_d_array.py
[1.909s] -- Up-to-date: /home/peter/dog/dog_dev/install/robot_interfaces/lib/python3.12/site-packages/robot_interfaces/msg/_simple_detection_s.c
[1.909s] -- Up-to-date: /home/peter/dog/dog_dev/install/robot_interfaces/lib/python3.12/site-packages/robot_interfaces/msg/_simple_detection2_d_array_s.c
[1.928s] Listing '/home/peter/dog/dog_dev/install/robot_interfaces/lib/python3.12/site-packages/robot_interfaces'...
[1.928s] Compiling '/home/peter/dog/dog_dev/install/robot_interfaces/lib/python3.12/site-packages/robot_interfaces/__init__.py'...
[1.928s] Listing '/home/peter/dog/dog_dev/install/robot_interfaces/lib/python3.12/site-packages/robot_interfaces/msg'...
[1.928s] Listing '/home/peter/dog/dog_dev/install/robot_interfaces/lib/python3.12/site-packages/robot_interfaces/srv'...
[1.932s] -- Up-to-date: /home/peter/dog/dog_dev/install/robot_interfaces/lib/python3.12/site-packages/robot_interfaces/robot_interfaces_s__rosidl_typesupport_fastrtps_c.so
[1.932s] -- Up-to-date: /home/peter/dog/dog_dev/install/robot_interfaces/lib/python3.12/site-packages/robot_interfaces/robot_interfaces_s__rosidl_typesupport_introspection_c.so
[1.932s] -- Up-to-date: /home/peter/dog/dog_dev/install/robot_interfaces/lib/python3.12/site-packages/robot_interfaces/robot_interfaces_s__rosidl_typesupport_c.so
[1.932s] -- Up-to-date: /home/peter/dog/dog_dev/install/robot_interfaces/lib/librobot_interfaces__rosidl_generator_py.so
[1.933s] -- Up-to-date: /home/peter/dog/dog_dev/install/robot_interfaces/share/ament_index/resource_index/rust_packages/robot_interfaces
[1.933s] -- Up-to-date: /home/peter/dog/dog_dev/install/robot_interfaces/share/robot_interfaces/rust
[1.933s] -- Up-to-date: /home/peter/dog/dog_dev/install/robot_interfaces/share/robot_interfaces/rust/Cargo.toml
[1.933s] -- Up-to-date: /home/peter/dog/dog_dev/install/robot_interfaces/share/robot_interfaces/rust/build.rs
[1.933s] -- Up-to-date: /home/peter/dog/dog_dev/install/robot_interfaces/share/robot_interfaces/rust/src
[1.934s] -- Up-to-date: /home/peter/dog/dog_dev/install/robot_interfaces/share/robot_interfaces/rust/src/lib.rs
[1.934s] -- Up-to-date: /home/peter/dog/dog_dev/install/robot_interfaces/share/robot_interfaces/rust/src/srv.rs
[1.934s] -- Up-to-date: /home/peter/dog/dog_dev/install/robot_interfaces/share/robot_interfaces/rust/src/msg.rs
[1.934s] -- Up-to-date: /home/peter/dog/dog_dev/install/robot_interfaces/share/robot_interfaces/rust/src/srv
[1.934s] -- Up-to-date: /home/peter/dog/dog_dev/install/robot_interfaces/share/robot_interfaces/rust/src/srv/rmw.rs
[1.934s] -- Up-to-date: /home/peter/dog/dog_dev/install/robot_interfaces/share/robot_interfaces/rust/src/msg
[1.934s] -- Up-to-date: /home/peter/dog/dog_dev/install/robot_interfaces/share/robot_interfaces/rust/src/msg/rmw.rs
[1.935s] -- Up-to-date: /home/peter/dog/dog_dev/install/robot_interfaces/share/robot_interfaces/msg/TargetInfo.idl
[1.935s] -- Up-to-date: /home/peter/dog/dog_dev/install/robot_interfaces/share/robot_interfaces/msg/SimpleDetection.idl
[1.935s] -- Up-to-date: /home/peter/dog/dog_dev/install/robot_interfaces/share/robot_interfaces/msg/SimpleDetection2DArray.idl
[1.935s] -- Up-to-date: /home/peter/dog/dog_dev/install/robot_interfaces/share/robot_interfaces/srv/SetTargetClass.idl
[1.935s] -- Up-to-date: /home/peter/dog/dog_dev/install/robot_interfaces/share/robot_interfaces/srv/CalibrateCenter.idl
[1.935s] -- Up-to-date: /home/peter/dog/dog_dev/install/robot_interfaces/share/robot_interfaces/msg/TargetInfo.msg
[1.935s] -- Up-to-date: /home/peter/dog/dog_dev/install/robot_interfaces/share/robot_interfaces/msg/SimpleDetection.msg
[1.935s] -- Up-to-date: /home/peter/dog/dog_dev/install/robot_interfaces/share/robot_interfaces/msg/SimpleDetection2DArray.msg
[1.935s] -- Up-to-date: /home/peter/dog/dog_dev/install/robot_interfaces/share/robot_interfaces/srv/SetTargetClass.srv
[1.935s] -- Up-to-date: /home/peter/dog/dog_dev/install/robot_interfaces/share/robot_interfaces/srv/CalibrateCenter.srv
[1.935s] -- Up-to-date: /home/peter/dog/dog_dev/install/robot_interfaces/share/ament_index/resource_index/package_run_dependencies/robot_interfaces
[1.935s] -- Installing: /home/peter/dog/dog_dev/install/robot_interfaces/share/ament_index/resource_index/parent_prefix_path/robot_interfaces
[1.935s] -- Up-to-date: /home/peter/dog/dog_dev/install/robot_interfaces/share/robot_interfaces/environment/ament_prefix_path.sh
[1.935s] -- Up-to-date: /home/peter/dog/dog_dev/install/robot_interfaces/share/robot_interfaces/environment/ament_prefix_path.dsv
[1.935s] -- Up-to-date: /home/peter/dog/dog_dev/install/robot_interfaces/share/robot_interfaces/environment/path.sh
[1.935s] -- Up-to-date: /home/peter/dog/dog_dev/install/robot_interfaces/share/robot_interfaces/environment/path.dsv
[1.935s] -- Up-to-date: /home/peter/dog/dog_dev/install/robot_interfaces/share/robot_interfaces/local_setup.bash
[1.935s] -- Up-to-date: /home/peter/dog/dog_dev/install/robot_interfaces/share/robot_interfaces/local_setup.sh
[1.935s] -- Up-to-date: /home/peter/dog/dog_dev/install/robot_interfaces/share/robot_interfaces/local_setup.zsh
[1.935s] -- Up-to-date: /home/peter/dog/dog_dev/install/robot_interfaces/share/robot_interfaces/local_setup.dsv
[1.935s] -- Installing: /home/peter/dog/dog_dev/install/robot_interfaces/share/robot_interfaces/package.dsv
[1.935s] -- Up-to-date: /home/peter/dog/dog_dev/install/robot_interfaces/share/ament_index/resource_index/packages/robot_interfaces
[1.935s] -- Up-to-date: /home/peter/dog/dog_dev/install/robot_interfaces/share/robot_interfaces/cmake/export_robot_interfaces__rosidl_generator_cExport.cmake
[1.936s] -- Up-to-date: /home/peter/dog/dog_dev/install/robot_interfaces/share/robot_interfaces/cmake/export_robot_interfaces__rosidl_generator_cExport-noconfig.cmake
[1.936s] -- Up-to-date: /home/peter/dog/dog_dev/install/robot_interfaces/share/robot_interfaces/cmake/export_robot_interfaces__rosidl_typesupport_fastrtps_cExport.cmake
[1.936s] -- Up-to-date: /home/peter/dog/dog_dev/install/robot_interfaces/share/robot_interfaces/cmake/export_robot_interfaces__rosidl_typesupport_fastrtps_cExport-noconfig.cmake
[1.937s] -- Up-to-date: /home/peter/dog/dog_dev/install/robot_interfaces/share/robot_interfaces/cmake/robot_interfaces__rosidl_typesupport_introspection_cExport.cmake
[1.937s] -- Up-to-date: /home/peter/dog/dog_dev/install/robot_interfaces/share/robot_interfaces/cmake/robot_interfaces__rosidl_typesupport_introspection_cExport-noconfig.cmake
[1.937s] -- Up-to-date: /home/peter/dog/dog_dev/install/robot_interfaces/share/robot_interfaces/cmake/robot_interfaces__rosidl_typesupport_cExport.cmake
[1.937s] -- Up-to-date: /home/peter/dog/dog_dev/install/robot_interfaces/share/robot_interfaces/cmake/robot_interfaces__rosidl_typesupport_cExport-noconfig.cmake
[1.937s] -- Up-to-date: /home/peter/dog/dog_dev/install/robot_interfaces/share/robot_interfaces/cmake/export_robot_interfaces__rosidl_generator_cppExport.cmake
[1.938s] -- Up-to-date: /home/peter/dog/dog_dev/install/robot_interfaces/share/robot_interfaces/cmake/export_robot_interfaces__rosidl_typesupport_fastrtps_cppExport.cmake
[1.938s] -- Up-to-date: /home/peter/dog/dog_dev/install/robot_interfaces/share/robot_interfaces/cmake/export_robot_interfaces__rosidl_typesupport_fastrtps_cppExport-noconfig.cmake
[1.938s] -- Up-to-date: /home/peter/dog/dog_dev/install/robot_interfaces/share/robot_interfaces/cmake/robot_interfaces__rosidl_typesupport_introspection_cppExport.cmake
[1.938s] -- Up-to-date: /home/peter/dog/dog_dev/install/robot_interfaces/share/robot_interfaces/cmake/robot_interfaces__rosidl_typesupport_introspection_cppExport-noconfig.cmake
[1.938s] -- Up-to-date: /home/peter/dog/dog_dev/install/robot_interfaces/share/robot_interfaces/cmake/robot_interfaces__rosidl_typesupport_cppExport.cmake
[1.938s] -- Up-to-date: /home/peter/dog/dog_dev/install/robot_interfaces/share/robot_interfaces/cmake/robot_interfaces__rosidl_typesupport_cppExport-noconfig.cmake
[1.938s] -- Up-to-date: /home/peter/dog/dog_dev/install/robot_interfaces/share/robot_interfaces/cmake/export_robot_interfaces__rosidl_generator_pyExport.cmake
[1.938s] -- Up-to-date: /home/peter/dog/dog_dev/install/robot_interfaces/share/robot_interfaces/cmake/export_robot_interfaces__rosidl_generator_pyExport-noconfig.cmake
[1.938s] -- Up-to-date: /home/peter/dog/dog_dev/install/robot_interfaces/share/robot_interfaces/cmake/rosidl_cmake-extras.cmake
[1.938s] -- Up-to-date: /home/peter/dog/dog_dev/install/robot_interfaces/share/robot_interfaces/cmake/ament_cmake_export_dependencies-extras.cmake
[1.938s] -- Up-to-date: /home/peter/dog/dog_dev/install/robot_interfaces/share/robot_interfaces/cmake/ament_cmake_export_include_directories-extras.cmake
[1.939s] -- Up-to-date: /home/peter/dog/dog_dev/install/robot_interfaces/share/robot_interfaces/cmake/ament_cmake_export_libraries-extras.cmake
[1.939s] -- Up-to-date: /home/peter/dog/dog_dev/install/robot_interfaces/share/robot_interfaces/cmake/ament_cmake_export_targets-extras.cmake
[1.939s] -- Up-to-date: /home/peter/dog/dog_dev/install/robot_interfaces/share/robot_interfaces/cmake/rosidl_cmake_export_typesupport_targets-extras.cmake
[1.940s] -- Up-to-date: /home/peter/dog/dog_dev/install/robot_interfaces/share/robot_interfaces/cmake/rosidl_cmake_export_typesupport_libraries-extras.cmake
[1.940s] -- Up-to-date: /home/peter/dog/dog_dev/install/robot_interfaces/share/robot_interfaces/cmake/robot_interfacesConfig.cmake
[1.941s] -- Up-to-date: /home/peter/dog/dog_dev/install/robot_interfaces/share/robot_interfaces/cmake/robot_interfacesConfig-version.cmake
[1.941s] -- Up-to-date: /home/peter/dog/dog_dev/install/robot_interfaces/share/robot_interfaces/package.xml
[1.941s] Invoked command in '/home/peter/dog/dog_dev/build/robot_interfaces' returned '0': CMAKE_PREFIX_PATH=${CMAKE_PREFIX_PATH}:/opt/ros/jazzy DEBUGINFOD_URLS=https://debuginfod.ubuntu.com /usr/bin/cmake --install /home/peter/dog/dog_dev/build/robot_interfaces
