[0.625s] Invoking command in '/home/peter/dog/dog_dev/build/tracker_node': AMENT_PREFIX_PATH=/home/peter/dog/dog_dev/install/robot_interfaces:${AMENT_PREFIX_PATH} CMAKE_PREFIX_PATH=/home/peter/dog/dog_dev/install/robot_interfaces:/opt/ros/jazzy/opt/gz_math_vendor:/opt/ros/jazzy/opt/gz_utils_vendor:/opt/ros/jazzy/opt/gz_cmake_vendor:/opt/ros/jazzy DEBUGINFOD_URLS=https://debuginfod.ubuntu.com LD_LIBRARY_PATH=/home/peter/dog/dog_dev/install/robot_interfaces/lib:/opt/MVS/lib/64:/opt/MVS/lib/32:/opt/ros/jazzy/opt/rviz_ogre_vendor/lib:/opt/ros/jazzy/lib/x86_64-linux-gnu:/opt/ros/jazzy/opt/gz_math_vendor/lib:/opt/ros/jazzy/opt/gz_utils_vendor/lib:/opt/ros/jazzy/opt/gz_cmake_vendor/lib:/opt/ros/jazzy/lib:/opt/MVS/lib/64:/opt/MVS/lib/32:/opt/MVS/lib/64:/opt/MVS/lib/32 PYTHONPATH=/home/peter/dog/dog_dev/install/robot_interfaces/lib/python3.12/site-packages:${PYTHONPATH} /usr/bin/cmake --build /home/peter/dog/dog_dev/build/tracker_node -- -j16 -l16
[0.642s] -- Found ament_cmake: 2.5.6 (/opt/ros/jazzy/share/ament_cmake/cmake)
[0.785s] -- Found rclcpp: 28.1.18 (/opt/ros/jazzy/share/rclcpp/cmake)
[1.187s] -- Found rosidl_generator_c: 4.6.7 (/opt/ros/jazzy/share/rosidl_generator_c/cmake)
[1.193s] -- Found rosidl_generator_cpp: 4.6.7 (/opt/ros/jazzy/share/rosidl_generator_cpp/cmake)
[1.201s] -- Using all available rosidl_typesupport_c: rosidl_typesupport_fastrtps_c;rosidl_typesupport_introspection_c
[1.209s] -- Using all available rosidl_typesupport_cpp: rosidl_typesupport_fastrtps_cpp;rosidl_typesupport_introspection_cpp
[1.251s] -- Found rmw_implementation_cmake: 7.3.3 (/opt/ros/jazzy/share/rmw_implementation_cmake/cmake)
[1.252s] -- Found rmw_fastrtps_cpp: 8.4.3 (/opt/ros/jazzy/share/rmw_fastrtps_cpp/cmake)
[1.607s] -- Using RMW implementation 'rmw_fastrtps_cpp' as default
[1.924s] -- Found sensor_msgs: 5.3.7 (/opt/ros/jazzy/share/sensor_msgs/cmake)
[1.961s] -- Found robot_interfaces: 0.0.0 (/home/peter/dog/dog_dev/install/robot_interfaces/share/robot_interfaces/cmake)
[1.974s] -- Found ament_lint_auto: 0.17.5 (/opt/ros/jazzy/share/ament_lint_auto/cmake)
[2.041s] -- Added test 'cppcheck' to perform static code analysis on C / C++ code
[2.041s] -- Configured cppcheck include dirs: $<BUILD_INTERFACE:/home/peter/dog/dog_dev/ros2_ws/src/tracker_node/include>
[2.041s] -- Configured cppcheck exclude dirs and/or files: 
[2.041s] -- Added test 'flake8' to check Python code syntax and style conventions
[2.041s] -- Configured 'flake8' exclude dirs and/or files: 
[2.042s] -- Added test 'lint_cmake' to check CMake code style
[2.042s] -- Added test 'pep257' to check Python code against some of the docstring style conventions in PEP 257
[2.042s] -- Added test 'uncrustify' to check C / C++ code style
[2.042s] -- Configured uncrustify additional arguments: 
[2.043s] -- Added test 'xmllint' to check XML markup files
[2.043s] -- Configuring done (1.4s)
[2.054s] -- Generating done (0.0s)
[2.058s] -- Build files have been written to: /home/peter/dog/dog_dev/build/tracker_node
[2.084s] [ 22%] Built target byte_tracker
[2.097s] [ 33%] Building CXX object CMakeFiles/tracker_node_exe.dir/src/tracker_node.cpp.o
[2.098s] [ 44%] Building CXX object CMakeFiles/tracker_node_exe.dir/src/main.cpp.o
[2.099s] [ 66%] Built target test_byte_tracker
[2.100s] [ 88%] Built target test_tracker_node_integration
[6.995s] [100%] Linking CXX executable tracker_node_exe
[7.450s] [100%] Built target tracker_node_exe
[7.458s] Invoked command in '/home/peter/dog/dog_dev/build/tracker_node' returned '0': AMENT_PREFIX_PATH=/home/peter/dog/dog_dev/install/robot_interfaces:${AMENT_PREFIX_PATH} CMAKE_PREFIX_PATH=/home/peter/dog/dog_dev/install/robot_interfaces:/opt/ros/jazzy/opt/gz_math_vendor:/opt/ros/jazzy/opt/gz_utils_vendor:/opt/ros/jazzy/opt/gz_cmake_vendor:/opt/ros/jazzy DEBUGINFOD_URLS=https://debuginfod.ubuntu.com LD_LIBRARY_PATH=/home/peter/dog/dog_dev/install/robot_interfaces/lib:/opt/MVS/lib/64:/opt/MVS/lib/32:/opt/ros/jazzy/opt/rviz_ogre_vendor/lib:/opt/ros/jazzy/lib/x86_64-linux-gnu:/opt/ros/jazzy/opt/gz_math_vendor/lib:/opt/ros/jazzy/opt/gz_utils_vendor/lib:/opt/ros/jazzy/opt/gz_cmake_vendor/lib:/opt/ros/jazzy/lib:/opt/MVS/lib/64:/opt/MVS/lib/32:/opt/MVS/lib/64:/opt/MVS/lib/32 PYTHONPATH=/home/peter/dog/dog_dev/install/robot_interfaces/lib/python3.12/site-packages:${PYTHONPATH} /usr/bin/cmake --build /home/peter/dog/dog_dev/build/tracker_node -- -j16 -l16
[7.464s] Invoking command in '/home/peter/dog/dog_dev/build/tracker_node': AMENT_PREFIX_PATH=/home/peter/dog/dog_dev/install/robot_interfaces:${AMENT_PREFIX_PATH} CMAKE_PREFIX_PATH=/home/peter/dog/dog_dev/install/robot_interfaces:/opt/ros/jazzy/opt/gz_math_vendor:/opt/ros/jazzy/opt/gz_utils_vendor:/opt/ros/jazzy/opt/gz_cmake_vendor:/opt/ros/jazzy DEBUGINFOD_URLS=https://debuginfod.ubuntu.com LD_LIBRARY_PATH=/home/peter/dog/dog_dev/install/robot_interfaces/lib:/opt/MVS/lib/64:/opt/MVS/lib/32:/opt/ros/jazzy/opt/rviz_ogre_vendor/lib:/opt/ros/jazzy/lib/x86_64-linux-gnu:/opt/ros/jazzy/opt/gz_math_vendor/lib:/opt/ros/jazzy/opt/gz_utils_vendor/lib:/opt/ros/jazzy/opt/gz_cmake_vendor/lib:/opt/ros/jazzy/lib:/opt/MVS/lib/64:/opt/MVS/lib/32:/opt/MVS/lib/64:/opt/MVS/lib/32 PYTHONPATH=/home/peter/dog/dog_dev/install/robot_interfaces/lib/python3.12/site-packages:${PYTHONPATH} /usr/bin/cmake --install /home/peter/dog/dog_dev/build/tracker_node
[7.469s] -- Install configuration: ""
[7.470s] -- Installing: /home/peter/dog/dog_dev/install/tracker_node/lib/tracker_node/tracker_node_exe
[7.473s] -- Set non-toolchain portion of runtime path of "/home/peter/dog/dog_dev/install/tracker_node/lib/tracker_node/tracker_node_exe" to ""
[7.473s] -- Installing: /home/peter/dog/dog_dev/install/tracker_node/share/tracker_node/launch
[7.473s] -- Installing: /home/peter/dog/dog_dev/install/tracker_node/share/tracker_node/launch/tracker.launch.py
[7.473s] -- Installing: /home/peter/dog/dog_dev/install/tracker_node/share/tracker_node/config
[7.474s] -- Installing: /home/peter/dog/dog_dev/install/tracker_node/share/tracker_node/config/tracker.yaml
[7.474s] -- Installing: /home/peter/dog/dog_dev/install/tracker_node/share/ament_index/resource_index/package_run_dependencies/tracker_node
[7.474s] -- Installing: /home/peter/dog/dog_dev/install/tracker_node/share/ament_index/resource_index/parent_prefix_path/tracker_node
[7.474s] -- Installing: /home/peter/dog/dog_dev/install/tracker_node/share/tracker_node/environment/ament_prefix_path.sh
[7.474s] -- Installing: /home/peter/dog/dog_dev/install/tracker_node/share/tracker_node/environment/ament_prefix_path.dsv
[7.475s] -- Installing: /home/peter/dog/dog_dev/install/tracker_node/share/tracker_node/environment/path.sh
[7.475s] -- Installing: /home/peter/dog/dog_dev/install/tracker_node/share/tracker_node/environment/path.dsv
[7.475s] -- Installing: /home/peter/dog/dog_dev/install/tracker_node/share/tracker_node/local_setup.bash
[7.475s] -- Installing: /home/peter/dog/dog_dev/install/tracker_node/share/tracker_node/local_setup.sh
[7.475s] -- Installing: /home/peter/dog/dog_dev/install/tracker_node/share/tracker_node/local_setup.zsh
[7.475s] -- Installing: /home/peter/dog/dog_dev/install/tracker_node/share/tracker_node/local_setup.dsv
[7.475s] -- Installing: /home/peter/dog/dog_dev/install/tracker_node/share/tracker_node/package.dsv
[7.475s] -- Installing: /home/peter/dog/dog_dev/install/tracker_node/share/ament_index/resource_index/packages/tracker_node
[7.475s] -- Installing: /home/peter/dog/dog_dev/install/tracker_node/share/tracker_node/cmake/tracker_nodeConfig.cmake
[7.475s] -- Installing: /home/peter/dog/dog_dev/install/tracker_node/share/tracker_node/cmake/tracker_nodeConfig-version.cmake
[7.475s] -- Installing: /home/peter/dog/dog_dev/install/tracker_node/share/tracker_node/package.xml
[7.476s] Invoked command in '/home/peter/dog/dog_dev/build/tracker_node' returned '0': AMENT_PREFIX_PATH=/home/peter/dog/dog_dev/install/robot_interfaces:${AMENT_PREFIX_PATH} CMAKE_PREFIX_PATH=/home/peter/dog/dog_dev/install/robot_interfaces:/opt/ros/jazzy/opt/gz_math_vendor:/opt/ros/jazzy/opt/gz_utils_vendor:/opt/ros/jazzy/opt/gz_cmake_vendor:/opt/ros/jazzy DEBUGINFOD_URLS=https://debuginfod.ubuntu.com LD_LIBRARY_PATH=/home/peter/dog/dog_dev/install/robot_interfaces/lib:/opt/MVS/lib/64:/opt/MVS/lib/32:/opt/ros/jazzy/opt/rviz_ogre_vendor/lib:/opt/ros/jazzy/lib/x86_64-linux-gnu:/opt/ros/jazzy/opt/gz_math_vendor/lib:/opt/ros/jazzy/opt/gz_utils_vendor/lib:/opt/ros/jazzy/opt/gz_cmake_vendor/lib:/opt/ros/jazzy/lib:/opt/MVS/lib/64:/opt/MVS/lib/32:/opt/MVS/lib/64:/opt/MVS/lib/32 PYTHONPATH=/home/peter/dog/dog_dev/install/robot_interfaces/lib/python3.12/site-packages:${PYTHONPATH} /usr/bin/cmake --install /home/peter/dog/dog_dev/build/tracker_node
