[0.006s] Invoking command in '/home/peter/dog/dog_dev/build/detection_node': CMAKE_PREFIX_PATH=${CMAKE_PREFIX_PATH}:/opt/ros/jazzy DEBUGINFOD_URLS=https://debuginfod.ubuntu.com /usr/bin/cmake --build /home/peter/dog/dog_dev/build/detection_node -- -j16 -l16
[0.023s] -- Found ament_cmake: 2.5.6 (/opt/ros/jazzy/share/ament_cmake/cmake)
[0.163s] -- Found rclcpp: 28.1.18 (/opt/ros/jazzy/share/rclcpp/cmake)
[0.409s] -- Found rosidl_generator_c: 4.6.7 (/opt/ros/jazzy/share/rosidl_generator_c/cmake)
[0.415s] -- Found rosidl_generator_cpp: 4.6.7 (/opt/ros/jazzy/share/rosidl_generator_cpp/cmake)
[0.423s] -- Using all available rosidl_typesupport_c: rosidl_typesupport_fastrtps_c;rosidl_typesupport_introspection_c
[0.431s] -- Using all available rosidl_typesupport_cpp: rosidl_typesupport_fastrtps_cpp;rosidl_typesupport_introspection_cpp
[0.471s] -- Found rmw_implementation_cmake: 7.3.3 (/opt/ros/jazzy/share/rmw_implementation_cmake/cmake)
[0.472s] -- Found rmw_fastrtps_cpp: 8.4.3 (/opt/ros/jazzy/share/rmw_fastrtps_cpp/cmake)
[0.891s] -- Using RMW implementation 'rmw_fastrtps_cpp' as default
[1.157s] -- Found sensor_msgs: 5.3.7 (/opt/ros/jazzy/share/sensor_msgs/cmake)
[1.194s] -- Found cv_bridge: 4.1.0 (/opt/ros/jazzy/share/cv_bridge/cmake)
[1.205s] -- Found ament_lint_auto: 0.17.5 (/opt/ros/jazzy/share/ament_lint_auto/cmake)
[1.269s] -- Added test 'cppcheck' to perform static code analysis on C / C++ code
[1.269s] -- Configured cppcheck include dirs: $<BUILD_INTERFACE:/home/peter/dog/dog_dev/ros2_ws/src/detection_node/include>
[1.269s] -- Configured cppcheck exclude dirs and/or files: 
[1.269s] -- Added test 'flake8' to check Python code syntax and style conventions
[1.269s] -- Configured 'flake8' exclude dirs and/or files: 
[1.270s] -- Added test 'lint_cmake' to check CMake code style
[1.270s] -- Added test 'pep257' to check Python code against some of the docstring style conventions in PEP 257
[1.270s] -- Added test 'uncrustify' to check C / C++ code style
[1.270s] -- Configured uncrustify additional arguments: 
[1.270s] -- Added test 'xmllint' to check XML markup files
[1.271s] -- Configuring done (1.3s)
[1.286s] -- Generating done (0.0s)
[1.290s] -- Build files have been written to: /home/peter/dog/dog_dev/build/detection_node
[1.317s] [ 33%] Built target yolo_infer
[1.331s] [ 50%] Building CXX object CMakeFiles/detection_node_exe.dir/src/detection_node.cpp.o
[1.333s] [ 83%] Built target test_yolo_infer
[1.468s] /home/peter/dog/dog_dev/ros2_ws/src/detection_node/src/detection_node.cpp:3:10: fatal error: cv_bridge/cv_bridge.h: No such file or directory
[1.469s]     3 | #include "cv_bridge/cv_bridge.h"
[1.469s]       |          ^~~~~~~~~~~~~~~~~~~~~~~
[1.469s] compilation terminated.
[1.472s] gmake[2]: *** [CMakeFiles/detection_node_exe.dir/build.make:76: CMakeFiles/detection_node_exe.dir/src/detection_node.cpp.o] Error 1
[1.472s] gmake[1]: *** [CMakeFiles/Makefile2:193: CMakeFiles/detection_node_exe.dir/all] Error 2
[1.472s] gmake: *** [Makefile:146: all] Error 2
[1.473s] Invoked command in '/home/peter/dog/dog_dev/build/detection_node' returned '2': CMAKE_PREFIX_PATH=${CMAKE_PREFIX_PATH}:/opt/ros/jazzy DEBUGINFOD_URLS=https://debuginfod.ubuntu.com /usr/bin/cmake --build /home/peter/dog/dog_dev/build/detection_node -- -j16 -l16
