-- Found ament_cmake: 2.5.6 (/opt/ros/jazzy/share/ament_cmake/cmake)
-- Found rclcpp: 28.1.18 (/opt/ros/jazzy/share/rclcpp/cmake)
-- Found rosidl_generator_c: 4.6.7 (/opt/ros/jazzy/share/rosidl_generator_c/cmake)
-- Found rosidl_generator_cpp: 4.6.7 (/opt/ros/jazzy/share/rosidl_generator_cpp/cmake)
-- Using all available rosidl_typesupport_c: rosidl_typesupport_fastrtps_c;rosidl_typesupport_introspection_c
-- Using all available rosidl_typesupport_cpp: rosidl_typesupport_fastrtps_cpp;rosidl_typesupport_introspection_cpp
-- Found rmw_implementation_cmake: 7.3.3 (/opt/ros/jazzy/share/rmw_implementation_cmake/cmake)
-- Found rmw_fastrtps_cpp: 8.4.3 (/opt/ros/jazzy/share/rmw_fastrtps_cpp/cmake)
-- Using RMW implementation 'rmw_fastrtps_cpp' as default
-- Found sensor_msgs: 5.3.7 (/opt/ros/jazzy/share/sensor_msgs/cmake)
-- Found ament_lint_auto: 0.17.5 (/opt/ros/jazzy/share/ament_lint_auto/cmake)
-- Added test 'cppcheck' to perform static code analysis on C / C++ code
-- Configured cppcheck include dirs: $<BUILD_INTERFACE:/home/peter/dog/dog_dev/ros2_ws/src/detection_node/include>
-- Configured cppcheck exclude dirs and/or files: 
-- Added test 'flake8' to check Python code syntax and style conventions
-- Configured 'flake8' exclude dirs and/or files: 
-- Added test 'lint_cmake' to check CMake code style
-- Added test 'pep257' to check Python code against some of the docstring style conventions in PEP 257
-- Added test 'uncrustify' to check C / C++ code style
-- Configured uncrustify additional arguments: 
-- Added test 'xmllint' to check XML markup files
-- Configuring done (1.4s)
-- Generating done (0.0s)
-- Build files have been written to: /home/peter/dog/dog_dev/build/detection_node
[ 12%] Building CXX object CMakeFiles/detection_viz_node_exe.dir/src/detection_viz_node.cpp.o
[ 37%] Built target yolo_infer
[ 62%] Built target test_yolo_infer
[ 87%] Built target detection_node_exe
[100%] Linking CXX executable detection_viz_node_exe
[100%] Built target detection_viz_node_exe
-- Install configuration: ""
-- Up-to-date: /home/peter/dog/dog_dev/install/detection_node/lib/detection_node/detection_node_exe
-- Installing: /home/peter/dog/dog_dev/install/detection_node/lib/detection_node/detection_viz_node_exe
-- Set non-toolchain portion of runtime path of "/home/peter/dog/dog_dev/install/detection_node/lib/detection_node/detection_viz_node_exe" to ""
-- Up-to-date: /home/peter/dog/dog_dev/install/detection_node/share/ament_index/resource_index/package_run_dependencies/detection_node
-- Up-to-date: /home/peter/dog/dog_dev/install/detection_node/share/ament_index/resource_index/parent_prefix_path/detection_node
-- Up-to-date: /home/peter/dog/dog_dev/install/detection_node/share/detection_node/environment/ament_prefix_path.sh
-- Up-to-date: /home/peter/dog/dog_dev/install/detection_node/share/detection_node/environment/ament_prefix_path.dsv
-- Up-to-date: /home/peter/dog/dog_dev/install/detection_node/share/detection_node/environment/path.sh
-- Up-to-date: /home/peter/dog/dog_dev/install/detection_node/share/detection_node/environment/path.dsv
-- Up-to-date: /home/peter/dog/dog_dev/install/detection_node/share/detection_node/local_setup.bash
-- Up-to-date: /home/peter/dog/dog_dev/install/detection_node/share/detection_node/local_setup.sh
-- Up-to-date: /home/peter/dog/dog_dev/install/detection_node/share/detection_node/local_setup.zsh
-- Up-to-date: /home/peter/dog/dog_dev/install/detection_node/share/detection_node/local_setup.dsv
-- Installing: /home/peter/dog/dog_dev/install/detection_node/share/detection_node/package.dsv
-- Up-to-date: /home/peter/dog/dog_dev/install/detection_node/share/ament_index/resource_index/packages/detection_node
-- Up-to-date: /home/peter/dog/dog_dev/install/detection_node/share/detection_node/cmake/detection_nodeConfig.cmake
-- Up-to-date: /home/peter/dog/dog_dev/install/detection_node/share/detection_node/cmake/detection_nodeConfig-version.cmake
-- Up-to-date: /home/peter/dog/dog_dev/install/detection_node/share/detection_node/package.xml
-- Up-to-date: /home/peter/dog/dog_dev/install/detection_node/lib/detection_node/test_yolo_infer
-- Up-to-date: /home/peter/dog/dog_dev/install/detection_node/share/detection_node/config
-- Up-to-date: /home/peter/dog/dog_dev/install/detection_node/share/detection_node/config/detection.yaml
-- Up-to-date: /home/peter/dog/dog_dev/install/detection_node/share/detection_node/launch
-- Up-to-date: /home/peter/dog/dog_dev/install/detection_node/share/detection_node/launch/detection.launch.py
