[0.006s] Invoking command in '/home/peter/dog/dog_dev/build/detection_node': CMAKE_PREFIX_PATH=${CMAKE_PREFIX_PATH}:/opt/ros/jazzy DEBUGINFOD_URLS=https://debuginfod.ubuntu.com /usr/bin/cmake --build /home/peter/dog/dog_dev/build/detection_node -- -j16 -l16
[0.025s] -- Found ament_cmake: 2.5.6 (/opt/ros/jazzy/share/ament_cmake/cmake)
[0.174s] -- Found rclcpp: 28.1.18 (/opt/ros/jazzy/share/rclcpp/cmake)
[0.474s] -- Found rosidl_generator_c: 4.6.7 (/opt/ros/jazzy/share/rosidl_generator_c/cmake)
[0.479s] -- Found rosidl_generator_cpp: 4.6.7 (/opt/ros/jazzy/share/rosidl_generator_cpp/cmake)
[0.486s] -- Using all available rosidl_typesupport_c: rosidl_typesupport_fastrtps_c;rosidl_typesupport_introspection_c
[0.494s] -- Using all available rosidl_typesupport_cpp: rosidl_typesupport_fastrtps_cpp;rosidl_typesupport_introspection_cpp
[0.534s] -- Found rmw_implementation_cmake: 7.3.3 (/opt/ros/jazzy/share/rmw_implementation_cmake/cmake)
[0.535s] -- Found rmw_fastrtps_cpp: 8.4.3 (/opt/ros/jazzy/share/rmw_fastrtps_cpp/cmake)
[1.056s] -- Using RMW implementation 'rmw_fastrtps_cpp' as default
[1.304s] -- Found sensor_msgs: 5.3.7 (/opt/ros/jazzy/share/sensor_msgs/cmake)
[1.347s] -- Found ament_lint_auto: 0.17.5 (/opt/ros/jazzy/share/ament_lint_auto/cmake)
[1.409s] -- Added test 'cppcheck' to perform static code analysis on C / C++ code
[1.409s] -- Configured cppcheck include dirs: $<BUILD_INTERFACE:/home/peter/dog/dog_dev/ros2_ws/src/detection_node/include>
[1.409s] -- Configured cppcheck exclude dirs and/or files: 
[1.409s] -- Added test 'flake8' to check Python code syntax and style conventions
[1.409s] -- Configured 'flake8' exclude dirs and/or files: 
[1.410s] -- Added test 'lint_cmake' to check CMake code style
[1.410s] -- Added test 'pep257' to check Python code against some of the docstring style conventions in PEP 257
[1.410s] -- Added test 'uncrustify' to check C / C++ code style
[1.410s] -- Configured uncrustify additional arguments: 
[1.410s] -- Added test 'xmllint' to check XML markup files
[1.410s] -- Configuring done (1.4s)
[1.428s] -- Generating done (0.0s)
[1.435s] -- Build files have been written to: /home/peter/dog/dog_dev/build/detection_node
[1.461s] [ 12%] Building CXX object CMakeFiles/detection_viz_node_exe.dir/src/detection_viz_node.cpp.o
[1.463s] [ 37%] Built target yolo_infer
[1.480s] [ 62%] Built target test_yolo_infer
[1.484s] [ 87%] Built target detection_node_exe
[7.077s] [100%] Linking CXX executable detection_viz_node_exe
[7.579s] [100%] Built target detection_viz_node_exe
[7.591s] Invoked command in '/home/peter/dog/dog_dev/build/detection_node' returned '0': CMAKE_PREFIX_PATH=${CMAKE_PREFIX_PATH}:/opt/ros/jazzy DEBUGINFOD_URLS=https://debuginfod.ubuntu.com /usr/bin/cmake --build /home/peter/dog/dog_dev/build/detection_node -- -j16 -l16
[7.598s] Invoking command in '/home/peter/dog/dog_dev/build/detection_node': CMAKE_PREFIX_PATH=${CMAKE_PREFIX_PATH}:/opt/ros/jazzy DEBUGINFOD_URLS=https://debuginfod.ubuntu.com /usr/bin/cmake --install /home/peter/dog/dog_dev/build/detection_node
[7.603s] -- Install configuration: ""
[7.603s] -- Up-to-date: /home/peter/dog/dog_dev/install/detection_node/lib/detection_node/detection_node_exe
[7.604s] -- Installing: /home/peter/dog/dog_dev/install/detection_node/lib/detection_node/detection_viz_node_exe
[7.607s] -- Set non-toolchain portion of runtime path of "/home/peter/dog/dog_dev/install/detection_node/lib/detection_node/detection_viz_node_exe" to ""
[7.607s] -- Up-to-date: /home/peter/dog/dog_dev/install/detection_node/share/ament_index/resource_index/package_run_dependencies/detection_node
[7.607s] -- Up-to-date: /home/peter/dog/dog_dev/install/detection_node/share/ament_index/resource_index/parent_prefix_path/detection_node
[7.607s] -- Up-to-date: /home/peter/dog/dog_dev/install/detection_node/share/detection_node/environment/ament_prefix_path.sh
[7.607s] -- Up-to-date: /home/peter/dog/dog_dev/install/detection_node/share/detection_node/environment/ament_prefix_path.dsv
[7.607s] -- Up-to-date: /home/peter/dog/dog_dev/install/detection_node/share/detection_node/environment/path.sh
[7.607s] -- Up-to-date: /home/peter/dog/dog_dev/install/detection_node/share/detection_node/environment/path.dsv
[7.607s] -- Up-to-date: /home/peter/dog/dog_dev/install/detection_node/share/detection_node/local_setup.bash
[7.607s] -- Up-to-date: /home/peter/dog/dog_dev/install/detection_node/share/detection_node/local_setup.sh
[7.607s] -- Up-to-date: /home/peter/dog/dog_dev/install/detection_node/share/detection_node/local_setup.zsh
[7.608s] -- Up-to-date: /home/peter/dog/dog_dev/install/detection_node/share/detection_node/local_setup.dsv
[7.608s] -- Installing: /home/peter/dog/dog_dev/install/detection_node/share/detection_node/package.dsv
[7.608s] -- Up-to-date: /home/peter/dog/dog_dev/install/detection_node/share/ament_index/resource_index/packages/detection_node
[7.608s] -- Up-to-date: /home/peter/dog/dog_dev/install/detection_node/share/detection_node/cmake/detection_nodeConfig.cmake
[7.608s] -- Up-to-date: /home/peter/dog/dog_dev/install/detection_node/share/detection_node/cmake/detection_nodeConfig-version.cmake
[7.608s] -- Up-to-date: /home/peter/dog/dog_dev/install/detection_node/share/detection_node/package.xml
[7.609s] -- Up-to-date: /home/peter/dog/dog_dev/install/detection_node/lib/detection_node/test_yolo_infer
[7.609s] -- Up-to-date: /home/peter/dog/dog_dev/install/detection_node/share/detection_node/config
[7.609s] -- Up-to-date: /home/peter/dog/dog_dev/install/detection_node/share/detection_node/config/detection.yaml
[7.610s] -- Up-to-date: /home/peter/dog/dog_dev/install/detection_node/share/detection_node/launch
[7.610s] -- Up-to-date: /home/peter/dog/dog_dev/install/detection_node/share/detection_node/launch/detection.launch.py
[7.610s] Invoked command in '/home/peter/dog/dog_dev/build/detection_node' returned '0': CMAKE_PREFIX_PATH=${CMAKE_PREFIX_PATH}:/opt/ros/jazzy DEBUGINFOD_URLS=https://debuginfod.ubuntu.com /usr/bin/cmake --install /home/peter/dog/dog_dev/build/detection_node
