-- The C compiler identification is GNU 13.3.0
-- The CXX compiler identification is GNU 13.3.0
-- Detecting C compiler ABI info
-- Detecting C compiler ABI info - done
-- Check for working C compiler: /usr/bin/cc - skipped
-- Detecting C compile features
-- Detecting C compile features - done
-- Detecting CXX compiler ABI info
-- Detecting CXX compiler ABI info - done
-- Check for working CXX compiler: /usr/bin/c++ - skipped
-- Detecting CXX compile features
-- Detecting CXX compile features - done
-- Found ament_cmake: 2.5.6 (/opt/ros/jazzy/share/ament_cmake/cmake)
-- Found Python3: /usr/bin/python3 (found version "3.12.3") found components: Interpreter 
-- Found rclcpp: 28.1.18 (/opt/ros/jazzy/share/rclcpp/cmake)
-- Found rosidl_generator_c: 4.6.7 (/opt/ros/jazzy/share/rosidl_generator_c/cmake)
-- Found rosidl_generator_cpp: 4.6.7 (/opt/ros/jazzy/share/rosidl_generator_cpp/cmake)
-- Using all available rosidl_typesupport_c: rosidl_typesupport_fastrtps_c;rosidl_typesupport_introspection_c
-- Using all available rosidl_typesupport_cpp: rosidl_typesupport_fastrtps_cpp;rosidl_typesupport_introspection_cpp
-- Found rmw_implementation_cmake: 7.3.3 (/opt/ros/jazzy/share/rmw_implementation_cmake/cmake)
-- Found rmw_fastrtps_cpp: 8.4.3 (/opt/ros/jazzy/share/rmw_fastrtps_cpp/cmake)
-- Found OpenSSL: /usr/lib/x86_64-linux-gnu/libcrypto.so (found version "3.0.13")  
-- Found FastRTPS: /opt/ros/jazzy/include (Required is at least version "2.13") 
-- Using RMW implementation 'rmw_fastrtps_cpp' as default
-- Found robot_interfaces: 0.0.0 (/home/peter/dog/dog_dev/install/robot_interfaces/share/robot_interfaces/cmake)
-- Found geometry_msgs: 5.3.7 (/opt/ros/jazzy/share/geometry_msgs/cmake)
-- Found ament_lint_auto: 0.17.5 (/opt/ros/jazzy/share/ament_lint_auto/cmake)
-- Added test 'cppcheck' to perform static code analysis on C / C++ code
-- Configured cppcheck include dirs: $<BUILD_INTERFACE:/home/peter/dog/dog_dev/ros2_ws/src/behavior_node/include>
-- Configured cppcheck exclude dirs and/or files: 
-- Added test 'flake8' to check Python code syntax and style conventions
-- Configured 'flake8' exclude dirs and/or files: 
-- Added test 'lint_cmake' to check CMake code style
-- Added test 'pep257' to check Python code against some of the docstring style conventions in PEP 257
-- Added test 'uncrustify' to check C / C++ code style
-- Configured uncrustify additional arguments: 
-- Added test 'xmllint' to check XML markup files
-- Configuring done (5.1s)
-- Generating done (0.0s)
-- Build files have been written to: /home/peter/dog/dog_dev/build/behavior_node
[ 66%] Building CXX object CMakeFiles/behavior_node_exe.dir/src/main.cpp.o
[ 66%] Building CXX object CMakeFiles/behavior_node_exe.dir/src/behavior_node.cpp.o
[100%] Linking CXX executable behavior_node_exe
[100%] Built target behavior_node_exe
-- Install configuration: ""
-- Installing: /home/peter/dog/dog_dev/install/behavior_node/lib/behavior_node/behavior_node_exe
-- Set non-toolchain portion of runtime path of "/home/peter/dog/dog_dev/install/behavior_node/lib/behavior_node/behavior_node_exe" to ""
-- Installing: /home/peter/dog/dog_dev/install/behavior_node/share/ament_index/resource_index/package_run_dependencies/behavior_node
-- Installing: /home/peter/dog/dog_dev/install/behavior_node/share/ament_index/resource_index/parent_prefix_path/behavior_node
-- Installing: /home/peter/dog/dog_dev/install/behavior_node/share/behavior_node/environment/ament_prefix_path.sh
-- Installing: /home/peter/dog/dog_dev/install/behavior_node/share/behavior_node/environment/ament_prefix_path.dsv
-- Installing: /home/peter/dog/dog_dev/install/behavior_node/share/behavior_node/environment/path.sh
-- Installing: /home/peter/dog/dog_dev/install/behavior_node/share/behavior_node/environment/path.dsv
-- Installing: /home/peter/dog/dog_dev/install/behavior_node/share/behavior_node/local_setup.bash
-- Installing: /home/peter/dog/dog_dev/install/behavior_node/share/behavior_node/local_setup.sh
-- Installing: /home/peter/dog/dog_dev/install/behavior_node/share/behavior_node/local_setup.zsh
-- Installing: /home/peter/dog/dog_dev/install/behavior_node/share/behavior_node/local_setup.dsv
-- Installing: /home/peter/dog/dog_dev/install/behavior_node/share/behavior_node/package.dsv
-- Installing: /home/peter/dog/dog_dev/install/behavior_node/share/ament_index/resource_index/packages/behavior_node
-- Installing: /home/peter/dog/dog_dev/install/behavior_node/share/behavior_node/cmake/behavior_nodeConfig.cmake
-- Installing: /home/peter/dog/dog_dev/install/behavior_node/share/behavior_node/cmake/behavior_nodeConfig-version.cmake
-- Installing: /home/peter/dog/dog_dev/install/behavior_node/share/behavior_node/package.xml
