[0.522s] Invoking command in '/home/peter/dog/dog_dev/build/behavior_node': AMENT_PREFIX_PATH=/home/peter/dog/dog_dev/install/robot_interfaces:${AMENT_PREFIX_PATH} CMAKE_PREFIX_PATH=/home/peter/dog/dog_dev/install/robot_interfaces:/opt/ros/jazzy/opt/gz_math_vendor:/opt/ros/jazzy/opt/gz_utils_vendor:/opt/ros/jazzy/opt/gz_cmake_vendor:/opt/ros/jazzy DEBUGINFOD_URLS=https://debuginfod.ubuntu.com LD_LIBRARY_PATH=/home/peter/dog/dog_dev/install/robot_interfaces/lib:/opt/MVS/lib/64:/opt/MVS/lib/32:/opt/ros/jazzy/opt/rviz_ogre_vendor/lib:/opt/ros/jazzy/lib/x86_64-linux-gnu:/opt/ros/jazzy/opt/gz_math_vendor/lib:/opt/ros/jazzy/opt/gz_utils_vendor/lib:/opt/ros/jazzy/opt/gz_cmake_vendor/lib:/opt/ros/jazzy/lib:/opt/MVS/lib/64:/opt/MVS/lib/32:/opt/MVS/lib/64:/opt/MVS/lib/32 PYTHONPATH=/home/peter/dog/dog_dev/install/robot_interfaces/lib/python3.12/site-packages:${PYTHONPATH} /usr/bin/cmake /home/peter/dog/dog_dev/ros2_ws/src/behavior_node -DCMAKE_INSTALL_PREFIX=/home/peter/dog/dog_dev/install/behavior_node
[0.834s] -- The C compiler identification is GNU 13.3.0
[1.719s] -- The CXX compiler identification is GNU 13.3.0
[2.626s] -- Detecting C compiler ABI info
[3.283s] -- Detecting C compiler ABI info - done
[3.289s] -- Check for working C compiler: /usr/bin/cc - skipped
[3.289s] -- Detecting C compile features
[3.289s] -- Detecting C compile features - done
[3.624s] -- Detecting CXX compiler ABI info
[4.186s] -- Detecting CXX compiler ABI info - done
[4.190s] -- Check for working CXX compiler: /usr/bin/c++ - skipped
[4.191s] -- Detecting CXX compile features
[4.191s] -- Detecting CXX compile features - done
[4.192s] -- Found ament_cmake: 2.5.6 (/opt/ros/jazzy/share/ament_cmake/cmake)
[4.287s] -- Found Python3: /usr/bin/python3 (found version "3.12.3") found components: Interpreter 
[4.356s] -- Found rclcpp: 28.1.18 (/opt/ros/jazzy/share/rclcpp/cmake)
[4.605s] -- Found rosidl_generator_c: 4.6.7 (/opt/ros/jazzy/share/rosidl_generator_c/cmake)
[4.614s] -- Found rosidl_generator_cpp: 4.6.7 (/opt/ros/jazzy/share/rosidl_generator_cpp/cmake)
[4.623s] -- Using all available rosidl_typesupport_c: rosidl_typesupport_fastrtps_c;rosidl_typesupport_introspection_c
[4.636s] -- Using all available rosidl_typesupport_cpp: rosidl_typesupport_fastrtps_cpp;rosidl_typesupport_introspection_cpp
[4.698s] -- Found rmw_implementation_cmake: 7.3.3 (/opt/ros/jazzy/share/rmw_implementation_cmake/cmake)
[4.699s] -- Found rmw_fastrtps_cpp: 8.4.3 (/opt/ros/jazzy/share/rmw_fastrtps_cpp/cmake)
[4.749s] -- Found OpenSSL: /usr/lib/x86_64-linux-gnu/libcrypto.so (found version "3.0.13")  
[5.029s] -- Found FastRTPS: /opt/ros/jazzy/include (Required is at least version "2.13") 
[5.242s] -- Using RMW implementation 'rmw_fastrtps_cpp' as default
[5.558s] -- Found robot_interfaces: 0.0.0 (/home/peter/dog/dog_dev/install/robot_interfaces/share/robot_interfaces/cmake)
[5.582s] -- Found geometry_msgs: 5.3.7 (/opt/ros/jazzy/share/geometry_msgs/cmake)
[5.594s] -- Found ament_lint_auto: 0.17.5 (/opt/ros/jazzy/share/ament_lint_auto/cmake)
[5.664s] -- Added test 'cppcheck' to perform static code analysis on C / C++ code
[5.664s] -- Configured cppcheck include dirs: $<BUILD_INTERFACE:/home/peter/dog/dog_dev/ros2_ws/src/behavior_node/include>
[5.664s] -- Configured cppcheck exclude dirs and/or files: 
[5.664s] -- Added test 'flake8' to check Python code syntax and style conventions
[5.664s] -- Configured 'flake8' exclude dirs and/or files: 
[5.665s] -- Added test 'lint_cmake' to check CMake code style
[5.665s] -- Added test 'pep257' to check Python code against some of the docstring style conventions in PEP 257
[5.666s] -- Added test 'uncrustify' to check C / C++ code style
[5.666s] -- Configured uncrustify additional arguments: 
[5.667s] -- Added test 'xmllint' to check XML markup files
[5.668s] -- Configuring done (5.1s)
[5.678s] -- Generating done (0.0s)
[5.680s] -- Build files have been written to: /home/peter/dog/dog_dev/build/behavior_node
[5.688s] Invoked command in '/home/peter/dog/dog_dev/build/behavior_node' returned '0': AMENT_PREFIX_PATH=/home/peter/dog/dog_dev/install/robot_interfaces:${AMENT_PREFIX_PATH} CMAKE_PREFIX_PATH=/home/peter/dog/dog_dev/install/robot_interfaces:/opt/ros/jazzy/opt/gz_math_vendor:/opt/ros/jazzy/opt/gz_utils_vendor:/opt/ros/jazzy/opt/gz_cmake_vendor:/opt/ros/jazzy DEBUGINFOD_URLS=https://debuginfod.ubuntu.com LD_LIBRARY_PATH=/home/peter/dog/dog_dev/install/robot_interfaces/lib:/opt/MVS/lib/64:/opt/MVS/lib/32:/opt/ros/jazzy/opt/rviz_ogre_vendor/lib:/opt/ros/jazzy/lib/x86_64-linux-gnu:/opt/ros/jazzy/opt/gz_math_vendor/lib:/opt/ros/jazzy/opt/gz_utils_vendor/lib:/opt/ros/jazzy/opt/gz_cmake_vendor/lib:/opt/ros/jazzy/lib:/opt/MVS/lib/64:/opt/MVS/lib/32:/opt/MVS/lib/64:/opt/MVS/lib/32 PYTHONPATH=/home/peter/dog/dog_dev/install/robot_interfaces/lib/python3.12/site-packages:${PYTHONPATH} /usr/bin/cmake /home/peter/dog/dog_dev/ros2_ws/src/behavior_node -DCMAKE_INSTALL_PREFIX=/home/peter/dog/dog_dev/install/behavior_node
[5.688s] Invoking command in '/home/peter/dog/dog_dev/build/behavior_node': AMENT_PREFIX_PATH=/home/peter/dog/dog_dev/install/robot_interfaces:${AMENT_PREFIX_PATH} CMAKE_PREFIX_PATH=/home/peter/dog/dog_dev/install/robot_interfaces:/opt/ros/jazzy/opt/gz_math_vendor:/opt/ros/jazzy/opt/gz_utils_vendor:/opt/ros/jazzy/opt/gz_cmake_vendor:/opt/ros/jazzy DEBUGINFOD_URLS=https://debuginfod.ubuntu.com LD_LIBRARY_PATH=/home/peter/dog/dog_dev/install/robot_interfaces/lib:/opt/MVS/lib/64:/opt/MVS/lib/32:/opt/ros/jazzy/opt/rviz_ogre_vendor/lib:/opt/ros/jazzy/lib/x86_64-linux-gnu:/opt/ros/jazzy/opt/gz_math_vendor/lib:/opt/ros/jazzy/opt/gz_utils_vendor/lib:/opt/ros/jazzy/opt/gz_cmake_vendor/lib:/opt/ros/jazzy/lib:/opt/MVS/lib/64:/opt/MVS/lib/32:/opt/MVS/lib/64:/opt/MVS/lib/32 PYTHONPATH=/home/peter/dog/dog_dev/install/robot_interfaces/lib/python3.12/site-packages:${PYTHONPATH} /usr/bin/cmake --build /home/peter/dog/dog_dev/build/behavior_node -- -j16 -l16
[5.723s] [ 66%] Building CXX object CMakeFiles/behavior_node_exe.dir/src/main.cpp.o
[5.723s] [ 66%] Building CXX object CMakeFiles/behavior_node_exe.dir/src/behavior_node.cpp.o
[11.350s] [100%] Linking CXX executable behavior_node_exe
[11.966s] [100%] Built target behavior_node_exe
[11.974s] Invoked command in '/home/peter/dog/dog_dev/build/behavior_node' returned '0': AMENT_PREFIX_PATH=/home/peter/dog/dog_dev/install/robot_interfaces:${AMENT_PREFIX_PATH} CMAKE_PREFIX_PATH=/home/peter/dog/dog_dev/install/robot_interfaces:/opt/ros/jazzy/opt/gz_math_vendor:/opt/ros/jazzy/opt/gz_utils_vendor:/opt/ros/jazzy/opt/gz_cmake_vendor:/opt/ros/jazzy DEBUGINFOD_URLS=https://debuginfod.ubuntu.com LD_LIBRARY_PATH=/home/peter/dog/dog_dev/install/robot_interfaces/lib:/opt/MVS/lib/64:/opt/MVS/lib/32:/opt/ros/jazzy/opt/rviz_ogre_vendor/lib:/opt/ros/jazzy/lib/x86_64-linux-gnu:/opt/ros/jazzy/opt/gz_math_vendor/lib:/opt/ros/jazzy/opt/gz_utils_vendor/lib:/opt/ros/jazzy/opt/gz_cmake_vendor/lib:/opt/ros/jazzy/lib:/opt/MVS/lib/64:/opt/MVS/lib/32:/opt/MVS/lib/64:/opt/MVS/lib/32 PYTHONPATH=/home/peter/dog/dog_dev/install/robot_interfaces/lib/python3.12/site-packages:${PYTHONPATH} /usr/bin/cmake --build /home/peter/dog/dog_dev/build/behavior_node -- -j16 -l16
[11.981s] Invoking command in '/home/peter/dog/dog_dev/build/behavior_node': AMENT_PREFIX_PATH=/home/peter/dog/dog_dev/install/robot_interfaces:${AMENT_PREFIX_PATH} CMAKE_PREFIX_PATH=/home/peter/dog/dog_dev/install/robot_interfaces:/opt/ros/jazzy/opt/gz_math_vendor:/opt/ros/jazzy/opt/gz_utils_vendor:/opt/ros/jazzy/opt/gz_cmake_vendor:/opt/ros/jazzy DEBUGINFOD_URLS=https://debuginfod.ubuntu.com LD_LIBRARY_PATH=/home/peter/dog/dog_dev/install/robot_interfaces/lib:/opt/MVS/lib/64:/opt/MVS/lib/32:/opt/ros/jazzy/opt/rviz_ogre_vendor/lib:/opt/ros/jazzy/lib/x86_64-linux-gnu:/opt/ros/jazzy/opt/gz_math_vendor/lib:/opt/ros/jazzy/opt/gz_utils_vendor/lib:/opt/ros/jazzy/opt/gz_cmake_vendor/lib:/opt/ros/jazzy/lib:/opt/MVS/lib/64:/opt/MVS/lib/32:/opt/MVS/lib/64:/opt/MVS/lib/32 PYTHONPATH=/home/peter/dog/dog_dev/install/robot_interfaces/lib/python3.12/site-packages:${PYTHONPATH} /usr/bin/cmake --install /home/peter/dog/dog_dev/build/behavior_node
[11.986s] -- Install configuration: ""
[11.987s] -- Installing: /home/peter/dog/dog_dev/install/behavior_node/lib/behavior_node/behavior_node_exe
[11.990s] -- Set non-toolchain portion of runtime path of "/home/peter/dog/dog_dev/install/behavior_node/lib/behavior_node/behavior_node_exe" to ""
[11.991s] -- Installing: /home/peter/dog/dog_dev/install/behavior_node/share/ament_index/resource_index/package_run_dependencies/behavior_node
[11.991s] -- Installing: /home/peter/dog/dog_dev/install/behavior_node/share/ament_index/resource_index/parent_prefix_path/behavior_node
[11.991s] -- Installing: /home/peter/dog/dog_dev/install/behavior_node/share/behavior_node/environment/ament_prefix_path.sh
[11.991s] -- Installing: /home/peter/dog/dog_dev/install/behavior_node/share/behavior_node/environment/ament_prefix_path.dsv
[11.992s] -- Installing: /home/peter/dog/dog_dev/install/behavior_node/share/behavior_node/environment/path.sh
[11.992s] -- Installing: /home/peter/dog/dog_dev/install/behavior_node/share/behavior_node/environment/path.dsv
[11.992s] -- Installing: /home/peter/dog/dog_dev/install/behavior_node/share/behavior_node/local_setup.bash
[11.992s] -- Installing: /home/peter/dog/dog_dev/install/behavior_node/share/behavior_node/local_setup.sh
[11.992s] -- Installing: /home/peter/dog/dog_dev/install/behavior_node/share/behavior_node/local_setup.zsh
[11.992s] -- Installing: /home/peter/dog/dog_dev/install/behavior_node/share/behavior_node/local_setup.dsv
[11.992s] -- Installing: /home/peter/dog/dog_dev/install/behavior_node/share/behavior_node/package.dsv
[11.993s] -- Installing: /home/peter/dog/dog_dev/install/behavior_node/share/ament_index/resource_index/packages/behavior_node
[11.993s] -- Installing: /home/peter/dog/dog_dev/install/behavior_node/share/behavior_node/cmake/behavior_nodeConfig.cmake
[11.993s] -- Installing: /home/peter/dog/dog_dev/install/behavior_node/share/behavior_node/cmake/behavior_nodeConfig-version.cmake
[11.993s] -- Installing: /home/peter/dog/dog_dev/install/behavior_node/share/behavior_node/package.xml
[11.993s] Invoked command in '/home/peter/dog/dog_dev/build/behavior_node' returned '0': AMENT_PREFIX_PATH=/home/peter/dog/dog_dev/install/robot_interfaces:${AMENT_PREFIX_PATH} CMAKE_PREFIX_PATH=/home/peter/dog/dog_dev/install/robot_interfaces:/opt/ros/jazzy/opt/gz_math_vendor:/opt/ros/jazzy/opt/gz_utils_vendor:/opt/ros/jazzy/opt/gz_cmake_vendor:/opt/ros/jazzy DEBUGINFOD_URLS=https://debuginfod.ubuntu.com LD_LIBRARY_PATH=/home/peter/dog/dog_dev/install/robot_interfaces/lib:/opt/MVS/lib/64:/opt/MVS/lib/32:/opt/ros/jazzy/opt/rviz_ogre_vendor/lib:/opt/ros/jazzy/lib/x86_64-linux-gnu:/opt/ros/jazzy/opt/gz_math_vendor/lib:/opt/ros/jazzy/opt/gz_utils_vendor/lib:/opt/ros/jazzy/opt/gz_cmake_vendor/lib:/opt/ros/jazzy/lib:/opt/MVS/lib/64:/opt/MVS/lib/32:/opt/MVS/lib/64:/opt/MVS/lib/32 PYTHONPATH=/home/peter/dog/dog_dev/install/robot_interfaces/lib/python3.12/site-packages:${PYTHONPATH} /usr/bin/cmake --install /home/peter/dog/dog_dev/build/behavior_node
