[0.015s] Invoking command in '/home/peter/dog/dog_dev/build/detection_node': CMAKE_PREFIX_PATH=${CMAKE_PREFIX_PATH}:/opt/ros/jazzy DEBUGINFOD_URLS=https://debuginfod.ubuntu.com /usr/bin/cmake /home/peter/dog/dog_dev/ros2_ws/src/detection_node -DAMENT_CMAKE_SYMLINK_INSTALL=1 -DCMAKE_INSTALL_PREFIX=/home/peter/dog/dog_dev/install/detection_node
[0.027s] -- Found ament_cmake: 2.5.6 (/opt/ros/jazzy/share/ament_cmake/cmake)
[0.169s] -- Override CMake install command with custom implementation using symlinks instead of copying resources
[0.174s] -- Found rclcpp: 28.1.18 (/opt/ros/jazzy/share/rclcpp/cmake)
[0.446s] -- Found rosidl_generator_c: 4.6.7 (/opt/ros/jazzy/share/rosidl_generator_c/cmake)
[0.452s] -- Found rosidl_generator_cpp: 4.6.7 (/opt/ros/jazzy/share/rosidl_generator_cpp/cmake)
[0.459s] -- Using all available rosidl_typesupport_c: rosidl_typesupport_fastrtps_c;rosidl_typesupport_introspection_c
[0.467s] -- Using all available rosidl_typesupport_cpp: rosidl_typesupport_fastrtps_cpp;rosidl_typesupport_introspection_cpp
[0.507s] -- Found rmw_implementation_cmake: 7.3.3 (/opt/ros/jazzy/share/rmw_implementation_cmake/cmake)
[0.507s] -- Found rmw_fastrtps_cpp: 8.4.3 (/opt/ros/jazzy/share/rmw_fastrtps_cpp/cmake)
[0.848s] -- Using RMW implementation 'rmw_fastrtps_cpp' as default
[1.158s] -- Found sensor_msgs: 5.3.7 (/opt/ros/jazzy/share/sensor_msgs/cmake)
[1.201s] -- Found robot_interfaces: 0.0.0 (/home/peter/dog/dog_dev/ros2_ws/install/robot_interfaces/share/robot_interfaces/cmake)
[1.215s] -- Found ament_lint_auto: 0.17.5 (/opt/ros/jazzy/share/ament_lint_auto/cmake)
[1.277s] -- Added test 'cppcheck' to perform static code analysis on C / C++ code
[1.277s] -- Configured cppcheck include dirs: $<BUILD_INTERFACE:/home/peter/dog/dog_dev/ros2_ws/src/detection_node/include>
[1.278s] -- Configured cppcheck exclude dirs and/or files: 
[1.278s] -- Added test 'flake8' to check Python code syntax and style conventions
[1.278s] -- Configured 'flake8' exclude dirs and/or files: 
[1.278s] -- Added test 'lint_cmake' to check CMake code style
[1.278s] -- Added test 'pep257' to check Python code against some of the docstring style conventions in PEP 257
[1.279s] -- Added test 'uncrustify' to check C / C++ code style
[1.279s] -- Configured uncrustify additional arguments: 
[1.279s] -- Added test 'xmllint' to check XML markup files
[1.280s] -- Configuring done (1.3s)
[1.297s] -- Generating done (0.0s)
[1.303s] -- Build files have been written to: /home/peter/dog/dog_dev/build/detection_node
