-- Found ament_cmake: 2.5.6 (/opt/ros/jazzy/share/ament_cmake/cmake)
-- Found rosidl_default_generators: 1.6.0 (/opt/ros/jazzy/share/rosidl_default_generators/cmake)
-- Using all available rosidl_typesupport_c: rosidl_typesupport_fastrtps_c;rosidl_typesupport_introspection_c
-- Using all available rosidl_typesupport_cpp: rosidl_typesupport_fastrtps_cpp;rosidl_typesupport_introspection_cpp
-- Found rosidl_adapter: 4.6.7 (/opt/ros/jazzy/share/rosidl_adapter/cmake)
-- Found std_msgs: 5.3.7 (/opt/ros/jazzy/share/std_msgs/cmake)
-- Found ament_cmake_ros: 0.12.0 (/opt/ros/jazzy/share/ament_cmake_ros/cmake)
-- Using all available rosidl_typesupport_c: rosidl_typesupport_fastrtps_c;rosidl_typesupport_introspection_c
-- Using all available rosidl_typesupport_cpp: rosidl_typesupport_fastrtps_cpp;rosidl_typesupport_introspection_cpp
-- Found python_cmake_module: 0.11.1 (/opt/ros/jazzy/share/python_cmake_module/cmake)
-- Found Python3: /usr/bin/python3 (found version "3.12.3") found components: Interpreter Development NumPy Development.Module Development.Embed 
-- Found Python3: /usr/bin/python3 (found version "3.12.3") found components: Interpreter 
-- Configuring done (1.0s)
-- Generating done (0.0s)
-- Build files have been written to: /home/peter/dog/dog_dev/build/robot_interfaces
[  1%] Generating Rust code for ROS interfaces
[  2%] Generating type hashes for ROS interfaces
[  2%] Built target ament_cmake_python_copy_robot_interfaces
running egg_info
writing robot_interfaces.egg-info/PKG-INFO
writing dependency_links to robot_interfaces.egg-info/dependency_links.txt
writing top-level names to robot_interfaces.egg-info/top_level.txt
[  2%] Built target robot_interfaces__rosidl_generator_type_description
[  4%] Generating C code for ROS interfaces
[  5%] Generating C++ code for ROS interfaces
[  5%] Built target robot_interfaces__rs
reading manifest file 'robot_interfaces.egg-info/SOURCES.txt'
writing manifest file 'robot_interfaces.egg-info/SOURCES.txt'
[  5%] Built target ament_cmake_python_build_robot_interfaces_egg
[  5%] Built target robot_interfaces__cpp
[  6%] Building C object CMakeFiles/robot_interfaces__rosidl_generator_c.dir/rosidl_generator_c/robot_interfaces/msg/detail/target_info__description.c.o
[  8%] Building C object CMakeFiles/robot_interfaces__rosidl_generator_c.dir/rosidl_generator_c/robot_interfaces/msg/detail/target_info__type_support.c.o
[  9%] Building C object CMakeFiles/robot_interfaces__rosidl_generator_c.dir/rosidl_generator_c/robot_interfaces/msg/detail/simple_detection__type_support.c.o
[ 10%] Building C object CMakeFiles/robot_interfaces__rosidl_generator_c.dir/rosidl_generator_c/robot_interfaces/msg/detail/simple_detection2_d_array__description.c.o
[ 12%] Building C object CMakeFiles/robot_interfaces__rosidl_generator_c.dir/rosidl_generator_c/robot_interfaces/msg/detail/target_info__functions.c.o
[ 13%] Building C object CMakeFiles/robot_interfaces__rosidl_generator_c.dir/rosidl_generator_c/robot_interfaces/srv/detail/set_target_class__description.c.o
[ 14%] Building C object CMakeFiles/robot_interfaces__rosidl_generator_c.dir/rosidl_generator_c/robot_interfaces/msg/detail/simple_detection2_d_array__functions.c.o
[ 16%] Building C object CMakeFiles/robot_interfaces__rosidl_generator_c.dir/rosidl_generator_c/robot_interfaces/msg/detail/simple_detection2_d_array__type_support.c.o
[ 17%] Building C object CMakeFiles/robot_interfaces__rosidl_generator_c.dir/rosidl_generator_c/robot_interfaces/srv/detail/calibrate_center__description.c.o
[ 18%] Building C object CMakeFiles/robot_interfaces__rosidl_generator_c.dir/rosidl_generator_c/robot_interfaces/msg/detail/simple_detection__description.c.o
[ 20%] Building C object CMakeFiles/robot_interfaces__rosidl_generator_c.dir/rosidl_generator_c/robot_interfaces/msg/detail/simple_detection__functions.c.o
[ 21%] Building C object CMakeFiles/robot_interfaces__rosidl_generator_c.dir/rosidl_generator_c/robot_interfaces/srv/detail/set_target_class__functions.c.o
[ 22%] Building C object CMakeFiles/robot_interfaces__rosidl_generator_c.dir/rosidl_generator_c/robot_interfaces/srv/detail/set_target_class__type_support.c.o
[ 24%] Building C object CMakeFiles/robot_interfaces__rosidl_generator_c.dir/rosidl_generator_c/robot_interfaces/srv/detail/calibrate_center__type_support.c.o
[ 25%] Building C object CMakeFiles/robot_interfaces__rosidl_generator_c.dir/rosidl_generator_c/robot_interfaces/srv/detail/calibrate_center__functions.c.o
[ 26%] Linking C shared library librobot_interfaces__rosidl_generator_c.so
[ 26%] Built target robot_interfaces__rosidl_generator_c
[ 30%] Generating C++ type support for eProsima Fast-RTPS
[ 30%] Generating C++ introspection for ROS interfaces
[ 32%] Generating C type support for eProsima Fast-RTPS
[ 32%] Generating C++ type support dispatch for ROS interfaces
[ 33%] Generating C introspection for ROS interfaces
[ 34%] Generating C type support dispatch for ROS interfaces
[ 36%] Building CXX object CMakeFiles/robot_interfaces__rosidl_typesupport_c.dir/rosidl_typesupport_c/robot_interfaces/msg/target_info__type_support.cpp.o
[ 37%] Building CXX object CMakeFiles/robot_interfaces__rosidl_typesupport_c.dir/rosidl_typesupport_c/robot_interfaces/msg/simple_detection__type_support.cpp.o
[ 38%] Building CXX object CMakeFiles/robot_interfaces__rosidl_typesupport_c.dir/rosidl_typesupport_c/robot_interfaces/srv/set_target_class__type_support.cpp.o
[ 40%] Building CXX object CMakeFiles/robot_interfaces__rosidl_typesupport_c.dir/rosidl_typesupport_c/robot_interfaces/msg/simple_detection2_d_array__type_support.cpp.o
[ 41%] Building CXX object CMakeFiles/robot_interfaces__rosidl_typesupport_c.dir/rosidl_typesupport_c/robot_interfaces/srv/calibrate_center__type_support.cpp.o
[ 44%] Building CXX object CMakeFiles/robot_interfaces__rosidl_typesupport_cpp.dir/rosidl_typesupport_cpp/robot_interfaces/srv/set_target_class__type_support.cpp.o
[ 44%] Building CXX object CMakeFiles/robot_interfaces__rosidl_typesupport_cpp.dir/rosidl_typesupport_cpp/robot_interfaces/msg/simple_detection2_d_array__type_support.cpp.o
[ 45%] Building CXX object CMakeFiles/robot_interfaces__rosidl_typesupport_cpp.dir/rosidl_typesupport_cpp/robot_interfaces/msg/target_info__type_support.cpp.o
[ 46%] Building CXX object CMakeFiles/robot_interfaces__rosidl_typesupport_cpp.dir/rosidl_typesupport_cpp/robot_interfaces/msg/simple_detection__type_support.cpp.o
[ 48%] Building CXX object CMakeFiles/robot_interfaces__rosidl_typesupport_cpp.dir/rosidl_typesupport_cpp/robot_interfaces/srv/calibrate_center__type_support.cpp.o
[ 49%] Linking CXX shared library librobot_interfaces__rosidl_typesupport_c.so
[ 50%] Building CXX object CMakeFiles/robot_interfaces__rosidl_typesupport_introspection_cpp.dir/rosidl_typesupport_introspection_cpp/robot_interfaces/msg/detail/simple_detection__type_support.cpp.o
[ 52%] Building CXX object CMakeFiles/robot_interfaces__rosidl_typesupport_introspection_cpp.dir/rosidl_typesupport_introspection_cpp/robot_interfaces/msg/detail/target_info__type_support.cpp.o
[ 53%] Building CXX object CMakeFiles/robot_interfaces__rosidl_typesupport_introspection_cpp.dir/rosidl_typesupport_introspection_cpp/robot_interfaces/msg/detail/simple_detection2_d_array__type_support.cpp.o
[ 54%] Building CXX object CMakeFiles/robot_interfaces__rosidl_typesupport_introspection_cpp.dir/rosidl_typesupport_introspection_cpp/robot_interfaces/srv/detail/set_target_class__type_support.cpp.o
[ 56%] Building CXX object CMakeFiles/robot_interfaces__rosidl_typesupport_introspection_cpp.dir/rosidl_typesupport_introspection_cpp/robot_interfaces/srv/detail/calibrate_center__type_support.cpp.o
[ 58%] Building C object CMakeFiles/robot_interfaces__rosidl_typesupport_introspection_c.dir/rosidl_typesupport_introspection_c/robot_interfaces/msg/detail/simple_detection2_d_array__type_support.c.o
[ 58%] Building C object CMakeFiles/robot_interfaces__rosidl_typesupport_introspection_c.dir/rosidl_typesupport_introspection_c/robot_interfaces/msg/detail/target_info__type_support.c.o
[ 60%] Building C object CMakeFiles/robot_interfaces__rosidl_typesupport_introspection_c.dir/rosidl_typesupport_introspection_c/robot_interfaces/msg/detail/simple_detection__type_support.c.o
[ 61%] Building C object CMakeFiles/robot_interfaces__rosidl_typesupport_introspection_c.dir/rosidl_typesupport_introspection_c/robot_interfaces/srv/detail/set_target_class__type_support.c.o
[ 62%] Building C object CMakeFiles/robot_interfaces__rosidl_typesupport_introspection_c.dir/rosidl_typesupport_introspection_c/robot_interfaces/srv/detail/calibrate_center__type_support.c.o
[ 64%] Linking C shared library librobot_interfaces__rosidl_typesupport_introspection_c.so
[ 65%] Building CXX object CMakeFiles/robot_interfaces__rosidl_typesupport_fastrtps_cpp.dir/rosidl_typesupport_fastrtps_cpp/robot_interfaces/msg/detail/dds_fastrtps/target_info__type_support.cpp.o
[ 66%] Building CXX object CMakeFiles/robot_interfaces__rosidl_typesupport_fastrtps_cpp.dir/rosidl_typesupport_fastrtps_cpp/robot_interfaces/msg/detail/dds_fastrtps/simple_detection2_d_array__type_support.cpp.o
[ 68%] Building CXX object CMakeFiles/robot_interfaces__rosidl_typesupport_fastrtps_cpp.dir/rosidl_typesupport_fastrtps_cpp/robot_interfaces/msg/detail/dds_fastrtps/simple_detection__type_support.cpp.o
[ 69%] Building CXX object CMakeFiles/robot_interfaces__rosidl_typesupport_fastrtps_c.dir/rosidl_typesupport_fastrtps_c/robot_interfaces/msg/detail/target_info__type_support_c.cpp.o
[ 70%] Building CXX object CMakeFiles/robot_interfaces__rosidl_typesupport_fastrtps_cpp.dir/rosidl_typesupport_fastrtps_cpp/robot_interfaces/srv/detail/dds_fastrtps/set_target_class__type_support.cpp.o
[ 72%] Building CXX object CMakeFiles/robot_interfaces__rosidl_typesupport_fastrtps_c.dir/rosidl_typesupport_fastrtps_c/robot_interfaces/msg/detail/simple_detection__type_support_c.cpp.o
[ 73%] Building CXX object CMakeFiles/robot_interfaces__rosidl_typesupport_fastrtps_cpp.dir/rosidl_typesupport_fastrtps_cpp/robot_interfaces/srv/detail/dds_fastrtps/calibrate_center__type_support.cpp.o
[ 74%] Building CXX object CMakeFiles/robot_interfaces__rosidl_typesupport_fastrtps_c.dir/rosidl_typesupport_fastrtps_c/robot_interfaces/msg/detail/simple_detection2_d_array__type_support_c.cpp.o
[ 76%] Building CXX object CMakeFiles/robot_interfaces__rosidl_typesupport_fastrtps_c.dir/rosidl_typesupport_fastrtps_c/robot_interfaces/srv/detail/set_target_class__type_support_c.cpp.o
[ 77%] Building CXX object CMakeFiles/robot_interfaces__rosidl_typesupport_fastrtps_c.dir/rosidl_typesupport_fastrtps_c/robot_interfaces/srv/detail/calibrate_center__type_support_c.cpp.o
[ 78%] Linking CXX shared library librobot_interfaces__rosidl_typesupport_cpp.so
[ 80%] Linking CXX shared library librobot_interfaces__rosidl_typesupport_introspection_cpp.so
[ 80%] Built target robot_interfaces__rosidl_typesupport_c
[ 80%] Built target robot_interfaces__rosidl_typesupport_introspection_c
[ 81%] Linking CXX shared library librobot_interfaces__rosidl_typesupport_fastrtps_c.so
[ 82%] Linking CXX shared library librobot_interfaces__rosidl_typesupport_fastrtps_cpp.so
[ 82%] Built target robot_interfaces__rosidl_typesupport_cpp
[ 82%] Built target robot_interfaces__rosidl_typesupport_introspection_cpp
[ 82%] Built target robot_interfaces__rosidl_typesupport_fastrtps_c
[ 82%] Built target robot_interfaces__rosidl_typesupport_fastrtps_cpp
[ 82%] Built target robot_interfaces
[ 84%] Generating Python code for ROS interfaces
[ 84%] Built target robot_interfaces__py
[ 85%] Building C object CMakeFiles/robot_interfaces__rosidl_generator_py.dir/rosidl_generator_py/robot_interfaces/msg/_target_info_s.c.o
[ 86%] Building C object CMakeFiles/robot_interfaces__rosidl_generator_py.dir/rosidl_generator_py/robot_interfaces/msg/_simple_detection_s.c.o
[ 88%] Building C object CMakeFiles/robot_interfaces__rosidl_generator_py.dir/rosidl_generator_py/robot_interfaces/srv/_set_target_class_s.c.o
[ 89%] Building C object CMakeFiles/robot_interfaces__rosidl_generator_py.dir/rosidl_generator_py/robot_interfaces/srv/_calibrate_center_s.c.o
[ 90%] Building C object CMakeFiles/robot_interfaces__rosidl_generator_py.dir/rosidl_generator_py/robot_interfaces/msg/_simple_detection2_d_array_s.c.o
[ 92%] Linking C shared library librobot_interfaces__rosidl_generator_py.so
[ 92%] Built target robot_interfaces__rosidl_generator_py
[ 96%] Building C object CMakeFiles/robot_interfaces_s__rosidl_typesupport_fastrtps_c.dir/rosidl_generator_py/robot_interfaces/_robot_interfaces_s.ep.rosidl_typesupport_fastrtps_c.c.o
[ 96%] Building C object CMakeFiles/robot_interfaces_s__rosidl_typesupport_introspection_c.dir/rosidl_generator_py/robot_interfaces/_robot_interfaces_s.ep.rosidl_typesupport_introspection_c.c.o
[ 96%] Building C object CMakeFiles/robot_interfaces_s__rosidl_typesupport_c.dir/rosidl_generator_py/robot_interfaces/_robot_interfaces_s.ep.rosidl_typesupport_c.c.o
[ 98%] Linking C shared module rosidl_generator_py/robot_interfaces/robot_interfaces_s__rosidl_typesupport_c.so
[ 98%] Linking C shared module rosidl_generator_py/robot_interfaces/robot_interfaces_s__rosidl_typesupport_introspection_c.so
[100%] Linking C shared module rosidl_generator_py/robot_interfaces/robot_interfaces_s__rosidl_typesupport_fastrtps_c.so
[100%] Built target robot_interfaces_s__rosidl_typesupport_c
[100%] Built target robot_interfaces_s__rosidl_typesupport_introspection_c
[100%] Built target robot_interfaces_s__rosidl_typesupport_fastrtps_c
-- Install configuration: ""
-- Installing: /home/peter/dog/dog_dev/install/robot_interfaces/share/ament_index/resource_index/rosidl_interfaces/robot_interfaces
-- Installing: /home/peter/dog/dog_dev/install/robot_interfaces/share/robot_interfaces/msg/TargetInfo.json
-- Installing: /home/peter/dog/dog_dev/install/robot_interfaces/share/robot_interfaces/msg/SimpleDetection.json
-- Installing: /home/peter/dog/dog_dev/install/robot_interfaces/share/robot_interfaces/msg/SimpleDetection2DArray.json
-- Installing: /home/peter/dog/dog_dev/install/robot_interfaces/share/robot_interfaces/srv/SetTargetClass.json
-- Installing: /home/peter/dog/dog_dev/install/robot_interfaces/share/robot_interfaces/srv/CalibrateCenter.json
-- Up-to-date: /home/peter/dog/dog_dev/install/robot_interfaces/include/robot_interfaces/robot_interfaces
-- Up-to-date: /home/peter/dog/dog_dev/install/robot_interfaces/include/robot_interfaces/robot_interfaces/srv
-- Up-to-date: /home/peter/dog/dog_dev/install/robot_interfaces/include/robot_interfaces/robot_interfaces/srv/detail
-- Installing: /home/peter/dog/dog_dev/install/robot_interfaces/include/robot_interfaces/robot_interfaces/srv/detail/calibrate_center__type_support.h
-- Installing: /home/peter/dog/dog_dev/install/robot_interfaces/include/robot_interfaces/robot_interfaces/srv/detail/set_target_class__struct.h
-- Installing: /home/peter/dog/dog_dev/install/robot_interfaces/include/robot_interfaces/robot_interfaces/srv/detail/calibrate_center__struct.h
-- Installing: /home/peter/dog/dog_dev/install/robot_interfaces/include/robot_interfaces/robot_interfaces/srv/detail/calibrate_center__functions.c
-- Installing: /home/peter/dog/dog_dev/install/robot_interfaces/include/robot_interfaces/robot_interfaces/srv/detail/set_target_class__type_support.h
-- Installing: /home/peter/dog/dog_dev/install/robot_interfaces/include/robot_interfaces/robot_interfaces/srv/detail/calibrate_center__functions.h
-- Installing: /home/peter/dog/dog_dev/install/robot_interfaces/include/robot_interfaces/robot_interfaces/srv/detail/calibrate_center__description.c
-- Installing: /home/peter/dog/dog_dev/install/robot_interfaces/include/robot_interfaces/robot_interfaces/srv/detail/set_target_class__functions.c
-- Installing: /home/peter/dog/dog_dev/install/robot_interfaces/include/robot_interfaces/robot_interfaces/srv/detail/set_target_class__functions.h
-- Installing: /home/peter/dog/dog_dev/install/robot_interfaces/include/robot_interfaces/robot_interfaces/srv/detail/set_target_class__description.c
-- Installing: /home/peter/dog/dog_dev/install/robot_interfaces/include/robot_interfaces/robot_interfaces/srv/detail/set_target_class__type_support.c
-- Installing: /home/peter/dog/dog_dev/install/robot_interfaces/include/robot_interfaces/robot_interfaces/srv/detail/calibrate_center__type_support.c
-- Installing: /home/peter/dog/dog_dev/install/robot_interfaces/include/robot_interfaces/robot_interfaces/srv/calibrate_center.h
-- Installing: /home/peter/dog/dog_dev/install/robot_interfaces/include/robot_interfaces/robot_interfaces/srv/set_target_class.h
-- Up-to-date: /home/peter/dog/dog_dev/install/robot_interfaces/include/robot_interfaces/robot_interfaces/msg
-- Up-to-date: /home/peter/dog/dog_dev/install/robot_interfaces/include/robot_interfaces/robot_interfaces/msg/detail
-- Installing: /home/peter/dog/dog_dev/install/robot_interfaces/include/robot_interfaces/robot_interfaces/msg/detail/target_info__type_support.c
-- Installing: /home/peter/dog/dog_dev/install/robot_interfaces/include/robot_interfaces/robot_interfaces/msg/detail/simple_detection2_d_array__type_support.c
-- Installing: /home/peter/dog/dog_dev/install/robot_interfaces/include/robot_interfaces/robot_interfaces/msg/detail/simple_detection__functions.h
-- Installing: /home/peter/dog/dog_dev/install/robot_interfaces/include/robot_interfaces/robot_interfaces/msg/detail/simple_detection__functions.c
-- Installing: /home/peter/dog/dog_dev/install/robot_interfaces/include/robot_interfaces/robot_interfaces/msg/detail/simple_detection__type_support.h
-- Installing: /home/peter/dog/dog_dev/install/robot_interfaces/include/robot_interfaces/robot_interfaces/msg/detail/target_info__functions.c
-- Installing: /home/peter/dog/dog_dev/install/robot_interfaces/include/robot_interfaces/robot_interfaces/msg/detail/simple_detection__struct.h
-- Installing: /home/peter/dog/dog_dev/install/robot_interfaces/include/robot_interfaces/robot_interfaces/msg/detail/simple_detection2_d_array__description.c
-- Installing: /home/peter/dog/dog_dev/install/robot_interfaces/include/robot_interfaces/robot_interfaces/msg/detail/target_info__struct.h
-- Installing: /home/peter/dog/dog_dev/install/robot_interfaces/include/robot_interfaces/robot_interfaces/msg/detail/simple_detection__description.c
-- Installing: /home/peter/dog/dog_dev/install/robot_interfaces/include/robot_interfaces/robot_interfaces/msg/detail/target_info__type_support.h
-- Installing: /home/peter/dog/dog_dev/install/robot_interfaces/include/robot_interfaces/robot_interfaces/msg/detail/simple_detection__type_support.c
-- Installing: /home/peter/dog/dog_dev/install/robot_interfaces/include/robot_interfaces/robot_interfaces/msg/detail/simple_detection2_d_array__type_support.h
-- Installing: /home/peter/dog/dog_dev/install/robot_interfaces/include/robot_interfaces/robot_interfaces/msg/detail/target_info__description.c
-- Installing: /home/peter/dog/dog_dev/install/robot_interfaces/include/robot_interfaces/robot_interfaces/msg/detail/simple_detection2_d_array__struct.h
-- Installing: /home/peter/dog/dog_dev/install/robot_interfaces/include/robot_interfaces/robot_interfaces/msg/detail/target_info__functions.h
-- Installing: /home/peter/dog/dog_dev/install/robot_interfaces/include/robot_interfaces/robot_interfaces/msg/detail/simple_detection2_d_array__functions.c
-- Installing: /home/peter/dog/dog_dev/install/robot_interfaces/include/robot_interfaces/robot_interfaces/msg/detail/simple_detection2_d_array__functions.h
-- Installing: /home/peter/dog/dog_dev/install/robot_interfaces/include/robot_interfaces/robot_interfaces/msg/simple_detection.h
-- Installing: /home/peter/dog/dog_dev/install/robot_interfaces/include/robot_interfaces/robot_interfaces/msg/simple_detection2_d_array.h
-- Up-to-date: /home/peter/dog/dog_dev/install/robot_interfaces/include/robot_interfaces/robot_interfaces/msg/rosidl_generator_c__visibility_control.h
-- Installing: /home/peter/dog/dog_dev/install/robot_interfaces/include/robot_interfaces/robot_interfaces/msg/target_info.h
-- Up-to-date: /home/peter/dog/dog_dev/install/robot_interfaces/share/robot_interfaces/environment/library_path.sh
-- Up-to-date: /home/peter/dog/dog_dev/install/robot_interfaces/share/robot_interfaces/environment/library_path.dsv
-- Installing: /home/peter/dog/dog_dev/install/robot_interfaces/lib/librobot_interfaces__rosidl_generator_c.so
-- Set non-toolchain portion of runtime path of "/home/peter/dog/dog_dev/install/robot_interfaces/lib/librobot_interfaces__rosidl_generator_c.so" to ""
-- Up-to-date: /home/peter/dog/dog_dev/install/robot_interfaces/include/robot_interfaces/robot_interfaces
-- Up-to-date: /home/peter/dog/dog_dev/install/robot_interfaces/include/robot_interfaces/robot_interfaces/srv
-- Up-to-date: /home/peter/dog/dog_dev/install/robot_interfaces/include/robot_interfaces/robot_interfaces/srv/detail
-- Installing: /home/peter/dog/dog_dev/install/robot_interfaces/include/robot_interfaces/robot_interfaces/srv/detail/set_target_class__rosidl_typesupport_fastrtps_c.h
-- Installing: /home/peter/dog/dog_dev/install/robot_interfaces/include/robot_interfaces/robot_interfaces/srv/detail/calibrate_center__rosidl_typesupport_fastrtps_c.h
-- Up-to-date: /home/peter/dog/dog_dev/install/robot_interfaces/include/robot_interfaces/robot_interfaces/msg
-- Up-to-date: /home/peter/dog/dog_dev/install/robot_interfaces/include/robot_interfaces/robot_interfaces/msg/detail
-- Installing: /home/peter/dog/dog_dev/install/robot_interfaces/include/robot_interfaces/robot_interfaces/msg/detail/simple_detection__rosidl_typesupport_fastrtps_c.h
-- Installing: /home/peter/dog/dog_dev/install/robot_interfaces/include/robot_interfaces/robot_interfaces/msg/detail/target_info__rosidl_typesupport_fastrtps_c.h
-- Installing: /home/peter/dog/dog_dev/install/robot_interfaces/include/robot_interfaces/robot_interfaces/msg/detail/simple_detection2_d_array__rosidl_typesupport_fastrtps_c.h
-- Up-to-date: /home/peter/dog/dog_dev/install/robot_interfaces/include/robot_interfaces/robot_interfaces/msg/rosidl_typesupport_fastrtps_c__visibility_control.h
-- Installing: /home/peter/dog/dog_dev/install/robot_interfaces/lib/librobot_interfaces__rosidl_typesupport_fastrtps_c.so
-- Set non-toolchain portion of runtime path of "/home/peter/dog/dog_dev/install/robot_interfaces/lib/librobot_interfaces__rosidl_typesupport_fastrtps_c.so" to ""
-- Up-to-date: /home/peter/dog/dog_dev/install/robot_interfaces/include/robot_interfaces/robot_interfaces
-- Up-to-date: /home/peter/dog/dog_dev/install/robot_interfaces/include/robot_interfaces/robot_interfaces/srv
-- Up-to-date: /home/peter/dog/dog_dev/install/robot_interfaces/include/robot_interfaces/robot_interfaces/srv/detail
-- Installing: /home/peter/dog/dog_dev/install/robot_interfaces/include/robot_interfaces/robot_interfaces/srv/detail/set_target_class__rosidl_typesupport_introspection_c.h
-- Installing: /home/peter/dog/dog_dev/install/robot_interfaces/include/robot_interfaces/robot_interfaces/srv/detail/set_target_class__type_support.c
-- Installing: /home/peter/dog/dog_dev/install/robot_interfaces/include/robot_interfaces/robot_interfaces/srv/detail/calibrate_center__type_support.c
-- Installing: /home/peter/dog/dog_dev/install/robot_interfaces/include/robot_interfaces/robot_interfaces/srv/detail/calibrate_center__rosidl_typesupport_introspection_c.h
-- Up-to-date: /home/peter/dog/dog_dev/install/robot_interfaces/include/robot_interfaces/robot_interfaces/msg
-- Up-to-date: /home/peter/dog/dog_dev/install/robot_interfaces/include/robot_interfaces/robot_interfaces/msg/detail
-- Installing: /home/peter/dog/dog_dev/install/robot_interfaces/include/robot_interfaces/robot_interfaces/msg/detail/target_info__type_support.c
-- Installing: /home/peter/dog/dog_dev/install/robot_interfaces/include/robot_interfaces/robot_interfaces/msg/detail/simple_detection2_d_array__type_support.c
-- Installing: /home/peter/dog/dog_dev/install/robot_interfaces/include/robot_interfaces/robot_interfaces/msg/detail/simple_detection2_d_array__rosidl_typesupport_introspection_c.h
-- Installing: /home/peter/dog/dog_dev/install/robot_interfaces/include/robot_interfaces/robot_interfaces/msg/detail/simple_detection__type_support.c
-- Installing: /home/peter/dog/dog_dev/install/robot_interfaces/include/robot_interfaces/robot_interfaces/msg/detail/simple_detection__rosidl_typesupport_introspection_c.h
-- Installing: /home/peter/dog/dog_dev/install/robot_interfaces/include/robot_interfaces/robot_interfaces/msg/detail/target_info__rosidl_typesupport_introspection_c.h
-- Up-to-date: /home/peter/dog/dog_dev/install/robot_interfaces/include/robot_interfaces/robot_interfaces/msg/rosidl_typesupport_introspection_c__visibility_control.h
-- Installing: /home/peter/dog/dog_dev/install/robot_interfaces/lib/librobot_interfaces__rosidl_typesupport_introspection_c.so
-- Set non-toolchain portion of runtime path of "/home/peter/dog/dog_dev/install/robot_interfaces/lib/librobot_interfaces__rosidl_typesupport_introspection_c.so" to ""
-- Installing: /home/peter/dog/dog_dev/install/robot_interfaces/lib/librobot_interfaces__rosidl_typesupport_c.so
-- Set non-toolchain portion of runtime path of "/home/peter/dog/dog_dev/install/robot_interfaces/lib/librobot_interfaces__rosidl_typesupport_c.so" to ""
-- Up-to-date: /home/peter/dog/dog_dev/install/robot_interfaces/include/robot_interfaces/robot_interfaces
-- Up-to-date: /home/peter/dog/dog_dev/install/robot_interfaces/include/robot_interfaces/robot_interfaces/srv
-- Installing: /home/peter/dog/dog_dev/install/robot_interfaces/include/robot_interfaces/robot_interfaces/srv/calibrate_center.hpp
-- Up-to-date: /home/peter/dog/dog_dev/install/robot_interfaces/include/robot_interfaces/robot_interfaces/srv/detail
-- Installing: /home/peter/dog/dog_dev/install/robot_interfaces/include/robot_interfaces/robot_interfaces/srv/detail/calibrate_center__traits.hpp
-- Installing: /home/peter/dog/dog_dev/install/robot_interfaces/include/robot_interfaces/robot_interfaces/srv/detail/calibrate_center__struct.hpp
-- Installing: /home/peter/dog/dog_dev/install/robot_interfaces/include/robot_interfaces/robot_interfaces/srv/detail/calibrate_center__type_support.hpp
-- Installing: /home/peter/dog/dog_dev/install/robot_interfaces/include/robot_interfaces/robot_interfaces/srv/detail/set_target_class__builder.hpp
-- Installing: /home/peter/dog/dog_dev/install/robot_interfaces/include/robot_interfaces/robot_interfaces/srv/detail/calibrate_center__builder.hpp
-- Installing: /home/peter/dog/dog_dev/install/robot_interfaces/include/robot_interfaces/robot_interfaces/srv/detail/set_target_class__struct.hpp
-- Installing: /home/peter/dog/dog_dev/install/robot_interfaces/include/robot_interfaces/robot_interfaces/srv/detail/set_target_class__type_support.hpp
-- Installing: /home/peter/dog/dog_dev/install/robot_interfaces/include/robot_interfaces/robot_interfaces/srv/detail/set_target_class__traits.hpp
-- Installing: /home/peter/dog/dog_dev/install/robot_interfaces/include/robot_interfaces/robot_interfaces/srv/set_target_class.hpp
-- Up-to-date: /home/peter/dog/dog_dev/install/robot_interfaces/include/robot_interfaces/robot_interfaces/msg
-- Installing: /home/peter/dog/dog_dev/install/robot_interfaces/include/robot_interfaces/robot_interfaces/msg/rosidl_generator_cpp__visibility_control.hpp
-- Up-to-date: /home/peter/dog/dog_dev/install/robot_interfaces/include/robot_interfaces/robot_interfaces/msg/detail
-- Installing: /home/peter/dog/dog_dev/install/robot_interfaces/include/robot_interfaces/robot_interfaces/msg/detail/target_info__traits.hpp
-- Installing: /home/peter/dog/dog_dev/install/robot_interfaces/include/robot_interfaces/robot_interfaces/msg/detail/target_info__builder.hpp
-- Installing: /home/peter/dog/dog_dev/install/robot_interfaces/include/robot_interfaces/robot_interfaces/msg/detail/simple_detection__traits.hpp
-- Installing: /home/peter/dog/dog_dev/install/robot_interfaces/include/robot_interfaces/robot_interfaces/msg/detail/simple_detection2_d_array__traits.hpp
-- Installing: /home/peter/dog/dog_dev/install/robot_interfaces/include/robot_interfaces/robot_interfaces/msg/detail/target_info__struct.hpp
-- Installing: /home/peter/dog/dog_dev/install/robot_interfaces/include/robot_interfaces/robot_interfaces/msg/detail/target_info__type_support.hpp
-- Installing: /home/peter/dog/dog_dev/install/robot_interfaces/include/robot_interfaces/robot_interfaces/msg/detail/simple_detection__type_support.hpp
-- Installing: /home/peter/dog/dog_dev/install/robot_interfaces/include/robot_interfaces/robot_interfaces/msg/detail/simple_detection2_d_array__type_support.hpp
-- Installing: /home/peter/dog/dog_dev/install/robot_interfaces/include/robot_interfaces/robot_interfaces/msg/detail/simple_detection2_d_array__builder.hpp
-- Installing: /home/peter/dog/dog_dev/install/robot_interfaces/include/robot_interfaces/robot_interfaces/msg/detail/simple_detection__builder.hpp
-- Installing: /home/peter/dog/dog_dev/install/robot_interfaces/include/robot_interfaces/robot_interfaces/msg/detail/simple_detection__struct.hpp
-- Installing: /home/peter/dog/dog_dev/install/robot_interfaces/include/robot_interfaces/robot_interfaces/msg/detail/simple_detection2_d_array__struct.hpp
-- Installing: /home/peter/dog/dog_dev/install/robot_interfaces/include/robot_interfaces/robot_interfaces/msg/simple_detection.hpp
-- Installing: /home/peter/dog/dog_dev/install/robot_interfaces/include/robot_interfaces/robot_interfaces/msg/target_info.hpp
-- Installing: /home/peter/dog/dog_dev/install/robot_interfaces/include/robot_interfaces/robot_interfaces/msg/simple_detection2_d_array.hpp
-- Up-to-date: /home/peter/dog/dog_dev/install/robot_interfaces/include/robot_interfaces/robot_interfaces
-- Up-to-date: /home/peter/dog/dog_dev/install/robot_interfaces/include/robot_interfaces/robot_interfaces/srv
-- Up-to-date: /home/peter/dog/dog_dev/install/robot_interfaces/include/robot_interfaces/robot_interfaces/srv/detail
-- Installing: /home/peter/dog/dog_dev/install/robot_interfaces/include/robot_interfaces/robot_interfaces/srv/detail/set_target_class__rosidl_typesupport_fastrtps_cpp.hpp
-- Installing: /home/peter/dog/dog_dev/install/robot_interfaces/include/robot_interfaces/robot_interfaces/srv/detail/calibrate_center__rosidl_typesupport_fastrtps_cpp.hpp
-- Up-to-date: /home/peter/dog/dog_dev/install/robot_interfaces/include/robot_interfaces/robot_interfaces/srv/detail/dds_fastrtps
-- Up-to-date: /home/peter/dog/dog_dev/install/robot_interfaces/include/robot_interfaces/robot_interfaces/msg
-- Up-to-date: /home/peter/dog/dog_dev/install/robot_interfaces/include/robot_interfaces/robot_interfaces/msg/detail
-- Installing: /home/peter/dog/dog_dev/install/robot_interfaces/include/robot_interfaces/robot_interfaces/msg/detail/simple_detection__rosidl_typesupport_fastrtps_cpp.hpp
-- Installing: /home/peter/dog/dog_dev/install/robot_interfaces/include/robot_interfaces/robot_interfaces/msg/detail/target_info__rosidl_typesupport_fastrtps_cpp.hpp
-- Installing: /home/peter/dog/dog_dev/install/robot_interfaces/include/robot_interfaces/robot_interfaces/msg/detail/simple_detection2_d_array__rosidl_typesupport_fastrtps_cpp.hpp
-- Up-to-date: /home/peter/dog/dog_dev/install/robot_interfaces/include/robot_interfaces/robot_interfaces/msg/detail/dds_fastrtps
-- Up-to-date: /home/peter/dog/dog_dev/install/robot_interfaces/include/robot_interfaces/robot_interfaces/msg/rosidl_typesupport_fastrtps_cpp__visibility_control.h
-- Installing: /home/peter/dog/dog_dev/install/robot_interfaces/lib/librobot_interfaces__rosidl_typesupport_fastrtps_cpp.so
-- Set non-toolchain portion of runtime path of "/home/peter/dog/dog_dev/install/robot_interfaces/lib/librobot_interfaces__rosidl_typesupport_fastrtps_cpp.so" to ""
-- Up-to-date: /home/peter/dog/dog_dev/install/robot_interfaces/include/robot_interfaces/robot_interfaces
-- Up-to-date: /home/peter/dog/dog_dev/install/robot_interfaces/include/robot_interfaces/robot_interfaces/srv
-- Up-to-date: /home/peter/dog/dog_dev/install/robot_interfaces/include/robot_interfaces/robot_interfaces/srv/detail
-- Installing: /home/peter/dog/dog_dev/install/robot_interfaces/include/robot_interfaces/robot_interfaces/srv/detail/calibrate_center__type_support.cpp
-- Installing: /home/peter/dog/dog_dev/install/robot_interfaces/include/robot_interfaces/robot_interfaces/srv/detail/calibrate_center__rosidl_typesupport_introspection_cpp.hpp
-- Installing: /home/peter/dog/dog_dev/install/robot_interfaces/include/robot_interfaces/robot_interfaces/srv/detail/set_target_class__rosidl_typesupport_introspection_cpp.hpp
-- Installing: /home/peter/dog/dog_dev/install/robot_interfaces/include/robot_interfaces/robot_interfaces/srv/detail/set_target_class__type_support.cpp
-- Up-to-date: /home/peter/dog/dog_dev/install/robot_interfaces/include/robot_interfaces/robot_interfaces/msg
-- Up-to-date: /home/peter/dog/dog_dev/install/robot_interfaces/include/robot_interfaces/robot_interfaces/msg/detail
-- Installing: /home/peter/dog/dog_dev/install/robot_interfaces/include/robot_interfaces/robot_interfaces/msg/detail/simple_detection2_d_array__rosidl_typesupport_introspection_cpp.hpp
-- Installing: /home/peter/dog/dog_dev/install/robot_interfaces/include/robot_interfaces/robot_interfaces/msg/detail/target_info__type_support.cpp
-- Installing: /home/peter/dog/dog_dev/install/robot_interfaces/include/robot_interfaces/robot_interfaces/msg/detail/target_info__rosidl_typesupport_introspection_cpp.hpp
-- Installing: /home/peter/dog/dog_dev/install/robot_interfaces/include/robot_interfaces/robot_interfaces/msg/detail/simple_detection__type_support.cpp
-- Installing: /home/peter/dog/dog_dev/install/robot_interfaces/include/robot_interfaces/robot_interfaces/msg/detail/simple_detection__rosidl_typesupport_introspection_cpp.hpp
-- Installing: /home/peter/dog/dog_dev/install/robot_interfaces/include/robot_interfaces/robot_interfaces/msg/detail/simple_detection2_d_array__type_support.cpp
-- Installing: /home/peter/dog/dog_dev/install/robot_interfaces/lib/librobot_interfaces__rosidl_typesupport_introspection_cpp.so
-- Set non-toolchain portion of runtime path of "/home/peter/dog/dog_dev/install/robot_interfaces/lib/librobot_interfaces__rosidl_typesupport_introspection_cpp.so" to ""
-- Installing: /home/peter/dog/dog_dev/install/robot_interfaces/lib/librobot_interfaces__rosidl_typesupport_cpp.so
-- Set non-toolchain portion of runtime path of "/home/peter/dog/dog_dev/install/robot_interfaces/lib/librobot_interfaces__rosidl_typesupport_cpp.so" to ""
-- Up-to-date: /home/peter/dog/dog_dev/install/robot_interfaces/share/robot_interfaces/environment/pythonpath.sh
-- Up-to-date: /home/peter/dog/dog_dev/install/robot_interfaces/share/robot_interfaces/environment/pythonpath.dsv
-- Up-to-date: /home/peter/dog/dog_dev/install/robot_interfaces/lib/python3.12/site-packages/robot_interfaces-0.0.0-py3.12.egg-info
-- Installing: /home/peter/dog/dog_dev/install/robot_interfaces/lib/python3.12/site-packages/robot_interfaces-0.0.0-py3.12.egg-info/dependency_links.txt
-- Installing: /home/peter/dog/dog_dev/install/robot_interfaces/lib/python3.12/site-packages/robot_interfaces-0.0.0-py3.12.egg-info/PKG-INFO
-- Installing: /home/peter/dog/dog_dev/install/robot_interfaces/lib/python3.12/site-packages/robot_interfaces-0.0.0-py3.12.egg-info/SOURCES.txt
-- Installing: /home/peter/dog/dog_dev/install/robot_interfaces/lib/python3.12/site-packages/robot_interfaces-0.0.0-py3.12.egg-info/top_level.txt
-- Up-to-date: /home/peter/dog/dog_dev/install/robot_interfaces/lib/python3.12/site-packages/robot_interfaces
-- Installing: /home/peter/dog/dog_dev/install/robot_interfaces/lib/python3.12/site-packages/robot_interfaces/robot_interfaces_s__rosidl_typesupport_introspection_c.so
-- Installing: /home/peter/dog/dog_dev/install/robot_interfaces/lib/python3.12/site-packages/robot_interfaces/_robot_interfaces_s.ep.rosidl_typesupport_c.c
-- Installing: /home/peter/dog/dog_dev/install/robot_interfaces/lib/python3.12/site-packages/robot_interfaces/robot_interfaces_s__rosidl_typesupport_fastrtps_c.so
-- Up-to-date: /home/peter/dog/dog_dev/install/robot_interfaces/lib/python3.12/site-packages/robot_interfaces/srv
-- Installing: /home/peter/dog/dog_dev/install/robot_interfaces/lib/python3.12/site-packages/robot_interfaces/srv/_calibrate_center.py
-- Installing: /home/peter/dog/dog_dev/install/robot_interfaces/lib/python3.12/site-packages/robot_interfaces/srv/_set_target_class_s.c
-- Installing: /home/peter/dog/dog_dev/install/robot_interfaces/lib/python3.12/site-packages/robot_interfaces/srv/_set_target_class.py
-- Installing: /home/peter/dog/dog_dev/install/robot_interfaces/lib/python3.12/site-packages/robot_interfaces/srv/_calibrate_center_s.c
-- Installing: /home/peter/dog/dog_dev/install/robot_interfaces/lib/python3.12/site-packages/robot_interfaces/srv/__init__.py
-- Installing: /home/peter/dog/dog_dev/install/robot_interfaces/lib/python3.12/site-packages/robot_interfaces/__init__.py
-- Installing: /home/peter/dog/dog_dev/install/robot_interfaces/lib/python3.12/site-packages/robot_interfaces/_robot_interfaces_s.ep.rosidl_typesupport_introspection_c.c
-- Installing: /home/peter/dog/dog_dev/install/robot_interfaces/lib/python3.12/site-packages/robot_interfaces/robot_interfaces_s__rosidl_typesupport_c.so
-- Installing: /home/peter/dog/dog_dev/install/robot_interfaces/lib/python3.12/site-packages/robot_interfaces/_robot_interfaces_s.ep.rosidl_typesupport_fastrtps_c.c
-- Up-to-date: /home/peter/dog/dog_dev/install/robot_interfaces/lib/python3.12/site-packages/robot_interfaces/msg
-- Installing: /home/peter/dog/dog_dev/install/robot_interfaces/lib/python3.12/site-packages/robot_interfaces/msg/_simple_detection.py
-- Installing: /home/peter/dog/dog_dev/install/robot_interfaces/lib/python3.12/site-packages/robot_interfaces/msg/_target_info_s.c
-- Installing: /home/peter/dog/dog_dev/install/robot_interfaces/lib/python3.12/site-packages/robot_interfaces/msg/_target_info.py
-- Installing: /home/peter/dog/dog_dev/install/robot_interfaces/lib/python3.12/site-packages/robot_interfaces/msg/__init__.py
-- Installing: /home/peter/dog/dog_dev/install/robot_interfaces/lib/python3.12/site-packages/robot_interfaces/msg/_simple_detection2_d_array.py
-- Installing: /home/peter/dog/dog_dev/install/robot_interfaces/lib/python3.12/site-packages/robot_interfaces/msg/_simple_detection_s.c
-- Installing: /home/peter/dog/dog_dev/install/robot_interfaces/lib/python3.12/site-packages/robot_interfaces/msg/_simple_detection2_d_array_s.c
Listing '/home/peter/dog/dog_dev/install/robot_interfaces/lib/python3.12/site-packages/robot_interfaces'...
Compiling '/home/peter/dog/dog_dev/install/robot_interfaces/lib/python3.12/site-packages/robot_interfaces/__init__.py'...
Listing '/home/peter/dog/dog_dev/install/robot_interfaces/lib/python3.12/site-packages/robot_interfaces/msg'...
Compiling '/home/peter/dog/dog_dev/install/robot_interfaces/lib/python3.12/site-packages/robot_interfaces/msg/__init__.py'...
Compiling '/home/peter/dog/dog_dev/install/robot_interfaces/lib/python3.12/site-packages/robot_interfaces/msg/_simple_detection.py'...
Compiling '/home/peter/dog/dog_dev/install/robot_interfaces/lib/python3.12/site-packages/robot_interfaces/msg/_simple_detection2_d_array.py'...
Compiling '/home/peter/dog/dog_dev/install/robot_interfaces/lib/python3.12/site-packages/robot_interfaces/msg/_target_info.py'...
Listing '/home/peter/dog/dog_dev/install/robot_interfaces/lib/python3.12/site-packages/robot_interfaces/srv'...
Compiling '/home/peter/dog/dog_dev/install/robot_interfaces/lib/python3.12/site-packages/robot_interfaces/srv/__init__.py'...
Compiling '/home/peter/dog/dog_dev/install/robot_interfaces/lib/python3.12/site-packages/robot_interfaces/srv/_calibrate_center.py'...
Compiling '/home/peter/dog/dog_dev/install/robot_interfaces/lib/python3.12/site-packages/robot_interfaces/srv/_set_target_class.py'...
-- Installing: /home/peter/dog/dog_dev/install/robot_interfaces/lib/python3.12/site-packages/robot_interfaces/robot_interfaces_s__rosidl_typesupport_fastrtps_c.so
-- Set non-toolchain portion of runtime path of "/home/peter/dog/dog_dev/install/robot_interfaces/lib/python3.12/site-packages/robot_interfaces/robot_interfaces_s__rosidl_typesupport_fastrtps_c.so" to ""
-- Installing: /home/peter/dog/dog_dev/install/robot_interfaces/lib/python3.12/site-packages/robot_interfaces/robot_interfaces_s__rosidl_typesupport_introspection_c.so
-- Set non-toolchain portion of runtime path of "/home/peter/dog/dog_dev/install/robot_interfaces/lib/python3.12/site-packages/robot_interfaces/robot_interfaces_s__rosidl_typesupport_introspection_c.so" to ""
-- Installing: /home/peter/dog/dog_dev/install/robot_interfaces/lib/python3.12/site-packages/robot_interfaces/robot_interfaces_s__rosidl_typesupport_c.so
-- Set non-toolchain portion of runtime path of "/home/peter/dog/dog_dev/install/robot_interfaces/lib/python3.12/site-packages/robot_interfaces/robot_interfaces_s__rosidl_typesupport_c.so" to ""
-- Installing: /home/peter/dog/dog_dev/install/robot_interfaces/lib/librobot_interfaces__rosidl_generator_py.so
-- Set non-toolchain portion of runtime path of "/home/peter/dog/dog_dev/install/robot_interfaces/lib/librobot_interfaces__rosidl_generator_py.so" to ""
-- Up-to-date: /home/peter/dog/dog_dev/install/robot_interfaces/share/ament_index/resource_index/rust_packages/robot_interfaces
-- Up-to-date: /home/peter/dog/dog_dev/install/robot_interfaces/share/robot_interfaces/rust
-- Installing: /home/peter/dog/dog_dev/install/robot_interfaces/share/robot_interfaces/rust/Cargo.toml
-- Installing: /home/peter/dog/dog_dev/install/robot_interfaces/share/robot_interfaces/rust/build.rs
-- Up-to-date: /home/peter/dog/dog_dev/install/robot_interfaces/share/robot_interfaces/rust/src
-- Installing: /home/peter/dog/dog_dev/install/robot_interfaces/share/robot_interfaces/rust/src/lib.rs
-- Installing: /home/peter/dog/dog_dev/install/robot_interfaces/share/robot_interfaces/rust/src/srv.rs
-- Installing: /home/peter/dog/dog_dev/install/robot_interfaces/share/robot_interfaces/rust/src/msg.rs
-- Up-to-date: /home/peter/dog/dog_dev/install/robot_interfaces/share/robot_interfaces/rust/src/srv
-- Installing: /home/peter/dog/dog_dev/install/robot_interfaces/share/robot_interfaces/rust/src/srv/rmw.rs
-- Up-to-date: /home/peter/dog/dog_dev/install/robot_interfaces/share/robot_interfaces/rust/src/msg
-- Installing: /home/peter/dog/dog_dev/install/robot_interfaces/share/robot_interfaces/rust/src/msg/rmw.rs
-- Up-to-date: /home/peter/dog/dog_dev/install/robot_interfaces/share/robot_interfaces/msg/TargetInfo.idl
-- Installing: /home/peter/dog/dog_dev/install/robot_interfaces/share/robot_interfaces/msg/SimpleDetection.idl
-- Installing: /home/peter/dog/dog_dev/install/robot_interfaces/share/robot_interfaces/msg/SimpleDetection2DArray.idl
-- Up-to-date: /home/peter/dog/dog_dev/install/robot_interfaces/share/robot_interfaces/srv/SetTargetClass.idl
-- Up-to-date: /home/peter/dog/dog_dev/install/robot_interfaces/share/robot_interfaces/srv/CalibrateCenter.idl
-- Up-to-date: /home/peter/dog/dog_dev/install/robot_interfaces/share/robot_interfaces/msg/TargetInfo.msg
-- Installing: /home/peter/dog/dog_dev/install/robot_interfaces/share/robot_interfaces/msg/SimpleDetection.msg
-- Installing: /home/peter/dog/dog_dev/install/robot_interfaces/share/robot_interfaces/msg/SimpleDetection2DArray.msg
-- Up-to-date: /home/peter/dog/dog_dev/install/robot_interfaces/share/robot_interfaces/srv/SetTargetClass.srv
-- Up-to-date: /home/peter/dog/dog_dev/install/robot_interfaces/share/robot_interfaces/srv/CalibrateCenter.srv
-- Up-to-date: /home/peter/dog/dog_dev/install/robot_interfaces/share/ament_index/resource_index/package_run_dependencies/robot_interfaces
-- Up-to-date: /home/peter/dog/dog_dev/install/robot_interfaces/share/ament_index/resource_index/parent_prefix_path/robot_interfaces
-- Up-to-date: /home/peter/dog/dog_dev/install/robot_interfaces/share/robot_interfaces/environment/ament_prefix_path.sh
-- Up-to-date: /home/peter/dog/dog_dev/install/robot_interfaces/share/robot_interfaces/environment/ament_prefix_path.dsv
-- Up-to-date: /home/peter/dog/dog_dev/install/robot_interfaces/share/robot_interfaces/environment/path.sh
-- Up-to-date: /home/peter/dog/dog_dev/install/robot_interfaces/share/robot_interfaces/environment/path.dsv
-- Up-to-date: /home/peter/dog/dog_dev/install/robot_interfaces/share/robot_interfaces/local_setup.bash
-- Up-to-date: /home/peter/dog/dog_dev/install/robot_interfaces/share/robot_interfaces/local_setup.sh
-- Up-to-date: /home/peter/dog/dog_dev/install/robot_interfaces/share/robot_interfaces/local_setup.zsh
-- Up-to-date: /home/peter/dog/dog_dev/install/robot_interfaces/share/robot_interfaces/local_setup.dsv
-- Installing: /home/peter/dog/dog_dev/install/robot_interfaces/share/robot_interfaces/package.dsv
-- Up-to-date: /home/peter/dog/dog_dev/install/robot_interfaces/share/ament_index/resource_index/packages/robot_interfaces
-- Up-to-date: /home/peter/dog/dog_dev/install/robot_interfaces/share/robot_interfaces/cmake/export_robot_interfaces__rosidl_generator_cExport.cmake
-- Up-to-date: /home/peter/dog/dog_dev/install/robot_interfaces/share/robot_interfaces/cmake/export_robot_interfaces__rosidl_generator_cExport-noconfig.cmake
-- Up-to-date: /home/peter/dog/dog_dev/install/robot_interfaces/share/robot_interfaces/cmake/export_robot_interfaces__rosidl_typesupport_fastrtps_cExport.cmake
-- Up-to-date: /home/peter/dog/dog_dev/install/robot_interfaces/share/robot_interfaces/cmake/export_robot_interfaces__rosidl_typesupport_fastrtps_cExport-noconfig.cmake
-- Up-to-date: /home/peter/dog/dog_dev/install/robot_interfaces/share/robot_interfaces/cmake/robot_interfaces__rosidl_typesupport_introspection_cExport.cmake
-- Up-to-date: /home/peter/dog/dog_dev/install/robot_interfaces/share/robot_interfaces/cmake/robot_interfaces__rosidl_typesupport_introspection_cExport-noconfig.cmake
-- Up-to-date: /home/peter/dog/dog_dev/install/robot_interfaces/share/robot_interfaces/cmake/robot_interfaces__rosidl_typesupport_cExport.cmake
-- Up-to-date: /home/peter/dog/dog_dev/install/robot_interfaces/share/robot_interfaces/cmake/robot_interfaces__rosidl_typesupport_cExport-noconfig.cmake
-- Up-to-date: /home/peter/dog/dog_dev/install/robot_interfaces/share/robot_interfaces/cmake/export_robot_interfaces__rosidl_generator_cppExport.cmake
-- Up-to-date: /home/peter/dog/dog_dev/install/robot_interfaces/share/robot_interfaces/cmake/export_robot_interfaces__rosidl_typesupport_fastrtps_cppExport.cmake
-- Up-to-date: /home/peter/dog/dog_dev/install/robot_interfaces/share/robot_interfaces/cmake/export_robot_interfaces__rosidl_typesupport_fastrtps_cppExport-noconfig.cmake
-- Up-to-date: /home/peter/dog/dog_dev/install/robot_interfaces/share/robot_interfaces/cmake/robot_interfaces__rosidl_typesupport_introspection_cppExport.cmake
-- Up-to-date: /home/peter/dog/dog_dev/install/robot_interfaces/share/robot_interfaces/cmake/robot_interfaces__rosidl_typesupport_introspection_cppExport-noconfig.cmake
-- Up-to-date: /home/peter/dog/dog_dev/install/robot_interfaces/share/robot_interfaces/cmake/robot_interfaces__rosidl_typesupport_cppExport.cmake
-- Up-to-date: /home/peter/dog/dog_dev/install/robot_interfaces/share/robot_interfaces/cmake/robot_interfaces__rosidl_typesupport_cppExport-noconfig.cmake
-- Up-to-date: /home/peter/dog/dog_dev/install/robot_interfaces/share/robot_interfaces/cmake/export_robot_interfaces__rosidl_generator_pyExport.cmake
-- Up-to-date: /home/peter/dog/dog_dev/install/robot_interfaces/share/robot_interfaces/cmake/export_robot_interfaces__rosidl_generator_pyExport-noconfig.cmake
-- Installing: /home/peter/dog/dog_dev/install/robot_interfaces/share/robot_interfaces/cmake/rosidl_cmake-extras.cmake
-- Up-to-date: /home/peter/dog/dog_dev/install/robot_interfaces/share/robot_interfaces/cmake/ament_cmake_export_dependencies-extras.cmake
-- Up-to-date: /home/peter/dog/dog_dev/install/robot_interfaces/share/robot_interfaces/cmake/ament_cmake_export_include_directories-extras.cmake
-- Up-to-date: /home/peter/dog/dog_dev/install/robot_interfaces/share/robot_interfaces/cmake/ament_cmake_export_libraries-extras.cmake
-- Up-to-date: /home/peter/dog/dog_dev/install/robot_interfaces/share/robot_interfaces/cmake/ament_cmake_export_targets-extras.cmake
-- Up-to-date: /home/peter/dog/dog_dev/install/robot_interfaces/share/robot_interfaces/cmake/rosidl_cmake_export_typesupport_targets-extras.cmake
-- Up-to-date: /home/peter/dog/dog_dev/install/robot_interfaces/share/robot_interfaces/cmake/rosidl_cmake_export_typesupport_libraries-extras.cmake
-- Up-to-date: /home/peter/dog/dog_dev/install/robot_interfaces/share/robot_interfaces/cmake/robot_interfacesConfig.cmake
-- Up-to-date: /home/peter/dog/dog_dev/install/robot_interfaces/share/robot_interfaces/cmake/robot_interfacesConfig-version.cmake
-- Up-to-date: /home/peter/dog/dog_dev/install/robot_interfaces/share/robot_interfaces/package.xml
