[ 22%] Built target yolo_infer
[ 55%] Built target detection_viz_node_exe
[ 77%] Built target test_yolo_infer
[100%] Built target detection_node_exe
-- Install configuration: ""
-- Up-to-date: /home/peter/dog/dog_dev/install/detection_node/lib/detection_node/detection_node_exe
-- Up-to-date: /home/peter/dog/dog_dev/install/detection_node/lib/detection_node/detection_viz_node_exe
-- Up-to-date: /home/peter/dog/dog_dev/install/detection_node/share/ament_index/resource_index/package_run_dependencies/detection_node
-- Up-to-date: /home/peter/dog/dog_dev/install/detection_node/share/ament_index/resource_index/parent_prefix_path/detection_node
-- Up-to-date: /home/peter/dog/dog_dev/install/detection_node/share/detection_node/environment/ament_prefix_path.sh
-- Up-to-date: /home/peter/dog/dog_dev/install/detection_node/share/detection_node/environment/ament_prefix_path.dsv
-- Up-to-date: /home/peter/dog/dog_dev/install/detection_node/share/detection_node/environment/path.sh
-- Up-to-date: /home/peter/dog/dog_dev/install/detection_node/share/detection_node/environment/path.dsv
-- Up-to-date: /home/peter/dog/dog_dev/install/detection_node/share/detection_node/local_setup.bash
-- Up-to-date: /home/peter/dog/dog_dev/install/detection_node/share/detection_node/local_setup.sh
-- Up-to-date: /home/peter/dog/dog_dev/install/detection_node/share/detection_node/local_setup.zsh
-- Up-to-date: /home/peter/dog/dog_dev/install/detection_node/share/detection_node/local_setup.dsv
-- Installing: /home/peter/dog/dog_dev/install/detection_node/share/detection_node/package.dsv
-- Up-to-date: /home/peter/dog/dog_dev/install/detection_node/share/ament_index/resource_index/packages/detection_node
-- Up-to-date: /home/peter/dog/dog_dev/install/detection_node/share/detection_node/cmake/detection_nodeConfig.cmake
-- Up-to-date: /home/peter/dog/dog_dev/install/detection_node/share/detection_node/cmake/detection_nodeConfig-version.cmake
-- Up-to-date: /home/peter/dog/dog_dev/install/detection_node/share/detection_node/package.xml
-- Up-to-date: /home/peter/dog/dog_dev/install/detection_node/lib/detection_node/test_yolo_infer
-- Up-to-date: /home/peter/dog/dog_dev/install/detection_node/share/detection_node/config
-- Up-to-date: /home/peter/dog/dog_dev/install/detection_node/share/detection_node/config/detection.yaml
-- Up-to-date: /home/peter/dog/dog_dev/install/detection_node/share/detection_node/launch
-- Up-to-date: /home/peter/dog/dog_dev/install/detection_node/share/detection_node/launch/detection.launch.py
