[0.017s] Invoking command in '/home/peter/dog/dog_dev/build/visual_servo': CMAKE_PREFIX_PATH=${CMAKE_PREFIX_PATH}:/opt/ros/jazzy DEBUGINFOD_URLS=https://debuginfod.ubuntu.com /usr/bin/cmake --build /home/peter/dog/dog_dev/build/visual_servo -- -j16 -l16
[0.063s] [100%] Built target visual_servo_node_exe
[0.072s] Invoked command in '/home/peter/dog/dog_dev/build/visual_servo' returned '0': CMAKE_PREFIX_PATH=${CMAKE_PREFIX_PATH}:/opt/ros/jazzy DEBUGINFOD_URLS=https://debuginfod.ubuntu.com /usr/bin/cmake --build /home/peter/dog/dog_dev/build/visual_servo -- -j16 -l16
[0.107s] Invoking command in '/home/peter/dog/dog_dev/build/visual_servo': CMAKE_PREFIX_PATH=${CMAKE_PREFIX_PATH}:/opt/ros/jazzy DEBUGINFOD_URLS=https://debuginfod.ubuntu.com /usr/bin/cmake --install /home/peter/dog/dog_dev/build/visual_servo
[0.113s] -- Install configuration: ""
[0.114s] -- Up-to-date: /home/peter/dog/dog_dev/install/visual_servo/lib/visual_servo/visual_servo_node_exe
[0.114s] -- Up-to-date: /home/peter/dog/dog_dev/install/visual_servo/share/ament_index/resource_index/package_run_dependencies/visual_servo
[0.114s] -- Up-to-date: /home/peter/dog/dog_dev/install/visual_servo/share/ament_index/resource_index/parent_prefix_path/visual_servo
[0.114s] -- Up-to-date: /home/peter/dog/dog_dev/install/visual_servo/share/visual_servo/environment/ament_prefix_path.sh
[0.114s] -- Up-to-date: /home/peter/dog/dog_dev/install/visual_servo/share/visual_servo/environment/ament_prefix_path.dsv
[0.114s] -- Up-to-date: /home/peter/dog/dog_dev/install/visual_servo/share/visual_servo/environment/path.sh
[0.115s] -- Up-to-date: /home/peter/dog/dog_dev/install/visual_servo/share/visual_servo/environment/path.dsv
[0.115s] -- Up-to-date: /home/peter/dog/dog_dev/install/visual_servo/share/visual_servo/local_setup.bash
[0.115s] -- Up-to-date: /home/peter/dog/dog_dev/install/visual_servo/share/visual_servo/local_setup.sh
[0.115s] -- Up-to-date: /home/peter/dog/dog_dev/install/visual_servo/share/visual_servo/local_setup.zsh
[0.115s] -- Up-to-date: /home/peter/dog/dog_dev/install/visual_servo/share/visual_servo/local_setup.dsv
[0.116s] -- Installing: /home/peter/dog/dog_dev/install/visual_servo/share/visual_servo/package.dsv
[0.116s] -- Up-to-date: /home/peter/dog/dog_dev/install/visual_servo/share/ament_index/resource_index/packages/visual_servo
[0.116s] -- Up-to-date: /home/peter/dog/dog_dev/install/visual_servo/share/visual_servo/cmake/visual_servoConfig.cmake
[0.116s] -- Up-to-date: /home/peter/dog/dog_dev/install/visual_servo/share/visual_servo/cmake/visual_servoConfig-version.cmake
[0.116s] -- Up-to-date: /home/peter/dog/dog_dev/install/visual_servo/share/visual_servo/package.xml
[0.116s] Invoked command in '/home/peter/dog/dog_dev/build/visual_servo' returned '0': CMAKE_PREFIX_PATH=${CMAKE_PREFIX_PATH}:/opt/ros/jazzy DEBUGINFOD_URLS=https://debuginfod.ubuntu.com /usr/bin/cmake --install /home/peter/dog/dog_dev/build/visual_servo
