[ 22%] Built target yolo_infer
[ 33%] Building CXX object CMakeFiles/detection_viz_node_exe.dir/src/detection_viz_node.cpp.o
[ 44%] Building CXX object CMakeFiles/detection_viz_node_exe.dir/src/detection_viz_main.cpp.o
[ 66%] Built target test_yolo_infer
[ 88%] Built target detection_node_exe
In file included from /home/peter/dog/dog_dev/ros2_ws/src/detection_node/src/detection_viz_main.cpp:2:
/home/peter/dog/dog_dev/ros2_ws/src/detection_node/include/detection_node/detection_viz_node.hpp:5:10: fatal error: robot_interfaces/msg/simple_detection2_d_array.hpp: No such file or directory
    5 | #include "robot_interfaces/msg/simple_detection2_d_array.hpp"
      |          ^~~~~~~~~~~~~~~~~~~~~~~~~~~~~~~~~~~~~~~~~~~~~~~~~~~~
compilation terminated.
In file included from /home/peter/dog/dog_dev/ros2_ws/src/detection_node/src/detection_viz_node.cpp:1:
/home/peter/dog/dog_dev/ros2_ws/src/detection_node/include/detection_node/detection_viz_node.hpp:5:10: fatal error: robot_interfaces/msg/simple_detection2_d_array.hpp: No such file or directory
    5 | #include "robot_interfaces/msg/simple_detection2_d_array.hpp"
      |          ^~~~~~~~~~~~~~~~~~~~~~~~~~~~~~~~~~~~~~~~~~~~~~~~~~~~
compilation terminated.
gmake[2]: *** [CMakeFiles/detection_viz_node_exe.dir/build.make:90: CMakeFiles/detection_viz_node_exe.dir/src/detection_viz_main.cpp.o] Error 1
gmake[2]: *** Waiting for unfinished jobs....
gmake[2]: *** [CMakeFiles/detection_viz_node_exe.dir/build.make:76: CMakeFiles/detection_viz_node_exe.dir/src/detection_viz_node.cpp.o] Error 1
gmake[1]: *** [CMakeFiles/Makefile2:221: CMakeFiles/detection_viz_node_exe.dir/all] Error 2
gmake: *** [Makefile:146: all] Error 2
