[0.006s] Invoking command in '/home/peter/dog/dog_dev/build/detection_node': CMAKE_PREFIX_PATH=${CMAKE_PREFIX_PATH}:/opt/ros/jazzy DEBUGINFOD_URLS=https://debuginfod.ubuntu.com /usr/bin/cmake --build /home/peter/dog/dog_dev/build/detection_node -- -j16 -l16
[0.040s] [ 22%] Built target yolo_infer
[0.044s] [ 33%] Building CXX object CMakeFiles/detection_viz_node_exe.dir/src/detection_viz_node.cpp.o
[0.044s] [ 44%] Building CXX object CMakeFiles/detection_viz_node_exe.dir/src/detection_viz_main.cpp.o
[0.055s] [ 66%] Built target test_yolo_infer
[0.059s] [ 88%] Built target detection_node_exe
[0.198s] In file included from /home/peter/dog/dog_dev/ros2_ws/src/detection_node/src/detection_viz_main.cpp:2:
[0.198s] /home/peter/dog/dog_dev/ros2_ws/src/detection_node/include/detection_node/detection_viz_node.hpp:5:10: fatal error: robot_interfaces/msg/simple_detection2_d_array.hpp: No such file or directory
[0.198s]     5 | #include "robot_interfaces/msg/simple_detection2_d_array.hpp"
[0.198s]       |          ^~~~~~~~~~~~~~~~~~~~~~~~~~~~~~~~~~~~~~~~~~~~~~~~~~~~
[0.198s] compilation terminated.
[0.199s] In file included from /home/peter/dog/dog_dev/ros2_ws/src/detection_node/src/detection_viz_node.cpp:1:
[0.199s] /home/peter/dog/dog_dev/ros2_ws/src/detection_node/include/detection_node/detection_viz_node.hpp:5:10: fatal error: robot_interfaces/msg/simple_detection2_d_array.hpp: No such file or directory
[0.199s]     5 | #include "robot_interfaces/msg/simple_detection2_d_array.hpp"
[0.199s]       |          ^~~~~~~~~~~~~~~~~~~~~~~~~~~~~~~~~~~~~~~~~~~~~~~~~~~~
[0.199s] compilation terminated.
[0.200s] gmake[2]: *** [CMakeFiles/detection_viz_node_exe.dir/build.make:90: CMakeFiles/detection_viz_node_exe.dir/src/detection_viz_main.cpp.o] Error 1
[0.200s] gmake[2]: *** Waiting for unfinished jobs....
[0.201s] gmake[2]: *** [CMakeFiles/detection_viz_node_exe.dir/build.make:76: CMakeFiles/detection_viz_node_exe.dir/src/detection_viz_node.cpp.o] Error 1
[0.201s] gmake[1]: *** [CMakeFiles/Makefile2:221: CMakeFiles/detection_viz_node_exe.dir/all] Error 2
[0.202s] gmake: *** [Makefile:146: all] Error 2
[0.203s] Invoked command in '/home/peter/dog/dog_dev/build/detection_node' returned '2': CMAKE_PREFIX_PATH=${CMAKE_PREFIX_PATH}:/opt/ros/jazzy DEBUGINFOD_URLS=https://debuginfod.ubuntu.com /usr/bin/cmake --build /home/peter/dog/dog_dev/build/detection_node -- -j16 -l16
