[0.984s] Invoking command in '/home/peter/dog/dog_dev/build/tracker_node': AMENT_PREFIX_PATH=/home/peter/dog/dog_dev/install/robot_interfaces:${AMENT_PREFIX_PATH} CMAKE_PREFIX_PATH=/home/peter/dog/dog_dev/install/robot_interfaces:/opt/ros/jazzy/opt/gz_math_vendor:/opt/ros/jazzy/opt/gz_utils_vendor:/opt/ros/jazzy/opt/gz_cmake_vendor:/opt/ros/jazzy DEBUGINFOD_URLS=https://debuginfod.ubuntu.com LD_LIBRARY_PATH=/home/peter/dog/dog_dev/install/robot_interfaces/lib:/opt/MVS/lib/64:/opt/MVS/lib/32:/opt/ros/jazzy/opt/rviz_ogre_vendor/lib:/opt/ros/jazzy/lib/x86_64-linux-gnu:/opt/ros/jazzy/opt/gz_math_vendor/lib:/opt/ros/jazzy/opt/gz_utils_vendor/lib:/opt/ros/jazzy/opt/gz_cmake_vendor/lib:/opt/ros/jazzy/lib:/opt/MVS/lib/64:/opt/MVS/lib/32:/opt/MVS/lib/64:/opt/MVS/lib/32 PYTHONPATH=/home/peter/dog/dog_dev/install/robot_interfaces/lib/python3.12/site-packages:${PYTHONPATH} /usr/bin/cmake --build /home/peter/dog/dog_dev/build/tracker_node -- -j16 -l16
[1.022s] [ 22%] Built target byte_tracker
[1.039s] [ 55%] Built target test_tracker_node_integration
[1.039s] [ 66%] Built target test_byte_tracker
[1.045s] [100%] Built target tracker_node_exe
[1.052s] Invoked command in '/home/peter/dog/dog_dev/build/tracker_node' returned '0': AMENT_PREFIX_PATH=/home/peter/dog/dog_dev/install/robot_interfaces:${AMENT_PREFIX_PATH} CMAKE_PREFIX_PATH=/home/peter/dog/dog_dev/install/robot_interfaces:/opt/ros/jazzy/opt/gz_math_vendor:/opt/ros/jazzy/opt/gz_utils_vendor:/opt/ros/jazzy/opt/gz_cmake_vendor:/opt/ros/jazzy DEBUGINFOD_URLS=https://debuginfod.ubuntu.com LD_LIBRARY_PATH=/home/peter/dog/dog_dev/install/robot_interfaces/lib:/opt/MVS/lib/64:/opt/MVS/lib/32:/opt/ros/jazzy/opt/rviz_ogre_vendor/lib:/opt/ros/jazzy/lib/x86_64-linux-gnu:/opt/ros/jazzy/opt/gz_math_vendor/lib:/opt/ros/jazzy/opt/gz_utils_vendor/lib:/opt/ros/jazzy/opt/gz_cmake_vendor/lib:/opt/ros/jazzy/lib:/opt/MVS/lib/64:/opt/MVS/lib/32:/opt/MVS/lib/64:/opt/MVS/lib/32 PYTHONPATH=/home/peter/dog/dog_dev/install/robot_interfaces/lib/python3.12/site-packages:${PYTHONPATH} /usr/bin/cmake --build /home/peter/dog/dog_dev/build/tracker_node -- -j16 -l16
[1.053s] Invoking command in '/home/peter/dog/dog_dev/build/tracker_node': AMENT_PREFIX_PATH=/home/peter/dog/dog_dev/install/robot_interfaces:${AMENT_PREFIX_PATH} CMAKE_PREFIX_PATH=/home/peter/dog/dog_dev/install/robot_interfaces:/opt/ros/jazzy/opt/gz_math_vendor:/opt/ros/jazzy/opt/gz_utils_vendor:/opt/ros/jazzy/opt/gz_cmake_vendor:/opt/ros/jazzy DEBUGINFOD_URLS=https://debuginfod.ubuntu.com LD_LIBRARY_PATH=/home/peter/dog/dog_dev/install/robot_interfaces/lib:/opt/MVS/lib/64:/opt/MVS/lib/32:/opt/ros/jazzy/opt/rviz_ogre_vendor/lib:/opt/ros/jazzy/lib/x86_64-linux-gnu:/opt/ros/jazzy/opt/gz_math_vendor/lib:/opt/ros/jazzy/opt/gz_utils_vendor/lib:/opt/ros/jazzy/opt/gz_cmake_vendor/lib:/opt/ros/jazzy/lib:/opt/MVS/lib/64:/opt/MVS/lib/32:/opt/MVS/lib/64:/opt/MVS/lib/32 PYTHONPATH=/home/peter/dog/dog_dev/install/robot_interfaces/lib/python3.12/site-packages:${PYTHONPATH} /usr/bin/cmake --install /home/peter/dog/dog_dev/build/tracker_node
[1.058s] -- Install configuration: ""
[1.059s] -- Up-to-date: /home/peter/dog/dog_dev/install/tracker_node/lib/tracker_node/tracker_node_exe
[1.059s] -- Up-to-date: /home/peter/dog/dog_dev/install/tracker_node/share/tracker_node/launch
[1.059s] -- Up-to-date: /home/peter/dog/dog_dev/install/tracker_node/share/tracker_node/launch/tracker.launch.py
[1.059s] -- Up-to-date: /home/peter/dog/dog_dev/install/tracker_node/share/tracker_node/config
[1.059s] -- Up-to-date: /home/peter/dog/dog_dev/install/tracker_node/share/tracker_node/config/tracker.yaml
[1.059s] -- Up-to-date: /home/peter/dog/dog_dev/install/tracker_node/share/ament_index/resource_index/package_run_dependencies/tracker_node
[1.059s] -- Up-to-date: /home/peter/dog/dog_dev/install/tracker_node/share/ament_index/resource_index/parent_prefix_path/tracker_node
[1.060s] -- Up-to-date: /home/peter/dog/dog_dev/install/tracker_node/share/tracker_node/environment/ament_prefix_path.sh
[1.060s] -- Up-to-date: /home/peter/dog/dog_dev/install/tracker_node/share/tracker_node/environment/ament_prefix_path.dsv
[1.061s] -- Up-to-date: /home/peter/dog/dog_dev/install/tracker_node/share/tracker_node/environment/path.sh
[1.061s] -- Up-to-date: /home/peter/dog/dog_dev/install/tracker_node/share/tracker_node/environment/path.dsv
[1.062s] -- Up-to-date: /home/peter/dog/dog_dev/install/tracker_node/share/tracker_node/local_setup.bash
[1.062s] -- Up-to-date: /home/peter/dog/dog_dev/install/tracker_node/share/tracker_node/local_setup.sh
[1.062s] -- Up-to-date: /home/peter/dog/dog_dev/install/tracker_node/share/tracker_node/local_setup.zsh
[1.062s] -- Up-to-date: /home/peter/dog/dog_dev/install/tracker_node/share/tracker_node/local_setup.dsv
[1.062s] -- Installing: /home/peter/dog/dog_dev/install/tracker_node/share/tracker_node/package.dsv
[1.062s] -- Up-to-date: /home/peter/dog/dog_dev/install/tracker_node/share/ament_index/resource_index/packages/tracker_node
[1.063s] -- Up-to-date: /home/peter/dog/dog_dev/install/tracker_node/share/tracker_node/cmake/tracker_nodeConfig.cmake
[1.063s] -- Up-to-date: /home/peter/dog/dog_dev/install/tracker_node/share/tracker_node/cmake/tracker_nodeConfig-version.cmake
[1.063s] -- Up-to-date: /home/peter/dog/dog_dev/install/tracker_node/share/tracker_node/package.xml
[1.063s] Invoked command in '/home/peter/dog/dog_dev/build/tracker_node' returned '0': AMENT_PREFIX_PATH=/home/peter/dog/dog_dev/install/robot_interfaces:${AMENT_PREFIX_PATH} CMAKE_PREFIX_PATH=/home/peter/dog/dog_dev/install/robot_interfaces:/opt/ros/jazzy/opt/gz_math_vendor:/opt/ros/jazzy/opt/gz_utils_vendor:/opt/ros/jazzy/opt/gz_cmake_vendor:/opt/ros/jazzy DEBUGINFOD_URLS=https://debuginfod.ubuntu.com LD_LIBRARY_PATH=/home/peter/dog/dog_dev/install/robot_interfaces/lib:/opt/MVS/lib/64:/opt/MVS/lib/32:/opt/ros/jazzy/opt/rviz_ogre_vendor/lib:/opt/ros/jazzy/lib/x86_64-linux-gnu:/opt/ros/jazzy/opt/gz_math_vendor/lib:/opt/ros/jazzy/opt/gz_utils_vendor/lib:/opt/ros/jazzy/opt/gz_cmake_vendor/lib:/opt/ros/jazzy/lib:/opt/MVS/lib/64:/opt/MVS/lib/32:/opt/MVS/lib/64:/opt/MVS/lib/32 PYTHONPATH=/home/peter/dog/dog_dev/install/robot_interfaces/lib/python3.12/site-packages:${PYTHONPATH} /usr/bin/cmake --install /home/peter/dog/dog_dev/build/tracker_node
