ARM GAS  /tmp/cc2x8xL7.s 			page 1


   1              		.cpu cortex-m3
   2              		.arch armv7-m
   3              		.fpu softvfp
   4              		.eabi_attribute 20, 1
   5              		.eabi_attribute 21, 1
   6              		.eabi_attribute 23, 3
   7              		.eabi_attribute 24, 1
   8              		.eabi_attribute 25, 1
   9              		.eabi_attribute 26, 1
  10              		.eabi_attribute 30, 1
  11              		.eabi_attribute 34, 1
  12              		.eabi_attribute 18, 4
  13              		.file	"freertos.c"
  14              		.text
  15              	.Ltext0:
  16              		.cfi_sections	.debug_frame
  17              		.file 1 "Core/Src/freertos.c"
  18              		.section	.text.StartDefaultTask,"ax",%progbits
  19              		.align	1
  20              		.global	StartDefaultTask
  21              		.syntax unified
  22              		.thumb
  23              		.thumb_func
  25              	StartDefaultTask:
  26              	.LFB70:
   1:Core/Src/freertos.c **** /* USER CODE BEGIN Header */
   2:Core/Src/freertos.c **** /**
   3:Core/Src/freertos.c ****   ******************************************************************************
   4:Core/Src/freertos.c ****   * File Name          : freertos.c
   5:Core/Src/freertos.c ****   * Description        : Code for freertos applications
   6:Core/Src/freertos.c ****   ******************************************************************************
   7:Core/Src/freertos.c ****   * @attention
   8:Core/Src/freertos.c ****   *
   9:Core/Src/freertos.c ****   * Copyright (c) 2026 STMicroelectronics.
  10:Core/Src/freertos.c ****   * All rights reserved.
  11:Core/Src/freertos.c ****   *
  12:Core/Src/freertos.c ****   * This software is licensed under terms that can be found in the LICENSE file
  13:Core/Src/freertos.c ****   * in the root directory of this software component.
  14:Core/Src/freertos.c ****   * If no LICENSE file comes with this software, it is provided AS-IS.
  15:Core/Src/freertos.c ****   *
  16:Core/Src/freertos.c ****   ******************************************************************************
  17:Core/Src/freertos.c ****   */
  18:Core/Src/freertos.c **** /* USER CODE END Header */
  19:Core/Src/freertos.c **** 
  20:Core/Src/freertos.c **** /* Includes ------------------------------------------------------------------*/
  21:Core/Src/freertos.c **** #include "FreeRTOS.h"
  22:Core/Src/freertos.c **** #include "task.h"
  23:Core/Src/freertos.c **** #include "main.h"
  24:Core/Src/freertos.c **** #include "cmsis_os.h"
  25:Core/Src/freertos.c **** 
  26:Core/Src/freertos.c **** /* Private includes ----------------------------------------------------------*/
  27:Core/Src/freertos.c **** /* USER CODE BEGIN Includes */
  28:Core/Src/freertos.c **** 
  29:Core/Src/freertos.c **** #include "uart_rx_task.h"
  30:Core/Src/freertos.c **** #include "traj_planner.h"
  31:Core/Src/freertos.c **** #include "status_safety_task.h"
  32:Core/Src/freertos.c **** 
ARM GAS  /tmp/cc2x8xL7.s 			page 2


  33:Core/Src/freertos.c **** /* USER CODE END Includes */
  34:Core/Src/freertos.c **** 
  35:Core/Src/freertos.c **** /* Private typedef -----------------------------------------------------------*/
  36:Core/Src/freertos.c **** /* USER CODE BEGIN PTD */
  37:Core/Src/freertos.c **** 
  38:Core/Src/freertos.c **** /* USER CODE END PTD */
  39:Core/Src/freertos.c **** 
  40:Core/Src/freertos.c **** /* Private define ------------------------------------------------------------*/
  41:Core/Src/freertos.c **** /* USER CODE BEGIN PD */
  42:Core/Src/freertos.c **** 
  43:Core/Src/freertos.c **** /* USER CODE END PD */
  44:Core/Src/freertos.c **** 
  45:Core/Src/freertos.c **** /* Private macro -------------------------------------------------------------*/
  46:Core/Src/freertos.c **** /* USER CODE BEGIN PM */
  47:Core/Src/freertos.c **** 
  48:Core/Src/freertos.c **** /* USER CODE END PM */
  49:Core/Src/freertos.c **** 
  50:Core/Src/freertos.c **** /* Private variables ---------------------------------------------------------*/
  51:Core/Src/freertos.c **** /* USER CODE BEGIN Variables */
  52:Core/Src/freertos.c **** 
  53:Core/Src/freertos.c **** /* USER CODE END Variables */
  54:Core/Src/freertos.c **** /* Definitions for defaultTask */
  55:Core/Src/freertos.c **** osThreadId_t defaultTaskHandle;
  56:Core/Src/freertos.c **** const osThreadAttr_t defaultTask_attributes = {
  57:Core/Src/freertos.c ****   .name = "defaultTask",
  58:Core/Src/freertos.c ****   .stack_size = 128 * 4,
  59:Core/Src/freertos.c ****   .priority = (osPriority_t) osPriorityNormal,
  60:Core/Src/freertos.c **** };
  61:Core/Src/freertos.c **** 
  62:Core/Src/freertos.c **** /* Private function prototypes -----------------------------------------------*/
  63:Core/Src/freertos.c **** /* USER CODE BEGIN FunctionPrototypes */
  64:Core/Src/freertos.c **** 
  65:Core/Src/freertos.c **** /* USER CODE END FunctionPrototypes */
  66:Core/Src/freertos.c **** 
  67:Core/Src/freertos.c **** void StartDefaultTask(void *argument);
  68:Core/Src/freertos.c **** 
  69:Core/Src/freertos.c **** void MX_FREERTOS_Init(void); /* (MISRA C 2004 rule 8.1) */
  70:Core/Src/freertos.c **** 
  71:Core/Src/freertos.c **** /**
  72:Core/Src/freertos.c ****   * @brief  FreeRTOS initialization
  73:Core/Src/freertos.c ****   * @param  None
  74:Core/Src/freertos.c ****   * @retval None
  75:Core/Src/freertos.c ****   */
  76:Core/Src/freertos.c **** void MX_FREERTOS_Init(void) {
  77:Core/Src/freertos.c ****   /* USER CODE BEGIN Init */
  78:Core/Src/freertos.c **** 
  79:Core/Src/freertos.c ****   /* USER CODE END Init */
  80:Core/Src/freertos.c **** 
  81:Core/Src/freertos.c ****   /* USER CODE BEGIN RTOS_MUTEX */
  82:Core/Src/freertos.c ****   /* add mutexes, ... */
  83:Core/Src/freertos.c ****   /* USER CODE END RTOS_MUTEX */
  84:Core/Src/freertos.c **** 
  85:Core/Src/freertos.c ****   /* USER CODE BEGIN RTOS_SEMAPHORES */
  86:Core/Src/freertos.c ****   /* add semaphores, ... */
  87:Core/Src/freertos.c ****   /* USER CODE END RTOS_SEMAPHORES */
  88:Core/Src/freertos.c **** 
  89:Core/Src/freertos.c ****   /* USER CODE BEGIN RTOS_TIMERS */
ARM GAS  /tmp/cc2x8xL7.s 			page 3


  90:Core/Src/freertos.c ****   /* start timers, add new ones, ... */
  91:Core/Src/freertos.c ****   /* USER CODE END RTOS_TIMERS */
  92:Core/Src/freertos.c **** 
  93:Core/Src/freertos.c ****   /* USER CODE BEGIN RTOS_QUEUES */
  94:Core/Src/freertos.c ****   /* add queues, ... */
  95:Core/Src/freertos.c ****   /* USER CODE END RTOS_QUEUES */
  96:Core/Src/freertos.c **** 
  97:Core/Src/freertos.c ****   /* Create the thread(s) */
  98:Core/Src/freertos.c ****   /* creation of defaultTask */
  99:Core/Src/freertos.c ****   defaultTaskHandle = osThreadNew(StartDefaultTask, NULL, &defaultTask_attributes);
 100:Core/Src/freertos.c **** 
 101:Core/Src/freertos.c ****   /* USER CODE BEGIN RTOS_THREADS */
 102:Core/Src/freertos.c ****   /* add threads, ... */
 103:Core/Src/freertos.c ****   UartRxTask_Create();
 104:Core/Src/freertos.c ****   TrajPlannerTask_Create();
 105:Core/Src/freertos.c ****   StatusSafetyTask_Create();
 106:Core/Src/freertos.c ****   /* USER CODE END RTOS_THREADS */
 107:Core/Src/freertos.c **** 
 108:Core/Src/freertos.c ****   /* USER CODE BEGIN RTOS_EVENTS */
 109:Core/Src/freertos.c ****   /* add events, ... */
 110:Core/Src/freertos.c ****   /* USER CODE END RTOS_EVENTS */
 111:Core/Src/freertos.c **** 
 112:Core/Src/freertos.c **** }
 113:Core/Src/freertos.c **** 
 114:Core/Src/freertos.c **** /* USER CODE BEGIN Header_StartDefaultTask */
 115:Core/Src/freertos.c **** /**
 116:Core/Src/freertos.c ****   * @brief  Function implementing the defaultTask thread.
 117:Core/Src/freertos.c ****   * @param  argument: Not used
 118:Core/Src/freertos.c ****   * @retval None
 119:Core/Src/freertos.c ****   */
 120:Core/Src/freertos.c **** /* USER CODE END Header_StartDefaultTask */
 121:Core/Src/freertos.c **** void StartDefaultTask(void *argument)
 122:Core/Src/freertos.c **** {
  27              		.loc 1 122 1 view -0
  28              		.cfi_startproc
  29              		@ Volatile: function does not return.
  30              		@ args = 0, pretend = 0, frame = 0
  31              		@ frame_needed = 0, uses_anonymous_args = 0
  32              	.LVL0:
  33              		.loc 1 122 1 is_stmt 0 view .LVU1
  34 0000 08B5     		push	{r3, lr}
  35              	.LCFI0:
  36              		.cfi_def_cfa_offset 8
  37              		.cfi_offset 3, -8
  38              		.cfi_offset 14, -4
  39              	.LVL1:
  40              	.L2:
 123:Core/Src/freertos.c ****   /* USER CODE BEGIN StartDefaultTask */
 124:Core/Src/freertos.c ****   for(;;)
  41              		.loc 1 124 3 is_stmt 1 view .LVU2
 125:Core/Src/freertos.c ****   {
 126:Core/Src/freertos.c ****     osDelay(1000);
  42              		.loc 1 126 5 discriminator 1 view .LVU3
  43 0002 4FF47A70 		mov	r0, #1000
  44 0006 FFF7FEFF 		bl	osDelay
  45              	.LVL2:
 124:Core/Src/freertos.c ****   {
ARM GAS  /tmp/cc2x8xL7.s 			page 4


  46              		.loc 1 124 3 view .LVU4
  47 000a FAE7     		b	.L2
  48              		.cfi_endproc
  49              	.LFE70:
  51              		.section	.text.MX_FREERTOS_Init,"ax",%progbits
  52              		.align	1
  53              		.global	MX_FREERTOS_Init
  54              		.syntax unified
  55              		.thumb
  56              		.thumb_func
  58              	MX_FREERTOS_Init:
  59              	.LFB69:
  76:Core/Src/freertos.c ****   /* USER CODE BEGIN Init */
  60              		.loc 1 76 29 view -0
  61              		.cfi_startproc
  62              		@ args = 0, pretend = 0, frame = 0
  63              		@ frame_needed = 0, uses_anonymous_args = 0
  64 0000 08B5     		push	{r3, lr}
  65              	.LCFI1:
  66              		.cfi_def_cfa_offset 8
  67              		.cfi_offset 3, -8
  68              		.cfi_offset 14, -4
  99:Core/Src/freertos.c **** 
  69              		.loc 1 99 3 view .LVU6
  99:Core/Src/freertos.c **** 
  70              		.loc 1 99 23 is_stmt 0 view .LVU7
  71 0002 074A     		ldr	r2, .L6
  72 0004 0021     		movs	r1, #0
  73 0006 0748     		ldr	r0, .L6+4
  74 0008 FFF7FEFF 		bl	osThreadNew
  75              	.LVL3:
  99:Core/Src/freertos.c **** 
  76              		.loc 1 99 21 discriminator 1 view .LVU8
  77 000c 064B     		ldr	r3, .L6+8
  78 000e 1860     		str	r0, [r3]
 103:Core/Src/freertos.c ****   TrajPlannerTask_Create();
  79              		.loc 1 103 3 is_stmt 1 view .LVU9
  80 0010 FFF7FEFF 		bl	UartRxTask_Create
  81              	.LVL4:
 104:Core/Src/freertos.c ****   StatusSafetyTask_Create();
  82              		.loc 1 104 3 view .LVU10
  83 0014 FFF7FEFF 		bl	TrajPlannerTask_Create
  84              	.LVL5:
 105:Core/Src/freertos.c ****   /* USER CODE END RTOS_THREADS */
  85              		.loc 1 105 3 view .LVU11
  86 0018 FFF7FEFF 		bl	StatusSafetyTask_Create
  87              	.LVL6:
 112:Core/Src/freertos.c **** 
  88              		.loc 1 112 1 is_stmt 0 view .LVU12
  89 001c 08BD     		pop	{r3, pc}
  90              	.L7:
  91 001e 00BF     		.align	2
  92              	.L6:
  93 0020 00000000 		.word	defaultTask_attributes
  94 0024 00000000 		.word	StartDefaultTask
  95 0028 00000000 		.word	defaultTaskHandle
  96              		.cfi_endproc
ARM GAS  /tmp/cc2x8xL7.s 			page 5


  97              	.LFE69:
  99              		.global	defaultTask_attributes
 100              		.section	.rodata.str1.4,"aMS",%progbits,1
 101              		.align	2
 102              	.LC0:
 103 0000 64656661 		.ascii	"defaultTask\000"
 103      756C7454 
 103      61736B00 
 104              		.section	.rodata.defaultTask_attributes,"a"
 105              		.align	2
 108              	defaultTask_attributes:
 109 0000 00000000 		.word	.LC0
 110 0004 00000000 		.space	16
 110      00000000 
 110      00000000 
 110      00000000 
 111 0014 00020000 		.word	512
 112 0018 18000000 		.word	24
 113 001c 00000000 		.space	8
 113      00000000 
 114              		.global	defaultTaskHandle
 115              		.section	.bss.defaultTaskHandle,"aw",%nobits
 116              		.align	2
 119              	defaultTaskHandle:
 120 0000 00000000 		.space	4
 121              		.text
 122              	.Letext0:
 123              		.file 2 "/usr/lib/gcc/arm-none-eabi/13.2.1/include/stdint.h"
 124              		.file 3 "Middlewares/Third_Party/FreeRTOS/Source/CMSIS_RTOS_V2/cmsis_os2.h"
 125              		.file 4 "Core/Inc/status_safety_task.h"
 126              		.file 5 "Core/Inc/traj_planner.h"
 127              		.file 6 "Core/Inc/uart_rx_task.h"
ARM GAS  /tmp/cc2x8xL7.s 			page 6


DEFINED SYMBOLS
                            *ABS*:00000000 freertos.c
     /tmp/cc2x8xL7.s:19     .text.StartDefaultTask:00000000 $t
     /tmp/cc2x8xL7.s:25     .text.StartDefaultTask:00000000 StartDefaultTask
     /tmp/cc2x8xL7.s:52     .text.MX_FREERTOS_Init:00000000 $t
     /tmp/cc2x8xL7.s:58     .text.MX_FREERTOS_Init:00000000 MX_FREERTOS_Init
     /tmp/cc2x8xL7.s:93     .text.MX_FREERTOS_Init:00000020 $d
     /tmp/cc2x8xL7.s:108    .rodata.defaultTask_attributes:00000000 defaultTask_attributes
     /tmp/cc2x8xL7.s:119    .bss.defaultTaskHandle:00000000 defaultTaskHandle
     /tmp/cc2x8xL7.s:101    .rodata.str1.4:00000000 $d
     /tmp/cc2x8xL7.s:105    .rodata.defaultTask_attributes:00000000 $d
     /tmp/cc2x8xL7.s:116    .bss.defaultTaskHandle:00000000 $d

UNDEFINED SYMBOLS
osDelay
osThreadNew
UartRxTask_Create
TrajPlannerTask_Create
StatusSafetyTask_Create
