ARM GAS  C:\Users\Pt\AppData\Local\Temp\cc86sVdw.s 			page 1


   1              		.cpu cortex-m3
   2              		.arch armv7-m
   3              		.fpu softvfp
   4              		.eabi_attribute 20, 1
   5              		.eabi_attribute 21, 1
   6              		.eabi_attribute 23, 3
   7              		.eabi_attribute 24, 1
   8              		.eabi_attribute 25, 1
   9              		.eabi_attribute 26, 1
  10              		.eabi_attribute 30, 1
  11              		.eabi_attribute 34, 1
  12              		.eabi_attribute 18, 4
  13              		.file	"servo_driver.c"
  14              		.text
  15              	.Ltext0:
  16              		.cfi_sections	.debug_frame
  17              		.global	__aeabi_fcmplt
  18              		.global	__aeabi_fcmpgt
  19              		.section	.text.Servo_ClampAngle,"ax",%progbits
  20              		.align	1
  21              		.syntax unified
  22              		.thumb
  23              		.thumb_func
  25              	Servo_ClampAngle:
  26              	.LVL0:
  27              	.LFB65:
  28              		.file 1 "Core/Src/servo_driver.c"
   1:Core/Src/servo_driver.c **** #include "servo_driver.h"
   2:Core/Src/servo_driver.c **** 
   3:Core/Src/servo_driver.c **** #include "tim.h"
   4:Core/Src/servo_driver.c **** 
   5:Core/Src/servo_driver.c **** #define SERVO_COUNT (4U)
   6:Core/Src/servo_driver.c **** #define SERVO_MIN_ANGLE_DEG (0.0f)
   7:Core/Src/servo_driver.c **** #define SERVO_MAX_ANGLE_DEG (180.0f)
   8:Core/Src/servo_driver.c **** #define SERVO_CCR_BASE (500.0f)
   9:Core/Src/servo_driver.c **** #define SERVO_CCR_PER_DEG (2000.0f / 180.0f)
  10:Core/Src/servo_driver.c **** 
  11:Core/Src/servo_driver.c **** static const uint32_t k_servo_channels[SERVO_COUNT] = {
  12:Core/Src/servo_driver.c ****   TIM_CHANNEL_1,
  13:Core/Src/servo_driver.c ****   TIM_CHANNEL_2,
  14:Core/Src/servo_driver.c ****   TIM_CHANNEL_3,
  15:Core/Src/servo_driver.c ****   TIM_CHANNEL_4
  16:Core/Src/servo_driver.c **** };
  17:Core/Src/servo_driver.c **** 
  18:Core/Src/servo_driver.c **** static float g_last_angle_deg[SERVO_COUNT] = {0.0f, 0.0f, 0.0f, 0.0f};
  19:Core/Src/servo_driver.c **** 
  20:Core/Src/servo_driver.c **** static float Servo_ClampAngle(float angle_deg)
  21:Core/Src/servo_driver.c **** {
  29              		.loc 1 21 1 view -0
  30              		.cfi_startproc
  31              		@ args = 0, pretend = 0, frame = 0
  32              		@ frame_needed = 0, uses_anonymous_args = 0
  33              		.loc 1 21 1 is_stmt 0 view .LVU1
  34 0000 10B5     		push	{r4, lr}
  35              	.LCFI0:
  36              		.cfi_def_cfa_offset 8
  37              		.cfi_offset 4, -8
ARM GAS  C:\Users\Pt\AppData\Local\Temp\cc86sVdw.s 			page 2


  38              		.cfi_offset 14, -4
  39 0002 0446     		mov	r4, r0
  22:Core/Src/servo_driver.c ****   if (angle_deg < SERVO_MIN_ANGLE_DEG)
  40              		.loc 1 22 3 is_stmt 1 view .LVU2
  41              		.loc 1 22 6 is_stmt 0 view .LVU3
  42 0004 0021     		movs	r1, #0
  43 0006 FFF7FEFF 		bl	__aeabi_fcmplt
  44              	.LVL1:
  45              		.loc 1 22 6 view .LVU4
  46 000a 30B9     		cbnz	r0, .L3
  23:Core/Src/servo_driver.c ****   {
  24:Core/Src/servo_driver.c ****     return SERVO_MIN_ANGLE_DEG;
  25:Core/Src/servo_driver.c ****   }
  26:Core/Src/servo_driver.c **** 
  27:Core/Src/servo_driver.c ****   if (angle_deg > SERVO_MAX_ANGLE_DEG)
  47              		.loc 1 27 3 is_stmt 1 view .LVU5
  48              		.loc 1 27 6 is_stmt 0 view .LVU6
  49 000c 0549     		ldr	r1, .L6
  50 000e 2046     		mov	r0, r4
  51 0010 FFF7FEFF 		bl	__aeabi_fcmpgt
  52              	.LVL2:
  53 0014 18B9     		cbnz	r0, .L4
  28:Core/Src/servo_driver.c ****   {
  29:Core/Src/servo_driver.c ****     return SERVO_MAX_ANGLE_DEG;
  30:Core/Src/servo_driver.c ****   }
  31:Core/Src/servo_driver.c **** 
  32:Core/Src/servo_driver.c ****   return angle_deg;
  54              		.loc 1 32 10 view .LVU7
  55 0016 2046     		mov	r0, r4
  56              	.L1:
  33:Core/Src/servo_driver.c **** }
  57              		.loc 1 33 1 view .LVU8
  58 0018 10BD     		pop	{r4, pc}
  59              	.LVL3:
  60              	.L3:
  24:Core/Src/servo_driver.c ****   }
  61              		.loc 1 24 12 view .LVU9
  62 001a 0020     		movs	r0, #0
  63 001c FCE7     		b	.L1
  64              	.L4:
  29:Core/Src/servo_driver.c ****   }
  65              		.loc 1 29 12 view .LVU10
  66 001e 0148     		ldr	r0, .L6
  67 0020 FAE7     		b	.L1
  68              	.L7:
  69 0022 00BF     		.align	2
  70              	.L6:
  71 0024 00003443 		.word	1127481344
  72              		.cfi_endproc
  73              	.LFE65:
  75              		.global	__aeabi_fmul
  76              		.global	__aeabi_fadd
  77              		.global	__aeabi_f2uiz
  78              		.section	.text.Servo_SetAngle,"ax",%progbits
  79              		.align	1
  80              		.global	Servo_SetAngle
  81              		.syntax unified
ARM GAS  C:\Users\Pt\AppData\Local\Temp\cc86sVdw.s 			page 3


  82              		.thumb
  83              		.thumb_func
  85              	Servo_SetAngle:
  86              	.LVL4:
  87              	.LFB67:
  34:Core/Src/servo_driver.c **** 
  35:Core/Src/servo_driver.c **** void Servo_Init(void)
  36:Core/Src/servo_driver.c **** {
  37:Core/Src/servo_driver.c ****   for (uint8_t i = 0; i < SERVO_COUNT; ++i)
  38:Core/Src/servo_driver.c ****   {
  39:Core/Src/servo_driver.c ****     HAL_TIM_PWM_Start(&htim2, k_servo_channels[i]);
  40:Core/Src/servo_driver.c ****     Servo_SetAngle(i, 0.0f);
  41:Core/Src/servo_driver.c ****   }
  42:Core/Src/servo_driver.c **** }
  43:Core/Src/servo_driver.c **** 
  44:Core/Src/servo_driver.c **** void Servo_SetAngle(uint8_t servo_id, float angle_deg)
  45:Core/Src/servo_driver.c **** {
  88              		.loc 1 45 1 is_stmt 1 view -0
  89              		.cfi_startproc
  90              		@ args = 0, pretend = 0, frame = 0
  91              		@ frame_needed = 0, uses_anonymous_args = 0
  92              		.loc 1 45 1 is_stmt 0 view .LVU12
  93 0000 38B5     		push	{r3, r4, r5, lr}
  94              	.LCFI1:
  95              		.cfi_def_cfa_offset 16
  96              		.cfi_offset 3, -16
  97              		.cfi_offset 4, -12
  98              		.cfi_offset 5, -8
  99              		.cfi_offset 14, -4
 100 0002 0446     		mov	r4, r0
  46:Core/Src/servo_driver.c ****   float clamped_angle;
 101              		.loc 1 46 3 is_stmt 1 view .LVU13
  47:Core/Src/servo_driver.c ****   uint32_t ccr;
 102              		.loc 1 47 3 view .LVU14
  48:Core/Src/servo_driver.c **** 
  49:Core/Src/servo_driver.c ****   if (servo_id >= SERVO_COUNT)
 103              		.loc 1 49 3 view .LVU15
 104              		.loc 1 49 6 is_stmt 0 view .LVU16
 105 0004 0328     		cmp	r0, #3
 106 0006 15D8     		bhi	.L8
 107 0008 0846     		mov	r0, r1
 108              	.LVL5:
  50:Core/Src/servo_driver.c ****   {
  51:Core/Src/servo_driver.c ****     return;
  52:Core/Src/servo_driver.c ****   }
  53:Core/Src/servo_driver.c **** 
  54:Core/Src/servo_driver.c ****   clamped_angle = Servo_ClampAngle(angle_deg);
 109              		.loc 1 54 3 is_stmt 1 view .LVU17
 110              		.loc 1 54 19 is_stmt 0 view .LVU18
 111 000a FFF7FEFF 		bl	Servo_ClampAngle
 112              	.LVL6:
 113              		.loc 1 54 19 view .LVU19
 114 000e 0546     		mov	r5, r0
 115              	.LVL7:
  55:Core/Src/servo_driver.c ****   ccr = (uint32_t)(SERVO_CCR_BASE + (clamped_angle * SERVO_CCR_PER_DEG));
 116              		.loc 1 55 3 is_stmt 1 view .LVU20
 117              		.loc 1 55 52 is_stmt 0 view .LVU21
ARM GAS  C:\Users\Pt\AppData\Local\Temp\cc86sVdw.s 			page 4


 118 0010 1149     		ldr	r1, .L17
 119 0012 FFF7FEFF 		bl	__aeabi_fmul
 120              	.LVL8:
 121              		.loc 1 55 35 view .LVU22
 122 0016 1149     		ldr	r1, .L17+4
 123 0018 FFF7FEFF 		bl	__aeabi_fadd
 124              	.LVL9:
 125              		.loc 1 55 7 view .LVU23
 126 001c FFF7FEFF 		bl	__aeabi_f2uiz
 127              	.LVL10:
  56:Core/Src/servo_driver.c **** 
  57:Core/Src/servo_driver.c ****   __HAL_TIM_SET_COMPARE(&htim2, k_servo_channels[servo_id], ccr);
 128              		.loc 1 57 3 is_stmt 1 view .LVU24
 129 0020 0F4B     		ldr	r3, .L17+8
 130 0022 53F82430 		ldr	r3, [r3, r4, lsl #2]
 131 0026 33B9     		cbnz	r3, .L10
 132              		.loc 1 57 3 is_stmt 0 discriminator 1 view .LVU25
 133 0028 0E4B     		ldr	r3, .L17+12
 134 002a 1B68     		ldr	r3, [r3]
 135 002c 5863     		str	r0, [r3, #52]
 136              	.L11:
  58:Core/Src/servo_driver.c ****   g_last_angle_deg[servo_id] = clamped_angle;
 137              		.loc 1 58 3 is_stmt 1 view .LVU26
 138              		.loc 1 58 30 is_stmt 0 view .LVU27
 139 002e 0E4B     		ldr	r3, .L17+16
 140 0030 43F82450 		str	r5, [r3, r4, lsl #2]	@ float
 141              	.LVL11:
 142              	.L8:
  59:Core/Src/servo_driver.c **** }
 143              		.loc 1 59 1 view .LVU28
 144 0034 38BD     		pop	{r3, r4, r5, pc}
 145              	.LVL12:
 146              	.L10:
  57:Core/Src/servo_driver.c ****   g_last_angle_deg[servo_id] = clamped_angle;
 147              		.loc 1 57 3 discriminator 2 view .LVU29
 148 0036 042B     		cmp	r3, #4
 149 0038 05D0     		beq	.L15
  57:Core/Src/servo_driver.c ****   g_last_angle_deg[servo_id] = clamped_angle;
 150              		.loc 1 57 3 discriminator 4 view .LVU30
 151 003a 082B     		cmp	r3, #8
 152 003c 07D0     		beq	.L16
  57:Core/Src/servo_driver.c ****   g_last_angle_deg[servo_id] = clamped_angle;
 153              		.loc 1 57 3 discriminator 7 view .LVU31
 154 003e 094B     		ldr	r3, .L17+12
 155 0040 1B68     		ldr	r3, [r3]
 156 0042 1864     		str	r0, [r3, #64]
 157 0044 F3E7     		b	.L11
 158              	.L15:
  57:Core/Src/servo_driver.c ****   g_last_angle_deg[servo_id] = clamped_angle;
 159              		.loc 1 57 3 discriminator 3 view .LVU32
 160 0046 074B     		ldr	r3, .L17+12
 161 0048 1B68     		ldr	r3, [r3]
 162 004a 9863     		str	r0, [r3, #56]
 163 004c EFE7     		b	.L11
 164              	.L16:
  57:Core/Src/servo_driver.c ****   g_last_angle_deg[servo_id] = clamped_angle;
 165              		.loc 1 57 3 discriminator 6 view .LVU33
ARM GAS  C:\Users\Pt\AppData\Local\Temp\cc86sVdw.s 			page 5


 166 004e 054B     		ldr	r3, .L17+12
 167 0050 1B68     		ldr	r3, [r3]
 168 0052 D863     		str	r0, [r3, #60]
 169 0054 EBE7     		b	.L11
 170              	.L18:
 171 0056 00BF     		.align	2
 172              	.L17:
 173 0058 1CC73141 		.word	1093781276
 174 005c 0000FA43 		.word	1140457472
 175 0060 00000000 		.word	.LANCHOR0
 176 0064 00000000 		.word	htim2
 177 0068 00000000 		.word	.LANCHOR1
 178              		.cfi_endproc
 179              	.LFE67:
 181              		.section	.text.Servo_Init,"ax",%progbits
 182              		.align	1
 183              		.global	Servo_Init
 184              		.syntax unified
 185              		.thumb
 186              		.thumb_func
 188              	Servo_Init:
 189              	.LFB66:
  36:Core/Src/servo_driver.c ****   for (uint8_t i = 0; i < SERVO_COUNT; ++i)
 190              		.loc 1 36 1 is_stmt 1 view -0
 191              		.cfi_startproc
 192              		@ args = 0, pretend = 0, frame = 0
 193              		@ frame_needed = 0, uses_anonymous_args = 0
 194 0000 10B5     		push	{r4, lr}
 195              	.LCFI2:
 196              		.cfi_def_cfa_offset 8
 197              		.cfi_offset 4, -8
 198              		.cfi_offset 14, -4
  37:Core/Src/servo_driver.c ****   {
 199              		.loc 1 37 3 view .LVU35
 200              	.LBB2:
  37:Core/Src/servo_driver.c ****   {
 201              		.loc 1 37 8 view .LVU36
 202              	.LVL13:
  37:Core/Src/servo_driver.c ****   {
 203              		.loc 1 37 16 is_stmt 0 view .LVU37
 204 0002 0024     		movs	r4, #0
  37:Core/Src/servo_driver.c ****   {
 205              		.loc 1 37 3 view .LVU38
 206 0004 0BE0     		b	.L20
 207              	.LVL14:
 208              	.L21:
  39:Core/Src/servo_driver.c ****     Servo_SetAngle(i, 0.0f);
 209              		.loc 1 39 5 is_stmt 1 discriminator 3 view .LVU39
 210 0006 074B     		ldr	r3, .L23
 211 0008 53F82410 		ldr	r1, [r3, r4, lsl #2]
 212 000c 0648     		ldr	r0, .L23+4
 213 000e FFF7FEFF 		bl	HAL_TIM_PWM_Start
 214              	.LVL15:
  40:Core/Src/servo_driver.c ****   }
 215              		.loc 1 40 5 discriminator 3 view .LVU40
 216 0012 0021     		movs	r1, #0
 217 0014 2046     		mov	r0, r4
ARM GAS  C:\Users\Pt\AppData\Local\Temp\cc86sVdw.s 			page 6


 218 0016 FFF7FEFF 		bl	Servo_SetAngle
 219              	.LVL16:
  37:Core/Src/servo_driver.c ****   {
 220              		.loc 1 37 40 discriminator 3 view .LVU41
 221 001a 0134     		adds	r4, r4, #1
 222              	.LVL17:
  37:Core/Src/servo_driver.c ****   {
 223              		.loc 1 37 40 is_stmt 0 discriminator 3 view .LVU42
 224 001c E4B2     		uxtb	r4, r4
 225              	.LVL18:
 226              	.L20:
  37:Core/Src/servo_driver.c ****   {
 227              		.loc 1 37 23 is_stmt 1 discriminator 1 view .LVU43
  37:Core/Src/servo_driver.c ****   {
 228              		.loc 1 37 3 is_stmt 0 discriminator 1 view .LVU44
 229 001e 032C     		cmp	r4, #3
 230 0020 F1D9     		bls	.L21
 231              	.LBE2:
  42:Core/Src/servo_driver.c **** 
 232              		.loc 1 42 1 view .LVU45
 233 0022 10BD     		pop	{r4, pc}
 234              	.LVL19:
 235              	.L24:
  42:Core/Src/servo_driver.c **** 
 236              		.loc 1 42 1 view .LVU46
 237              		.align	2
 238              	.L23:
 239 0024 00000000 		.word	.LANCHOR0
 240 0028 00000000 		.word	htim2
 241              		.cfi_endproc
 242              	.LFE66:
 244              		.section	.text.Servo_GetAngle,"ax",%progbits
 245              		.align	1
 246              		.global	Servo_GetAngle
 247              		.syntax unified
 248              		.thumb
 249              		.thumb_func
 251              	Servo_GetAngle:
 252              	.LVL20:
 253              	.LFB68:
  60:Core/Src/servo_driver.c **** 
  61:Core/Src/servo_driver.c **** float Servo_GetAngle(uint8_t servo_id)
  62:Core/Src/servo_driver.c **** {
 254              		.loc 1 62 1 is_stmt 1 view -0
 255              		.cfi_startproc
 256              		@ args = 0, pretend = 0, frame = 0
 257              		@ frame_needed = 0, uses_anonymous_args = 0
 258              		@ link register save eliminated.
  63:Core/Src/servo_driver.c ****   if (servo_id >= SERVO_COUNT)
 259              		.loc 1 63 3 view .LVU48
 260              		.loc 1 63 6 is_stmt 0 view .LVU49
 261 0000 0328     		cmp	r0, #3
 262 0002 03D8     		bhi	.L27
  64:Core/Src/servo_driver.c ****   {
  65:Core/Src/servo_driver.c ****     return 0.0f;
  66:Core/Src/servo_driver.c ****   }
  67:Core/Src/servo_driver.c **** 
ARM GAS  C:\Users\Pt\AppData\Local\Temp\cc86sVdw.s 			page 7


  68:Core/Src/servo_driver.c ****   return g_last_angle_deg[servo_id];
 263              		.loc 1 68 3 is_stmt 1 view .LVU50
 264              		.loc 1 68 26 is_stmt 0 view .LVU51
 265 0004 024B     		ldr	r3, .L28
 266 0006 53F82000 		ldr	r0, [r3, r0, lsl #2]	@ float
 267              	.LVL21:
 268              		.loc 1 68 26 view .LVU52
 269 000a 7047     		bx	lr
 270              	.LVL22:
 271              	.L27:
  65:Core/Src/servo_driver.c ****   }
 272              		.loc 1 65 12 view .LVU53
 273 000c 0020     		movs	r0, #0
 274              	.LVL23:
  69:Core/Src/servo_driver.c **** }
 275              		.loc 1 69 1 view .LVU54
 276 000e 7047     		bx	lr
 277              	.L29:
 278              		.align	2
 279              	.L28:
 280 0010 00000000 		.word	.LANCHOR1
 281              		.cfi_endproc
 282              	.LFE68:
 284              		.section	.bss.g_last_angle_deg,"aw",%nobits
 285              		.align	2
 286              		.set	.LANCHOR1,. + 0
 289              	g_last_angle_deg:
 290 0000 00000000 		.space	16
 290      00000000 
 290      00000000 
 290      00000000 
 291              		.section	.rodata.k_servo_channels,"a"
 292              		.align	2
 293              		.set	.LANCHOR0,. + 0
 296              	k_servo_channels:
 297 0000 00000000 		.word	0
 298 0004 04000000 		.word	4
 299 0008 08000000 		.word	8
 300 000c 0C000000 		.word	12
 301              		.text
 302              	.Letext0:
 303              		.file 2 "e:\\keil_v5\\gnu arm embedded toolchain\\10 2021.10\\arm-none-eabi\\include\\machine\\_de
 304              		.file 3 "e:\\keil_v5\\gnu arm embedded toolchain\\10 2021.10\\arm-none-eabi\\include\\sys\\_stdint
 305              		.file 4 "Drivers/CMSIS/Device/ST/STM32F1xx/Include/stm32f103xb.h"
 306              		.file 5 "Drivers/STM32F1xx_HAL_Driver/Inc/stm32f1xx_hal_def.h"
 307              		.file 6 "Drivers/STM32F1xx_HAL_Driver/Inc/stm32f1xx_hal_dma.h"
 308              		.file 7 "Drivers/STM32F1xx_HAL_Driver/Inc/stm32f1xx_hal_tim.h"
 309              		.file 8 "Core/Inc/tim.h"
ARM GAS  C:\Users\Pt\AppData\Local\Temp\cc86sVdw.s 			page 8


DEFINED SYMBOLS
                            *ABS*:00000000 servo_driver.c
C:\Users\Pt\AppData\Local\Temp\cc86sVdw.s:20     .text.Servo_ClampAngle:00000000 $t
C:\Users\Pt\AppData\Local\Temp\cc86sVdw.s:25     .text.Servo_ClampAngle:00000000 Servo_ClampAngle
C:\Users\Pt\AppData\Local\Temp\cc86sVdw.s:71     .text.Servo_ClampAngle:00000024 $d
C:\Users\Pt\AppData\Local\Temp\cc86sVdw.s:79     .text.Servo_SetAngle:00000000 $t
C:\Users\Pt\AppData\Local\Temp\cc86sVdw.s:85     .text.Servo_SetAngle:00000000 Servo_SetAngle
C:\Users\Pt\AppData\Local\Temp\cc86sVdw.s:173    .text.Servo_SetAngle:00000058 $d
C:\Users\Pt\AppData\Local\Temp\cc86sVdw.s:182    .text.Servo_Init:00000000 $t
C:\Users\Pt\AppData\Local\Temp\cc86sVdw.s:188    .text.Servo_Init:00000000 Servo_Init
C:\Users\Pt\AppData\Local\Temp\cc86sVdw.s:239    .text.Servo_Init:00000024 $d
C:\Users\Pt\AppData\Local\Temp\cc86sVdw.s:245    .text.Servo_GetAngle:00000000 $t
C:\Users\Pt\AppData\Local\Temp\cc86sVdw.s:251    .text.Servo_GetAngle:00000000 Servo_GetAngle
C:\Users\Pt\AppData\Local\Temp\cc86sVdw.s:280    .text.Servo_GetAngle:00000010 $d
C:\Users\Pt\AppData\Local\Temp\cc86sVdw.s:285    .bss.g_last_angle_deg:00000000 $d
C:\Users\Pt\AppData\Local\Temp\cc86sVdw.s:289    .bss.g_last_angle_deg:00000000 g_last_angle_deg
C:\Users\Pt\AppData\Local\Temp\cc86sVdw.s:292    .rodata.k_servo_channels:00000000 $d
C:\Users\Pt\AppData\Local\Temp\cc86sVdw.s:296    .rodata.k_servo_channels:00000000 k_servo_channels

UNDEFINED SYMBOLS
__aeabi_fcmplt
__aeabi_fcmpgt
__aeabi_fmul
__aeabi_fadd
__aeabi_f2uiz
htim2
HAL_TIM_PWM_Start
