Archive member included to satisfy reference by file (symbol)

e:/keil_v5/gnu arm embedded toolchain/10 2021.10/bin/../lib/gcc/arm-none-eabi/10.3.1/../../../../arm-none-eabi/lib/thumb/v7-m/nofp\libc_nano.a(lib_a-errno.o)
                              build/sysmem.o (__errno)
e:/keil_v5/gnu arm embedded toolchain/10 2021.10/bin/../lib/gcc/arm-none-eabi/10.3.1/../../../../arm-none-eabi/lib/thumb/v7-m/nofp\libc_nano.a(lib_a-exit.o)
                              e:/keil_v5/gnu arm embedded toolchain/10 2021.10/bin/../lib/gcc/arm-none-eabi/10.3.1/../../../../arm-none-eabi/lib/thumb/v7-m/nofp/crt0.o (exit)
e:/keil_v5/gnu arm embedded toolchain/10 2021.10/bin/../lib/gcc/arm-none-eabi/10.3.1/../../../../arm-none-eabi/lib/thumb/v7-m/nofp\libc_nano.a(lib_a-impure.o)
                              e:/keil_v5/gnu arm embedded toolchain/10 2021.10/bin/../lib/gcc/arm-none-eabi/10.3.1/../../../../arm-none-eabi/lib/thumb/v7-m/nofp\libc_nano.a(lib_a-exit.o) (_global_impure_ptr)
e:/keil_v5/gnu arm embedded toolchain/10 2021.10/bin/../lib/gcc/arm-none-eabi/10.3.1/../../../../arm-none-eabi/lib/thumb/v7-m/nofp\libc_nano.a(lib_a-init.o)
                              e:/keil_v5/gnu arm embedded toolchain/10 2021.10/bin/../lib/gcc/arm-none-eabi/10.3.1/../../../../arm-none-eabi/lib/thumb/v7-m/nofp/crt0.o (__libc_init_array)
e:/keil_v5/gnu arm embedded toolchain/10 2021.10/bin/../lib/gcc/arm-none-eabi/10.3.1/../../../../arm-none-eabi/lib/thumb/v7-m/nofp\libc_nano.a(lib_a-memcpy-stub.o)
                              build/queue.o (memcpy)
e:/keil_v5/gnu arm embedded toolchain/10 2021.10/bin/../lib/gcc/arm-none-eabi/10.3.1/../../../../arm-none-eabi/lib/thumb/v7-m/nofp\libc_nano.a(lib_a-memset.o)
                              e:/keil_v5/gnu arm embedded toolchain/10 2021.10/bin/../lib/gcc/arm-none-eabi/10.3.1/../../../../arm-none-eabi/lib/thumb/v7-m/nofp/crt0.o (memset)
e:/keil_v5/gnu arm embedded toolchain/10 2021.10/bin/../lib/gcc/arm-none-eabi/10.3.1/thumb/v7-m/nofp\libgcc.a(_arm_mulsf3.o)
                              build/servo_driver.o (__aeabi_fmul)
e:/keil_v5/gnu arm embedded toolchain/10 2021.10/bin/../lib/gcc/arm-none-eabi/10.3.1/thumb/v7-m/nofp\libgcc.a(_arm_addsubsf3.o)
                              build/servo_driver.o (__aeabi_fadd)
e:/keil_v5/gnu arm embedded toolchain/10 2021.10/bin/../lib/gcc/arm-none-eabi/10.3.1/thumb/v7-m/nofp\libgcc.a(_arm_cmpsf2.o)
                              build/servo_driver.o (__aeabi_fcmplt)
e:/keil_v5/gnu arm embedded toolchain/10 2021.10/bin/../lib/gcc/arm-none-eabi/10.3.1/thumb/v7-m/nofp\libgcc.a(_arm_fixunssfsi.o)
                              build/servo_driver.o (__aeabi_f2uiz)

Discarded input sections

 .text          0x00000000        0x0 e:/keil_v5/gnu arm embedded toolchain/10 2021.10/bin/../lib/gcc/arm-none-eabi/10.3.1/thumb/v7-m/nofp/crti.o
 .data          0x00000000        0x0 e:/keil_v5/gnu arm embedded toolchain/10 2021.10/bin/../lib/gcc/arm-none-eabi/10.3.1/thumb/v7-m/nofp/crti.o
 .bss           0x00000000        0x0 e:/keil_v5/gnu arm embedded toolchain/10 2021.10/bin/../lib/gcc/arm-none-eabi/10.3.1/thumb/v7-m/nofp/crti.o
 .data          0x00000000        0x4 e:/keil_v5/gnu arm embedded toolchain/10 2021.10/bin/../lib/gcc/arm-none-eabi/10.3.1/thumb/v7-m/nofp/crtbegin.o
 .rodata        0x00000000       0x24 e:/keil_v5/gnu arm embedded toolchain/10 2021.10/bin/../lib/gcc/arm-none-eabi/10.3.1/thumb/v7-m/nofp/crtbegin.o
 .text          0x00000000       0x7c e:/keil_v5/gnu arm embedded toolchain/10 2021.10/bin/../lib/gcc/arm-none-eabi/10.3.1/../../../../arm-none-eabi/lib/thumb/v7-m/nofp/crt0.o
 .data          0x00000000        0x0 e:/keil_v5/gnu arm embedded toolchain/10 2021.10/bin/../lib/gcc/arm-none-eabi/10.3.1/../../../../arm-none-eabi/lib/thumb/v7-m/nofp/crt0.o
 .bss           0x00000000        0x0 e:/keil_v5/gnu arm embedded toolchain/10 2021.10/bin/../lib/gcc/arm-none-eabi/10.3.1/../../../../arm-none-eabi/lib/thumb/v7-m/nofp/crt0.o
 .ARM.extab     0x00000000        0x0 e:/keil_v5/gnu arm embedded toolchain/10 2021.10/bin/../lib/gcc/arm-none-eabi/10.3.1/../../../../arm-none-eabi/lib/thumb/v7-m/nofp/crt0.o
 .ARM.exidx     0x00000000       0x10 e:/keil_v5/gnu arm embedded toolchain/10 2021.10/bin/../lib/gcc/arm-none-eabi/10.3.1/../../../../arm-none-eabi/lib/thumb/v7-m/nofp/crt0.o
 .ARM.attributes
                0x00000000       0x1b e:/keil_v5/gnu arm embedded toolchain/10 2021.10/bin/../lib/gcc/arm-none-eabi/10.3.1/../../../../arm-none-eabi/lib/thumb/v7-m/nofp/crt0.o
 .text          0x00000000        0x0 build/main.o
 .data          0x00000000        0x0 build/main.o
 .bss           0x00000000        0x0 build/main.o
 .text          0x00000000        0x0 build/gpio.o
 .data          0x00000000        0x0 build/gpio.o
 .bss           0x00000000        0x0 build/gpio.o
 .text          0x00000000        0x0 build/freertos.o
 .data          0x00000000        0x0 build/freertos.o
 .bss           0x00000000        0x0 build/freertos.o
[...]
Memory Configuration

Name             Origin             Length             Attributes
RAM              0x20000000         0x00005000         xrw
FLASH            0x08000000         0x00010000         xr
*default*        0x00000000         0xffffffff

Linker script and memory map

LOAD e:/keil_v5/gnu arm embedded toolchain/10 2021.10/bin/../lib/gcc/arm-none-eabi/10.3.1/thumb/v7-m/nofp/crti.o
LOAD e:/keil_v5/gnu arm embedded toolchain/10 2021.10/bin/../lib/gcc/arm-none-eabi/10.3.1/thumb/v7-m/nofp/crtbegin.o
LOAD e:/keil_v5/gnu arm embedded toolchain/10 2021.10/bin/../lib/gcc/arm-none-eabi/10.3.1/../../../../arm-none-eabi/lib/thumb/v7-m/nofp/crt0.o
LOAD build/main.o
LOAD build/gpio.o
LOAD build/freertos.o
LOAD build/dma.o
LOAD build/tim.o
LOAD build/servo_driver.o
LOAD build/usart.o
LOAD build/iwdg.o
LOAD build/uart_protocol.o
LOAD build/uart_rx_task.o
LOAD build/stm32f1xx_it.o
LOAD build/stm32f1xx_hal_msp.o
LOAD build/stm32f1xx_hal_timebase_tim.o
LOAD build/stm32f1xx_hal_gpio_ex.o
LOAD build/stm32f1xx_hal_tim.o
LOAD build/stm32f1xx_hal_tim_ex.o
LOAD build/stm32f1xx_hal.o
LOAD build/stm32f1xx_hal_rcc.o
LOAD build/stm32f1xx_hal_rcc_ex.o
LOAD build/stm32f1xx_hal_gpio.o
LOAD build/stm32f1xx_hal_dma.o
LOAD build/stm32f1xx_hal_cortex.o
LOAD build/stm32f1xx_hal_pwr.o
LOAD build/stm32f1xx_hal_flash.o
LOAD build/stm32f1xx_hal_flash_ex.o
LOAD build/stm32f1xx_hal_exti.o
LOAD build/stm32f1xx_hal_uart.o
LOAD build/stm32f1xx_hal_iwdg.o
LOAD build/system_stm32f1xx.o
LOAD build/croutine.o
LOAD build/event_groups.o
LOAD build/list.o
LOAD build/queue.o
LOAD build/stream_buffer.o
LOAD build/tasks.o
LOAD build/timers.o
LOAD build/cmsis_os2.o
LOAD build/heap_4.o
LOAD build/port.o
LOAD build/sysmem.o
LOAD build/syscalls.o
LOAD build/startup_stm32f103xb.o
LOAD e:/keil_v5/gnu arm embedded toolchain/10 2021.10/bin/../lib/gcc/arm-none-eabi/10.3.1/../../../../arm-none-eabi/lib/thumb/v7-m/nofp\libc_nano.a
LOAD e:/keil_v5/gnu arm embedded toolchain/10 2021.10/bin/../lib/gcc/arm-none-eabi/10.3.1/../../../../arm-none-eabi/lib/thumb/v7-m/nofp\libm.a
LOAD e:/keil_v5/gnu arm embedded toolchain/10 2021.10/bin/../lib/gcc/arm-none-eabi/10.3.1/../../../../arm-none-eabi/lib/thumb/v7-m/nofp\libnosys.a
START GROUP
LOAD e:/keil_v5/gnu arm embedded toolchain/10 2021.10/bin/../lib/gcc/arm-none-eabi/10.3.1/thumb/v7-m/nofp\libgcc.a
LOAD e:/keil_v5/gnu arm embedded toolchain/10 2021.10/bin/../lib/gcc/arm-none-eabi/10.3.1/../../../../arm-none-eabi/lib/thumb/v7-m/nofp\libc_nano.a
END GROUP
START GROUP
LOAD e:/keil_v5/gnu arm embedded toolchain/10 2021.10/bin/../lib/gcc/arm-none-eabi/10.3.1/thumb/v7-m/nofp\libgcc.a
LOAD e:/keil_v5/gnu arm embedded toolchain/10 2021.10/bin/../lib/gcc/arm-none-eabi/10.3.1/../../../../arm-none-eabi/lib/thumb/v7-m/nofp\libc_nano.a
END GROUP
LOAD e:/keil_v5/gnu arm embedded toolchain/10 2021.10/bin/../lib/gcc/arm-none-eabi/10.3.1/thumb/v7-m/nofp/crtend.o
LOAD e:/keil_v5/gnu arm embedded toolchain/10 2021.10/bin/../lib/gcc/arm-none-eabi/10.3.1/thumb/v7-m/nofp/crtn.o
                0x20005000                _estack = (ORIGIN (RAM) + LENGTH (RAM))
                0x20004c00                _sstack = (_estack - _Min_Stack_Size)
                0x00000200                _Min_Heap_Size = 0x200
                0x00000400                _Min_Stack_Size = 0x400

.isr_vector     0x08000000      0x10c
                0x08000000                . = ALIGN (0x4)
 *(.isr_vector)
 .isr_vector    0x08000000      0x10c build/startup_stm32f103xb.o
                0x08000000                g_pfnVectors
                0x0800010c                . = ALIGN (0x4)

.text           0x08000110     0x40ac
                0x08000110                . = ALIGN (0x4)
 *(.text)
 .text          0x08000110       0x40 e:/keil_v5/gnu arm embedded toolchain/10 2021.10/bin/../lib/gcc/arm-none-eabi/10.3.1/thumb/v7-m/nofp/crtbegin.o
 *(.text*)
 .text.HAL_TIM_PeriodElapsedCallback
                0x08000150       0x18 build/main.o
                0x08000150                HAL_TIM_PeriodElapsedCallback
 .text.Error_Handler
                0x08000168        0x4 build/main.o
                0x08000168                Error_Handler
 .text.SystemClock_Config
                0x0800016c       0x64 build/main.o
                0x0800016c                SystemClock_Config
 .text.main     0x080001d0       0x2c build/main.o
                0x080001d0                main
 .text.MX_GPIO_Init
                0x080001fc       0x30 build/gpio.o
                0x080001fc                MX_GPIO_Init
 .text.StartDefaultTask
                0x0800022c        0xa build/freertos.o
                0x0800022c                StartDefaultTask
 *fill*         0x08000236        0x2 
 .text.MX_FREERTOS_Init
                0x08000238       0x24 build/freertos.o
                0x08000238                MX_FREERTOS_Init
 .text.MX_DMA_Init
                0x0800025c       0x44 build/dma.o
                0x0800025c                MX_DMA_Init
 .text.HAL_TIM_PWM_MspInit
                0x080002a0       0x26 build/tim.o
                0x080002a0                HAL_TIM_PWM_MspInit
 *fill*         0x080002c6        0x2 
 .text.HAL_TIM_MspPostInit
                0x080002c8       0x4c build/tim.o
                0x080002c8                HAL_TIM_MspPostInit
 .text.MX_TIM2_Init
                0x08000314       0xb8 build/tim.o
                0x08000314                MX_TIM2_Init
 .text.MX_USART1_UART_Init
                0x080003cc       0x40 build/usart.o
                0x080003cc                MX_USART1_UART_Init
 .text.HAL_UART_MspInit
                0x0800040c       0xf8 build/usart.o
                0x0800040c                HAL_UART_MspInit
 .text.MX_IWDG_Init
                0x08000504       0x28 build/iwdg.o
                0x08000504                MX_IWDG_Init
 .text.crc16_ccitt
                0x0800052c       0x4e build/uart_protocol.o
                0x0800052c                crc16_ccitt
 *fill*         0x0800057a        0x2 
 .text.UartRx_ResetFrameParser
                0x0800057c        0xc build/uart_rx_task.o
 .text.UartRx_HandleFrame
                0x08000588       0x6c build/uart_rx_task.o
 .text.UartRx_ParseByte
                0x080005f4       0x8c build/uart_rx_task.o
 .text.UartRx_ProcessDmaData
                0x08000680       0x3c build/uart_rx_task.o
 .text.Task_UART_RX
                0x080006bc       0x3c build/uart_rx_task.o
 .text.UartRxTask_Create
                0x080006f8       0x64 build/uart_rx_task.o
                0x080006f8                UartRxTask_Create
 .text.UartRxTask_NotifyFromIdleIrq
                0x0800075c       0x54 build/uart_rx_task.o
                0x0800075c                UartRxTask_NotifyFromIdleIrq
 .text.NMI_Handler
                0x080007b0        0x2 build/stm32f1xx_it.o
                0x080007b0                NMI_Handler
 .text.HardFault_Handler
                0x080007b2        0x2 build/stm32f1xx_it.o
                0x080007b2                HardFault_Handler
 .text.MemManage_Handler
                0x080007b4        0x2 build/stm32f1xx_it.o
                0x080007b4                MemManage_Handler
 .text.BusFault_Handler
                0x080007b6        0x2 build/stm32f1xx_it.o
                0x080007b6                BusFault_Handler
 .text.UsageFault_Handler
                0x080007b8        0x2 build/stm32f1xx_it.o
                0x080007b8                UsageFault_Handler
 .text.DebugMon_Handler
                0x080007ba        0x2 build/stm32f1xx_it.o
                0x080007ba                DebugMon_Handler
 .text.DMA1_Channel4_IRQHandler
                0x080007bc       0x10 build/stm32f1xx_it.o
                0x080007bc                DMA1_Channel4_IRQHandler
 .text.DMA1_Channel5_IRQHandler
                0x080007cc       0x10 build/stm32f1xx_it.o
                0x080007cc                DMA1_Channel5_IRQHandler
 .text.TIM4_IRQHandler
                0x080007dc       0x10 build/stm32f1xx_it.o
                0x080007dc                TIM4_IRQHandler
 .text.USART1_IRQHandler
                0x080007ec       0x34 build/stm32f1xx_it.o
                0x080007ec                USART1_IRQHandler
 .text.HAL_MspInit
                0x08000820       0x54 build/stm32f1xx_hal_msp.o
                0x08000820                HAL_MspInit
 .text.HAL_InitTick
                0x08000874       0xa0 build/stm32f1xx_hal_timebase_tim.o
                0x08000874                HAL_InitTick
 .text.TIM_OC1_SetConfig
                0x08000914       0x5c build/stm32f1xx_hal_tim.o
 .text.TIM_OC3_SetConfig
                0x08000970       0x64 build/stm32f1xx_hal_tim.o
 .text.TIM_OC4_SetConfig
                0x080009d4       0x48 build/stm32f1xx_hal_tim.o
 .text.HAL_TIM_Base_MspInit
                0x08000a1c        0x2 build/stm32f1xx_hal_tim.o
                0x08000a1c                HAL_TIM_Base_MspInit
 *fill*         0x08000a1e        0x2 
 .text.HAL_TIM_Base_Start_IT
                0x08000a20       0x68 build/stm32f1xx_hal_tim.o
                0x08000a20                HAL_TIM_Base_Start_IT
 .text.HAL_TIM_OC_DelayElapsedCallback
                0x08000a88        0x2 build/stm32f1xx_hal_tim.o
                0x08000a88                HAL_TIM_OC_DelayElapsedCallback
 .text.HAL_TIM_IC_CaptureCallback
                0x08000a8a        0x2 build/stm32f1xx_hal_tim.o
                0x08000a8a                HAL_TIM_IC_CaptureCallback
 .text.HAL_TIM_PWM_PulseFinishedCallback
                0x08000a8c        0x2 build/stm32f1xx_hal_tim.o
                0x08000a8c                HAL_TIM_PWM_PulseFinishedCallback
 .text.HAL_TIM_TriggerCallback
                0x08000a8e        0x2 build/stm32f1xx_hal_tim.o
                0x08000a8e                HAL_TIM_TriggerCallback
 .text.HAL_TIM_IRQHandler
                0x08000a90      0x15e build/stm32f1xx_hal_tim.o
                0x08000a90                HAL_TIM_IRQHandler
 *fill*         0x08000bee        0x2 
 .text.TIM_Base_SetConfig
                0x08000bf0       0x84 build/stm32f1xx_hal_tim.o
                0x08000bf0                TIM_Base_SetConfig
 .text.HAL_TIM_Base_Init
                0x08000c74       0x58 build/stm32f1xx_hal_tim.o
                0x08000c74                HAL_TIM_Base_Init
 .text.HAL_TIM_PWM_Init
                0x08000ccc       0x58 build/stm32f1xx_hal_tim.o
                0x08000ccc                HAL_TIM_PWM_Init
 .text.TIM_OC2_SetConfig
                0x08000d24       0x64 build/stm32f1xx_hal_tim.o
                0x08000d24                TIM_OC2_SetConfig
 .text.HAL_TIM_PWM_ConfigChannel
                0x08000d88       0xdc build/stm32f1xx_hal_tim.o
                0x08000d88                HAL_TIM_PWM_ConfigChannel
 .text.HAL_TIMEx_MasterConfigSynchronization
                0x08000e64       0x6c build/stm32f1xx_hal_tim_ex.o
                0x08000e64                HAL_TIMEx_MasterConfigSynchronization
 .text.HAL_TIMEx_CommutCallback
                0x08000ed0        0x2 build/stm32f1xx_hal_tim_ex.o
                0x08000ed0                HAL_TIMEx_CommutCallback
 .text.HAL_TIMEx_BreakCallback
                0x08000ed2        0x2 build/stm32f1xx_hal_tim_ex.o
                0x08000ed2                HAL_TIMEx_BreakCallback
 .text.HAL_Init
                0x08000ed4       0x24 build/stm32f1xx_hal.o
                0x08000ed4                HAL_Init
 .text.HAL_IncTick
                0x08000ef8       0x18 build/stm32f1xx_hal.o
                0x08000ef8                HAL_IncTick
 .text.HAL_GetTick
                0x08000f10        0xc build/stm32f1xx_hal.o
                0x08000f10                HAL_GetTick
 .text.RCC_Delay
                0x08000f1c       0x2c build/stm32f1xx_hal_rcc.o
 .text.HAL_RCC_OscConfig
                0x08000f48      0x410 build/stm32f1xx_hal_rcc.o
                0x08000f48                HAL_RCC_OscConfig
 .text.HAL_RCC_GetSysClockFreq
                0x08001358       0x54 build/stm32f1xx_hal_rcc.o
                0x08001358                HAL_RCC_GetSysClockFreq
 .text.HAL_RCC_ClockConfig
                0x080013ac      0x16c build/stm32f1xx_hal_rcc.o
                0x080013ac                HAL_RCC_ClockConfig
 .text.HAL_RCC_GetHCLKFreq
                0x08001518        0xc build/stm32f1xx_hal_rcc.o
                0x08001518                HAL_RCC_GetHCLKFreq
 .text.HAL_RCC_GetPCLK1Freq
                0x08001524       0x20 build/stm32f1xx_hal_rcc.o
                0x08001524                HAL_RCC_GetPCLK1Freq
 .text.HAL_RCC_GetPCLK2Freq
                0x08001544       0x20 build/stm32f1xx_hal_rcc.o
                0x08001544                HAL_RCC_GetPCLK2Freq
 .text.HAL_RCC_GetClockConfig
                0x08001564       0x3c build/stm32f1xx_hal_rcc.o
                0x08001564                HAL_RCC_GetClockConfig
 .text.HAL_GPIO_Init
                0x080015a0      0x224 build/stm32f1xx_hal_gpio.o
                0x080015a0                HAL_GPIO_Init
 .text.DMA_SetConfig
                0x080017c4       0x2c build/stm32f1xx_hal_dma.o
 .text.HAL_DMA_Init
                0x080017f0       0x6c build/stm32f1xx_hal_dma.o
                0x080017f0                HAL_DMA_Init
 .text.HAL_DMA_Start_IT
                0x0800185c       0x76 build/stm32f1xx_hal_dma.o
                0x0800185c                HAL_DMA_Start_IT
 .text.HAL_DMA_Abort
                0x080018d2       0x46 build/stm32f1xx_hal_dma.o
                0x080018d2                HAL_DMA_Abort
 .text.HAL_DMA_Abort_IT
                0x08001918       0x98 build/stm32f1xx_hal_dma.o
                0x08001918                HAL_DMA_Abort_IT
 .text.HAL_DMA_IRQHandler
                0x080019b0      0x144 build/stm32f1xx_hal_dma.o
                0x080019b0                HAL_DMA_IRQHandler
 .text.HAL_NVIC_SetPriorityGrouping
                0x08001af4       0x24 build/stm32f1xx_hal_cortex.o
                0x08001af4                HAL_NVIC_SetPriorityGrouping
 .text.HAL_NVIC_SetPriority
                0x08001b18       0x70 build/stm32f1xx_hal_cortex.o
                0x08001b18                HAL_NVIC_SetPriority
 .text.HAL_NVIC_EnableIRQ
                0x08001b88       0x1c build/stm32f1xx_hal_cortex.o
                0x08001b88                HAL_NVIC_EnableIRQ
 .text.UART_EndTxTransfer
                0x08001ba4       0x20 build/stm32f1xx_hal_uart.o
 .text.UART_EndRxTransfer
                0x08001bc4       0x5c build/stm32f1xx_hal_uart.o
 .text.UART_Transmit_IT
                0x08001c20       0x60 build/stm32f1xx_hal_uart.o
 .text.UART_SetConfig
                0x08001c80       0x94 build/stm32f1xx_hal_uart.o
 .text.HAL_UART_Init
                0x08001d14       0x60 build/stm32f1xx_hal_uart.o
                0x08001d14                HAL_UART_Init
 .text.HAL_UART_TxCpltCallback
                0x08001d74        0x2 build/stm32f1xx_hal_uart.o
                0x08001d74                HAL_UART_TxCpltCallback
 .text.UART_EndTransmit_IT
                0x08001d76       0x1a build/stm32f1xx_hal_uart.o
 .text.HAL_UART_RxCpltCallback
                0x08001d90        0x2 build/stm32f1xx_hal_uart.o
                0x08001d90                HAL_UART_RxCpltCallback
 .text.HAL_UART_RxHalfCpltCallback
                0x08001d92        0x2 build/stm32f1xx_hal_uart.o
                0x08001d92                HAL_UART_RxHalfCpltCallback
 .text.HAL_UART_ErrorCallback
                0x08001d94        0x2 build/stm32f1xx_hal_uart.o
                0x08001d94                HAL_UART_ErrorCallback
 .text.UART_DMAError
                0x08001d96       0x58 build/stm32f1xx_hal_uart.o
 .text.UART_DMAAbortOnError
                0x08001dee       0x10 build/stm32f1xx_hal_uart.o
 .text.HAL_UARTEx_RxEventCallback
                0x08001dfe        0x2 build/stm32f1xx_hal_uart.o
                0x08001dfe                HAL_UARTEx_RxEventCallback
 .text.UART_Receive_IT
                0x08001e00       0xe6 build/stm32f1xx_hal_uart.o
 *fill*         0x08001ee6        0x2 
 .text.HAL_UART_IRQHandler
                0x08001ee8      0x288 build/stm32f1xx_hal_uart.o
                0x08001ee8                HAL_UART_IRQHandler
 .text.UART_DMARxHalfCplt
                0x08002170       0x1e build/stm32f1xx_hal_uart.o
 .text.UART_DMAReceiveCplt
                0x0800218e       0x9a build/stm32f1xx_hal_uart.o
 .text.UART_Start_Receive_DMA
                0x08002228       0xa4 build/stm32f1xx_hal_uart.o
                0x08002228                UART_Start_Receive_DMA
 .text.HAL_UART_Receive_DMA
                0x080022cc       0x26 build/stm32f1xx_hal_uart.o
                0x080022cc                HAL_UART_Receive_DMA
 .text.HAL_IWDG_Init
                0x080022f2       0x5c build/stm32f1xx_hal_iwdg.o
                0x080022f2                HAL_IWDG_Init
 .text.SystemInit
                0x0800234e        0x2 build/system_stm32f1xx.o
                0x0800234e                SystemInit
 .text.vListInitialise
                0x08002350       0x16 build/list.o
                0x08002350                vListInitialise
 .text.vListInitialiseItem
                0x08002366        0x6 build/list.o
                0x08002366                vListInitialiseItem
 .text.vListInsertEnd
                0x0800236c       0x16 build/list.o
                0x0800236c                vListInsertEnd
 .text.vListInsert
                0x08002382       0x32 build/list.o
                0x08002382                vListInsert
 .text.uxListRemove
                0x080023b4       0x26 build/list.o
                0x080023b4                uxListRemove
 .text.prvIsQueueFull
                0x080023da       0x1e build/queue.o
 .text.prvIsQueueEmpty
                0x080023f8       0x1a build/queue.o
 .text.prvCopyDataToQueue
                0x08002412       0x76 build/queue.o
 .text.prvCopyDataFromQueue
                0x08002488       0x24 build/queue.o
 .text.prvUnlockQueue
                0x080024ac       0x6e build/queue.o
 .text.xQueueGenericReset
                0x0800251a       0x84 build/queue.o
                0x0800251a                xQueueGenericReset
 .text.prvInitialiseNewQueue
                0x0800259e       0x22 build/queue.o
 .text.xQueueGenericCreateStatic
                0x080025c0       0x94 build/queue.o
                0x080025c0                xQueueGenericCreateStatic
 .text.xQueueGenericCreate
                0x08002654       0x48 build/queue.o
                0x08002654                xQueueGenericCreate
 .text.xQueueGenericSend
                0x0800269c      0x188 build/queue.o
                0x0800269c                xQueueGenericSend
 .text.xQueueGenericSendFromISR
                0x08002824       0xce build/queue.o
                0x08002824                xQueueGenericSendFromISR
 .text.xQueueReceive
                0x080028f2      0x15e build/queue.o
                0x080028f2                xQueueReceive
 .text.vQueueAddToRegistry
                0x08002a50       0x28 build/queue.o
                0x08002a50                vQueueAddToRegistry
 .text.vQueueWaitForMessageRestricted
                0x08002a78       0x52 build/queue.o
                0x08002a78                vQueueWaitForMessageRestricted
 *fill*         0x08002aca        0x2 
 .text.prvResetNextTaskUnblockTime
                0x08002acc       0x2c build/tasks.o
 .text.prvInitialiseNewTask
                0x08002af8       0xa6 build/tasks.o
 *fill*         0x08002b9e        0x2 
 .text.prvInitialiseTaskLists
                0x08002ba0       0x68 build/tasks.o
 .text.prvAddNewTaskToReadyList
                0x08002c08       0xac build/tasks.o
 .text.prvDeleteTCB
                0x08002cb4       0x38 build/tasks.o
 .text.prvCheckTasksWaitingTermination
                0x08002cec       0x4c build/tasks.o
 .text.prvIdleTask
                0x08002d38       0x28 build/tasks.o
 .text.prvAddCurrentTaskToDelayedList
                0x08002d60       0x7c build/tasks.o
 .text.xTaskCreateStatic
                0x08002ddc       0x76 build/tasks.o
                0x08002ddc                xTaskCreateStatic
 .text.xTaskCreate
                0x08002e52       0x68 build/tasks.o
                0x08002e52                xTaskCreate
 *fill*         0x08002eba        0x2 
 .text.vTaskStartScheduler
                0x08002ebc       0x9c build/tasks.o
                0x08002ebc                vTaskStartScheduler
 .text.vTaskSuspendAll
                0x08002f58       0x10 build/tasks.o
                0x08002f58                vTaskSuspendAll
 .text.xTaskGetTickCount
                0x08002f68        0xc build/tasks.o
                0x08002f68                xTaskGetTickCount
 .text.xTaskIncrementTick
                0x08002f74      0x118 build/tasks.o
                0x08002f74                xTaskIncrementTick
 .text.xTaskResumeAll
                0x0800308c       0xf8 build/tasks.o
                0x0800308c                xTaskResumeAll
 .text.vTaskDelay
                0x08003184       0x4c build/tasks.o
                0x08003184                vTaskDelay
 .text.vTaskSwitchContext
                0x080031d0       0x94 build/tasks.o
                0x080031d0                vTaskSwitchContext
 .text.vTaskPlaceOnEventList
                0x08003264       0x30 build/tasks.o
                0x08003264                vTaskPlaceOnEventList
 .text.vTaskPlaceOnEventListRestricted
                0x08003294       0x38 build/tasks.o
                0x08003294                vTaskPlaceOnEventListRestricted
 .text.xTaskRemoveFromEventList
                0x080032cc       0x8c build/tasks.o
                0x080032cc                xTaskRemoveFromEventList
 .text.vTaskInternalSetTimeOutState
                0x08003358       0x18 build/tasks.o
                0x08003358                vTaskInternalSetTimeOutState
 .text.xTaskCheckForTimeOut
                0x08003370       0x84 build/tasks.o
                0x08003370                xTaskCheckForTimeOut
 .text.vTaskMissedYield
                0x080033f4        0xc build/tasks.o
                0x080033f4                vTaskMissedYield
 .text.xTaskGetSchedulerState
                0x08003400       0x20 build/tasks.o
                0x08003400                xTaskGetSchedulerState
 .text.xTaskPriorityDisinherit
                0x08003420       0x90 build/tasks.o
                0x08003420                xTaskPriorityDisinherit
 .text.ulTaskNotifyTake
                0x080034b0       0x78 build/tasks.o
                0x080034b0                ulTaskNotifyTake
 .text.vTaskNotifyGiveFromISR
                0x08003528       0xd0 build/tasks.o
                0x08003528                vTaskNotifyGiveFromISR
 .text.prvGetNextExpireTime
                0x080035f8       0x20 build/timers.o
 .text.prvInsertTimerInActiveList
                0x08003618       0x48 build/timers.o
 .text.prvCheckForValidListAndQueue
                0x08003660       0x70 build/timers.o
 .text.xTimerCreateTimerTask
                0x080036d0       0x64 build/timers.o
                0x080036d0                xTimerCreateTimerTask
 .text.xTimerGenericCommand
                0x08003734       0x6c build/timers.o
                0x08003734                xTimerGenericCommand
 .text.prvSwitchTimerLists
                0x080037a0       0x7c build/timers.o
 .text.prvSampleTimeNow
                0x0800381c       0x2c build/timers.o
 .text.prvProcessExpiredTimer
                0x08003848       0x6c build/timers.o
 .text.prvProcessTimerOrBlockTask
                0x080038b4       0x74 build/timers.o
 .text.prvProcessReceivedCommands
                0x08003928      0x10c build/timers.o
 .text.prvTimerTask
                0x08003a34       0x16 build/timers.o
 .text.SysTick_Handler
                0x08003a4a       0x18 build/cmsis_os2.o
                0x08003a4a                SysTick_Handler
 *fill*         0x08003a62        0x2 
 .text.osKernelInitialize
                0x08003a64       0x24 build/cmsis_os2.o
                0x08003a64                osKernelInitialize
 .text.osKernelStart
                0x08003a88       0x38 build/cmsis_os2.o
                0x08003a88                osKernelStart
 .text.osThreadNew
                0x08003ac0       0xbc build/cmsis_os2.o
                0x08003ac0                osThreadNew
 .text.osDelay  0x08003b7c       0x1c build/cmsis_os2.o
                0x08003b7c                osDelay
 .text.vApplicationGetIdleTaskMemory
                0x08003b98       0x18 build/cmsis_os2.o
                0x08003b98                vApplicationGetIdleTaskMemory
 .text.vApplicationGetTimerTaskMemory
                0x08003bb0       0x18 build/cmsis_os2.o
                0x08003bb0                vApplicationGetTimerTaskMemory
 .text.prvHeapInit
                0x08003bc8       0x64 build/heap_4.o
 .text.prvInsertBlockIntoFreeList
                0x08003c2c       0x60 build/heap_4.o
 .text.pvPortMalloc
                0x08003c8c       0xfc build/heap_4.o
                0x08003c8c                pvPortMalloc
 .text.vPortFree
                0x08003d88       0x7c build/heap_4.o
                0x08003d88                vPortFree
 .text.prvTaskExitError
                0x08003e04       0x40 build/port.o
 .text.prvPortStartFirstTask
                0x08003e44       0x20 build/port.o
 .text.pxPortInitialiseStack
                0x08003e64       0x24 build/port.o
                0x08003e64                pxPortInitialiseStack
 *fill*         0x08003e88        0x8 
 .text.SVC_Handler
                0x08003e90       0x24 build/port.o
                0x08003e90                SVC_Handler
 .text.vPortEnterCritical
                0x08003eb4       0x44 build/port.o
                0x08003eb4                vPortEnterCritical
 .text.vPortExitCritical
                0x08003ef8       0x2c build/port.o
                0x08003ef8                vPortExitCritical
 *fill*         0x08003f24        0xc 
 .text.PendSV_Handler
                0x08003f30       0x44 build/port.o
                0x08003f30                PendSV_Handler
 .text.xPortSysTickHandler
                0x08003f74       0x2c build/port.o
                0x08003f74                xPortSysTickHandler
 .text.vPortSetupTimerInterrupt
                0x08003fa0       0x28 build/port.o
                0x08003fa0                vPortSetupTimerInterrupt
 .text.xPortStartScheduler
                0x08003fc8       0xc0 build/port.o
                0x08003fc8                xPortStartScheduler
 .text.vPortValidateInterruptPriority
                0x08004088       0x5c build/port.o
                0x08004088                vPortValidateInterruptPriority
 .text.Reset_Handler
                0x080040e4       0x48 build/startup_stm32f103xb.o
                0x080040e4                Reset_Handler
 .text.Default_Handler
                0x0800412c        0x2 build/startup_stm32f103xb.o
                0x0800412c                RTC_Alarm_IRQHandler
                0x0800412c                EXTI2_IRQHandler
                0x0800412c                TIM1_CC_IRQHandler
                0x0800412c                PVD_IRQHandler
                0x0800412c                EXTI3_IRQHandler
                0x0800412c                EXTI0_IRQHandler
                0x0800412c                I2C2_EV_IRQHandler
                0x0800412c                ADC1_2_IRQHandler
                0x0800412c                SPI1_IRQHandler
                0x0800412c                TAMPER_IRQHandler
                0x0800412c                USART3_IRQHandler
                0x0800412c                RTC_IRQHandler
                0x0800412c                DMA1_Channel7_IRQHandler
                0x0800412c                CAN1_RX1_IRQHandler
                0x0800412c                I2C1_EV_IRQHandler
                0x0800412c                DMA1_Channel6_IRQHandler
                0x0800412c                TIM3_IRQHandler
                0x0800412c                RCC_IRQHandler
                0x0800412c                TIM1_TRG_COM_IRQHandler
                0x0800412c                DMA1_Channel1_IRQHandler
                0x0800412c                Default_Handler
                0x0800412c                EXTI15_10_IRQHandler
                0x0800412c                EXTI9_5_IRQHandler
                0x0800412c                SPI2_IRQHandler
                0x0800412c                EXTI4_IRQHandler
                0x0800412c                USB_LP_CAN1_RX0_IRQHandler
                0x0800412c                USB_HP_CAN1_TX_IRQHandler
                0x0800412c                DMA1_Channel3_IRQHandler
                0x0800412c                TIM1_UP_IRQHandler
                0x0800412c                WWDG_IRQHandler
                0x0800412c                TIM2_IRQHandler
                0x0800412c                TIM1_BRK_IRQHandler
                0x0800412c                EXTI1_IRQHandler
                0x0800412c                USART2_IRQHandler
                0x0800412c                I2C2_ER_IRQHandler
                0x0800412c                DMA1_Channel2_IRQHandler
                0x0800412c                CAN1_SCE_IRQHandler
                0x0800412c                FLASH_IRQHandler
                0x0800412c                I2C1_ER_IRQHandler
                0x0800412c                USBWakeUp_IRQHandler
 *fill*         0x0800412e        0x2 
 .text.__libc_init_array
                0x08004130       0x48 e:/keil_v5/gnu arm embedded toolchain/10 2021.10/bin/../lib/gcc/arm-none-eabi/10.3.1/../../../../arm-none-eabi/lib/thumb/v7-m/nofp\libc_nano.a(lib_a-init.o)
                0x08004130                __libc_init_array
 .text.memcpy   0x08004178       0x1c e:/keil_v5/gnu arm embedded toolchain/10 2021.10/bin/../lib/gcc/arm-none-eabi/10.3.1/../../../../arm-none-eabi/lib/thumb/v7-m/nofp\libc_nano.a(lib_a-memcpy-stub.o)
                0x08004178                memcpy
 .text.memset   0x08004194       0x10 e:/keil_v5/gnu arm embedded toolchain/10 2021.10/bin/../lib/gcc/arm-none-eabi/10.3.1/../../../../arm-none-eabi/lib/thumb/v7-m/nofp\libc_nano.a(lib_a-memset.o)
                0x08004194                memset
 *(.glue_7)
 .glue_7        0x080041a4        0x0 linker stubs
 *(.glue_7t)
 .glue_7t       0x080041a4        0x0 linker stubs
 *(.eh_frame)
 .eh_frame      0x080041a4        0x0 e:/keil_v5/gnu arm embedded toolchain/10 2021.10/bin/../lib/gcc/arm-none-eabi/10.3.1/thumb/v7-m/nofp/crtbegin.o
 *(.init)
 .init          0x080041a4        0x4 e:/keil_v5/gnu arm embedded toolchain/10 2021.10/bin/../lib/gcc/arm-none-eabi/10.3.1/thumb/v7-m/nofp/crti.o
                0x080041a4                _init
 .init          0x080041a8        0x8 e:/keil_v5/gnu arm embedded toolchain/10 2021.10/bin/../lib/gcc/arm-none-eabi/10.3.1/thumb/v7-m/nofp/crtn.o
 *(.fini)
 .fini          0x080041b0        0x4 e:/keil_v5/gnu arm embedded toolchain/10 2021.10/bin/../lib/gcc/arm-none-eabi/10.3.1/thumb/v7-m/nofp/crti.o
                0x080041b0                _fini
 .fini          0x080041b4        0x8 e:/keil_v5/gnu arm embedded toolchain/10 2021.10/bin/../lib/gcc/arm-none-eabi/10.3.1/thumb/v7-m/nofp/crtn.o
                0x080041bc                . = ALIGN (0x4)
                0x080041bc                _etext = .

.vfp11_veneer   0x080041bc        0x0
 .vfp11_veneer  0x080041bc        0x0 linker stubs

.v4_bx          0x080041bc        0x0
 .v4_bx         0x080041bc        0x0 linker stubs

.iplt           0x080041bc        0x0
 .iplt          0x080041bc        0x0 e:/keil_v5/gnu arm embedded toolchain/10 2021.10/bin/../lib/gcc/arm-none-eabi/10.3.1/thumb/v7-m/nofp/crtbegin.o

.rodata         0x080041bc       0x84
                0x080041bc                . = ALIGN (0x4)
 *(.rodata)
 *(.rodata*)
 .rodata.str1.4
                0x080041bc        0xc build/freertos.o
 .rodata.defaultTask_attributes
                0x080041c8       0x24 build/freertos.o
                0x080041c8                defaultTask_attributes
 .rodata.UartRxTask_Create.str1.4
                0x080041ec        0xd build/uart_rx_task.o
 *fill*         0x080041f9        0x3 
 .rodata.aPLLMULFactorTable.1
                0x080041fc       0x10 build/stm32f1xx_hal_rcc.o
 .rodata.aPredivFactorTable.0
                0x0800420c        0x2 build/stm32f1xx_hal_rcc.o
 *fill*         0x0800420e        0x2 
 .rodata.AHBPrescTable
                0x08004210       0x10 build/system_stm32f1xx.o
                0x08004210                AHBPrescTable
 .rodata.APBPrescTable
                0x08004220        0x8 build/system_stm32f1xx.o
                0x08004220                APBPrescTable
 .rodata.vTaskStartScheduler.str1.4
                0x08004228        0x5 build/tasks.o
 *fill*         0x0800422d        0x3 
 .rodata.prvCheckForValidListAndQueue.str1.4
                0x08004230        0x5 build/timers.o
 *fill*         0x08004235        0x3 
 .rodata.xTimerCreateTimerTask.str1.4
                0x08004238        0x8 build/timers.o
                0x08004240                . = ALIGN (0x4)

.rel.dyn        0x08004240        0x0
 .rel.iplt      0x08004240        0x0 e:/keil_v5/gnu arm embedded toolchain/10 2021.10/bin/../lib/gcc/arm-none-eabi/10.3.1/thumb/v7-m/nofp/crtbegin.o

.ARM.extab      0x08004240        0x0
                0x08004240                . = ALIGN (0x4)
 *(.ARM.extab* .gnu.linkonce.armextab.*)
                0x08004240                . = ALIGN (0x4)

.ARM            0x08004240        0x0
                0x08004240                . = ALIGN (0x4)
                0x08004240                __exidx_start = .
 *(.ARM.exidx*)
                0x08004240                __exidx_end = .
                0x08004240                . = ALIGN (0x4)

.preinit_array  0x08004240        0x0
                0x08004240                . = ALIGN (0x4)
                0x08004240                PROVIDE (__preinit_array_start = .)
 *(.preinit_array*)
                0x08004240                PROVIDE (__preinit_array_end = .)
                0x08004240                . = ALIGN (0x4)

.init_array     0x08004240        0x4
                0x08004240                . = ALIGN (0x4)
                0x08004240                PROVIDE (__init_array_start = .)
 *(SORT_BY_NAME(.init_array.*))
 *(.init_array*)
 .init_array    0x08004240        0x4 e:/keil_v5/gnu arm embedded toolchain/10 2021.10/bin/../lib/gcc/arm-none-eabi/10.3.1/thumb/v7-m/nofp/crtbegin.o
                0x08004244                PROVIDE (__init_array_end = .)
                0x08004244                . = ALIGN (0x4)

.fini_array     0x08004244        0x4
                0x08004244                . = ALIGN (0x4)
                [!provide]                PROVIDE (__fini_array_start = .)
 *(SORT_BY_NAME(.fini_array.*))
 *(.fini_array*)
 .fini_array    0x08004244        0x4 e:/keil_v5/gnu arm embedded toolchain/10 2021.10/bin/../lib/gcc/arm-none-eabi/10.3.1/thumb/v7-m/nofp/crtbegin.o
                [!provide]                PROVIDE (__fini_array_end = .)
                0x08004248                . = ALIGN (0x4)
                0x08004248                _sidata = LOADADDR (.data)

.data           0x20000000       0x10 load address 0x08004248
                0x20000000                . = ALIGN (0x4)
                0x20000000                _sdata = .
 *(.data)
 *(.data*)
 .data.uwTickFreq
                0x20000000        0x1 build/stm32f1xx_hal.o
                0x20000000                uwTickFreq
 *fill*         0x20000001        0x3 
 .data.uwTickPrio
                0x20000004        0x4 build/stm32f1xx_hal.o
                0x20000004                uwTickPrio
 .data.SystemCoreClock
                0x20000008        0x4 build/system_stm32f1xx.o
                0x20000008                SystemCoreClock
 .data.uxCriticalNesting
                0x2000000c        0x4 build/port.o
 *(.RamFunc)
 *(.RamFunc*)
                0x20000010                . = ALIGN (0x4)
                0x20000010                _edata = .

.igot.plt       0x20000010        0x0 load address 0x08004258
 .igot.plt      0x20000010        0x0 e:/keil_v5/gnu arm embedded toolchain/10 2021.10/bin/../lib/gcc/arm-none-eabi/10.3.1/thumb/v7-m/nofp/crtbegin.o
                0x20000010                . = ALIGN (0x4)

.bss            0x20000010     0x20f8 load address 0x08004258
                0x20000010                _sbss = .
                0x20000010                __bss_start__ = _sbss
 *(.bss)
 .bss           0x20000010       0x1c e:/keil_v5/gnu arm embedded toolchain/10 2021.10/bin/../lib/gcc/arm-none-eabi/10.3.1/thumb/v7-m/nofp/crtbegin.o
 *(.bss*)
 .bss.defaultTaskHandle
                0x2000002c        0x4 build/freertos.o
                0x2000002c                defaultTaskHandle
 .bss.htim2     0x20000030       0x48 build/tim.o
                0x20000030                htim2
 .bss.hdma_usart1_rx
                0x20000078       0x44 build/usart.o
                0x20000078                hdma_usart1_rx
 .bss.hdma_usart1_tx
                0x200000bc       0x44 build/usart.o
                0x200000bc                hdma_usart1_tx
 .bss.huart1    0x20000100       0x48 build/usart.o
                0x20000100                huart1
 .bss.hiwdg     0x20000148        0xc build/iwdg.o
                0x20000148                hiwdg
 .bss.s_frame_buf
                0x20000154      0x100 build/uart_rx_task.o
 .bss.s_frame_len
                0x20000254        0x2 build/uart_rx_task.o
 *fill*         0x20000256        0x2 
 .bss.s_uart_dma_buf
                0x20000258      0x100 build/uart_rx_task.o
 .bss.s_uart_dma_read_pos
                0x20000358        0x2 build/uart_rx_task.o
 .bss.s_uart_dma_write_pos
                0x2000035a        0x2 build/uart_rx_task.o
 .bss.s_uart_rx_task_handle
                0x2000035c        0x4 build/uart_rx_task.o
 .bss.uart_crc_error_count
                0x20000360        0x4 build/uart_rx_task.o
                0x20000360                uart_crc_error_count
 .bss.uart_queue_drop_count
                0x20000364        0x4 build/uart_rx_task.o
                0x20000364                uart_queue_drop_count
 .bss.uart_rx_queue
                0x20000368        0x4 build/uart_rx_task.o
                0x20000368                uart_rx_queue
 .bss.htim4     0x2000036c       0x48 build/stm32f1xx_hal_timebase_tim.o
                0x2000036c                htim4
 .bss.uwTick    0x200003b4        0x4 build/stm32f1xx_hal.o
                0x200003b4                uwTick
 .bss.xQueueRegistry
                0x200003b8       0x40 build/queue.o
                0x200003b8                xQueueRegistry
 .bss.pxCurrentTCB
                0x200003f8        0x4 build/tasks.o
                0x200003f8                pxCurrentTCB
 .bss.pxDelayedTaskList
                0x200003fc        0x4 build/tasks.o
 .bss.pxOverflowDelayedTaskList
                0x20000400        0x4 build/tasks.o
 .bss.pxReadyTasksLists
                0x20000404      0x460 build/tasks.o
 .bss.uxCurrentNumberOfTasks
                0x20000864        0x4 build/tasks.o
 .bss.uxDeletedTasksWaitingCleanUp
                0x20000868        0x4 build/tasks.o
 .bss.uxSchedulerSuspended
                0x2000086c        0x4 build/tasks.o
 .bss.uxTaskNumber
                0x20000870        0x4 build/tasks.o
 .bss.uxTopReadyPriority
                0x20000874        0x4 build/tasks.o
 .bss.xDelayedTaskList1
                0x20000878       0x14 build/tasks.o
 .bss.xDelayedTaskList2
                0x2000088c       0x14 build/tasks.o
 .bss.xIdleTaskHandle
                0x200008a0        0x4 build/tasks.o
 .bss.xNextTaskUnblockTime
                0x200008a4        0x4 build/tasks.o
 .bss.xNumOfOverflows
                0x200008a8        0x4 build/tasks.o
 .bss.xPendedTicks
                0x200008ac        0x4 build/tasks.o
 .bss.xPendingReadyList
                0x200008b0       0x14 build/tasks.o
 .bss.xSchedulerRunning
                0x200008c4        0x4 build/tasks.o
 .bss.xSuspendedTaskList
                0x200008c8       0x14 build/tasks.o
 .bss.xTasksWaitingTermination
                0x200008dc       0x14 build/tasks.o
 .bss.xTickCount
                0x200008f0        0x4 build/tasks.o
 .bss.xYieldPending
                0x200008f4        0x4 build/tasks.o
 .bss.pxCurrentTimerList
                0x200008f8        0x4 build/timers.o
 .bss.pxOverflowTimerList
                0x200008fc        0x4 build/timers.o
 .bss.ucStaticTimerQueueStorage.1
                0x20000900       0xa0 build/timers.o
 .bss.xActiveTimerList1
                0x200009a0       0x14 build/timers.o
 .bss.xActiveTimerList2
                0x200009b4       0x14 build/timers.o
 .bss.xLastTime.2
                0x200009c8        0x4 build/timers.o
 .bss.xStaticTimerQueue.0
                0x200009cc       0x50 build/timers.o
 .bss.xTimerQueue
                0x20000a1c        0x4 build/timers.o
 .bss.xTimerTaskHandle
                0x20000a20        0x4 build/timers.o
 .bss.Idle_Stack.2
                0x20000a24      0x200 build/cmsis_os2.o
 .bss.Idle_TCB.3
                0x20000c24       0x5c build/cmsis_os2.o
 .bss.KernelState
                0x20000c80        0x4 build/cmsis_os2.o
 .bss.Timer_Stack.0
                0x20000c84      0x400 build/cmsis_os2.o
 .bss.Timer_TCB.1
                0x20001084       0x5c build/cmsis_os2.o
 .bss.pxEnd     0x200010e0        0x4 build/heap_4.o
 .bss.ucHeap    0x200010e4     0x1000 build/heap_4.o
 .bss.xBlockAllocatedBit
                0x200020e4        0x4 build/heap_4.o
 .bss.xFreeBytesRemaining
                0x200020e8        0x4 build/heap_4.o
 .bss.xMinimumEverFreeBytesRemaining
                0x200020ec        0x4 build/heap_4.o
 .bss.xNumberOfSuccessfulAllocations
                0x200020f0        0x4 build/heap_4.o
 .bss.xNumberOfSuccessfulFrees
                0x200020f4        0x4 build/heap_4.o
 .bss.xStart    0x200020f8        0x8 build/heap_4.o
 .bss.ucMaxSysCallPriority
                0x20002100        0x1 build/port.o
 *fill*         0x20002101        0x3 
 .bss.ulMaxPRIGROUPValue
                0x20002104        0x4 build/port.o
 *(COMMON)
                0x20002108                . = ALIGN (0x4)
                0x20002108                _ebss = .
                0x20002108                __bss_end__ = _ebss

._user_heap_stack
                0x20002108      0x600 load address 0x08004258
                0x20002108                . = ALIGN (0x8)
                [!provide]                PROVIDE (end = .)
                0x20002108                PROVIDE (_end = .)
                0x20002308                . = (. + _Min_Heap_Size)
 *fill*         0x20002108      0x200 
                0x20002708                . = (. + _Min_Stack_Size)
 *fill*         0x20002308      0x400 
                0x20002708                . = ALIGN (0x8)

/DISCARD/
 libc.a(*)
 libm.a(*)
 libgcc.a(*)
OUTPUT(build/STM32.elf elf32-littlearm)
LOAD linker stubs
LOAD e:/keil_v5/gnu arm embedded toolchain/10 2021.10/bin/../lib/gcc/arm-none-eabi/10.3.1/../../../../arm-none-eabi/lib/thumb/v7-m/nofp\libc.a
LOAD e:/keil_v5/gnu arm embedded toolchain/10 2021.10/bin/../lib/gcc/arm-none-eabi/10.3.1/../../../../arm-none-eabi/lib/thumb/v7-m/nofp\libm.a
LOAD e:/keil_v5/gnu arm embedded toolchain/10 2021.10/bin/../lib/gcc/arm-none-eabi/10.3.1/thumb/v7-m/nofp\libgcc.a

.ARM.attributes
                0x00000000       0x29
 .ARM.attributes
                0x00000000       0x1d e:/keil_v5/gnu arm embedded toolchain/10 2021.10/bin/../lib/gcc/arm-none-eabi/10.3.1/thumb/v7-m/nofp/crti.o
 .ARM.attributes
                0x0000001d       0x2d e:/keil_v5/gnu arm embedded toolchain/10 2021.10/bin/../lib/gcc/arm-none-eabi/10.3.1/thumb/v7-m/nofp/crtbegin.o
 .ARM.attributes
                0x0000004a       0x2d build/main.o
 .ARM.attributes
                0x00000077       0x2d build/gpio.o
 .ARM.attributes
                0x000000a4       0x2d build/freertos.o
 .ARM.attributes
                0x000000d1       0x2d build/dma.o
 .ARM.attributes
                0x000000fe       0x2d build/tim.o
 .ARM.attributes
                0x0000012b       0x2d build/usart.o
 .ARM.attributes
                0x00000158       0x2d build/iwdg.o
 .ARM.attributes
                0x00000185       0x2d build/uart_protocol.o
 .ARM.attributes
                0x000001b2       0x2d build/uart_rx_task.o
 .ARM.attributes
                0x000001df       0x2d build/stm32f1xx_it.o
 .ARM.attributes
                0x0000020c       0x2d build/stm32f1xx_hal_msp.o
 .ARM.attributes
                0x00000239       0x2d build/stm32f1xx_hal_timebase_tim.o
 .ARM.attributes
                0x00000266       0x2d build/stm32f1xx_hal_tim.o
 .ARM.attributes
                0x00000293       0x2d build/stm32f1xx_hal_tim_ex.o
 .ARM.attributes
                0x000002c0       0x2d build/stm32f1xx_hal.o
 .ARM.attributes
                0x000002ed       0x2d build/stm32f1xx_hal_rcc.o
 .ARM.attributes
                0x0000031a       0x2d build/stm32f1xx_hal_gpio.o
 .ARM.attributes
                0x00000347       0x2d build/stm32f1xx_hal_dma.o
 .ARM.attributes
                0x00000374       0x2d build/stm32f1xx_hal_cortex.o
 .ARM.attributes
                0x000003a1       0x2d build/stm32f1xx_hal_uart.o
 .ARM.attributes
                0x000003ce       0x2d build/stm32f1xx_hal_iwdg.o
 .ARM.attributes
                0x000003fb       0x2d build/system_stm32f1xx.o
 .ARM.attributes
                0x00000428       0x2d build/list.o
 .ARM.attributes
                0x00000455       0x2d build/queue.o
 .ARM.attributes
                0x00000482       0x2d build/tasks.o
 .ARM.attributes
                0x000004af       0x2d build/timers.o
 .ARM.attributes
                0x000004dc       0x2d build/cmsis_os2.o
 .ARM.attributes
                0x00000509       0x2d build/heap_4.o
 .ARM.attributes
                0x00000536       0x2d build/port.o
 .ARM.attributes
                0x00000563       0x21 build/startup_stm32f103xb.o
 .ARM.attributes
                0x00000584       0x2d e:/keil_v5/gnu arm embedded toolchain/10 2021.10/bin/../lib/gcc/arm-none-eabi/10.3.1/../../../../arm-none-eabi/lib/thumb/v7-m/nofp\libc_nano.a(lib_a-init.o)
 .ARM.attributes
                0x000005b1       0x2d e:/keil_v5/gnu arm embedded toolchain/10 2021.10/bin/../lib/gcc/arm-none-eabi/10.3.1/../../../../arm-none-eabi/lib/thumb/v7-m/nofp\libc_nano.a(lib_a-memcpy-stub.o)
 .ARM.attributes
                0x000005de       0x2d e:/keil_v5/gnu arm embedded toolchain/10 2021.10/bin/../lib/gcc/arm-none-eabi/10.3.1/../../../../arm-none-eabi/lib/thumb/v7-m/nofp\libc_nano.a(lib_a-memset.o)
 .ARM.attributes
                0x0000060b       0x1d e:/keil_v5/gnu arm embedded toolchain/10 2021.10/bin/../lib/gcc/arm-none-eabi/10.3.1/thumb/v7-m/nofp/crtn.o

.comment        0x00000000       0x49
 .comment       0x00000000       0x49 build/main.o
                                 0x4a (size before relaxing)
 .comment       0x00000049       0x4a build/gpio.o
 .comment       0x00000049       0x4a build/freertos.o
 .comment       0x00000049       0x4a build/dma.o
 .comment       0x00000049       0x4a build/tim.o
 .comment       0x00000049       0x4a build/usart.o
 .comment       0x00000049       0x4a build/iwdg.o
 .comment       0x00000049       0x4a build/uart_protocol.o
 .comment       0x00000049       0x4a build/uart_rx_task.o
 .comment       0x00000049       0x4a build/stm32f1xx_it.o
 .comment       0x00000049       0x4a build/stm32f1xx_hal_msp.o
 .comment       0x00000049       0x4a build/stm32f1xx_hal_timebase_tim.o
 .comment       0x00000049       0x4a build/stm32f1xx_hal_tim.o
 .comment       0x00000049       0x4a build/stm32f1xx_hal_tim_ex.o
 .comment       0x00000049       0x4a build/stm32f1xx_hal.o
 .comment       0x00000049       0x4a build/stm32f1xx_hal_rcc.o
 .comment       0x00000049       0x4a build/stm32f1xx_hal_gpio.o
 .comment       0x00000049       0x4a build/stm32f1xx_hal_dma.o
 .comment       0x00000049       0x4a build/stm32f1xx_hal_cortex.o
 .comment       0x00000049       0x4a build/stm32f1xx_hal_uart.o
 .comment       0x00000049       0x4a build/stm32f1xx_hal_iwdg.o
 .comment       0x00000049       0x4a build/system_stm32f1xx.o
 .comment       0x00000049       0x4a build/list.o
 .comment       0x00000049       0x4a build/queue.o
 .comment       0x00000049       0x4a build/tasks.o
 .comment       0x00000049       0x4a build/timers.o
 .comment       0x00000049       0x4a build/cmsis_os2.o
 .comment       0x00000049       0x4a build/heap_4.o
 .comment       0x00000049       0x4a build/port.o

.debug_info     0x00000000    0x1fb26
 .debug_info    0x00000000      0xa31 build/main.o
 .debug_info    0x00000a31      0x199 build/gpio.o
 .debug_info    0x00000bca      0x394 build/freertos.o
 .debug_info    0x00000f5e      0x345 build/dma.o
 .debug_info    0x000012a3      0xb99 build/tim.o
 .debug_info    0x00001e3c      0xb60 build/usart.o
 .debug_info    0x0000299c      0x1f2 build/iwdg.o
 .debug_info    0x00002b8e      0x146 build/uart_protocol.o
 .debug_info    0x00002cd4      0xb14 build/uart_rx_task.o
 .debug_info    0x000037e8      0xb28 build/stm32f1xx_it.o
 .debug_info    0x00004310      0x3b0 build/stm32f1xx_hal_msp.o
 .debug_info    0x000046c0      0xb07 build/stm32f1xx_hal_timebase_tim.o
 .debug_info    0x000051c7     0x4074 build/stm32f1xx_hal_tim.o
 .debug_info    0x0000923b     0x1c39 build/stm32f1xx_hal_tim_ex.o
 .debug_info    0x0000ae74      0x855 build/stm32f1xx_hal.o
 .debug_info    0x0000b6c9      0xaf0 build/stm32f1xx_hal_rcc.o
 .debug_info    0x0000c1b9      0x6d7 build/stm32f1xx_hal_gpio.o
 .debug_info    0x0000c890      0x8c0 build/stm32f1xx_hal_dma.o
 .debug_info    0x0000d150      0xe2d build/stm32f1xx_hal_cortex.o
 .debug_info    0x0000df7d     0x42a4 build/stm32f1xx_hal_uart.o
 .debug_info    0x00012221      0x22c build/stm32f1xx_hal_iwdg.o
 .debug_info    0x0001244d      0x26e build/system_stm32f1xx.o
 .debug_info    0x000126bb      0x30f build/list.o
 .debug_info    0x000129ca     0x2968 build/queue.o
 .debug_info    0x00015332     0x333f build/tasks.o
 .debug_info    0x00018671     0x1bd3 build/timers.o
 .debug_info    0x0001a244     0x4d3d build/cmsis_os2.o
 .debug_info    0x0001ef81      0x61a build/heap_4.o
 .debug_info    0x0001f59b      0x569 build/port.o
 .debug_info    0x0001fb04       0x22 build/startup_stm32f103xb.o

.debug_abbrev   0x00000000     0x3ff1
 .debug_abbrev  0x00000000      0x225 build/main.o
 .debug_abbrev  0x00000225       0xc1 build/gpio.o
 .debug_abbrev  0x000002e6      0x13a build/freertos.o
 .debug_abbrev  0x00000420      0x117 build/dma.o
 .debug_abbrev  0x00000537      0x220 build/tim.o
 .debug_abbrev  0x00000757      0x1e8 build/usart.o
 .debug_abbrev  0x0000093f      0x12c build/iwdg.o
 .debug_abbrev  0x00000a6b       0xa9 build/uart_protocol.o
 .debug_abbrev  0x00000b14      0x252 build/uart_rx_task.o
 .debug_abbrev  0x00000d66      0x1bc build/stm32f1xx_it.o
 .debug_abbrev  0x00000f22      0x130 build/stm32f1xx_hal_msp.o
 .debug_abbrev  0x00001052      0x202 build/stm32f1xx_hal_timebase_tim.o
 .debug_abbrev  0x00001254      0x29d build/stm32f1xx_hal_tim.o
 .debug_abbrev  0x000014f1      0x29f build/stm32f1xx_hal_tim_ex.o
 .debug_abbrev  0x00001790      0x1f7 build/stm32f1xx_hal.o
 .debug_abbrev  0x00001987      0x2b8 build/stm32f1xx_hal_rcc.o
 .debug_abbrev  0x00001c3f      0x222 build/stm32f1xx_hal_gpio.o
 .debug_abbrev  0x00001e61      0x244 build/stm32f1xx_hal_dma.o
 .debug_abbrev  0x000020a5      0x359 build/stm32f1xx_hal_cortex.o
 .debug_abbrev  0x000023fe      0x334 build/stm32f1xx_hal_uart.o
 .debug_abbrev  0x00002732      0x139 build/stm32f1xx_hal_iwdg.o
 .debug_abbrev  0x0000286b      0x140 build/system_stm32f1xx.o
 .debug_abbrev  0x000029ab      0x124 build/list.o
 .debug_abbrev  0x00002acf      0x3c4 build/queue.o
 .debug_abbrev  0x00002e93      0x387 build/tasks.o
 .debug_abbrev  0x0000321a      0x366 build/timers.o
 .debug_abbrev  0x00003580      0x559 build/cmsis_os2.o
 .debug_abbrev  0x00003ad9      0x269 build/heap_4.o
 .debug_abbrev  0x00003d42      0x29d build/port.o
 .debug_abbrev  0x00003fdf       0x12 build/startup_stm32f103xb.o

.debug_loc      0x00000000    0x1bc40
 .debug_loc     0x00000000       0xc8 build/main.o
 .debug_loc     0x000000c8       0x2c build/gpio.o
 .debug_loc     0x000000f4       0x65 build/freertos.o
 .debug_loc     0x00000159       0x38 build/dma.o
 .debug_loc     0x00000191       0xf6 build/tim.o
 .debug_loc     0x00000287       0xf5 build/usart.o
 .debug_loc     0x0000037c       0x20 build/iwdg.o
 .debug_loc     0x0000039c      0x13f build/uart_protocol.o
 .debug_loc     0x000004db      0x2d2 build/uart_rx_task.o
 .debug_loc     0x000007ad       0xa4 build/stm32f1xx_it.o
 .debug_loc     0x00000851       0x4d build/stm32f1xx_hal_msp.o
 .debug_loc     0x0000089e      0x152 build/stm32f1xx_hal_timebase_tim.o
 .debug_loc     0x000009f0     0x5c88 build/stm32f1xx_hal_tim.o
 .debug_loc     0x00006678     0x20f3 build/stm32f1xx_hal_tim_ex.o
 .debug_loc     0x0000876b      0x1e1 build/stm32f1xx_hal.o
 .debug_loc     0x0000894c      0x790 build/stm32f1xx_hal_rcc.o
 .debug_loc     0x000090dc      0x551 build/stm32f1xx_hal_gpio.o
 .debug_loc     0x0000962d      0x901 build/stm32f1xx_hal_dma.o
 .debug_loc     0x00009f2e      0x77f build/stm32f1xx_hal_cortex.o
 .debug_loc     0x0000a6ad     0x4d23 build/stm32f1xx_hal_uart.o
 .debug_loc     0x0000f3d0       0xb2 build/stm32f1xx_hal_iwdg.o
 .debug_loc     0x0000f482       0xff build/system_stm32f1xx.o
 .debug_loc     0x0000f581       0xe5 build/list.o
 .debug_loc     0x0000f666     0x1fbe build/queue.o
 .debug_loc     0x00011624     0x2c8a build/tasks.o
 .debug_loc     0x000142ae     0x1586 build/timers.o
 .debug_loc     0x00015834     0x5dbc build/cmsis_os2.o
 .debug_loc     0x0001b5f0      0x4e4 build/heap_4.o
 .debug_loc     0x0001bad4      0x16c build/port.o

.debug_aranges  0x00000000     0x14e0
 .debug_aranges
                0x00000000       0x38 build/main.o
 .debug_aranges
                0x00000038       0x20 build/gpio.o
 .debug_aranges
                0x00000058       0x28 build/freertos.o
 .debug_aranges
                0x00000080       0x20 build/dma.o
 .debug_aranges
                0x000000a0       0x38 build/tim.o
 .debug_aranges
                0x000000d8       0x30 build/usart.o
 .debug_aranges
                0x00000108       0x20 build/iwdg.o
 .debug_aranges
                0x00000128       0x20 build/uart_protocol.o
 .debug_aranges
                0x00000148       0x50 build/uart_rx_task.o
 .debug_aranges
                0x00000198       0x68 build/stm32f1xx_it.o
 .debug_aranges
                0x00000200       0x20 build/stm32f1xx_hal_msp.o
 .debug_aranges
                0x00000220       0x30 build/stm32f1xx_hal_timebase_tim.o
 .debug_aranges
                0x00000250      0x3d0 build/stm32f1xx_hal_tim.o
 .debug_aranges
                0x00000620      0x168 build/stm32f1xx_hal_tim_ex.o
 .debug_aranges
                0x00000788       0xe0 build/stm32f1xx_hal.o
 .debug_aranges
                0x00000868       0x90 build/stm32f1xx_hal_rcc.o
 .debug_aranges
                0x000008f8       0x58 build/stm32f1xx_hal_gpio.o
 .debug_aranges
                0x00000950       0x80 build/stm32f1xx_hal_dma.o
 .debug_aranges
                0x000009d0       0x90 build/stm32f1xx_hal_cortex.o
 .debug_aranges
                0x00000a60      0x208 build/stm32f1xx_hal_uart.o
 .debug_aranges
                0x00000c68       0x28 build/stm32f1xx_hal_iwdg.o
 .debug_aranges
                0x00000c90       0x28 build/system_stm32f1xx.o
 .debug_aranges
                0x00000cb8       0x40 build/list.o
 .debug_aranges
                0x00000cf8      0x158 build/queue.o
 .debug_aranges
                0x00000e50      0x208 build/tasks.o
 .debug_aranges
                0x00001058       0xf0 build/timers.o
 .debug_aranges
                0x00001148      0x2a0 build/cmsis_os2.o
 .debug_aranges
                0x000013e8       0x58 build/heap_4.o
 .debug_aranges
                0x00001440       0x78 build/port.o
 .debug_aranges
                0x000014b8       0x28 build/startup_stm32f103xb.o

.debug_ranges   0x00000000     0x15f8
 .debug_ranges  0x00000000       0x28 build/main.o
 .debug_ranges  0x00000028       0x10 build/gpio.o
 .debug_ranges  0x00000038       0x18 build/freertos.o
 .debug_ranges  0x00000050       0x10 build/dma.o
 .debug_ranges  0x00000060       0x28 build/tim.o
 .debug_ranges  0x00000088       0x20 build/usart.o
 .debug_ranges  0x000000a8       0x10 build/iwdg.o
 .debug_ranges  0x000000b8       0x40 build/uart_protocol.o
 .debug_ranges  0x000000f8       0x40 build/uart_rx_task.o
 .debug_ranges  0x00000138       0x58 build/stm32f1xx_it.o
 .debug_ranges  0x00000190       0x10 build/stm32f1xx_hal_msp.o
 .debug_ranges  0x000001a0       0x20 build/stm32f1xx_hal_timebase_tim.o
 .debug_ranges  0x000001c0      0x3c0 build/stm32f1xx_hal_tim.o
 .debug_ranges  0x00000580      0x158 build/stm32f1xx_hal_tim_ex.o
 .debug_ranges  0x000006d8       0xd0 build/stm32f1xx_hal.o
 .debug_ranges  0x000007a8       0xa0 build/stm32f1xx_hal_rcc.o
 .debug_ranges  0x00000848       0x48 build/stm32f1xx_hal_gpio.o
 .debug_ranges  0x00000890       0x70 build/stm32f1xx_hal_dma.o
 .debug_ranges  0x00000900       0xe0 build/stm32f1xx_hal_cortex.o
 .debug_ranges  0x000009e0      0x210 build/stm32f1xx_hal_uart.o
 .debug_ranges  0x00000bf0       0x18 build/stm32f1xx_hal_iwdg.o
 .debug_ranges  0x00000c08       0x18 build/system_stm32f1xx.o
 .debug_ranges  0x00000c20       0x30 build/list.o
 .debug_ranges  0x00000c50      0x218 build/queue.o
 .debug_ranges  0x00000e68      0x338 build/tasks.o
 .debug_ranges  0x000011a0       0xe0 build/timers.o
 .debug_ranges  0x00001280      0x2a8 build/cmsis_os2.o
 .debug_ranges  0x00001528       0x48 build/heap_4.o
 .debug_ranges  0x00001570       0x68 build/port.o
 .debug_ranges  0x000015d8       0x20 build/startup_stm32f103xb.o

.debug_line     0x00000000    0x18b0d
 .debug_line    0x00000000      0x3b1 build/main.o
 .debug_line    0x000003b1      0x149 build/gpio.o
 .debug_line    0x000004fa      0x19f build/freertos.o
 .debug_line    0x00000699      0x181 build/dma.o
 .debug_line    0x0000081a      0x358 build/tim.o
 .debug_line    0x00000b72      0x397 build/usart.o
 .debug_line    0x00000f09      0x1d5 build/iwdg.o
 .debug_line    0x000010de      0x206 build/uart_protocol.o
 .debug_line    0x000012e4      0x5a8 build/uart_rx_task.o
 .debug_line    0x0000188c      0x31f build/stm32f1xx_it.o
 .debug_line    0x00001bab      0x198 build/stm32f1xx_hal_msp.o
 .debug_line    0x00001d43      0x2e5 build/stm32f1xx_hal_timebase_tim.o
 .debug_line    0x00002028     0x494c build/stm32f1xx_hal_tim.o
 .debug_line    0x00006974     0x1bab build/stm32f1xx_hal_tim_ex.o
 .debug_line    0x0000851f      0x50e build/stm32f1xx_hal.o
 .debug_line    0x00008a2d      0xbfe build/stm32f1xx_hal_rcc.o
 .debug_line    0x0000962b      0x5c1 build/stm32f1xx_hal_gpio.o
 .debug_line    0x00009bec      0xa3a build/stm32f1xx_hal_dma.o
 .debug_line    0x0000a626      0x619 build/stm32f1xx_hal_cortex.o
 .debug_line    0x0000ac3f     0x4277 build/stm32f1xx_hal_uart.o
 .debug_line    0x0000eeb6      0x259 build/stm32f1xx_hal_iwdg.o
 .debug_line    0x0000f10f      0x226 build/system_stm32f1xx.o
 .debug_line    0x0000f335      0x354 build/list.o
 .debug_line    0x0000f689     0x203e build/queue.o
 .debug_line    0x000116c7     0x2d97 build/tasks.o
 .debug_line    0x0001445e      0xf19 build/timers.o
 .debug_line    0x00015377     0x29f2 build/cmsis_os2.o
 .debug_line    0x00017d69      0x72b build/heap_4.o
 .debug_line    0x00018494      0x605 build/port.o
 .debug_line    0x00018a99       0x74 build/startup_stm32f103xb.o

.debug_str      0x00000000     0x6d01
 .debug_str     0x00000000      0x7c5 build/main.o
                                0x880 (size before relaxing)
 .debug_str     0x000007c5       0x56 build/gpio.o
                                0x1c1 (size before relaxing)
 .debug_str     0x0000081b      0x4e4 build/freertos.o
                                0x658 (size before relaxing)
 .debug_str     0x00000cff      0x30c build/dma.o
                                0x4bc (size before relaxing)
 .debug_str     0x0000100b      0x1c7 build/tim.o
                                0x869 (size before relaxing)
 .debug_str     0x000011d2      0x29b build/usart.o
                                0x9e7 (size before relaxing)
 .debug_str     0x0000146d       0x55 build/iwdg.o
                                0x213 (size before relaxing)
 .debug_str     0x000014c2       0x2c build/uart_protocol.o
                                0x1a1 (size before relaxing)
 .debug_str     0x000014ee      0x2db build/uart_rx_task.o
                                0x8e1 (size before relaxing)
 .debug_str     0x000017c9      0x111 build/stm32f1xx_it.o
                                0x99a (size before relaxing)
 .debug_str     0x000018da       0x57 build/stm32f1xx_hal_msp.o
                                0x4e5 (size before relaxing)
 .debug_str     0x00001931      0x110 build/stm32f1xx_hal_timebase_tim.o
                                0xaee (size before relaxing)
 .debug_str     0x00001a41      0xe40 build/stm32f1xx_hal_tim.o
                               0x162b (size before relaxing)
 .debug_str     0x00002881      0x521 build/stm32f1xx_hal_tim_ex.o
                                0xe1c (size before relaxing)
 .debug_str     0x00002da2      0x2c5 build/stm32f1xx_hal.o
                                0x800 (size before relaxing)
 .debug_str     0x00003067      0x1c8 build/stm32f1xx_hal_rcc.o
                                0x607 (size before relaxing)
 .debug_str     0x0000322f      0x145 build/stm32f1xx_hal_gpio.o
                                0x3dc (size before relaxing)
 .debug_str     0x00003374      0x1db build/stm32f1xx_hal_dma.o
                                0x5d9 (size before relaxing)
 .debug_str     0x0000354f      0x392 build/stm32f1xx_hal_cortex.o
                                0x8af (size before relaxing)
 .debug_str     0x000038e1      0x5f1 build/stm32f1xx_hal_uart.o
                                0xcd0 (size before relaxing)
 .debug_str     0x00003ed2       0x47 build/stm32f1xx_hal_iwdg.o
                                0x257 (size before relaxing)
 .debug_str     0x00003f19       0x4f build/system_stm32f1xx.o
                                0x230 (size before relaxing)
 .debug_str     0x00003f68      0x136 build/list.o
                                0x2d1 (size before relaxing)
 .debug_str     0x0000409e      0x99f build/queue.o
                                0xce7 (size before relaxing)
 .debug_str     0x00004a3d      0xc61 build/tasks.o
                               0x12b6 (size before relaxing)
 .debug_str     0x0000569e      0x5d8 build/timers.o
                                0xc17 (size before relaxing)
 .debug_str     0x00005c76      0xc3b build/cmsis_os2.o
                               0x1f0a (size before relaxing)
 .debug_str     0x000068b1      0x2bf build/heap_4.o
                                0x4df (size before relaxing)
 .debug_str     0x00006b70      0x16d build/port.o
                                0x441 (size before relaxing)
 .debug_str     0x00006cdd       0x24 build/startup_stm32f103xb.o
                                 0x4f (size before relaxing)

.debug_frame    0x00000000     0x3a00
 .debug_frame   0x00000000       0x70 build/main.o
 .debug_frame   0x00000070       0x28 build/gpio.o
 .debug_frame   0x00000098       0x40 build/freertos.o
 .debug_frame   0x000000d8       0x2c build/dma.o
 .debug_frame   0x00000104       0x78 build/tim.o
 .debug_frame   0x0000017c       0x64 build/usart.o
 .debug_frame   0x000001e0       0x28 build/iwdg.o
 .debug_frame   0x00000208       0x34 build/uart_protocol.o
 .debug_frame   0x0000023c       0xc8 build/uart_rx_task.o
 .debug_frame   0x00000304       0xd8 build/stm32f1xx_it.o
 .debug_frame   0x000003dc       0x2c build/stm32f1xx_hal_msp.o
 .debug_frame   0x00000408       0x54 build/stm32f1xx_hal_timebase_tim.o
 .debug_frame   0x0000045c      0xb1c build/stm32f1xx_hal_tim.o
 .debug_frame   0x00000f78      0x40c build/stm32f1xx_hal_tim_ex.o
 .debug_frame   0x00001384      0x1cc build/stm32f1xx_hal.o
 .debug_frame   0x00001550      0x184 build/stm32f1xx_hal_rcc.o
 .debug_frame   0x000016d4       0xe4 build/stm32f1xx_hal_gpio.o
 .debug_frame   0x000017b8      0x144 build/stm32f1xx_hal_dma.o
 .debug_frame   0x000018fc      0x118 build/stm32f1xx_hal_cortex.o
 .debug_frame   0x00001a14      0x5e0 build/stm32f1xx_hal_uart.o
 .debug_frame   0x00001ff4       0x44 build/stm32f1xx_hal_iwdg.o
 .debug_frame   0x00002038       0x30 build/system_stm32f1xx.o
 .debug_frame   0x00002068       0x70 build/list.o
 .debug_frame   0x000020d8      0x454 build/queue.o
 .debug_frame   0x0000252c      0x698 build/tasks.o
 .debug_frame   0x00002bc4      0x30c build/timers.o
 .debug_frame   0x00002ed0      0x8fc build/cmsis_os2.o
 .debug_frame   0x000037cc       0xd0 build/heap_4.o
 .debug_frame   0x0000389c       0xf0 build/port.o
 .debug_frame   0x0000398c       0x2c e:/keil_v5/gnu arm embedded toolchain/10 2021.10/bin/../lib/gcc/arm-none-eabi/10.3.1/../../../../arm-none-eabi/lib/thumb/v7-m/nofp\libc_nano.a(lib_a-init.o)
 .debug_frame   0x000039b8       0x28 e:/keil_v5/gnu arm embedded toolchain/10 2021.10/bin/../lib/gcc/arm-none-eabi/10.3.1/../../../../arm-none-eabi/lib/thumb/v7-m/nofp\libc_nano.a(lib_a-memcpy-stub.o)
 .debug_frame   0x000039e0       0x20 e:/keil_v5/gnu arm embedded toolchain/10 2021.10/bin/../lib/gcc/arm-none-eabi/10.3.1/../../../../arm-none-eabi/lib/thumb/v7-m/nofp\libc_nano.a(lib_a-memset.o)

Cross Reference Table

Symbol                                            File
ADC1_2_IRQHandler                                 build/startup_stm32f103xb.o
AHBPrescTable                                     build/system_stm32f1xx.o
                                                  build/stm32f1xx_hal_rcc.o
APBPrescTable                                     build/system_stm32f1xx.o
                                                  build/stm32f1xx_hal_rcc.o
BusFault_Handler                                  build/stm32f1xx_it.o
CAN1_RX1_IRQHandler                               build/startup_stm32f103xb.o
CAN1_SCE_IRQHandler                               build/startup_stm32f103xb.o
DMA1_Channel1_IRQHandler                          build/startup_stm32f103xb.o
DMA1_Channel2_IRQHandler                          build/startup_stm32f103xb.o
DMA1_Channel3_IRQHandler                          build/startup_stm32f103xb.o
DMA1_Channel4_IRQHandler                          build/stm32f1xx_it.o
DMA1_Channel5_IRQHandler                          build/stm32f1xx_it.o
DMA1_Channel6_IRQHandler                          build/startup_stm32f103xb.o
DMA1_Channel7_IRQHandler                          build/startup_stm32f103xb.o
DebugMon_Handler                                  build/stm32f1xx_it.o
Default_Handler                                   build/startup_stm32f103xb.o
EXTI0_IRQHandler                                  build/startup_stm32f103xb.o
EXTI15_10_IRQHandler                              build/startup_stm32f103xb.o
EXTI1_IRQHandler                                  build/startup_stm32f103xb.o
EXTI2_IRQHandler                                  build/startup_stm32f103xb.o
EXTI3_IRQHandler                                  build/startup_stm32f103xb.o
EXTI4_IRQHandler                                  build/startup_stm32f103xb.o
EXTI9_5_IRQHandler                                build/startup_stm32f103xb.o
Error_Handler                                     build/main.o
                                                  build/uart_rx_task.o
                                                  build/iwdg.o
                                                  build/usart.o
                                                  build/tim.o
FLASH_IRQHandler                                  build/startup_stm32f103xb.o
FLASH_PageErase                                   build/stm32f1xx_hal_flash_ex.o
                                                  build/stm32f1xx_hal_flash.o
FLASH_WaitForLastOperation                        build/stm32f1xx_hal_flash.o
                                                  build/stm32f1xx_hal_flash_ex.o
HAL_DBGMCU_DisableDBGSleepMode                    build/stm32f1xx_hal.o
HAL_DBGMCU_DisableDBGStandbyMode                  build/stm32f1xx_hal.o
HAL_DBGMCU_DisableDBGStopMode                     build/stm32f1xx_hal.o
HAL_DBGMCU_EnableDBGSleepMode                     build/stm32f1xx_hal.o
HAL_DBGMCU_EnableDBGStandbyMode                   build/stm32f1xx_hal.o
HAL_DBGMCU_EnableDBGStopMode                      build/stm32f1xx_hal.o
HAL_DMA_Abort                                     build/stm32f1xx_hal_dma.o
                                                  build/stm32f1xx_hal_uart.o
HAL_DMA_Abort_IT                                  build/stm32f1xx_hal_dma.o
                                                  build/stm32f1xx_hal_uart.o
                                                  build/stm32f1xx_hal_tim_ex.o
                                                  build/stm32f1xx_hal_tim.o
HAL_DMA_DeInit                                    build/stm32f1xx_hal_dma.o
                                                  build/usart.o
HAL_DMA_GetError                                  build/stm32f1xx_hal_dma.o
                                                  build/stm32f1xx_hal_uart.o
HAL_DMA_GetState                                  build/stm32f1xx_hal_dma.o
HAL_DMA_IRQHandler                                build/stm32f1xx_hal_dma.o
                                                  build/stm32f1xx_it.o
HAL_DMA_Init                                      build/stm32f1xx_hal_dma.o
                                                  build/usart.o
HAL_DMA_PollForTransfer                           build/stm32f1xx_hal_dma.o
HAL_DMA_RegisterCallback                          build/stm32f1xx_hal_dma.o
HAL_DMA_Start                                     build/stm32f1xx_hal_dma.o
HAL_DMA_Start_IT                                  build/stm32f1xx_hal_dma.o
                                                  build/stm32f1xx_hal_uart.o
                                                  build/stm32f1xx_hal_tim_ex.o
                                                  build/stm32f1xx_hal_tim.o
HAL_DMA_UnRegisterCallback                        build/stm32f1xx_hal_dma.o
HAL_DeInit                                        build/stm32f1xx_hal.o
HAL_Delay                                         build/stm32f1xx_hal.o
HAL_EXTI_ClearConfigLine                          build/stm32f1xx_hal_exti.o
HAL_EXTI_ClearPending                             build/stm32f1xx_hal_exti.o
HAL_EXTI_GenerateSWI                              build/stm32f1xx_hal_exti.o
HAL_EXTI_GetConfigLine                            build/stm32f1xx_hal_exti.o
HAL_EXTI_GetHandle                                build/stm32f1xx_hal_exti.o
HAL_EXTI_GetPending                               build/stm32f1xx_hal_exti.o
HAL_EXTI_IRQHandler                               build/stm32f1xx_hal_exti.o
HAL_EXTI_RegisterCallback                         build/stm32f1xx_hal_exti.o
HAL_EXTI_SetConfigLine                            build/stm32f1xx_hal_exti.o
HAL_FLASHEx_Erase                                 build/stm32f1xx_hal_flash_ex.o
HAL_FLASHEx_Erase_IT                              build/stm32f1xx_hal_flash_ex.o
HAL_FLASHEx_OBErase                               build/stm32f1xx_hal_flash_ex.o
HAL_FLASHEx_OBGetConfig                           build/stm32f1xx_hal_flash_ex.o
HAL_FLASHEx_OBGetUserData                         build/stm32f1xx_hal_flash_ex.o
HAL_FLASHEx_OBProgram                             build/stm32f1xx_hal_flash_ex.o
HAL_FLASH_EndOfOperationCallback                  build/stm32f1xx_hal_flash.o
HAL_FLASH_GetError                                build/stm32f1xx_hal_flash.o
HAL_FLASH_IRQHandler                              build/stm32f1xx_hal_flash.o
HAL_FLASH_Lock                                    build/stm32f1xx_hal_flash.o
HAL_FLASH_OB_Launch                               build/stm32f1xx_hal_flash.o
HAL_FLASH_OB_Lock                                 build/stm32f1xx_hal_flash.o
HAL_FLASH_OB_Unlock                               build/stm32f1xx_hal_flash.o
HAL_FLASH_OperationErrorCallback                  build/stm32f1xx_hal_flash.o
HAL_FLASH_Program                                 build/stm32f1xx_hal_flash.o
HAL_FLASH_Program_IT                              build/stm32f1xx_hal_flash.o
HAL_FLASH_Unlock                                  build/stm32f1xx_hal_flash.o
HAL_GPIOEx_ConfigEventout                         build/stm32f1xx_hal_gpio_ex.o
HAL_GPIOEx_DisableEventout                        build/stm32f1xx_hal_gpio_ex.o
HAL_GPIOEx_EnableEventout                         build/stm32f1xx_hal_gpio_ex.o
HAL_GPIO_DeInit                                   build/stm32f1xx_hal_gpio.o
                                                  build/usart.o
HAL_GPIO_EXTI_Callback                            build/stm32f1xx_hal_gpio.o
HAL_GPIO_EXTI_IRQHandler                          build/stm32f1xx_hal_gpio.o
HAL_GPIO_Init                                     build/stm32f1xx_hal_gpio.o
                                                  build/stm32f1xx_hal_rcc.o
                                                  build/usart.o
                                                  build/tim.o
HAL_GPIO_LockPin                                  build/stm32f1xx_hal_gpio.o
HAL_GPIO_ReadPin                                  build/stm32f1xx_hal_gpio.o
HAL_GPIO_TogglePin                                build/stm32f1xx_hal_gpio.o
HAL_GPIO_WritePin                                 build/stm32f1xx_hal_gpio.o
HAL_GetDEVID                                      build/stm32f1xx_hal.o
HAL_GetHalVersion                                 build/stm32f1xx_hal.o
HAL_GetREVID                                      build/stm32f1xx_hal.o
HAL_GetTick                                       build/stm32f1xx_hal.o
                                                  build/stm32f1xx_hal_iwdg.o
                                                  build/stm32f1xx_hal_uart.o
                                                  build/stm32f1xx_hal_flash.o
                                                  build/stm32f1xx_hal_dma.o
                                                  build/stm32f1xx_hal_rcc_ex.o
                                                  build/stm32f1xx_hal_rcc.o
HAL_GetTickFreq                                   build/stm32f1xx_hal.o
HAL_GetTickPrio                                   build/stm32f1xx_hal.o
HAL_GetUIDw0                                      build/stm32f1xx_hal.o
HAL_GetUIDw1                                      build/stm32f1xx_hal.o
HAL_GetUIDw2                                      build/stm32f1xx_hal.o
HAL_HalfDuplex_EnableReceiver                     build/stm32f1xx_hal_uart.o
HAL_HalfDuplex_EnableTransmitter                  build/stm32f1xx_hal_uart.o
HAL_HalfDuplex_Init                               build/stm32f1xx_hal_uart.o
HAL_IWDG_Init                                     build/stm32f1xx_hal_iwdg.o
                                                  build/iwdg.o
HAL_IWDG_Refresh                                  build/stm32f1xx_hal_iwdg.o
HAL_IncTick                                       build/stm32f1xx_hal.o
                                                  build/main.o
HAL_Init                                          build/stm32f1xx_hal.o
                                                  build/main.o
HAL_InitTick                                      build/stm32f1xx_hal_timebase_tim.o
                                                  build/stm32f1xx_hal_rcc.o
HAL_LIN_Init                                      build/stm32f1xx_hal_uart.o
HAL_LIN_SendBreak                                 build/stm32f1xx_hal_uart.o
HAL_MspDeInit                                     build/stm32f1xx_hal.o
HAL_MspInit                                       build/stm32f1xx_hal_msp.o
HAL_MultiProcessor_EnterMuteMode                  build/stm32f1xx_hal_uart.o
HAL_MultiProcessor_ExitMuteMode                   build/stm32f1xx_hal_uart.o
HAL_MultiProcessor_Init                           build/stm32f1xx_hal_uart.o
HAL_NVIC_ClearPendingIRQ                          build/stm32f1xx_hal_cortex.o
HAL_NVIC_DisableIRQ                               build/stm32f1xx_hal_cortex.o
                                                  build/usart.o
HAL_NVIC_EnableIRQ                                build/stm32f1xx_hal_cortex.o
                                                  build/stm32f1xx_hal_timebase_tim.o
                                                  build/usart.o
                                                  build/dma.o
HAL_NVIC_GetActive                                build/stm32f1xx_hal_cortex.o
HAL_NVIC_GetPendingIRQ                            build/stm32f1xx_hal_cortex.o
HAL_NVIC_GetPriority                              build/stm32f1xx_hal_cortex.o
HAL_NVIC_GetPriorityGrouping                      build/stm32f1xx_hal_cortex.o
HAL_NVIC_SetPendingIRQ                            build/stm32f1xx_hal_cortex.o
HAL_NVIC_SetPriority                              build/stm32f1xx_hal_cortex.o
                                                  build/stm32f1xx_hal.o
                                                  build/stm32f1xx_hal_timebase_tim.o
                                                  build/stm32f1xx_hal_msp.o
                                                  build/usart.o
                                                  build/dma.o
HAL_NVIC_SetPriorityGrouping                      build/stm32f1xx_hal_cortex.o
                                                  build/stm32f1xx_hal.o
HAL_NVIC_SystemReset                              build/stm32f1xx_hal_cortex.o
                                                  build/stm32f1xx_hal_flash.o
HAL_PWR_ConfigPVD                                 build/stm32f1xx_hal_pwr.o
HAL_PWR_DeInit                                    build/stm32f1xx_hal_pwr.o
HAL_PWR_DisableBkUpAccess                         build/stm32f1xx_hal_pwr.o
HAL_PWR_DisablePVD                                build/stm32f1xx_hal_pwr.o
HAL_PWR_DisableSEVOnPend                          build/stm32f1xx_hal_pwr.o
HAL_PWR_DisableSleepOnExit                        build/stm32f1xx_hal_pwr.o
HAL_PWR_DisableWakeUpPin                          build/stm32f1xx_hal_pwr.o
HAL_PWR_EnableBkUpAccess                          build/stm32f1xx_hal_pwr.o
HAL_PWR_EnablePVD                                 build/stm32f1xx_hal_pwr.o
HAL_PWR_EnableSEVOnPend                           build/stm32f1xx_hal_pwr.o
HAL_PWR_EnableSleepOnExit                         build/stm32f1xx_hal_pwr.o
HAL_PWR_EnableWakeUpPin                           build/stm32f1xx_hal_pwr.o
HAL_PWR_EnterSLEEPMode                            build/stm32f1xx_hal_pwr.o
HAL_PWR_EnterSTANDBYMode                          build/stm32f1xx_hal_pwr.o
HAL_PWR_EnterSTOPMode                             build/stm32f1xx_hal_pwr.o
HAL_PWR_PVDCallback                               build/stm32f1xx_hal_pwr.o
HAL_PWR_PVD_IRQHandler                            build/stm32f1xx_hal_pwr.o
HAL_RCCEx_GetPeriphCLKConfig                      build/stm32f1xx_hal_rcc_ex.o
HAL_RCCEx_GetPeriphCLKFreq                        build/stm32f1xx_hal_rcc_ex.o
HAL_RCCEx_PeriphCLKConfig                         build/stm32f1xx_hal_rcc_ex.o
HAL_RCC_CSSCallback                               build/stm32f1xx_hal_rcc.o
HAL_RCC_ClockConfig                               build/stm32f1xx_hal_rcc.o
                                                  build/main.o
HAL_RCC_DeInit                                    build/stm32f1xx_hal_rcc.o
HAL_RCC_DisableCSS                                build/stm32f1xx_hal_rcc.o
HAL_RCC_EnableCSS                                 build/stm32f1xx_hal_rcc.o
HAL_RCC_GetClockConfig                            build/stm32f1xx_hal_rcc.o
                                                  build/stm32f1xx_hal_timebase_tim.o
HAL_RCC_GetHCLKFreq                               build/stm32f1xx_hal_rcc.o
HAL_RCC_GetOscConfig                              build/stm32f1xx_hal_rcc.o
HAL_RCC_GetPCLK1Freq                              build/stm32f1xx_hal_rcc.o
                                                  build/stm32f1xx_hal_uart.o
                                                  build/stm32f1xx_hal_timebase_tim.o
HAL_RCC_GetPCLK2Freq                              build/stm32f1xx_hal_rcc.o
                                                  build/stm32f1xx_hal_uart.o
                                                  build/stm32f1xx_hal_rcc_ex.o
HAL_RCC_GetSysClockFreq                           build/stm32f1xx_hal_rcc.o
HAL_RCC_MCOConfig                                 build/stm32f1xx_hal_rcc.o
HAL_RCC_NMI_IRQHandler                            build/stm32f1xx_hal_rcc.o
HAL_RCC_OscConfig                                 build/stm32f1xx_hal_rcc.o
                                                  build/main.o
HAL_ResumeTick                                    build/stm32f1xx_hal_timebase_tim.o
HAL_SYSTICK_CLKSourceConfig                       build/stm32f1xx_hal_cortex.o
HAL_SYSTICK_Callback                              build/stm32f1xx_hal_cortex.o
HAL_SYSTICK_Config                                build/stm32f1xx_hal_cortex.o
                                                  build/stm32f1xx_hal.o
HAL_SYSTICK_IRQHandler                            build/stm32f1xx_hal_cortex.o
HAL_SetTickFreq                                   build/stm32f1xx_hal.o
HAL_SuspendTick                                   build/stm32f1xx_hal_timebase_tim.o
HAL_TIMEx_BreakCallback                           build/stm32f1xx_hal_tim_ex.o
                                                  build/stm32f1xx_hal_tim.o
HAL_TIMEx_CommutCallback                          build/stm32f1xx_hal_tim_ex.o
                                                  build/stm32f1xx_hal_tim.o
HAL_TIMEx_CommutHalfCpltCallback                  build/stm32f1xx_hal_tim_ex.o
HAL_TIMEx_ConfigBreakDeadTime                     build/stm32f1xx_hal_tim_ex.o
HAL_TIMEx_ConfigCommutEvent                       build/stm32f1xx_hal_tim_ex.o
HAL_TIMEx_ConfigCommutEvent_DMA                   build/stm32f1xx_hal_tim_ex.o
HAL_TIMEx_ConfigCommutEvent_IT                    build/stm32f1xx_hal_tim_ex.o
HAL_TIMEx_GetChannelNState                        build/stm32f1xx_hal_tim_ex.o
HAL_TIMEx_HallSensor_DeInit                       build/stm32f1xx_hal_tim_ex.o
HAL_TIMEx_HallSensor_GetState                     build/stm32f1xx_hal_tim_ex.o
HAL_TIMEx_HallSensor_Init                         build/stm32f1xx_hal_tim_ex.o
HAL_TIMEx_HallSensor_MspDeInit                    build/stm32f1xx_hal_tim_ex.o
HAL_TIMEx_HallSensor_MspInit                      build/stm32f1xx_hal_tim_ex.o
HAL_TIMEx_HallSensor_Start                        build/stm32f1xx_hal_tim_ex.o
HAL_TIMEx_HallSensor_Start_DMA                    build/stm32f1xx_hal_tim_ex.o
HAL_TIMEx_HallSensor_Start_IT                     build/stm32f1xx_hal_tim_ex.o
HAL_TIMEx_HallSensor_Stop                         build/stm32f1xx_hal_tim_ex.o
HAL_TIMEx_HallSensor_Stop_DMA                     build/stm32f1xx_hal_tim_ex.o
HAL_TIMEx_HallSensor_Stop_IT                      build/stm32f1xx_hal_tim_ex.o
HAL_TIMEx_MasterConfigSynchronization             build/stm32f1xx_hal_tim_ex.o
                                                  build/tim.o
HAL_TIMEx_OCN_Start                               build/stm32f1xx_hal_tim_ex.o
HAL_TIMEx_OCN_Start_DMA                           build/stm32f1xx_hal_tim_ex.o
HAL_TIMEx_OCN_Start_IT                            build/stm32f1xx_hal_tim_ex.o
HAL_TIMEx_OCN_Stop                                build/stm32f1xx_hal_tim_ex.o
HAL_TIMEx_OCN_Stop_DMA                            build/stm32f1xx_hal_tim_ex.o
HAL_TIMEx_OCN_Stop_IT                             build/stm32f1xx_hal_tim_ex.o
HAL_TIMEx_OnePulseN_Start                         build/stm32f1xx_hal_tim_ex.o
HAL_TIMEx_OnePulseN_Start_IT                      build/stm32f1xx_hal_tim_ex.o
HAL_TIMEx_OnePulseN_Stop                          build/stm32f1xx_hal_tim_ex.o
HAL_TIMEx_OnePulseN_Stop_IT                       build/stm32f1xx_hal_tim_ex.o
HAL_TIMEx_PWMN_Start                              build/stm32f1xx_hal_tim_ex.o
HAL_TIMEx_PWMN_Start_DMA                          build/stm32f1xx_hal_tim_ex.o
HAL_TIMEx_PWMN_Start_IT                           build/stm32f1xx_hal_tim_ex.o
HAL_TIMEx_PWMN_Stop                               build/stm32f1xx_hal_tim_ex.o
HAL_TIMEx_PWMN_Stop_DMA                           build/stm32f1xx_hal_tim_ex.o
HAL_TIMEx_PWMN_Stop_IT                            build/stm32f1xx_hal_tim_ex.o
HAL_TIMEx_RemapConfig                             build/stm32f1xx_hal_tim_ex.o
HAL_TIM_Base_DeInit                               build/stm32f1xx_hal_tim.o
HAL_TIM_Base_GetState                             build/stm32f1xx_hal_tim.o
HAL_TIM_Base_Init                                 build/stm32f1xx_hal_tim.o
                                                  build/stm32f1xx_hal_timebase_tim.o
HAL_TIM_Base_MspDeInit                            build/stm32f1xx_hal_tim.o
HAL_TIM_Base_MspInit                              build/stm32f1xx_hal_tim.o
HAL_TIM_Base_Start                                build/stm32f1xx_hal_tim.o
HAL_TIM_Base_Start_DMA                            build/stm32f1xx_hal_tim.o
HAL_TIM_Base_Start_IT                             build/stm32f1xx_hal_tim.o
                                                  build/stm32f1xx_hal_timebase_tim.o
HAL_TIM_Base_Stop                                 build/stm32f1xx_hal_tim.o
HAL_TIM_Base_Stop_DMA                             build/stm32f1xx_hal_tim.o
HAL_TIM_Base_Stop_IT                              build/stm32f1xx_hal_tim.o
HAL_TIM_ConfigClockSource                         build/stm32f1xx_hal_tim.o
HAL_TIM_ConfigOCrefClear                          build/stm32f1xx_hal_tim.o
HAL_TIM_ConfigTI1Input                            build/stm32f1xx_hal_tim.o
HAL_TIM_DMABurstState                             build/stm32f1xx_hal_tim.o
HAL_TIM_DMABurst_MultiReadStart                   build/stm32f1xx_hal_tim.o
HAL_TIM_DMABurst_MultiWriteStart                  build/stm32f1xx_hal_tim.o
HAL_TIM_DMABurst_ReadStart                        build/stm32f1xx_hal_tim.o
HAL_TIM_DMABurst_ReadStop                         build/stm32f1xx_hal_tim.o
HAL_TIM_DMABurst_WriteStart                       build/stm32f1xx_hal_tim.o
HAL_TIM_DMABurst_WriteStop                        build/stm32f1xx_hal_tim.o
HAL_TIM_Encoder_DeInit                            build/stm32f1xx_hal_tim.o
HAL_TIM_Encoder_GetState                          build/stm32f1xx_hal_tim.o
HAL_TIM_Encoder_Init                              build/stm32f1xx_hal_tim.o
HAL_TIM_Encoder_MspDeInit                         build/stm32f1xx_hal_tim.o
HAL_TIM_Encoder_MspInit                           build/stm32f1xx_hal_tim.o
HAL_TIM_Encoder_Start                             build/stm32f1xx_hal_tim.o
HAL_TIM_Encoder_Start_DMA                         build/stm32f1xx_hal_tim.o
HAL_TIM_Encoder_Start_IT                          build/stm32f1xx_hal_tim.o
HAL_TIM_Encoder_Stop                              build/stm32f1xx_hal_tim.o
HAL_TIM_Encoder_Stop_DMA                          build/stm32f1xx_hal_tim.o
HAL_TIM_Encoder_Stop_IT                           build/stm32f1xx_hal_tim.o
HAL_TIM_ErrorCallback                             build/stm32f1xx_hal_tim.o
                                                  build/stm32f1xx_hal_tim_ex.o
HAL_TIM_GenerateEvent                             build/stm32f1xx_hal_tim.o
HAL_TIM_GetActiveChannel                          build/stm32f1xx_hal_tim.o
HAL_TIM_GetChannelState                           build/stm32f1xx_hal_tim.o
HAL_TIM_IC_CaptureCallback                        build/stm32f1xx_hal_tim.o
HAL_TIM_IC_CaptureHalfCpltCallback                build/stm32f1xx_hal_tim.o
HAL_TIM_IC_ConfigChannel                          build/stm32f1xx_hal_tim.o
HAL_TIM_IC_DeInit                                 build/stm32f1xx_hal_tim.o
HAL_TIM_IC_GetState                               build/stm32f1xx_hal_tim.o
HAL_TIM_IC_Init                                   build/stm32f1xx_hal_tim.o
HAL_TIM_IC_MspDeInit                              build/stm32f1xx_hal_tim.o
HAL_TIM_IC_MspInit                                build/stm32f1xx_hal_tim.o
HAL_TIM_IC_Start                                  build/stm32f1xx_hal_tim.o
HAL_TIM_IC_Start_DMA                              build/stm32f1xx_hal_tim.o
HAL_TIM_IC_Start_IT                               build/stm32f1xx_hal_tim.o
HAL_TIM_IC_Stop                                   build/stm32f1xx_hal_tim.o
HAL_TIM_IC_Stop_DMA                               build/stm32f1xx_hal_tim.o
HAL_TIM_IC_Stop_IT                                build/stm32f1xx_hal_tim.o
HAL_TIM_IRQHandler                                build/stm32f1xx_hal_tim.o
                                                  build/stm32f1xx_it.o
HAL_TIM_MspPostInit                               build/tim.o
HAL_TIM_OC_ConfigChannel                          build/stm32f1xx_hal_tim.o
HAL_TIM_OC_DeInit                                 build/stm32f1xx_hal_tim.o
HAL_TIM_OC_DelayElapsedCallback                   build/stm32f1xx_hal_tim.o
HAL_TIM_OC_GetState                               build/stm32f1xx_hal_tim.o
HAL_TIM_OC_Init                                   build/stm32f1xx_hal_tim.o
HAL_TIM_OC_MspDeInit                              build/stm32f1xx_hal_tim.o
HAL_TIM_OC_MspInit                                build/stm32f1xx_hal_tim.o
HAL_TIM_OC_Start                                  build/stm32f1xx_hal_tim.o
HAL_TIM_OC_Start_DMA                              build/stm32f1xx_hal_tim.o
HAL_TIM_OC_Start_IT                               build/stm32f1xx_hal_tim.o
HAL_TIM_OC_Stop                                   build/stm32f1xx_hal_tim.o
HAL_TIM_OC_Stop_DMA                               build/stm32f1xx_hal_tim.o
HAL_TIM_OC_Stop_IT                                build/stm32f1xx_hal_tim.o
HAL_TIM_OnePulse_ConfigChannel                    build/stm32f1xx_hal_tim.o
HAL_TIM_OnePulse_DeInit                           build/stm32f1xx_hal_tim.o
HAL_TIM_OnePulse_GetState                         build/stm32f1xx_hal_tim.o
HAL_TIM_OnePulse_Init                             build/stm32f1xx_hal_tim.o
HAL_TIM_OnePulse_MspDeInit                        build/stm32f1xx_hal_tim.o
HAL_TIM_OnePulse_MspInit                          build/stm32f1xx_hal_tim.o
HAL_TIM_OnePulse_Start                            build/stm32f1xx_hal_tim.o
HAL_TIM_OnePulse_Start_IT                         build/stm32f1xx_hal_tim.o
HAL_TIM_OnePulse_Stop                             build/stm32f1xx_hal_tim.o
HAL_TIM_OnePulse_Stop_IT                          build/stm32f1xx_hal_tim.o
HAL_TIM_PWM_ConfigChannel                         build/stm32f1xx_hal_tim.o
                                                  build/tim.o
HAL_TIM_PWM_DeInit                                build/stm32f1xx_hal_tim.o
HAL_TIM_PWM_GetState                              build/stm32f1xx_hal_tim.o
HAL_TIM_PWM_Init                                  build/stm32f1xx_hal_tim.o
                                                  build/tim.o
HAL_TIM_PWM_MspDeInit                             build/tim.o
HAL_TIM_PWM_MspInit                               build/tim.o
HAL_TIM_PWM_PulseFinishedCallback                 build/stm32f1xx_hal_tim.o
                                                  build/stm32f1xx_hal_tim_ex.o
HAL_TIM_PWM_PulseFinishedHalfCpltCallback         build/stm32f1xx_hal_tim.o
HAL_TIM_PWM_Start                                 build/stm32f1xx_hal_tim.o
                                                  build/servo_driver.o
HAL_TIM_PWM_Start_DMA                             build/stm32f1xx_hal_tim.o
HAL_TIM_PWM_Start_IT                              build/stm32f1xx_hal_tim.o
HAL_TIM_PWM_Stop                                  build/stm32f1xx_hal_tim.o
HAL_TIM_PWM_Stop_DMA                              build/stm32f1xx_hal_tim.o
HAL_TIM_PWM_Stop_IT                               build/stm32f1xx_hal_tim.o
HAL_TIM_PeriodElapsedCallback                     build/main.o
HAL_TIM_PeriodElapsedHalfCpltCallback             build/stm32f1xx_hal_tim.o
HAL_TIM_ReadCapturedValue                         build/stm32f1xx_hal_tim.o
HAL_TIM_SlaveConfigSynchro                        build/stm32f1xx_hal_tim.o
HAL_TIM_SlaveConfigSynchro_IT                     build/stm32f1xx_hal_tim.o
HAL_TIM_TriggerCallback                           build/stm32f1xx_hal_tim.o
HAL_TIM_TriggerHalfCpltCallback                   build/stm32f1xx_hal_tim.o
HAL_UARTEx_GetRxEventType                         build/stm32f1xx_hal_uart.o
HAL_UARTEx_ReceiveToIdle                          build/stm32f1xx_hal_uart.o
HAL_UARTEx_ReceiveToIdle_DMA                      build/stm32f1xx_hal_uart.o
HAL_UARTEx_ReceiveToIdle_IT                       build/stm32f1xx_hal_uart.o
HAL_UARTEx_RxEventCallback                        build/stm32f1xx_hal_uart.o
HAL_UART_Abort                                    build/stm32f1xx_hal_uart.o
HAL_UART_AbortCpltCallback                        build/stm32f1xx_hal_uart.o
HAL_UART_AbortReceive                             build/stm32f1xx_hal_uart.o
HAL_UART_AbortReceiveCpltCallback                 build/stm32f1xx_hal_uart.o
HAL_UART_AbortReceive_IT                          build/stm32f1xx_hal_uart.o
HAL_UART_AbortTransmit                            build/stm32f1xx_hal_uart.o
HAL_UART_AbortTransmitCpltCallback                build/stm32f1xx_hal_uart.o
HAL_UART_AbortTransmit_IT                         build/stm32f1xx_hal_uart.o
HAL_UART_Abort_IT                                 build/stm32f1xx_hal_uart.o
HAL_UART_DMAPause                                 build/stm32f1xx_hal_uart.o
HAL_UART_DMAResume                                build/stm32f1xx_hal_uart.o
HAL_UART_DMAStop                                  build/stm32f1xx_hal_uart.o
HAL_UART_DeInit                                   build/stm32f1xx_hal_uart.o
HAL_UART_ErrorCallback                            build/stm32f1xx_hal_uart.o
HAL_UART_GetError                                 build/stm32f1xx_hal_uart.o
HAL_UART_GetState                                 build/stm32f1xx_hal_uart.o
HAL_UART_IRQHandler                               build/stm32f1xx_hal_uart.o
                                                  build/stm32f1xx_it.o
HAL_UART_Init                                     build/stm32f1xx_hal_uart.o
                                                  build/usart.o
HAL_UART_MspDeInit                                build/usart.o
HAL_UART_MspInit                                  build/usart.o
HAL_UART_Receive                                  build/stm32f1xx_hal_uart.o
HAL_UART_Receive_DMA                              build/stm32f1xx_hal_uart.o
                                                  build/uart_rx_task.o
HAL_UART_Receive_IT                               build/stm32f1xx_hal_uart.o
HAL_UART_RxCpltCallback                           build/stm32f1xx_hal_uart.o