ARM GAS  /tmp/ccRDGGNQ.s 			page 1


   1              		.cpu cortex-m3
   2              		.arch armv7-m
   3              		.fpu softvfp
   4              		.eabi_attribute 20, 1
   5              		.eabi_attribute 21, 1
   6              		.eabi_attribute 23, 3
   7              		.eabi_attribute 24, 1
   8              		.eabi_attribute 25, 1
   9              		.eabi_attribute 26, 1
  10              		.eabi_attribute 30, 1
  11              		.eabi_attribute 34, 1
  12              		.eabi_attribute 18, 4
  13              		.file	"stm32f1xx_it.c"
  14              		.text
  15              	.Ltext0:
  16              		.cfi_sections	.debug_frame
  17              		.file 1 "Core/Src/stm32f1xx_it.c"
  18              		.section	.text.NMI_Handler,"ax",%progbits
  19              		.align	1
  20              		.global	NMI_Handler
  21              		.syntax unified
  22              		.thumb
  23              		.thumb_func
  25              	NMI_Handler:
  26              	.LFB69:
   1:Core/Src/stm32f1xx_it.c **** /* USER CODE BEGIN Header */
   2:Core/Src/stm32f1xx_it.c **** /**
   3:Core/Src/stm32f1xx_it.c ****   ******************************************************************************
   4:Core/Src/stm32f1xx_it.c ****   * @file    stm32f1xx_it.c
   5:Core/Src/stm32f1xx_it.c ****   * @brief   Interrupt Service Routines.
   6:Core/Src/stm32f1xx_it.c ****   ******************************************************************************
   7:Core/Src/stm32f1xx_it.c ****   * @attention
   8:Core/Src/stm32f1xx_it.c ****   *
   9:Core/Src/stm32f1xx_it.c ****   * Copyright (c) 2026 STMicroelectronics.
  10:Core/Src/stm32f1xx_it.c ****   * All rights reserved.
  11:Core/Src/stm32f1xx_it.c ****   *
  12:Core/Src/stm32f1xx_it.c ****   * This software is licensed under terms that can be found in the LICENSE file
  13:Core/Src/stm32f1xx_it.c ****   * in the root directory of this software component.
  14:Core/Src/stm32f1xx_it.c ****   * If no LICENSE file comes with this software, it is provided AS-IS.
  15:Core/Src/stm32f1xx_it.c ****   *
  16:Core/Src/stm32f1xx_it.c ****   ******************************************************************************
  17:Core/Src/stm32f1xx_it.c ****   */
  18:Core/Src/stm32f1xx_it.c **** /* USER CODE END Header */
  19:Core/Src/stm32f1xx_it.c **** 
  20:Core/Src/stm32f1xx_it.c **** /* Includes ------------------------------------------------------------------*/
  21:Core/Src/stm32f1xx_it.c **** #include "main.h"
  22:Core/Src/stm32f1xx_it.c **** #include "stm32f1xx_it.h"
  23:Core/Src/stm32f1xx_it.c **** /* Private includes ----------------------------------------------------------*/
  24:Core/Src/stm32f1xx_it.c **** /* USER CODE BEGIN Includes */
  25:Core/Src/stm32f1xx_it.c **** #include "uart_rx_task.h"
  26:Core/Src/stm32f1xx_it.c **** /* USER CODE END Includes */
  27:Core/Src/stm32f1xx_it.c **** 
  28:Core/Src/stm32f1xx_it.c **** /* Private typedef -----------------------------------------------------------*/
  29:Core/Src/stm32f1xx_it.c **** /* USER CODE BEGIN TD */
  30:Core/Src/stm32f1xx_it.c **** 
  31:Core/Src/stm32f1xx_it.c **** /* USER CODE END TD */
  32:Core/Src/stm32f1xx_it.c **** 
ARM GAS  /tmp/ccRDGGNQ.s 			page 2


  33:Core/Src/stm32f1xx_it.c **** /* Private define ------------------------------------------------------------*/
  34:Core/Src/stm32f1xx_it.c **** /* USER CODE BEGIN PD */
  35:Core/Src/stm32f1xx_it.c **** 
  36:Core/Src/stm32f1xx_it.c **** /* USER CODE END PD */
  37:Core/Src/stm32f1xx_it.c **** 
  38:Core/Src/stm32f1xx_it.c **** /* Private macro -------------------------------------------------------------*/
  39:Core/Src/stm32f1xx_it.c **** /* USER CODE BEGIN PM */
  40:Core/Src/stm32f1xx_it.c **** 
  41:Core/Src/stm32f1xx_it.c **** /* USER CODE END PM */
  42:Core/Src/stm32f1xx_it.c **** 
  43:Core/Src/stm32f1xx_it.c **** /* Private variables ---------------------------------------------------------*/
  44:Core/Src/stm32f1xx_it.c **** /* USER CODE BEGIN PV */
  45:Core/Src/stm32f1xx_it.c **** 
  46:Core/Src/stm32f1xx_it.c **** /* USER CODE END PV */
  47:Core/Src/stm32f1xx_it.c **** 
  48:Core/Src/stm32f1xx_it.c **** /* Private function prototypes -----------------------------------------------*/
  49:Core/Src/stm32f1xx_it.c **** /* USER CODE BEGIN PFP */
  50:Core/Src/stm32f1xx_it.c **** 
  51:Core/Src/stm32f1xx_it.c **** /* USER CODE END PFP */
  52:Core/Src/stm32f1xx_it.c **** 
  53:Core/Src/stm32f1xx_it.c **** /* Private user code ---------------------------------------------------------*/
  54:Core/Src/stm32f1xx_it.c **** /* USER CODE BEGIN 0 */
  55:Core/Src/stm32f1xx_it.c **** 
  56:Core/Src/stm32f1xx_it.c **** /* USER CODE END 0 */
  57:Core/Src/stm32f1xx_it.c **** 
  58:Core/Src/stm32f1xx_it.c **** /* External variables --------------------------------------------------------*/
  59:Core/Src/stm32f1xx_it.c **** extern DMA_HandleTypeDef hdma_usart1_rx;
  60:Core/Src/stm32f1xx_it.c **** extern DMA_HandleTypeDef hdma_usart1_tx;
  61:Core/Src/stm32f1xx_it.c **** extern UART_HandleTypeDef huart1;
  62:Core/Src/stm32f1xx_it.c **** extern TIM_HandleTypeDef htim4;
  63:Core/Src/stm32f1xx_it.c **** 
  64:Core/Src/stm32f1xx_it.c **** /* USER CODE BEGIN EV */
  65:Core/Src/stm32f1xx_it.c **** 
  66:Core/Src/stm32f1xx_it.c **** /* USER CODE END EV */
  67:Core/Src/stm32f1xx_it.c **** 
  68:Core/Src/stm32f1xx_it.c **** /******************************************************************************/
  69:Core/Src/stm32f1xx_it.c **** /*           Cortex-M3 Processor Interruption and Exception Handlers          */
  70:Core/Src/stm32f1xx_it.c **** /******************************************************************************/
  71:Core/Src/stm32f1xx_it.c **** /**
  72:Core/Src/stm32f1xx_it.c ****   * @brief This function handles Non maskable interrupt.
  73:Core/Src/stm32f1xx_it.c ****   */
  74:Core/Src/stm32f1xx_it.c **** void NMI_Handler(void)
  75:Core/Src/stm32f1xx_it.c **** {
  27              		.loc 1 75 1 view -0
  28              		.cfi_startproc
  29              		@ Volatile: function does not return.
  30              		@ args = 0, pretend = 0, frame = 0
  31              		@ frame_needed = 0, uses_anonymous_args = 0
  32              		@ link register save eliminated.
  33              	.L2:
  76:Core/Src/stm32f1xx_it.c ****   /* USER CODE BEGIN NonMaskableInt_IRQn 0 */
  77:Core/Src/stm32f1xx_it.c **** 
  78:Core/Src/stm32f1xx_it.c ****   /* USER CODE END NonMaskableInt_IRQn 0 */
  79:Core/Src/stm32f1xx_it.c ****   /* USER CODE BEGIN NonMaskableInt_IRQn 1 */
  80:Core/Src/stm32f1xx_it.c ****    while (1)
  34              		.loc 1 80 4 view .LVU1
  81:Core/Src/stm32f1xx_it.c ****   {
ARM GAS  /tmp/ccRDGGNQ.s 			page 3


  82:Core/Src/stm32f1xx_it.c ****   }
  35              		.loc 1 82 3 view .LVU2
  80:Core/Src/stm32f1xx_it.c ****   {
  36              		.loc 1 80 10 view .LVU3
  37 0000 FEE7     		b	.L2
  38              		.cfi_endproc
  39              	.LFE69:
  41              		.section	.text.HardFault_Handler,"ax",%progbits
  42              		.align	1
  43              		.global	HardFault_Handler
  44              		.syntax unified
  45              		.thumb
  46              		.thumb_func
  48              	HardFault_Handler:
  49              	.LFB70:
  83:Core/Src/stm32f1xx_it.c ****   /* USER CODE END NonMaskableInt_IRQn 1 */
  84:Core/Src/stm32f1xx_it.c **** }
  85:Core/Src/stm32f1xx_it.c **** 
  86:Core/Src/stm32f1xx_it.c **** /**
  87:Core/Src/stm32f1xx_it.c ****   * @brief This function handles Hard fault interrupt.
  88:Core/Src/stm32f1xx_it.c ****   */
  89:Core/Src/stm32f1xx_it.c **** void HardFault_Handler(void)
  90:Core/Src/stm32f1xx_it.c **** {
  50              		.loc 1 90 1 view -0
  51              		.cfi_startproc
  52              		@ Volatile: function does not return.
  53              		@ args = 0, pretend = 0, frame = 0
  54              		@ frame_needed = 0, uses_anonymous_args = 0
  55              		@ link register save eliminated.
  56              	.L4:
  91:Core/Src/stm32f1xx_it.c ****   /* USER CODE BEGIN HardFault_IRQn 0 */
  92:Core/Src/stm32f1xx_it.c **** 
  93:Core/Src/stm32f1xx_it.c ****   /* USER CODE END HardFault_IRQn 0 */
  94:Core/Src/stm32f1xx_it.c ****   while (1)
  57              		.loc 1 94 3 view .LVU5
  95:Core/Src/stm32f1xx_it.c ****   {
  96:Core/Src/stm32f1xx_it.c ****     /* USER CODE BEGIN W1_HardFault_IRQn 0 */
  97:Core/Src/stm32f1xx_it.c ****     /* USER CODE END W1_HardFault_IRQn 0 */
  98:Core/Src/stm32f1xx_it.c ****   }
  58              		.loc 1 98 3 view .LVU6
  94:Core/Src/stm32f1xx_it.c ****   {
  59              		.loc 1 94 9 view .LVU7
  60 0000 FEE7     		b	.L4
  61              		.cfi_endproc
  62              	.LFE70:
  64              		.section	.text.MemManage_Handler,"ax",%progbits
  65              		.align	1
  66              		.global	MemManage_Handler
  67              		.syntax unified
  68              		.thumb
  69              		.thumb_func
  71              	MemManage_Handler:
  72              	.LFB71:
  99:Core/Src/stm32f1xx_it.c **** }
 100:Core/Src/stm32f1xx_it.c **** 
 101:Core/Src/stm32f1xx_it.c **** /**
 102:Core/Src/stm32f1xx_it.c ****   * @brief This function handles Memory management fault.
ARM GAS  /tmp/ccRDGGNQ.s 			page 4


 103:Core/Src/stm32f1xx_it.c ****   */
 104:Core/Src/stm32f1xx_it.c **** void MemManage_Handler(void)
 105:Core/Src/stm32f1xx_it.c **** {
  73              		.loc 1 105 1 view -0
  74              		.cfi_startproc
  75              		@ Volatile: function does not return.
  76              		@ args = 0, pretend = 0, frame = 0
  77              		@ frame_needed = 0, uses_anonymous_args = 0
  78              		@ link register save eliminated.
  79              	.L6:
 106:Core/Src/stm32f1xx_it.c ****   /* USER CODE BEGIN MemoryManagement_IRQn 0 */
 107:Core/Src/stm32f1xx_it.c **** 
 108:Core/Src/stm32f1xx_it.c ****   /* USER CODE END MemoryManagement_IRQn 0 */
 109:Core/Src/stm32f1xx_it.c ****   while (1)
  80              		.loc 1 109 3 view .LVU9
 110:Core/Src/stm32f1xx_it.c ****   {
 111:Core/Src/stm32f1xx_it.c ****     /* USER CODE BEGIN W1_MemoryManagement_IRQn 0 */
 112:Core/Src/stm32f1xx_it.c ****     /* USER CODE END W1_MemoryManagement_IRQn 0 */
 113:Core/Src/stm32f1xx_it.c ****   }
  81              		.loc 1 113 3 view .LVU10
 109:Core/Src/stm32f1xx_it.c ****   {
  82              		.loc 1 109 9 view .LVU11
  83 0000 FEE7     		b	.L6
  84              		.cfi_endproc
  85              	.LFE71:
  87              		.section	.text.BusFault_Handler,"ax",%progbits
  88              		.align	1
  89              		.global	BusFault_Handler
  90              		.syntax unified
  91              		.thumb
  92              		.thumb_func
  94              	BusFault_Handler:
  95              	.LFB72:
 114:Core/Src/stm32f1xx_it.c **** }
 115:Core/Src/stm32f1xx_it.c **** 
 116:Core/Src/stm32f1xx_it.c **** /**
 117:Core/Src/stm32f1xx_it.c ****   * @brief This function handles Prefetch fault, memory access fault.
 118:Core/Src/stm32f1xx_it.c ****   */
 119:Core/Src/stm32f1xx_it.c **** void BusFault_Handler(void)
 120:Core/Src/stm32f1xx_it.c **** {
  96              		.loc 1 120 1 view -0
  97              		.cfi_startproc
  98              		@ Volatile: function does not return.
  99              		@ args = 0, pretend = 0, frame = 0
 100              		@ frame_needed = 0, uses_anonymous_args = 0
 101              		@ link register save eliminated.
 102              	.L8:
 121:Core/Src/stm32f1xx_it.c ****   /* USER CODE BEGIN BusFault_IRQn 0 */
 122:Core/Src/stm32f1xx_it.c **** 
 123:Core/Src/stm32f1xx_it.c ****   /* USER CODE END BusFault_IRQn 0 */
 124:Core/Src/stm32f1xx_it.c ****   while (1)
 103              		.loc 1 124 3 view .LVU13
 125:Core/Src/stm32f1xx_it.c ****   {
 126:Core/Src/stm32f1xx_it.c ****     /* USER CODE BEGIN W1_BusFault_IRQn 0 */
 127:Core/Src/stm32f1xx_it.c ****     /* USER CODE END W1_BusFault_IRQn 0 */
 128:Core/Src/stm32f1xx_it.c ****   }
 104              		.loc 1 128 3 view .LVU14
ARM GAS  /tmp/ccRDGGNQ.s 			page 5


 124:Core/Src/stm32f1xx_it.c ****   {
 105              		.loc 1 124 9 view .LVU15
 106 0000 FEE7     		b	.L8
 107              		.cfi_endproc
 108              	.LFE72:
 110              		.section	.text.UsageFault_Handler,"ax",%progbits
 111              		.align	1
 112              		.global	UsageFault_Handler
 113              		.syntax unified
 114              		.thumb
 115              		.thumb_func
 117              	UsageFault_Handler:
 118              	.LFB73:
 129:Core/Src/stm32f1xx_it.c **** }
 130:Core/Src/stm32f1xx_it.c **** 
 131:Core/Src/stm32f1xx_it.c **** /**
 132:Core/Src/stm32f1xx_it.c ****   * @brief This function handles Undefined instruction or illegal state.
 133:Core/Src/stm32f1xx_it.c ****   */
 134:Core/Src/stm32f1xx_it.c **** void UsageFault_Handler(void)
 135:Core/Src/stm32f1xx_it.c **** {
 119              		.loc 1 135 1 view -0
 120              		.cfi_startproc
 121              		@ Volatile: function does not return.
 122              		@ args = 0, pretend = 0, frame = 0
 123              		@ frame_needed = 0, uses_anonymous_args = 0
 124              		@ link register save eliminated.
 125              	.L10:
 136:Core/Src/stm32f1xx_it.c ****   /* USER CODE BEGIN UsageFault_IRQn 0 */
 137:Core/Src/stm32f1xx_it.c **** 
 138:Core/Src/stm32f1xx_it.c ****   /* USER CODE END UsageFault_IRQn 0 */
 139:Core/Src/stm32f1xx_it.c ****   while (1)
 126              		.loc 1 139 3 view .LVU17
 140:Core/Src/stm32f1xx_it.c ****   {
 141:Core/Src/stm32f1xx_it.c ****     /* USER CODE BEGIN W1_UsageFault_IRQn 0 */
 142:Core/Src/stm32f1xx_it.c ****     /* USER CODE END W1_UsageFault_IRQn 0 */
 143:Core/Src/stm32f1xx_it.c ****   }
 127              		.loc 1 143 3 view .LVU18
 139:Core/Src/stm32f1xx_it.c ****   {
 128              		.loc 1 139 9 view .LVU19
 129 0000 FEE7     		b	.L10
 130              		.cfi_endproc
 131              	.LFE73:
 133              		.section	.text.DebugMon_Handler,"ax",%progbits
 134              		.align	1
 135              		.global	DebugMon_Handler
 136              		.syntax unified
 137              		.thumb
 138              		.thumb_func
 140              	DebugMon_Handler:
 141              	.LFB74:
 144:Core/Src/stm32f1xx_it.c **** }
 145:Core/Src/stm32f1xx_it.c **** 
 146:Core/Src/stm32f1xx_it.c **** /**
 147:Core/Src/stm32f1xx_it.c ****   * @brief This function handles Debug monitor.
 148:Core/Src/stm32f1xx_it.c ****   */
 149:Core/Src/stm32f1xx_it.c **** void DebugMon_Handler(void)
 150:Core/Src/stm32f1xx_it.c **** {
ARM GAS  /tmp/ccRDGGNQ.s 			page 6


 142              		.loc 1 150 1 view -0
 143              		.cfi_startproc
 144              		@ args = 0, pretend = 0, frame = 0
 145              		@ frame_needed = 0, uses_anonymous_args = 0
 146              		@ link register save eliminated.
 151:Core/Src/stm32f1xx_it.c ****   /* USER CODE BEGIN DebugMonitor_IRQn 0 */
 152:Core/Src/stm32f1xx_it.c **** 
 153:Core/Src/stm32f1xx_it.c ****   /* USER CODE END DebugMonitor_IRQn 0 */
 154:Core/Src/stm32f1xx_it.c ****   /* USER CODE BEGIN DebugMonitor_IRQn 1 */
 155:Core/Src/stm32f1xx_it.c **** 
 156:Core/Src/stm32f1xx_it.c ****   /* USER CODE END DebugMonitor_IRQn 1 */
 157:Core/Src/stm32f1xx_it.c **** }
 147              		.loc 1 157 1 view .LVU21
 148 0000 7047     		bx	lr
 149              		.cfi_endproc
 150              	.LFE74:
 152              		.section	.text.DMA1_Channel4_IRQHandler,"ax",%progbits
 153              		.align	1
 154              		.global	DMA1_Channel4_IRQHandler
 155              		.syntax unified
 156              		.thumb
 157              		.thumb_func
 159              	DMA1_Channel4_IRQHandler:
 160              	.LFB75:
 158:Core/Src/stm32f1xx_it.c **** 
 159:Core/Src/stm32f1xx_it.c **** /******************************************************************************/
 160:Core/Src/stm32f1xx_it.c **** /* STM32F1xx Peripheral Interrupt Handlers                                    */
 161:Core/Src/stm32f1xx_it.c **** /* Add here the Interrupt Handlers for the used peripherals.                  */
 162:Core/Src/stm32f1xx_it.c **** /* For the available peripheral interrupt handler names,                      */
 163:Core/Src/stm32f1xx_it.c **** /* please refer to the startup file (startup_stm32f1xx.s).                    */
 164:Core/Src/stm32f1xx_it.c **** /******************************************************************************/
 165:Core/Src/stm32f1xx_it.c **** 
 166:Core/Src/stm32f1xx_it.c **** /**
 167:Core/Src/stm32f1xx_it.c ****   * @brief This function handles DMA1 channel4 global interrupt.
 168:Core/Src/stm32f1xx_it.c ****   */
 169:Core/Src/stm32f1xx_it.c **** void DMA1_Channel4_IRQHandler(void)
 170:Core/Src/stm32f1xx_it.c **** {
 161              		.loc 1 170 1 view -0
 162              		.cfi_startproc
 163              		@ args = 0, pretend = 0, frame = 0
 164              		@ frame_needed = 0, uses_anonymous_args = 0
 165 0000 08B5     		push	{r3, lr}
 166              	.LCFI0:
 167              		.cfi_def_cfa_offset 8
 168              		.cfi_offset 3, -8
 169              		.cfi_offset 14, -4
 171:Core/Src/stm32f1xx_it.c ****   /* USER CODE BEGIN DMA1_Channel4_IRQn 0 */
 172:Core/Src/stm32f1xx_it.c **** 
 173:Core/Src/stm32f1xx_it.c ****   /* USER CODE END DMA1_Channel4_IRQn 0 */
 174:Core/Src/stm32f1xx_it.c ****   HAL_DMA_IRQHandler(&hdma_usart1_tx);
 170              		.loc 1 174 3 view .LVU23
 171 0002 0248     		ldr	r0, .L14
 172 0004 FFF7FEFF 		bl	HAL_DMA_IRQHandler
 173              	.LVL0:
 175:Core/Src/stm32f1xx_it.c ****   /* USER CODE BEGIN DMA1_Channel4_IRQn 1 */
 176:Core/Src/stm32f1xx_it.c **** 
 177:Core/Src/stm32f1xx_it.c ****   /* USER CODE END DMA1_Channel4_IRQn 1 */
ARM GAS  /tmp/ccRDGGNQ.s 			page 7


 178:Core/Src/stm32f1xx_it.c **** }
 174              		.loc 1 178 1 is_stmt 0 view .LVU24
 175 0008 08BD     		pop	{r3, pc}
 176              	.L15:
 177 000a 00BF     		.align	2
 178              	.L14:
 179 000c 00000000 		.word	hdma_usart1_tx
 180              		.cfi_endproc
 181              	.LFE75:
 183              		.section	.text.DMA1_Channel5_IRQHandler,"ax",%progbits
 184              		.align	1
 185              		.global	DMA1_Channel5_IRQHandler
 186              		.syntax unified
 187              		.thumb
 188              		.thumb_func
 190              	DMA1_Channel5_IRQHandler:
 191              	.LFB76:
 179:Core/Src/stm32f1xx_it.c **** 
 180:Core/Src/stm32f1xx_it.c **** /**
 181:Core/Src/stm32f1xx_it.c ****   * @brief This function handles DMA1 channel5 global interrupt.
 182:Core/Src/stm32f1xx_it.c ****   */
 183:Core/Src/stm32f1xx_it.c **** void DMA1_Channel5_IRQHandler(void)
 184:Core/Src/stm32f1xx_it.c **** {
 192              		.loc 1 184 1 is_stmt 1 view -0
 193              		.cfi_startproc
 194              		@ args = 0, pretend = 0, frame = 0
 195              		@ frame_needed = 0, uses_anonymous_args = 0
 196 0000 08B5     		push	{r3, lr}
 197              	.LCFI1:
 198              		.cfi_def_cfa_offset 8
 199              		.cfi_offset 3, -8
 200              		.cfi_offset 14, -4
 185:Core/Src/stm32f1xx_it.c ****   /* USER CODE BEGIN DMA1_Channel5_IRQn 0 */
 186:Core/Src/stm32f1xx_it.c **** 
 187:Core/Src/stm32f1xx_it.c ****   /* USER CODE END DMA1_Channel5_IRQn 0 */
 188:Core/Src/stm32f1xx_it.c ****   HAL_DMA_IRQHandler(&hdma_usart1_rx);
 201              		.loc 1 188 3 view .LVU26
 202 0002 0248     		ldr	r0, .L18
 203 0004 FFF7FEFF 		bl	HAL_DMA_IRQHandler
 204              	.LVL1:
 189:Core/Src/stm32f1xx_it.c ****   /* USER CODE BEGIN DMA1_Channel5_IRQn 1 */
 190:Core/Src/stm32f1xx_it.c **** 
 191:Core/Src/stm32f1xx_it.c ****   /* USER CODE END DMA1_Channel5_IRQn 1 */
 192:Core/Src/stm32f1xx_it.c **** }
 205              		.loc 1 192 1 is_stmt 0 view .LVU27
 206 0008 08BD     		pop	{r3, pc}
 207              	.L19:
 208 000a 00BF     		.align	2
 209              	.L18:
 210 000c 00000000 		.word	hdma_usart1_rx
 211              		.cfi_endproc
 212              	.LFE76:
 214              		.section	.text.TIM4_IRQHandler,"ax",%progbits
 215              		.align	1
 216              		.global	TIM4_IRQHandler
 217              		.syntax unified
 218              		.thumb
ARM GAS  /tmp/ccRDGGNQ.s 			page 8


 219              		.thumb_func
 221              	TIM4_IRQHandler:
 222              	.LFB77:
 193:Core/Src/stm32f1xx_it.c **** 
 194:Core/Src/stm32f1xx_it.c **** /**
 195:Core/Src/stm32f1xx_it.c ****   * @brief This function handles TIM4 global interrupt.
 196:Core/Src/stm32f1xx_it.c ****   */
 197:Core/Src/stm32f1xx_it.c **** void TIM4_IRQHandler(void)
 198:Core/Src/stm32f1xx_it.c **** {
 223              		.loc 1 198 1 is_stmt 1 view -0
 224              		.cfi_startproc
 225              		@ args = 0, pretend = 0, frame = 0
 226              		@ frame_needed = 0, uses_anonymous_args = 0
 227 0000 08B5     		push	{r3, lr}
 228              	.LCFI2:
 229              		.cfi_def_cfa_offset 8
 230              		.cfi_offset 3, -8
 231              		.cfi_offset 14, -4
 199:Core/Src/stm32f1xx_it.c ****   /* USER CODE BEGIN TIM4_IRQn 0 */
 200:Core/Src/stm32f1xx_it.c **** 
 201:Core/Src/stm32f1xx_it.c ****   /* USER CODE END TIM4_IRQn 0 */
 202:Core/Src/stm32f1xx_it.c ****   HAL_TIM_IRQHandler(&htim4);
 232              		.loc 1 202 3 view .LVU29
 233 0002 0248     		ldr	r0, .L22
 234 0004 FFF7FEFF 		bl	HAL_TIM_IRQHandler
 235              	.LVL2:
 203:Core/Src/stm32f1xx_it.c ****   /* USER CODE BEGIN TIM4_IRQn 1 */
 204:Core/Src/stm32f1xx_it.c **** 
 205:Core/Src/stm32f1xx_it.c ****   /* USER CODE END TIM4_IRQn 1 */
 206:Core/Src/stm32f1xx_it.c **** }
 236              		.loc 1 206 1 is_stmt 0 view .LVU30
 237 0008 08BD     		pop	{r3, pc}
 238              	.L23:
 239 000a 00BF     		.align	2
 240              	.L22:
 241 000c 00000000 		.word	htim4
 242              		.cfi_endproc
 243              	.LFE77:
 245              		.section	.text.USART1_IRQHandler,"ax",%progbits
 246              		.align	1
 247              		.global	USART1_IRQHandler
 248              		.syntax unified
 249              		.thumb
 250              		.thumb_func
 252              	USART1_IRQHandler:
 253              	.LFB78:
 207:Core/Src/stm32f1xx_it.c **** 
 208:Core/Src/stm32f1xx_it.c **** /**
 209:Core/Src/stm32f1xx_it.c ****   * @brief This function handles USART1 global interrupt.
 210:Core/Src/stm32f1xx_it.c ****   */
 211:Core/Src/stm32f1xx_it.c **** void USART1_IRQHandler(void)
 212:Core/Src/stm32f1xx_it.c **** {
 254              		.loc 1 212 1 is_stmt 1 view -0
 255              		.cfi_startproc
 256              		@ args = 0, pretend = 0, frame = 8
 257              		@ frame_needed = 0, uses_anonymous_args = 0
 258 0000 00B5     		push	{lr}
ARM GAS  /tmp/ccRDGGNQ.s 			page 9


 259              	.LCFI3:
 260              		.cfi_def_cfa_offset 4
 261              		.cfi_offset 14, -4
 262 0002 83B0     		sub	sp, sp, #12
 263              	.LCFI4:
 264              		.cfi_def_cfa_offset 16
 213:Core/Src/stm32f1xx_it.c ****   /* USER CODE BEGIN USART1_IRQn 0 */
 214:Core/Src/stm32f1xx_it.c **** 
 215:Core/Src/stm32f1xx_it.c ****   if (__HAL_UART_GET_FLAG(&huart1, UART_FLAG_IDLE) != RESET)
 265              		.loc 1 215 3 view .LVU32
 266              		.loc 1 215 7 is_stmt 0 view .LVU33
 267 0004 0A4B     		ldr	r3, .L28
 268 0006 1B68     		ldr	r3, [r3]
 269 0008 1A68     		ldr	r2, [r3]
 270              		.loc 1 215 6 view .LVU34
 271 000a 12F0100F 		tst	r2, #16
 272 000e 05D1     		bne	.L27
 273              	.L25:
 216:Core/Src/stm32f1xx_it.c ****   {
 217:Core/Src/stm32f1xx_it.c ****     __HAL_UART_CLEAR_IDLEFLAG(&huart1);
 218:Core/Src/stm32f1xx_it.c ****     UartRxTask_NotifyFromIdleIrq();
 219:Core/Src/stm32f1xx_it.c ****   }
 220:Core/Src/stm32f1xx_it.c **** 
 221:Core/Src/stm32f1xx_it.c ****   /* USER CODE END USART1_IRQn 0 */
 222:Core/Src/stm32f1xx_it.c ****   HAL_UART_IRQHandler(&huart1);
 274              		.loc 1 222 3 is_stmt 1 view .LVU35
 275 0010 0748     		ldr	r0, .L28
 276 0012 FFF7FEFF 		bl	HAL_UART_IRQHandler
 277              	.LVL3:
 223:Core/Src/stm32f1xx_it.c ****   /* USER CODE BEGIN USART1_IRQn 1 */
 224:Core/Src/stm32f1xx_it.c **** 
 225:Core/Src/stm32f1xx_it.c ****   /* USER CODE END USART1_IRQn 1 */
 226:Core/Src/stm32f1xx_it.c **** }
 278              		.loc 1 226 1 is_stmt 0 view .LVU36
 279 0016 03B0     		add	sp, sp, #12
 280              	.LCFI5:
 281              		.cfi_remember_state
 282              		.cfi_def_cfa_offset 4
 283              		@ sp needed
 284 0018 5DF804FB 		ldr	pc, [sp], #4
 285              	.L27:
 286              	.LCFI6:
 287              		.cfi_restore_state
 217:Core/Src/stm32f1xx_it.c ****     UartRxTask_NotifyFromIdleIrq();
 288              		.loc 1 217 5 is_stmt 1 view .LVU37
 289              	.LBB2:
 217:Core/Src/stm32f1xx_it.c ****     UartRxTask_NotifyFromIdleIrq();
 290              		.loc 1 217 5 view .LVU38
 291 001c 0022     		movs	r2, #0
 292 001e 0192     		str	r2, [sp, #4]
 217:Core/Src/stm32f1xx_it.c ****     UartRxTask_NotifyFromIdleIrq();
 293              		.loc 1 217 5 view .LVU39
 294 0020 1A68     		ldr	r2, [r3]
 295 0022 0192     		str	r2, [sp, #4]
 217:Core/Src/stm32f1xx_it.c ****     UartRxTask_NotifyFromIdleIrq();
 296              		.loc 1 217 5 view .LVU40
 297 0024 5B68     		ldr	r3, [r3, #4]
ARM GAS  /tmp/ccRDGGNQ.s 			page 10


 298 0026 0193     		str	r3, [sp, #4]
 217:Core/Src/stm32f1xx_it.c ****     UartRxTask_NotifyFromIdleIrq();
 299              		.loc 1 217 5 view .LVU41
 300 0028 019B     		ldr	r3, [sp, #4]
 301              	.LBE2:
 217:Core/Src/stm32f1xx_it.c ****     UartRxTask_NotifyFromIdleIrq();
 302              		.loc 1 217 5 view .LVU42
 218:Core/Src/stm32f1xx_it.c ****   }
 303              		.loc 1 218 5 view .LVU43
 304 002a FFF7FEFF 		bl	UartRxTask_NotifyFromIdleIrq
 305              	.LVL4:
 306 002e EFE7     		b	.L25
 307              	.L29:
 308              		.align	2
 309              	.L28:
 310 0030 00000000 		.word	huart1
 311              		.cfi_endproc
 312              	.LFE78:
 314              		.text
 315              	.Letext0:
 316              		.file 2 "/usr/lib/gcc/arm-none-eabi/13.2.1/include/stdint.h"
 317              		.file 3 "Drivers/CMSIS/Device/ST/STM32F1xx/Include/stm32f103xb.h"
 318              		.file 4 "Drivers/CMSIS/Device/ST/STM32F1xx/Include/stm32f1xx.h"
 319              		.file 5 "Drivers/STM32F1xx_HAL_Driver/Inc/stm32f1xx_hal_def.h"
 320              		.file 6 "Drivers/STM32F1xx_HAL_Driver/Inc/stm32f1xx_hal_dma.h"
 321              		.file 7 "Drivers/STM32F1xx_HAL_Driver/Inc/stm32f1xx_hal_tim.h"
 322              		.file 8 "Drivers/STM32F1xx_HAL_Driver/Inc/stm32f1xx_hal_uart.h"
 323              		.file 9 "Core/Inc/uart_rx_task.h"
ARM GAS  /tmp/ccRDGGNQ.s 			page 11


DEFINED SYMBOLS
                            *ABS*:00000000 stm32f1xx_it.c
     /tmp/ccRDGGNQ.s:19     .text.NMI_Handler:00000000 $t
     /tmp/ccRDGGNQ.s:25     .text.NMI_Handler:00000000 NMI_Handler
     /tmp/ccRDGGNQ.s:42     .text.HardFault_Handler:00000000 $t
     /tmp/ccRDGGNQ.s:48     .text.HardFault_Handler:00000000 HardFault_Handler
     /tmp/ccRDGGNQ.s:65     .text.MemManage_Handler:00000000 $t
     /tmp/ccRDGGNQ.s:71     .text.MemManage_Handler:00000000 MemManage_Handler
     /tmp/ccRDGGNQ.s:88     .text.BusFault_Handler:00000000 $t
     /tmp/ccRDGGNQ.s:94     .text.BusFault_Handler:00000000 BusFault_Handler
     /tmp/ccRDGGNQ.s:111    .text.UsageFault_Handler:00000000 $t
     /tmp/ccRDGGNQ.s:117    .text.UsageFault_Handler:00000000 UsageFault_Handler
     /tmp/ccRDGGNQ.s:134    .text.DebugMon_Handler:00000000 $t
     /tmp/ccRDGGNQ.s:140    .text.DebugMon_Handler:00000000 DebugMon_Handler
     /tmp/ccRDGGNQ.s:153    .text.DMA1_Channel4_IRQHandler:00000000 $t
     /tmp/ccRDGGNQ.s:159    .text.DMA1_Channel4_IRQHandler:00000000 DMA1_Channel4_IRQHandler
     /tmp/ccRDGGNQ.s:179    .text.DMA1_Channel4_IRQHandler:0000000c $d
     /tmp/ccRDGGNQ.s:184    .text.DMA1_Channel5_IRQHandler:00000000 $t
     /tmp/ccRDGGNQ.s:190    .text.DMA1_Channel5_IRQHandler:00000000 DMA1_Channel5_IRQHandler
     /tmp/ccRDGGNQ.s:210    .text.DMA1_Channel5_IRQHandler:0000000c $d
     /tmp/ccRDGGNQ.s:215    .text.TIM4_IRQHandler:00000000 $t
     /tmp/ccRDGGNQ.s:221    .text.TIM4_IRQHandler:00000000 TIM4_IRQHandler
     /tmp/ccRDGGNQ.s:241    .text.TIM4_IRQHandler:0000000c $d
     /tmp/ccRDGGNQ.s:246    .text.USART1_IRQHandler:00000000 $t
     /tmp/ccRDGGNQ.s:252    .text.USART1_IRQHandler:00000000 USART1_IRQHandler
     /tmp/ccRDGGNQ.s:310    .text.USART1_IRQHandler:00000030 $d

UNDEFINED SYMBOLS
HAL_DMA_IRQHandler
hdma_usart1_tx
hdma_usart1_rx
HAL_TIM_IRQHandler
htim4
HAL_UART_IRQHandler
UartRxTask_NotifyFromIdleIrq
huart1
