Archive member included to satisfy reference by file (symbol)

e:/keil_v5/gnu arm embedded toolchain/10 2021.10/bin/../lib/gcc/arm-none-eabi/10.3.1/../../../../arm-none-eabi/lib/thumb/v7-m/nofp\libc_nano.a(lib_a-errno.o)
                              build/sysmem.o (__errno)
e:/keil_v5/gnu arm embedded toolchain/10 2021.10/bin/../lib/gcc/arm-none-eabi/10.3.1/../../../../arm-none-eabi/lib/thumb/v7-m/nofp\libc_nano.a(lib_a-exit.o)
                              e:/keil_v5/gnu arm embedded toolchain/10 2021.10/bin/../lib/gcc/arm-none-eabi/10.3.1/../../../../arm-none-eabi/lib/thumb/v7-m/nofp/crt0.o (exit)
e:/keil_v5/gnu arm embedded toolchain/10 2021.10/bin/../lib/gcc/arm-none-eabi/10.3.1/../../../../arm-none-eabi/lib/thumb/v7-m/nofp\libc_nano.a(lib_a-impure.o)
                              e:/keil_v5/gnu arm embedded toolchain/10 2021.10/bin/../lib/gcc/arm-none-eabi/10.3.1/../../../../arm-none-eabi/lib/thumb/v7-m/nofp\libc_nano.a(lib_a-exit.o) (_global_impure_ptr)
e:/keil_v5/gnu arm embedded toolchain/10 2021.10/bin/../lib/gcc/arm-none-eabi/10.3.1/../../../../arm-none-eabi/lib/thumb/v7-m/nofp\libc_nano.a(lib_a-init.o)
                              e:/keil_v5/gnu arm embedded toolchain/10 2021.10/bin/../lib/gcc/arm-none-eabi/10.3.1/../../../../arm-none-eabi/lib/thumb/v7-m/nofp/crt0.o (__libc_init_array)
e:/keil_v5/gnu arm embedded toolchain/10 2021.10/bin/../lib/gcc/arm-none-eabi/10.3.1/../../../../arm-none-eabi/lib/thumb/v7-m/nofp\libc_nano.a(lib_a-memcpy-stub.o)
                              build/queue.o (memcpy)
e:/keil_v5/gnu arm embedded toolchain/10 2021.10/bin/../lib/gcc/arm-none-eabi/10.3.1/../../../../arm-none-eabi/lib/thumb/v7-m/nofp\libc_nano.a(lib_a-memset.o)
                              e:/keil_v5/gnu arm embedded toolchain/10 2021.10/bin/../lib/gcc/arm-none-eabi/10.3.1/../../../../arm-none-eabi/lib/thumb/v7-m/nofp/crt0.o (memset)
e:/keil_v5/gnu arm embedded toolchain/10 2021.10/bin/../lib/gcc/arm-none-eabi/10.3.1/thumb/v7-m/nofp\libgcc.a(_arm_mulsf3.o)
                              build/servo_driver.o (__aeabi_fmul)
e:/keil_v5/gnu arm embedded toolchain/10 2021.10/bin/../lib/gcc/arm-none-eabi/10.3.1/thumb/v7-m/nofp\libgcc.a(_arm_addsubsf3.o)
                              build/servo_driver.o (__aeabi_fadd)
e:/keil_v5/gnu arm embedded toolchain/10 2021.10/bin/../lib/gcc/arm-none-eabi/10.3.1/thumb/v7-m/nofp\libgcc.a(_arm_cmpsf2.o)
                              build/servo_driver.o (__aeabi_fcmplt)
e:/keil_v5/gnu arm embedded toolchain/10 2021.10/bin/../lib/gcc/arm-none-eabi/10.3.1/thumb/v7-m/nofp\libgcc.a(_arm_fixunssfsi.o)
                              build/servo_driver.o (__aeabi_f2uiz)

Discarded input sections

 .text          0x00000000        0x0 e:/keil_v5/gnu arm embedded toolchain/10 2021.10/bin/../lib/gcc/arm-none-eabi/10.3.1/thumb/v7-m/nofp/crti.o
 .data          0x00000000        0x0 e:/keil_v5/gnu arm embedded toolchain/10 2021.10/bin/../lib/gcc/arm-none-eabi/10.3.1/thumb/v7-m/nofp/crti.o
 .bss           0x00000000        0x0 e:/keil_v5/gnu arm embedded toolchain/10 2021.10/bin/../lib/gcc/arm-none-eabi/10.3.1/thumb/v7-m/nofp/crti.o
 .data          0x00000000        0x4 e:/keil_v5/gnu arm embedded toolchain/10 2021.10/bin/../lib/gcc/arm-none-eabi/10.3.1/thumb/v7-m/nofp/crtbegin.o
 .rodata        0x00000000       0x24 e:/keil_v5/gnu arm embedded toolchain/10 2021.10/bin/../lib/gcc/arm-none-eabi/10.3.1/thumb/v7-m/nofp/crtbegin.o
 .text          0x00000000       0x7c e:/keil_v5/gnu arm embedded toolchain/10 2021.10/bin/../lib/gcc/arm-none-eabi/10.3.1/../../../../arm-none-eabi/lib/thumb/v7-m/nofp/crt0.o
 .data          0x00000000        0x0 e:/keil_v5/gnu arm embedded toolchain/10 2021.10/bin/../lib/gcc/arm-none-eabi/10.3.1/../../../../arm-none-eabi/lib/thumb/v7-m/nofp/crt0.o
 .bss           0x00000000        0x0 e:/keil_v5/gnu arm embedded toolchain/10 2021.10/bin/../lib/gcc/arm-none-eabi/10.3.1/../../../../arm-none-eabi/lib/thumb/v7-m/nofp/crt0.o
 .ARM.extab     0x00000000        0x0 e:/keil_v5/gnu arm embedded toolchain/10 2021.10/bin/../lib/gcc/arm-none-eabi/10.3.1/../../../../arm-none-eabi/lib/thumb/v7-m/nofp/crt0.o
 .ARM.exidx     0x00000000       0x10 e:/keil_v5/gnu arm embedded toolchain/10 2021.10/bin/../lib/gcc/arm-none-eabi/10.3.1/../../../../arm-none-eabi/lib/thumb/v7-m/nofp/crt0.o
 .ARM.attributes
                0x00000000       0x1b e:/keil_v5/gnu arm embedded toolchain/10 2021.10/bin/../lib/gcc/arm-none-eabi/10.3.1/../../../../arm-none-eabi/lib/thumb/v7-m/nofp/crt0.o
 .text          0x00000000        0x0 build/main.o
 .data          0x00000000        0x0 build/main.o
 .bss           0x00000000        0x0 build/main.o
 .text          0x00000000        0x0 build/gpio.o
 .data          0x00000000        0x0 build/gpio.o
 .bss           0x00000000        0x0 build/gpio.o
 .text          0x00000000        0x0 build/freertos.o
 .data          0x00000000        0x0 build/freertos.o
 .bss           0x00000000        0x0 build/freertos.o
 .text.StartDefaultTask
[...]
Memory Configuration

Name             Origin             Length             Attributes
RAM              0x20000000         0x00005000         xrw
FLASH            0x08000000         0x00010000         xr
*default*        0x00000000         0xffffffff

Linker script and memory map

LOAD e:/keil_v5/gnu arm embedded toolchain/10 2021.10/bin/../lib/gcc/arm-none-eabi/10.3.1/thumb/v7-m/nofp/crti.o
LOAD e:/keil_v5/gnu arm embedded toolchain/10 2021.10/bin/../lib/gcc/arm-none-eabi/10.3.1/thumb/v7-m/nofp/crtbegin.o
LOAD e:/keil_v5/gnu arm embedded toolchain/10 2021.10/bin/../lib/gcc/arm-none-eabi/10.3.1/../../../../arm-none-eabi/lib/thumb/v7-m/nofp/crt0.o
LOAD build/main.o
LOAD build/gpio.o
LOAD build/freertos.o
LOAD build/dma.o
LOAD build/tim.o
LOAD build/servo_driver.o
LOAD build/usart.o
LOAD build/iwdg.o
LOAD build/stm32f1xx_it.o
LOAD build/stm32f1xx_hal_msp.o
LOAD build/stm32f1xx_hal_timebase_tim.o
LOAD build/stm32f1xx_hal_gpio_ex.o
LOAD build/stm32f1xx_hal_tim.o
LOAD build/stm32f1xx_hal_tim_ex.o
LOAD build/stm32f1xx_hal.o
LOAD build/stm32f1xx_hal_rcc.o
LOAD build/stm32f1xx_hal_rcc_ex.o
LOAD build/stm32f1xx_hal_gpio.o
LOAD build/stm32f1xx_hal_dma.o
LOAD build/stm32f1xx_hal_cortex.o
LOAD build/stm32f1xx_hal_pwr.o
LOAD build/stm32f1xx_hal_flash.o
LOAD build/stm32f1xx_hal_flash_ex.o
LOAD build/stm32f1xx_hal_exti.o
LOAD build/stm32f1xx_hal_uart.o
LOAD build/stm32f1xx_hal_iwdg.o
LOAD build/system_stm32f1xx.o
LOAD build/croutine.o
LOAD build/event_groups.o
LOAD build/list.o
LOAD build/queue.o
LOAD build/stream_buffer.o
LOAD build/tasks.o
LOAD build/timers.o
LOAD build/cmsis_os2.o
LOAD build/heap_4.o
LOAD build/port.o
LOAD build/sysmem.o
LOAD build/syscalls.o
LOAD build/startup_stm32f103xb.o
LOAD e:/keil_v5/gnu arm embedded toolchain/10 2021.10/bin/../lib/gcc/arm-none-eabi/10.3.1/../../../../arm-none-eabi/lib/thumb/v7-m/nofp\libc_nano.a
LOAD e:/keil_v5/gnu arm embedded toolchain/10 2021.10/bin/../lib/gcc/arm-none-eabi/10.3.1/../../../../arm-none-eabi/lib/thumb/v7-m/nofp\libm.a
LOAD e:/keil_v5/gnu arm embedded toolchain/10 2021.10/bin/../lib/gcc/arm-none-eabi/10.3.1/../../../../arm-none-eabi/lib/thumb/v7-m/nofp\libnosys.a
START GROUP
LOAD e:/keil_v5/gnu arm embedded toolchain/10 2021.10/bin/../lib/gcc/arm-none-eabi/10.3.1/thumb/v7-m/nofp\libgcc.a
LOAD e:/keil_v5/gnu arm embedded toolchain/10 2021.10/bin/../lib/gcc/arm-none-eabi/10.3.1/../../../../arm-none-eabi/lib/thumb/v7-m/nofp\libc_nano.a
END GROUP
START GROUP
LOAD e:/keil_v5/gnu arm embedded toolchain/10 2021.10/bin/../lib/gcc/arm-none-eabi/10.3.1/thumb/v7-m/nofp\libgcc.a
LOAD e:/keil_v5/gnu arm embedded toolchain/10 2021.10/bin/../lib/gcc/arm-none-eabi/10.3.1/../../../../arm-none-eabi/lib/thumb/v7-m/nofp\libc_nano.a
END GROUP
LOAD e:/keil_v5/gnu arm embedded toolchain/10 2021.10/bin/../lib/gcc/arm-none-eabi/10.3.1/thumb/v7-m/nofp/crtend.o
LOAD e:/keil_v5/gnu arm embedded toolchain/10 2021.10/bin/../lib/gcc/arm-none-eabi/10.3.1/thumb/v7-m/nofp/crtn.o
                0x20005000                _estack = (ORIGIN (RAM) + LENGTH (RAM))
                0x20004c00                _sstack = (_estack - _Min_Stack_Size)
                0x00000200                _Min_Heap_Size = 0x200
                0x00000400                _Min_Stack_Size = 0x400

.isr_vector     0x08000000      0x10c
                0x08000000                . = ALIGN (0x4)
 *(.isr_vector)
 .isr_vector    0x08000000      0x10c build/startup_stm32f103xb.o
                0x08000000                g_pfnVectors
                0x0800010c                . = ALIGN (0x4)

.text           0x08000110     0x272c
                0x08000110                . = ALIGN (0x4)
 *(.text)
 .text          0x08000110       0x40 e:/keil_v5/gnu arm embedded toolchain/10 2021.10/bin/../lib/gcc/arm-none-eabi/10.3.1/thumb/v7-m/nofp/crtbegin.o
 .text          0x08000150      0x168 e:/keil_v5/gnu arm embedded toolchain/10 2021.10/bin/../lib/gcc/arm-none-eabi/10.3.1/thumb/v7-m/nofp\libgcc.a(_arm_mulsf3.o)
                0x08000150                __aeabi_fmul
                0x08000150                __mulsf3
 .text          0x080002b8      0x21c e:/keil_v5/gnu arm embedded toolchain/10 2021.10/bin/../lib/gcc/arm-none-eabi/10.3.1/thumb/v7-m/nofp\libgcc.a(_arm_addsubsf3.o)
                0x080002b8                __aeabi_frsub
                0x080002c0                __subsf3
                0x080002c0                __aeabi_fsub
                0x080002c4                __aeabi_fadd
                0x080002c4                __addsf3
                0x08000424                __aeabi_ui2f
                0x08000424                __floatunsisf
                0x0800042c                __aeabi_i2f
                0x0800042c                __floatsisf
                0x08000448                __aeabi_ul2f
                0x08000448                __floatundisf
                0x08000458                __aeabi_l2f
                0x08000458                __floatdisf
 .text          0x080004d4       0xec e:/keil_v5/gnu arm embedded toolchain/10 2021.10/bin/../lib/gcc/arm-none-eabi/10.3.1/thumb/v7-m/nofp\libgcc.a(_arm_cmpsf2.o)
                0x080004d4                __gesf2
                0x080004d4                __gtsf2
                0x080004dc                __lesf2
                0x080004dc                __ltsf2
                0x080004e4                __nesf2
                0x080004e4                __eqsf2
                0x080004e4                __cmpsf2
                0x08000544                __aeabi_cfrcmple
                0x0800054c                __aeabi_cfcmpeq
                0x0800054c                __aeabi_cfcmple
                0x0800055c                __aeabi_fcmpeq
                0x08000570                __aeabi_fcmplt
                0x08000584                __aeabi_fcmple
                0x08000598                __aeabi_fcmpge
                0x080005ac                __aeabi_fcmpgt
 .text          0x080005c0       0x40 e:/keil_v5/gnu arm embedded toolchain/10 2021.10/bin/../lib/gcc/arm-none-eabi/10.3.1/thumb/v7-m/nofp\libgcc.a(_arm_fixunssfsi.o)
                0x080005c0                __fixunssfsi
                0x080005c0                __aeabi_f2uiz
 *(.text*)
 .text.HAL_TIM_PeriodElapsedCallback
                0x08000600       0x18 build/main.o
                0x08000600                HAL_TIM_PeriodElapsedCallback
 .text.Error_Handler
                0x08000618        0x4 build/main.o
                0x08000618                Error_Handler
 .text.SystemClock_Config
                0x0800061c       0x64 build/main.o
                0x0800061c                SystemClock_Config
 .text.main     0x08000680       0x48 build/main.o
                0x08000680                main
 .text.MX_GPIO_Init
                0x080006c8       0x30 build/gpio.o
                0x080006c8                MX_GPIO_Init
 .text.MX_DMA_Init
                0x080006f8       0x44 build/dma.o
                0x080006f8                MX_DMA_Init
 .text.HAL_TIM_PWM_MspInit
                0x0800073c       0x26 build/tim.o
                0x0800073c                HAL_TIM_PWM_MspInit
 *fill*         0x08000762        0x2 
 .text.HAL_TIM_MspPostInit
                0x08000764       0x4c build/tim.o
                0x08000764                HAL_TIM_MspPostInit
 .text.MX_TIM2_Init
                0x080007b0       0xb8 build/tim.o
                0x080007b0                MX_TIM2_Init
 .text.Servo_ClampAngle
                0x08000868       0x28 build/servo_driver.o
 .text.Servo_SetAngle
                0x08000890       0x6c build/servo_driver.o
                0x08000890                Servo_SetAngle
 .text.Servo_Init
                0x080008fc       0x2c build/servo_driver.o
                0x080008fc                Servo_Init
 .text.MX_USART1_UART_Init
                0x08000928       0x40 build/usart.o
                0x08000928                MX_USART1_UART_Init
 .text.HAL_UART_MspInit
                0x08000968       0xf8 build/usart.o
                0x08000968                HAL_UART_MspInit
 .text.MX_IWDG_Init
                0x08000a60       0x28 build/iwdg.o
                0x08000a60                MX_IWDG_Init
 .text.NMI_Handler
                0x08000a88        0x2 build/stm32f1xx_it.o
                0x08000a88                NMI_Handler
 .text.HardFault_Handler
                0x08000a8a        0x2 build/stm32f1xx_it.o
                0x08000a8a                HardFault_Handler
 .text.MemManage_Handler
                0x08000a8c        0x2 build/stm32f1xx_it.o
                0x08000a8c                MemManage_Handler
 .text.BusFault_Handler
                0x08000a8e        0x2 build/stm32f1xx_it.o
                0x08000a8e                BusFault_Handler
 .text.UsageFault_Handler
                0x08000a90        0x2 build/stm32f1xx_it.o
                0x08000a90                UsageFault_Handler
 .text.DebugMon_Handler
                0x08000a92        0x2 build/stm32f1xx_it.o
                0x08000a92                DebugMon_Handler
 .text.DMA1_Channel4_IRQHandler
                0x08000a94       0x10 build/stm32f1xx_it.o
                0x08000a94                DMA1_Channel4_IRQHandler
 .text.DMA1_Channel5_IRQHandler
                0x08000aa4       0x10 build/stm32f1xx_it.o
                0x08000aa4                DMA1_Channel5_IRQHandler
 .text.TIM4_IRQHandler
                0x08000ab4       0x10 build/stm32f1xx_it.o
                0x08000ab4                TIM4_IRQHandler
 .text.USART1_IRQHandler
                0x08000ac4       0x10 build/stm32f1xx_it.o
                0x08000ac4                USART1_IRQHandler
 .text.HAL_MspInit
                0x08000ad4       0x54 build/stm32f1xx_hal_msp.o
                0x08000ad4                HAL_MspInit
 .text.HAL_InitTick
                0x08000b28       0xa0 build/stm32f1xx_hal_timebase_tim.o
                0x08000b28                HAL_InitTick
 .text.TIM_OC1_SetConfig
                0x08000bc8       0x5c build/stm32f1xx_hal_tim.o
 .text.TIM_OC3_SetConfig
                0x08000c24       0x64 build/stm32f1xx_hal_tim.o
 .text.TIM_OC4_SetConfig
                0x08000c88       0x48 build/stm32f1xx_hal_tim.o
 .text.HAL_TIM_Base_MspInit
                0x08000cd0        0x2 build/stm32f1xx_hal_tim.o
                0x08000cd0                HAL_TIM_Base_MspInit
 *fill*         0x08000cd2        0x2 
 .text.HAL_TIM_Base_Start_IT
                0x08000cd4       0x68 build/stm32f1xx_hal_tim.o
                0x08000cd4                HAL_TIM_Base_Start_IT
 .text.HAL_TIM_OC_DelayElapsedCallback
                0x08000d3c        0x2 build/stm32f1xx_hal_tim.o
                0x08000d3c                HAL_TIM_OC_DelayElapsedCallback
 .text.HAL_TIM_IC_CaptureCallback
                0x08000d3e        0x2 build/stm32f1xx_hal_tim.o
                0x08000d3e                HAL_TIM_IC_CaptureCallback
 .text.HAL_TIM_PWM_PulseFinishedCallback
                0x08000d40        0x2 build/stm32f1xx_hal_tim.o
                0x08000d40                HAL_TIM_PWM_PulseFinishedCallback
 .text.HAL_TIM_TriggerCallback
                0x08000d42        0x2 build/stm32f1xx_hal_tim.o
                0x08000d42                HAL_TIM_TriggerCallback
 .text.HAL_TIM_IRQHandler
                0x08000d44      0x15e build/stm32f1xx_hal_tim.o
                0x08000d44                HAL_TIM_IRQHandler
 *fill*         0x08000ea2        0x2 
 .text.TIM_Base_SetConfig
                0x08000ea4       0x84 build/stm32f1xx_hal_tim.o
                0x08000ea4                TIM_Base_SetConfig
 .text.HAL_TIM_Base_Init
                0x08000f28       0x58 build/stm32f1xx_hal_tim.o
                0x08000f28                HAL_TIM_Base_Init
 .text.HAL_TIM_PWM_Init
                0x08000f80       0x58 build/stm32f1xx_hal_tim.o
                0x08000f80                HAL_TIM_PWM_Init
 .text.TIM_OC2_SetConfig
                0x08000fd8       0x64 build/stm32f1xx_hal_tim.o
                0x08000fd8                TIM_OC2_SetConfig
 .text.HAL_TIM_PWM_ConfigChannel
                0x0800103c       0xdc build/stm32f1xx_hal_tim.o
                0x0800103c                HAL_TIM_PWM_ConfigChannel
 .text.TIM_CCxChannelCmd
                0x08001118       0x1e build/stm32f1xx_hal_tim.o
                0x08001118                TIM_CCxChannelCmd
 *fill*         0x08001136        0x2 
 .text.HAL_TIM_PWM_Start
                0x08001138       0xdc build/stm32f1xx_hal_tim.o
                0x08001138                HAL_TIM_PWM_Start
 .text.HAL_TIMEx_MasterConfigSynchronization
                0x08001214       0x6c build/stm32f1xx_hal_tim_ex.o
                0x08001214                HAL_TIMEx_MasterConfigSynchronization
 .text.HAL_TIMEx_CommutCallback
                0x08001280        0x2 build/stm32f1xx_hal_tim_ex.o
                0x08001280                HAL_TIMEx_CommutCallback
 .text.HAL_TIMEx_BreakCallback
                0x08001282        0x2 build/stm32f1xx_hal_tim_ex.o
                0x08001282                HAL_TIMEx_BreakCallback
 .text.HAL_Init
                0x08001284       0x24 build/stm32f1xx_hal.o
                0x08001284                HAL_Init
 .text.HAL_IncTick
                0x080012a8       0x18 build/stm32f1xx_hal.o
                0x080012a8                HAL_IncTick
 .text.HAL_GetTick
                0x080012c0        0xc build/stm32f1xx_hal.o
                0x080012c0                HAL_GetTick
 .text.HAL_Delay
                0x080012cc       0x28 build/stm32f1xx_hal.o
                0x080012cc                HAL_Delay
 .text.RCC_Delay
                0x080012f4       0x2c build/stm32f1xx_hal_rcc.o
 .text.HAL_RCC_OscConfig
                0x08001320      0x410 build/stm32f1xx_hal_rcc.o
                0x08001320                HAL_RCC_OscConfig
 .text.HAL_RCC_GetSysClockFreq
                0x08001730       0x54 build/stm32f1xx_hal_rcc.o
                0x08001730                HAL_RCC_GetSysClockFreq
 .text.HAL_RCC_ClockConfig
                0x08001784      0x16c build/stm32f1xx_hal_rcc.o
                0x08001784                HAL_RCC_ClockConfig
 .text.HAL_RCC_GetHCLKFreq
                0x080018f0        0xc build/stm32f1xx_hal_rcc.o
                0x080018f0                HAL_RCC_GetHCLKFreq
 .text.HAL_RCC_GetPCLK1Freq
                0x080018fc       0x20 build/stm32f1xx_hal_rcc.o
                0x080018fc                HAL_RCC_GetPCLK1Freq
 .text.HAL_RCC_GetPCLK2Freq
                0x0800191c       0x20 build/stm32f1xx_hal_rcc.o
                0x0800191c                HAL_RCC_GetPCLK2Freq
 .text.HAL_RCC_GetClockConfig
                0x0800193c       0x3c build/stm32f1xx_hal_rcc.o
                0x0800193c                HAL_RCC_GetClockConfig
 .text.HAL_GPIO_Init
                0x08001978      0x224 build/stm32f1xx_hal_gpio.o
                0x08001978                HAL_GPIO_Init
 .text.HAL_DMA_Init
                0x08001b9c       0x6c build/stm32f1xx_hal_dma.o
                0x08001b9c                HAL_DMA_Init
 .text.HAL_DMA_Abort
                0x08001c08       0x46 build/stm32f1xx_hal_dma.o
                0x08001c08                HAL_DMA_Abort
 *fill*         0x08001c4e        0x2 
 .text.HAL_DMA_Abort_IT
                0x08001c50       0x98 build/stm32f1xx_hal_dma.o
                0x08001c50                HAL_DMA_Abort_IT
 .text.HAL_DMA_IRQHandler
                0x08001ce8      0x144 build/stm32f1xx_hal_dma.o
                0x08001ce8                HAL_DMA_IRQHandler
 .text.HAL_NVIC_SetPriorityGrouping
                0x08001e2c       0x24 build/stm32f1xx_hal_cortex.o
                0x08001e2c                HAL_NVIC_SetPriorityGrouping
 .text.HAL_NVIC_SetPriority
                0x08001e50       0x70 build/stm32f1xx_hal_cortex.o
                0x08001e50                HAL_NVIC_SetPriority
 .text.HAL_NVIC_EnableIRQ
                0x08001ec0       0x1c build/stm32f1xx_hal_cortex.o
                0x08001ec0                HAL_NVIC_EnableIRQ
 .text.UART_EndRxTransfer
                0x08001edc       0x5c build/stm32f1xx_hal_uart.o
 .text.UART_Transmit_IT
                0x08001f38       0x60 build/stm32f1xx_hal_uart.o
 .text.UART_SetConfig
                0x08001f98       0x94 build/stm32f1xx_hal_uart.o
 .text.HAL_UART_Init
                0x0800202c       0x60 build/stm32f1xx_hal_uart.o
                0x0800202c                HAL_UART_Init
 .text.HAL_UART_TxCpltCallback
                0x0800208c        0x2 build/stm32f1xx_hal_uart.o
                0x0800208c                HAL_UART_TxCpltCallback
 .text.UART_EndTransmit_IT
                0x0800208e       0x1a build/stm32f1xx_hal_uart.o
 .text.HAL_UART_RxCpltCallback
                0x080020a8        0x2 build/stm32f1xx_hal_uart.o
                0x080020a8                HAL_UART_RxCpltCallback
 .text.HAL_UART_ErrorCallback
                0x080020aa        0x2 build/stm32f1xx_hal_uart.o
                0x080020aa                HAL_UART_ErrorCallback
 .text.UART_DMAAbortOnError
                0x080020ac       0x10 build/stm32f1xx_hal_uart.o
 .text.HAL_UARTEx_RxEventCallback
                0x080020bc        0x2 build/stm32f1xx_hal_uart.o
                0x080020bc                HAL_UARTEx_RxEventCallback
 .text.UART_Receive_IT
                0x080020be       0xe6 build/stm32f1xx_hal_uart.o
 .text.HAL_UART_IRQHandler
                0x080021a4      0x288 build/stm32f1xx_hal_uart.o
                0x080021a4                HAL_UART_IRQHandler
 .text.HAL_IWDG_Init
                0x0800242c       0x5c build/stm32f1xx_hal_iwdg.o
                0x0800242c                HAL_IWDG_Init
 .text.SystemInit
                0x08002488        0x2 build/system_stm32f1xx.o
                0x08002488                SystemInit
 .text.vListInsertEnd
                0x0800248a       0x16 build/list.o
                0x0800248a                vListInsertEnd
 .text.uxListRemove
                0x080024a0       0x26 build/list.o
                0x080024a0                uxListRemove
 *fill*         0x080024c6        0x2 
 .text.prvResetNextTaskUnblockTime
                0x080024c8       0x2c build/tasks.o
 .text.xTaskIncrementTick
                0x080024f4      0x118 build/tasks.o
                0x080024f4                xTaskIncrementTick
 .text.vTaskSwitchContext
                0x0800260c       0x94 build/tasks.o
                0x0800260c                vTaskSwitchContext
 .text.xTaskGetSchedulerState
                0x080026a0       0x20 build/tasks.o
                0x080026a0                xTaskGetSchedulerState
 .text.SysTick_Handler
                0x080026c0       0x18 build/cmsis_os2.o
                0x080026c0                SysTick_Handler
 *fill*         0x080026d8        0x8 
 .text.SVC_Handler
                0x080026e0       0x24 build/port.o
                0x080026e0                SVC_Handler
 *fill*         0x08002704        0xc 
 .text.PendSV_Handler
                0x08002710       0x44 build/port.o
                0x08002710                PendSV_Handler
 .text.xPortSysTickHandler
                0x08002754       0x2c build/port.o
                0x08002754                xPortSysTickHandler
 .text.Reset_Handler
                0x08002780       0x48 build/startup_stm32f103xb.o
                0x08002780                Reset_Handler
 .text.Default_Handler
                0x080027c8        0x2 build/startup_stm32f103xb.o
                0x080027c8                RTC_Alarm_IRQHandler
                0x080027c8                EXTI2_IRQHandler
                0x080027c8                TIM1_CC_IRQHandler
                0x080027c8                PVD_IRQHandler
                0x080027c8                EXTI3_IRQHandler
                0x080027c8                EXTI0_IRQHandler
                0x080027c8                I2C2_EV_IRQHandler
                0x080027c8                ADC1_2_IRQHandler
                0x080027c8                SPI1_IRQHandler
                0x080027c8                TAMPER_IRQHandler
                0x080027c8                USART3_IRQHandler
                0x080027c8                RTC_IRQHandler
                0x080027c8                DMA1_Channel7_IRQHandler
                0x080027c8                CAN1_RX1_IRQHandler
                0x080027c8                I2C1_EV_IRQHandler
                0x080027c8                DMA1_Channel6_IRQHandler
                0x080027c8                TIM3_IRQHandler
                0x080027c8                RCC_IRQHandler
                0x080027c8                TIM1_TRG_COM_IRQHandler
                0x080027c8                DMA1_Channel1_IRQHandler
                0x080027c8                Default_Handler
                0x080027c8                EXTI15_10_IRQHandler
                0x080027c8                EXTI9_5_IRQHandler
                0x080027c8                SPI2_IRQHandler
                0x080027c8                EXTI4_IRQHandler
                0x080027c8                USB_LP_CAN1_RX0_IRQHandler
                0x080027c8                USB_HP_CAN1_TX_IRQHandler
                0x080027c8                DMA1_Channel3_IRQHandler
                0x080027c8                TIM1_UP_IRQHandler
                0x080027c8                WWDG_IRQHandler
                0x080027c8                TIM2_IRQHandler
                0x080027c8                TIM1_BRK_IRQHandler
                0x080027c8                EXTI1_IRQHandler
                0x080027c8                USART2_IRQHandler
                0x080027c8                I2C2_ER_IRQHandler
                0x080027c8                DMA1_Channel2_IRQHandler
                0x080027c8                CAN1_SCE_IRQHandler
                0x080027c8                FLASH_IRQHandler
                0x080027c8                I2C1_ER_IRQHandler
                0x080027c8                USBWakeUp_IRQHandler
 *fill*         0x080027ca        0x2 
 .text.__libc_init_array
                0x080027cc       0x48 e:/keil_v5/gnu arm embedded toolchain/10 2021.10/bin/../lib/gcc/arm-none-eabi/10.3.1/../../../../arm-none-eabi/lib/thumb/v7-m/nofp\libc_nano.a(lib_a-init.o)
                0x080027cc                __libc_init_array
 .text.memset   0x08002814       0x10 e:/keil_v5/gnu arm embedded toolchain/10 2021.10/bin/../lib/gcc/arm-none-eabi/10.3.1/../../../../arm-none-eabi/lib/thumb/v7-m/nofp\libc_nano.a(lib_a-memset.o)
                0x08002814                memset
 *(.glue_7)
 .glue_7        0x08002824        0x0 linker stubs
 *(.glue_7t)
 .glue_7t       0x08002824        0x0 linker stubs
 *(.eh_frame)
 .eh_frame      0x08002824        0x0 e:/keil_v5/gnu arm embedded toolchain/10 2021.10/bin/../lib/gcc/arm-none-eabi/10.3.1/thumb/v7-m/nofp/crtbegin.o
 *(.init)
 .init          0x08002824        0x4 e:/keil_v5/gnu arm embedded toolchain/10 2021.10/bin/../lib/gcc/arm-none-eabi/10.3.1/thumb/v7-m/nofp/crti.o
                0x08002824                _init
 .init          0x08002828        0x8 e:/keil_v5/gnu arm embedded toolchain/10 2021.10/bin/../lib/gcc/arm-none-eabi/10.3.1/thumb/v7-m/nofp/crtn.o
 *(.fini)
 .fini          0x08002830        0x4 e:/keil_v5/gnu arm embedded toolchain/10 2021.10/bin/../lib/gcc/arm-none-eabi/10.3.1/thumb/v7-m/nofp/crti.o
                0x08002830                _fini
 .fini          0x08002834        0x8 e:/keil_v5/gnu arm embedded toolchain/10 2021.10/bin/../lib/gcc/arm-none-eabi/10.3.1/thumb/v7-m/nofp/crtn.o
                0x0800283c                . = ALIGN (0x4)
                0x0800283c                _etext = .

.vfp11_veneer   0x0800283c        0x0
 .vfp11_veneer  0x0800283c        0x0 linker stubs

.v4_bx          0x0800283c        0x0
 .v4_bx         0x0800283c        0x0 linker stubs

.iplt           0x0800283c        0x0
 .iplt          0x0800283c        0x0 e:/keil_v5/gnu arm embedded toolchain/10 2021.10/bin/../lib/gcc/arm-none-eabi/10.3.1/thumb/v7-m/nofp/crtbegin.o

.rodata         0x0800283c       0x3c
                0x0800283c                . = ALIGN (0x4)
 *(.rodata)
 *(.rodata*)
 .rodata.k_servo_channels
                0x0800283c       0x10 build/servo_driver.o
 .rodata.aPLLMULFactorTable.1
                0x0800284c       0x10 build/stm32f1xx_hal_rcc.o
 .rodata.aPredivFactorTable.0
                0x0800285c        0x2 build/stm32f1xx_hal_rcc.o
 *fill*         0x0800285e        0x2 
 .rodata.AHBPrescTable
                0x08002860       0x10 build/system_stm32f1xx.o
                0x08002860                AHBPrescTable
 .rodata.APBPrescTable
                0x08002870        0x8 build/system_stm32f1xx.o
                0x08002870                APBPrescTable
                0x08002878                . = ALIGN (0x4)

.rel.dyn        0x08002878        0x0
 .rel.iplt      0x08002878        0x0 e:/keil_v5/gnu arm embedded toolchain/10 2021.10/bin/../lib/gcc/arm-none-eabi/10.3.1/thumb/v7-m/nofp/crtbegin.o

.ARM.extab      0x08002878        0x0
                0x08002878                . = ALIGN (0x4)
 *(.ARM.extab* .gnu.linkonce.armextab.*)
                0x08002878                . = ALIGN (0x4)

.ARM            0x08002878        0x0
                0x08002878                . = ALIGN (0x4)
                0x08002878                __exidx_start = .
 *(.ARM.exidx*)
                0x08002878                __exidx_end = .
                0x08002878                . = ALIGN (0x4)

.preinit_array  0x08002878        0x0
                0x08002878                . = ALIGN (0x4)
                0x08002878                PROVIDE (__preinit_array_start = .)
 *(.preinit_array*)
                0x08002878                PROVIDE (__preinit_array_end = .)
                0x08002878                . = ALIGN (0x4)

.init_array     0x08002878        0x4
                0x08002878                . = ALIGN (0x4)
                0x08002878                PROVIDE (__init_array_start = .)
 *(SORT_BY_NAME(.init_array.*))
 *(.init_array*)
 .init_array    0x08002878        0x4 e:/keil_v5/gnu arm embedded toolchain/10 2021.10/bin/../lib/gcc/arm-none-eabi/10.3.1/thumb/v7-m/nofp/crtbegin.o
                0x0800287c                PROVIDE (__init_array_end = .)
                0x0800287c                . = ALIGN (0x4)

.fini_array     0x0800287c        0x4
                0x0800287c                . = ALIGN (0x4)
                [!provide]                PROVIDE (__fini_array_start = .)
 *(SORT_BY_NAME(.fini_array.*))
 *(.fini_array*)
 .fini_array    0x0800287c        0x4 e:/keil_v5/gnu arm embedded toolchain/10 2021.10/bin/../lib/gcc/arm-none-eabi/10.3.1/thumb/v7-m/nofp/crtbegin.o
                [!provide]                PROVIDE (__fini_array_end = .)
                0x08002880                . = ALIGN (0x4)
                0x08002880                _sidata = LOADADDR (.data)

.data           0x20000000        0xc load address 0x08002880
                0x20000000                . = ALIGN (0x4)
                0x20000000                _sdata = .
 *(.data)
 *(.data*)
 .data.uwTickFreq
                0x20000000        0x1 build/stm32f1xx_hal.o
                0x20000000                uwTickFreq
 *fill*         0x20000001        0x3 
 .data.uwTickPrio
                0x20000004        0x4 build/stm32f1xx_hal.o
                0x20000004                uwTickPrio
 .data.SystemCoreClock
                0x20000008        0x4 build/system_stm32f1xx.o
                0x20000008                SystemCoreClock
 *(.RamFunc)
 *(.RamFunc*)
                0x2000000c                . = ALIGN (0x4)
                0x2000000c                _edata = .

.igot.plt       0x2000000c        0x0 load address 0x0800288c
 .igot.plt      0x2000000c        0x0 e:/keil_v5/gnu arm embedded toolchain/10 2021.10/bin/../lib/gcc/arm-none-eabi/10.3.1/thumb/v7-m/nofp/crtbegin.o
                0x2000000c                . = ALIGN (0x4)

.bss            0x2000000c      0x628 load address 0x0800288c
                0x2000000c                _sbss = .
                0x2000000c                __bss_start__ = _sbss
 *(.bss)
 .bss           0x2000000c       0x1c e:/keil_v5/gnu arm embedded toolchain/10 2021.10/bin/../lib/gcc/arm-none-eabi/10.3.1/thumb/v7-m/nofp/crtbegin.o
 *(.bss*)
 .bss.htim2     0x20000028       0x48 build/tim.o
                0x20000028                htim2
 .bss.g_last_angle_deg
                0x20000070       0x10 build/servo_driver.o
 .bss.hdma_usart1_rx
                0x20000080       0x44 build/usart.o
                0x20000080                hdma_usart1_rx
 .bss.hdma_usart1_tx
                0x200000c4       0x44 build/usart.o
                0x200000c4                hdma_usart1_tx
 .bss.huart1    0x20000108       0x48 build/usart.o
                0x20000108                huart1
 .bss.hiwdg     0x20000150        0xc build/iwdg.o
                0x20000150                hiwdg
 .bss.htim4     0x2000015c       0x48 build/stm32f1xx_hal_timebase_tim.o
                0x2000015c                htim4
 .bss.uwTick    0x200001a4        0x4 build/stm32f1xx_hal.o
                0x200001a4                uwTick
 .bss.pxCurrentTCB
                0x200001a8        0x4 build/tasks.o
                0x200001a8                pxCurrentTCB
 .bss.pxDelayedTaskList
                0x200001ac        0x4 build/tasks.o
 .bss.pxOverflowDelayedTaskList
                0x200001b0        0x4 build/tasks.o
 .bss.pxReadyTasksLists
                0x200001b4      0x460 build/tasks.o
 .bss.uxSchedulerSuspended
                0x20000614        0x4 build/tasks.o
 .bss.uxTopReadyPriority
                0x20000618        0x4 build/tasks.o
 .bss.xNextTaskUnblockTime
                0x2000061c        0x4 build/tasks.o
 .bss.xNumOfOverflows
                0x20000620        0x4 build/tasks.o
 .bss.xPendedTicks
                0x20000624        0x4 build/tasks.o
 .bss.xSchedulerRunning
                0x20000628        0x4 build/tasks.o
 .bss.xTickCount
                0x2000062c        0x4 build/tasks.o
 .bss.xYieldPending
                0x20000630        0x4 build/tasks.o
 *(COMMON)
                0x20000634                . = ALIGN (0x4)
                0x20000634                _ebss = .
                0x20000634                __bss_end__ = _ebss

._user_heap_stack
                0x20000634      0x604 load address 0x0800288c
                0x20000638                . = ALIGN (0x8)
 *fill*         0x20000634        0x4 
                [!provide]                PROVIDE (end = .)
                0x20000638                PROVIDE (_end = .)
                0x20000838                . = (. + _Min_Heap_Size)
 *fill*         0x20000638      0x200 
                0x20000c38                . = (. + _Min_Stack_Size)
 *fill*         0x20000838      0x400 
                0x20000c38                . = ALIGN (0x8)

/DISCARD/
 libc.a(*)
 libm.a(*)
 libgcc.a(*)
OUTPUT(build/STM32.elf elf32-littlearm)
LOAD linker stubs
LOAD e:/keil_v5/gnu arm embedded toolchain/10 2021.10/bin/../lib/gcc/arm-none-eabi/10.3.1/../../../../arm-none-eabi/lib/thumb/v7-m/nofp\libc.a
LOAD e:/keil_v5/gnu arm embedded toolchain/10 2021.10/bin/../lib/gcc/arm-none-eabi/10.3.1/../../../../arm-none-eabi/lib/thumb/v7-m/nofp\libm.a
LOAD e:/keil_v5/gnu arm embedded toolchain/10 2021.10/bin/../lib/gcc/arm-none-eabi/10.3.1/thumb/v7-m/nofp\libgcc.a

.ARM.attributes
                0x00000000       0x29
 .ARM.attributes
                0x00000000       0x1d e:/keil_v5/gnu arm embedded toolchain/10 2021.10/bin/../lib/gcc/arm-none-eabi/10.3.1/thumb/v7-m/nofp/crti.o
 .ARM.attributes
                0x0000001d       0x2d e:/keil_v5/gnu arm embedded toolchain/10 2021.10/bin/../lib/gcc/arm-none-eabi/10.3.1/thumb/v7-m/nofp/crtbegin.o
 .ARM.attributes
                0x0000004a       0x2d build/main.o
 .ARM.attributes
                0x00000077       0x2d build/gpio.o
 .ARM.attributes
                0x000000a4       0x2d build/dma.o
 .ARM.attributes
                0x000000d1       0x2d build/tim.o
 .ARM.attributes
                0x000000fe       0x2d build/servo_driver.o
 .ARM.attributes
                0x0000012b       0x2d build/usart.o
 .ARM.attributes
                0x00000158       0x2d build/iwdg.o
 .ARM.attributes
                0x00000185       0x2d build/stm32f1xx_it.o
 .ARM.attributes
                0x000001b2       0x2d build/stm32f1xx_hal_msp.o
 .ARM.attributes
                0x000001df       0x2d build/stm32f1xx_hal_timebase_tim.o
 .ARM.attributes
                0x0000020c       0x2d build/stm32f1xx_hal_tim.o
 .ARM.attributes
                0x00000239       0x2d build/stm32f1xx_hal_tim_ex.o
 .ARM.attributes
                0x00000266       0x2d build/stm32f1xx_hal.o
 .ARM.attributes
                0x00000293       0x2d build/stm32f1xx_hal_rcc.o
 .ARM.attributes
                0x000002c0       0x2d build/stm32f1xx_hal_gpio.o
 .ARM.attributes
                0x000002ed       0x2d build/stm32f1xx_hal_dma.o
 .ARM.attributes
                0x0000031a       0x2d build/stm32f1xx_hal_cortex.o
 .ARM.attributes
                0x00000347       0x2d build/stm32f1xx_hal_uart.o
 .ARM.attributes
                0x00000374       0x2d build/stm32f1xx_hal_iwdg.o
 .ARM.attributes
                0x000003a1       0x2d build/system_stm32f1xx.o
 .ARM.attributes
                0x000003ce       0x2d build/list.o
 .ARM.attributes
                0x000003fb       0x2d build/tasks.o
 .ARM.attributes
                0x00000428       0x2d build/cmsis_os2.o
 .ARM.attributes
                0x00000455       0x2d build/port.o
 .ARM.attributes
                0x00000482       0x21 build/startup_stm32f103xb.o
 .ARM.attributes
                0x000004a3       0x2d e:/keil_v5/gnu arm embedded toolchain/10 2021.10/bin/../lib/gcc/arm-none-eabi/10.3.1/../../../../arm-none-eabi/lib/thumb/v7-m/nofp\libc_nano.a(lib_a-init.o)
 .ARM.attributes
                0x000004d0       0x2d e:/keil_v5/gnu arm embedded toolchain/10 2021.10/bin/../lib/gcc/arm-none-eabi/10.3.1/../../../../arm-none-eabi/lib/thumb/v7-m/nofp\libc_nano.a(lib_a-memset.o)
 .ARM.attributes
                0x000004fd       0x1d e:/keil_v5/gnu arm embedded toolchain/10 2021.10/bin/../lib/gcc/arm-none-eabi/10.3.1/thumb/v7-m/nofp\libgcc.a(_arm_mulsf3.o)
 .ARM.attributes
                0x0000051a       0x1d e:/keil_v5/gnu arm embedded toolchain/10 2021.10/bin/../lib/gcc/arm-none-eabi/10.3.1/thumb/v7-m/nofp\libgcc.a(_arm_addsubsf3.o)
 .ARM.attributes
                0x00000537       0x1d e:/keil_v5/gnu arm embedded toolchain/10 2021.10/bin/../lib/gcc/arm-none-eabi/10.3.1/thumb/v7-m/nofp\libgcc.a(_arm_cmpsf2.o)
 .ARM.attributes
                0x00000554       0x1d e:/keil_v5/gnu arm embedded toolchain/10 2021.10/bin/../lib/gcc/arm-none-eabi/10.3.1/thumb/v7-m/nofp\libgcc.a(_arm_fixunssfsi.o)
 .ARM.attributes
                0x00000571       0x1d e:/keil_v5/gnu arm embedded toolchain/10 2021.10/bin/../lib/gcc/arm-none-eabi/10.3.1/thumb/v7-m/nofp/crtn.o

.comment        0x00000000       0x49
 .comment       0x00000000       0x49 build/main.o
                                 0x4a (size before relaxing)
 .comment       0x00000049       0x4a build/gpio.o
 .comment       0x00000049       0x4a build/dma.o
 .comment       0x00000049       0x4a build/tim.o
 .comment       0x00000049       0x4a build/servo_driver.o
 .comment       0x00000049       0x4a build/usart.o
 .comment       0x00000049       0x4a build/iwdg.o
 .comment       0x00000049       0x4a build/stm32f1xx_it.o
 .comment       0x00000049       0x4a build/stm32f1xx_hal_msp.o
 .comment       0x00000049       0x4a build/stm32f1xx_hal_timebase_tim.o
 .comment       0x00000049       0x4a build/stm32f1xx_hal_tim.o
 .comment       0x00000049       0x4a build/stm32f1xx_hal_tim_ex.o
 .comment       0x00000049       0x4a build/stm32f1xx_hal.o
 .comment       0x00000049       0x4a build/stm32f1xx_hal_rcc.o
 .comment       0x00000049       0x4a build/stm32f1xx_hal_gpio.o
 .comment       0x00000049       0x4a build/stm32f1xx_hal_dma.o
 .comment       0x00000049       0x4a build/stm32f1xx_hal_cortex.o
 .comment       0x00000049       0x4a build/stm32f1xx_hal_uart.o
 .comment       0x00000049       0x4a build/stm32f1xx_hal_iwdg.o
 .comment       0x00000049       0x4a build/system_stm32f1xx.o
 .comment       0x00000049       0x4a build/list.o
 .comment       0x00000049       0x4a build/tasks.o
 .comment       0x00000049       0x4a build/cmsis_os2.o
 .comment       0x00000049       0x4a build/port.o

.debug_info     0x00000000    0x1a88a
 .debug_info    0x00000000      0xa6a build/main.o
 .debug_info    0x00000a6a      0x199 build/gpio.o
 .debug_info    0x00000c03      0x345 build/dma.o
 .debug_info    0x00000f48      0xb99 build/tim.o
 .debug_info    0x00001ae1      0x8c4 build/servo_driver.o
 .debug_info    0x000023a5      0xb60 build/usart.o
 .debug_info    0x00002f05      0x1f2 build/iwdg.o
 .debug_info    0x000030f7      0xad2 build/stm32f1xx_it.o
 .debug_info    0x00003bc9      0x3b0 build/stm32f1xx_hal_msp.o
 .debug_info    0x00003f79      0xb07 build/stm32f1xx_hal_timebase_tim.o
 .debug_info    0x00004a80     0x4074 build/stm32f1xx_hal_tim.o
 .debug_info    0x00008af4     0x1c39 build/stm32f1xx_hal_tim_ex.o
 .debug_info    0x0000a72d      0x855 build/stm32f1xx_hal.o
 .debug_info    0x0000af82      0xaf0 build/stm32f1xx_hal_rcc.o
 .debug_info    0x0000ba72      0x6d7 build/stm32f1xx_hal_gpio.o
 .debug_info    0x0000c149      0x8c0 build/stm32f1xx_hal_dma.o
 .debug_info    0x0000ca09      0xe2d build/stm32f1xx_hal_cortex.o
 .debug_info    0x0000d836     0x42a4 build/stm32f1xx_hal_uart.o
 .debug_info    0x00011ada      0x22c build/stm32f1xx_hal_iwdg.o
 .debug_info    0x00011d06      0x26e build/system_stm32f1xx.o
 .debug_info    0x00011f74      0x30f build/list.o
 .debug_info    0x00012283     0x333f build/tasks.o
 .debug_info    0x000155c2     0x4d3d build/cmsis_os2.o
 .debug_info    0x0001a2ff      0x569 build/port.o
 .debug_info    0x0001a868       0x22 build/startup_stm32f103xb.o

.debug_abbrev   0x00000000     0x3426
 .debug_abbrev  0x00000000      0x230 build/main.o
 .debug_abbrev  0x00000230       0xc1 build/gpio.o
 .debug_abbrev  0x000002f1      0x117 build/dma.o
 .debug_abbrev  0x00000408      0x220 build/tim.o
 .debug_abbrev  0x00000628      0x22b build/servo_driver.o
 .debug_abbrev  0x00000853      0x1e8 build/usart.o
 .debug_abbrev  0x00000a3b      0x12c build/iwdg.o
 .debug_abbrev  0x00000b67      0x183 build/stm32f1xx_it.o
 .debug_abbrev  0x00000cea      0x130 build/stm32f1xx_hal_msp.o
 .debug_abbrev  0x00000e1a      0x202 build/stm32f1xx_hal_timebase_tim.o
 .debug_abbrev  0x0000101c      0x29d build/stm32f1xx_hal_tim.o
 .debug_abbrev  0x000012b9      0x29f build/stm32f1xx_hal_tim_ex.o
 .debug_abbrev  0x00001558      0x1f7 build/stm32f1xx_hal.o
 .debug_abbrev  0x0000174f      0x2b8 build/stm32f1xx_hal_rcc.o
 .debug_abbrev  0x00001a07      0x222 build/stm32f1xx_hal_gpio.o
 .debug_abbrev  0x00001c29      0x244 build/stm32f1xx_hal_dma.o
 .debug_abbrev  0x00001e6d      0x359 build/stm32f1xx_hal_cortex.o
 .debug_abbrev  0x000021c6      0x334 build/stm32f1xx_hal_uart.o
 .debug_abbrev  0x000024fa      0x139 build/stm32f1xx_hal_iwdg.o
 .debug_abbrev  0x00002633      0x140 build/system_stm32f1xx.o
 .debug_abbrev  0x00002773      0x124 build/list.o
 .debug_abbrev  0x00002897      0x387 build/tasks.o
 .debug_abbrev  0x00002c1e      0x559 build/cmsis_os2.o
 .debug_abbrev  0x00003177      0x29d build/port.o
 .debug_abbrev  0x00003414       0x12 build/startup_stm32f103xb.o

.debug_loc      0x00000000    0x17f0f
 .debug_loc     0x00000000       0xc8 build/main.o
 .debug_loc     0x000000c8       0x2c build/gpio.o
 .debug_loc     0x000000f4       0x38 build/dma.o
 .debug_loc     0x0000012c       0xf6 build/tim.o
 .debug_loc     0x00000222      0x191 build/servo_driver.o
 .debug_loc     0x000003b3       0xf5 build/usart.o
 .debug_loc     0x000004a8       0x20 build/iwdg.o
 .debug_loc     0x000004c8       0x80 build/stm32f1xx_it.o
 .debug_loc     0x00000548       0x4d build/stm32f1xx_hal_msp.o
 .debug_loc     0x00000595      0x152 build/stm32f1xx_hal_timebase_tim.o
 .debug_loc     0x000006e7     0x5c88 build/stm32f1xx_hal_tim.o
 .debug_loc     0x0000636f     0x20f3 build/stm32f1xx_hal_tim_ex.o
 .debug_loc     0x00008462      0x1e1 build/stm32f1xx_hal.o
 .debug_loc     0x00008643      0x790 build/stm32f1xx_hal_rcc.o
 .debug_loc     0x00008dd3      0x551 build/stm32f1xx_hal_gpio.o
 .debug_loc     0x00009324      0x901 build/stm32f1xx_hal_dma.o
 .debug_loc     0x00009c25      0x77f build/stm32f1xx_hal_cortex.o
 .debug_loc     0x0000a3a4     0x4d23 build/stm32f1xx_hal_uart.o
 .debug_loc     0x0000f0c7       0xb2 build/stm32f1xx_hal_iwdg.o
 .debug_loc     0x0000f179       0xff build/system_stm32f1xx.o
 .debug_loc     0x0000f278       0xe5 build/list.o
 .debug_loc     0x0000f35d     0x2c8a build/tasks.o
 .debug_loc     0x00011fe7     0x5dbc build/cmsis_os2.o
 .debug_loc     0x00017da3      0x16c build/port.o

.debug_aranges  0x00000000     0x11e0
 .debug_aranges
                0x00000000       0x38 build/main.o
 .debug_aranges
                0x00000038       0x20 build/gpio.o
 .debug_aranges
                0x00000058       0x20 build/dma.o
 .debug_aranges
                0x00000078       0x38 build/tim.o
 .debug_aranges
                0x000000b0       0x38 build/servo_driver.o
 .debug_aranges
                0x000000e8       0x30 build/usart.o
 .debug_aranges
                0x00000118       0x20 build/iwdg.o
 .debug_aranges
                0x00000138       0x68 build/stm32f1xx_it.o
 .debug_aranges
                0x000001a0       0x20 build/stm32f1xx_hal_msp.o
 .debug_aranges
                0x000001c0       0x30 build/stm32f1xx_hal_timebase_tim.o
 .debug_aranges
                0x000001f0      0x3d0 build/stm32f1xx_hal_tim.o
 .debug_aranges
                0x000005c0      0x168 build/stm32f1xx_hal_tim_ex.o
 .debug_aranges
                0x00000728       0xe0 build/stm32f1xx_hal.o
 .debug_aranges
                0x00000808       0x90 build/stm32f1xx_hal_rcc.o
 .debug_aranges
                0x00000898       0x58 build/stm32f1xx_hal_gpio.o
 .debug_aranges
                0x000008f0       0x80 build/stm32f1xx_hal_dma.o
 .debug_aranges
                0x00000970       0x90 build/stm32f1xx_hal_cortex.o
 .debug_aranges
                0x00000a00      0x208 build/stm32f1xx_hal_uart.o
 .debug_aranges
                0x00000c08       0x28 build/stm32f1xx_hal_iwdg.o
 .debug_aranges
                0x00000c30       0x28 build/system_stm32f1xx.o
 .debug_aranges
                0x00000c58       0x40 build/list.o
 .debug_aranges
                0x00000c98      0x208 build/tasks.o
 .debug_aranges
                0x00000ea0      0x2a0 build/cmsis_os2.o
 .debug_aranges
                0x00001140       0x78 build/port.o
 .debug_aranges
                0x000011b8       0x28 build/startup_stm32f103xb.o

.debug_ranges   0x00000000     0x1248
 .debug_ranges  0x00000000       0x28 build/main.o
 .debug_ranges  0x00000028       0x10 build/gpio.o
 .debug_ranges  0x00000038       0x10 build/dma.o
 .debug_ranges  0x00000048       0x28 build/tim.o
 .debug_ranges  0x00000070       0x28 build/servo_driver.o
 .debug_ranges  0x00000098       0x20 build/usart.o
 .debug_ranges  0x000000b8       0x10 build/iwdg.o
 .debug_ranges  0x000000c8       0x58 build/stm32f1xx_it.o
 .debug_ranges  0x00000120       0x10 build/stm32f1xx_hal_msp.o
 .debug_ranges  0x00000130       0x20 build/stm32f1xx_hal_timebase_tim.o
 .debug_ranges  0x00000150      0x3c0 build/stm32f1xx_hal_tim.o
 .debug_ranges  0x00000510      0x158 build/stm32f1xx_hal_tim_ex.o
 .debug_ranges  0x00000668       0xd0 build/stm32f1xx_hal.o
 .debug_ranges  0x00000738       0xa0 build/stm32f1xx_hal_rcc.o
 .debug_ranges  0x000007d8       0x48 build/stm32f1xx_hal_gpio.o
 .debug_ranges  0x00000820       0x70 build/stm32f1xx_hal_dma.o
 .debug_ranges  0x00000890       0xe0 build/stm32f1xx_hal_cortex.o
 .debug_ranges  0x00000970      0x210 build/stm32f1xx_hal_uart.o
 .debug_ranges  0x00000b80       0x18 build/stm32f1xx_hal_iwdg.o
 .debug_ranges  0x00000b98       0x18 build/system_stm32f1xx.o
 .debug_ranges  0x00000bb0       0x30 build/list.o
 .debug_ranges  0x00000be0      0x338 build/tasks.o
 .debug_ranges  0x00000f18      0x2a8 build/cmsis_os2.o
 .debug_ranges  0x000011c0       0x68 build/port.o
 .debug_ranges  0x00001228       0x20 build/startup_stm32f103xb.o

.debug_line     0x00000000    0x14d84
 .debug_line    0x00000000      0x38d build/main.o
 .debug_line    0x0000038d      0x149 build/gpio.o
 .debug_line    0x000004d6      0x181 build/dma.o
 .debug_line    0x00000657      0x358 build/tim.o
 .debug_line    0x000009af      0x2ab build/servo_driver.o
 .debug_line    0x00000c5a      0x397 build/usart.o
 .debug_line    0x00000ff1      0x1d5 build/iwdg.o
 .debug_line    0x000011c6      0x2de build/stm32f1xx_it.o
 .debug_line    0x000014a4      0x198 build/stm32f1xx_hal_msp.o
 .debug_line    0x0000163c      0x2e5 build/stm32f1xx_hal_timebase_tim.o
 .debug_line    0x00001921     0x494c build/stm32f1xx_hal_tim.o
 .debug_line    0x0000626d     0x1bab build/stm32f1xx_hal_tim_ex.o
 .debug_line    0x00007e18      0x50e build/stm32f1xx_hal.o
 .debug_line    0x00008326      0xbfe build/stm32f1xx_hal_rcc.o
 .debug_line    0x00008f24      0x5c1 build/stm32f1xx_hal_gpio.o
 .debug_line    0x000094e5      0xa3a build/stm32f1xx_hal_dma.o
 .debug_line    0x00009f1f      0x619 build/stm32f1xx_hal_cortex.o
 .debug_line    0x0000a538     0x4277 build/stm32f1xx_hal_uart.o
 .debug_line    0x0000e7af      0x259 build/stm32f1xx_hal_iwdg.o
 .debug_line    0x0000ea08      0x226 build/system_stm32f1xx.o
 .debug_line    0x0000ec2e      0x354 build/list.o
 .debug_line    0x0000ef82     0x2d97 build/tasks.o
 .debug_line    0x00011d19     0x29f2 build/cmsis_os2.o
 .debug_line    0x0001470b      0x605 build/port.o
 .debug_line    0x00014d10       0x74 build/startup_stm32f103xb.o

.debug_str      0x00000000     0x5f3f
 .debug_str     0x00000000      0x7be build/main.o
                                0x872 (size before relaxing)
 .debug_str     0x000007be       0x56 build/gpio.o
                                0x1c1 (size before relaxing)
 .debug_str     0x00000814      0x30c build/dma.o
                                0x4bc (size before relaxing)
 .debug_str     0x00000b20      0x1c7 build/tim.o
                                0x869 (size before relaxing)
 .debug_str     0x00000ce7       0xd9 build/servo_driver.o
                                0x71d (size before relaxing)
 .debug_str     0x00000dc0      0x291 build/usart.o
                                0x9e7 (size before relaxing)
 .debug_str     0x00001051       0x5c build/iwdg.o
                                0x213 (size before relaxing)
 .debug_str     0x000010ad      0x111 build/stm32f1xx_it.o
                                0x96b (size before relaxing)
 .debug_str     0x000011be       0x57 build/stm32f1xx_hal_msp.o
                                0x4e5 (size before relaxing)
 .debug_str     0x00001215      0x110 build/stm32f1xx_hal_timebase_tim.o
                                0xaee (size before relaxing)
 .debug_str     0x00001325      0xe2e build/stm32f1xx_hal_tim.o
                               0x162b (size before relaxing)
 .debug_str     0x00002153      0x521 build/stm32f1xx_hal_tim_ex.o
                                0xe1c (size before relaxing)
 .debug_str     0x00002674      0x2bb build/stm32f1xx_hal.o
                                0x800 (size before relaxing)
 .debug_str     0x0000292f      0x1c8 build/stm32f1xx_hal_rcc.o
                                0x607 (size before relaxing)
 .debug_str     0x00002af7      0x145 build/stm32f1xx_hal_gpio.o
                                0x3dc (size before relaxing)
 .debug_str     0x00002c3c      0x1db build/stm32f1xx_hal_dma.o
                                0x5d9 (size before relaxing)
 .debug_str     0x00002e17      0x39b build/stm32f1xx_hal_cortex.o
                                0x8af (size before relaxing)
 .debug_str     0x000031b2      0x606 build/stm32f1xx_hal_uart.o
                                0xcd0 (size before relaxing)
 .debug_str     0x000037b8       0x47 build/stm32f1xx_hal_iwdg.o
                                0x257 (size before relaxing)
 .debug_str     0x000037ff       0x4f build/system_stm32f1xx.o
                                0x230 (size before relaxing)
 .debug_str     0x0000384e      0x14d build/list.o
                                0x2d1 (size before relaxing)
 .debug_str     0x0000399b      0xf87 build/tasks.o
                               0x12b6 (size before relaxing)
 .debug_str     0x00004922     0x148c build/cmsis_os2.o
                               0x1f0a (size before relaxing)
 .debug_str     0x00005dae      0x16d build/port.o
                                0x441 (size before relaxing)
 .debug_str     0x00005f1b       0x24 build/startup_stm32f103xb.o
                                 0x4f (size before relaxing)

.debug_frame    0x00000000     0x322c
 .debug_frame   0x00000000       0x70 build/main.o
 .debug_frame   0x00000070       0x28 build/gpio.o
 .debug_frame   0x00000098       0x2c build/dma.o
 .debug_frame   0x000000c4       0x78 build/tim.o
 .debug_frame   0x0000013c       0x6c build/servo_driver.o
 .debug_frame   0x000001a8       0x64 build/usart.o
 .debug_frame   0x0000020c       0x28 build/iwdg.o
 .debug_frame   0x00000234       0xd0 build/stm32f1xx_it.o
 .debug_frame   0x00000304       0x2c build/stm32f1xx_hal_msp.o
 .debug_frame   0x00000330       0x54 build/stm32f1xx_hal_timebase_tim.o
 .debug_frame   0x00000384      0xb1c build/stm32f1xx_hal_tim.o
 .debug_frame   0x00000ea0      0x40c build/stm32f1xx_hal_tim_ex.o
 .debug_frame   0x000012ac      0x1cc build/stm32f1xx_hal.o
 .debug_frame   0x00001478      0x184 build/stm32f1xx_hal_rcc.o
 .debug_frame   0x000015fc       0xe4 build/stm32f1xx_hal_gpio.o
 .debug_frame   0x000016e0      0x144 build/stm32f1xx_hal_dma.o
 .debug_frame   0x00001824      0x118 build/stm32f1xx_hal_cortex.o
 .debug_frame   0x0000193c      0x5e0 build/stm32f1xx_hal_uart.o
 .debug_frame   0x00001f1c       0x44 build/stm32f1xx_hal_iwdg.o
 .debug_frame   0x00001f60       0x30 build/system_stm32f1xx.o
 .debug_frame   0x00001f90       0x70 build/list.o
 .debug_frame   0x00002000      0x698 build/tasks.o
 .debug_frame   0x00002698      0x8fc build/cmsis_os2.o
 .debug_frame   0x00002f94       0xf0 build/port.o
 .debug_frame   0x00003084       0x2c e:/keil_v5/gnu arm embedded toolchain/10 2021.10/bin/../lib/gcc/arm-none-eabi/10.3.1/../../../../arm-none-eabi/lib/thumb/v7-m/nofp\libc_nano.a(lib_a-init.o)
 .debug_frame   0x000030b0       0x20 e:/keil_v5/gnu arm embedded toolchain/10 2021.10/bin/../lib/gcc/arm-none-eabi/10.3.1/../../../../arm-none-eabi/lib/thumb/v7-m/nofp\libc_nano.a(lib_a-memset.o)
 .debug_frame   0x000030d0       0x24 e:/keil_v5/gnu arm embedded toolchain/10 2021.10/bin/../lib/gcc/arm-none-eabi/10.3.1/thumb/v7-m/nofp\libgcc.a(_arm_mulsf3.o)
 .debug_frame   0x000030f4       0x4c e:/keil_v5/gnu arm embedded toolchain/10 2021.10/bin/../lib/gcc/arm-none-eabi/10.3.1/thumb/v7-m/nofp\libgcc.a(_arm_addsubsf3.o)
 .debug_frame   0x00003140       0xc8 e:/keil_v5/gnu arm embedded toolchain/10 2021.10/bin/../lib/gcc/arm-none-eabi/10.3.1/thumb/v7-m/nofp\libgcc.a(_arm_cmpsf2.o)
 .debug_frame   0x00003208       0x24 e:/keil_v5/gnu arm embedded toolchain/10 2021.10/bin/../lib/gcc/arm-none-eabi/10.3.1/thumb/v7-m/nofp\libgcc.a(_arm_fixunssfsi.o)

Cross Reference Table

Symbol                                            File
ADC1_2_IRQHandler                                 build/startup_stm32f103xb.o
AHBPrescTable                                     build/system_stm32f1xx.o
                                                  build/stm32f1xx_hal_rcc.o
APBPrescTable                                     build/system_stm32f1xx.o
                                                  build/stm32f1xx_hal_rcc.o
BusFault_Handler                                  build/stm32f1xx_it.o
CAN1_RX1_IRQHandler                               build/startup_stm32f103xb.o
CAN1_SCE_IRQHandler                               build/startup_stm32f103xb.o
DMA1_Channel1_IRQHandler                          build/startup_stm32f103xb.o
DMA1_Channel2_IRQHandler                          build/startup_stm32f103xb.o
DMA1_Channel3_IRQHandler                          build/startup_stm32f103xb.o
DMA1_Channel4_IRQHandler                          build/stm32f1xx_it.o
DMA1_Channel5_IRQHandler                          build/stm32f1xx_it.o
DMA1_Channel6_IRQHandler                          build/startup_stm32f103xb.o
DMA1_Channel7_IRQHandler                          build/startup_stm32f103xb.o
DebugMon_Handler                                  build/stm32f1xx_it.o
Default_Handler                                   build/startup_stm32f103xb.o
EXTI0_IRQHandler                                  build/startup_stm32f103xb.o
EXTI15_10_IRQHandler                              build/startup_stm32f103xb.o
EXTI1_IRQHandler                                  build/startup_stm32f103xb.o
EXTI2_IRQHandler                                  build/startup_stm32f103xb.o
EXTI3_IRQHandler                                  build/startup_stm32f103xb.o
EXTI4_IRQHandler                                  build/startup_stm32f103xb.o
EXTI9_5_IRQHandler                                build/startup_stm32f103xb.o
Error_Handler                                     build/main.o
                                                  build/iwdg.o
                                                  build/usart.o
                                                  build/tim.o
FLASH_IRQHandler                                  build/startup_stm32f103xb.o
FLASH_PageErase                                   build/stm32f1xx_hal_flash_ex.o
                                                  build/stm32f1xx_hal_flash.o
FLASH_WaitForLastOperation                        build/stm32f1xx_hal_flash.o
                                                  build/stm32f1xx_hal_flash_ex.o
HAL_DBGMCU_DisableDBGSleepMode                    build/stm32f1xx_hal.o
HAL_DBGMCU_DisableDBGStandbyMode                  build/stm32f1xx_hal.o
HAL_DBGMCU_DisableDBGStopMode                     build/stm32f1xx_hal.o
HAL_DBGMCU_EnableDBGSleepMode                     build/stm32f1xx_hal.o
HAL_DBGMCU_EnableDBGStandbyMode                   build/stm32f1xx_hal.o
HAL_DBGMCU_EnableDBGStopMode                      build/stm32f1xx_hal.o
HAL_DMA_Abort                                     build/stm32f1xx_hal_dma.o
                                                  build/stm32f1xx_hal_uart.o
HAL_DMA_Abort_IT                                  build/stm32f1xx_hal_dma.o
                                                  build/stm32f1xx_hal_uart.o
                                                  build/stm32f1xx_hal_tim_ex.o
                                                  build/stm32f1xx_hal_tim.o
HAL_DMA_DeInit                                    build/stm32f1xx_hal_dma.o
                                                  build/usart.o
HAL_DMA_GetError                                  build/stm32f1xx_hal_dma.o
                                                  build/stm32f1xx_hal_uart.o
HAL_DMA_GetState                                  build/stm32f1xx_hal_dma.o
HAL_DMA_IRQHandler                                build/stm32f1xx_hal_dma.o
                                                  build/stm32f1xx_it.o
HAL_DMA_Init                                      build/stm32f1xx_hal_dma.o
                                                  build/usart.o
HAL_DMA_PollForTransfer                           build/stm32f1xx_hal_dma.o
HAL_DMA_RegisterCallback                          build/stm32f1xx_hal_dma.o
HAL_DMA_Start                                     build/stm32f1xx_hal_dma.o
HAL_DMA_Start_IT                                  build/stm32f1xx_hal_dma.o
                                                  build/stm32f1xx_hal_uart.o
                                                  build/stm32f1xx_hal_tim_ex.o
                                                  build/stm32f1xx_hal_tim.o
HAL_DMA_UnRegisterCallback                        build/stm32f1xx_hal_dma.o
HAL_DeInit                                        build/stm32f1xx_hal.o
HAL_Delay                                         build/stm32f1xx_hal.o
                                                  build/main.o
HAL_EXTI_ClearConfigLine                          build/stm32f1xx_hal_exti.o
HAL_EXTI_ClearPending                             build/stm32f1xx_hal_exti.o
HAL_EXTI_GenerateSWI                              build/stm32f1xx_hal_exti.o
HAL_EXTI_GetConfigLine                            build/stm32f1xx_hal_exti.o
HAL_EXTI_GetHandle                                build/stm32f1xx_hal_exti.o
HAL_EXTI_GetPending                               build/stm32f1xx_hal_exti.o
HAL_EXTI_IRQHandler                               build/stm32f1xx_hal_exti.o
HAL_EXTI_RegisterCallback                         build/stm32f1xx_hal_exti.o
HAL_EXTI_SetConfigLine                            build/stm32f1xx_hal_exti.o
HAL_FLASHEx_Erase                                 build/stm32f1xx_hal_flash_ex.o
HAL_FLASHEx_Erase_IT                              build/stm32f1xx_hal_flash_ex.o
HAL_FLASHEx_OBErase                               build/stm32f1xx_hal_flash_ex.o
HAL_FLASHEx_OBGetConfig                           build/stm32f1xx_hal_flash_ex.o
HAL_FLASHEx_OBGetUserData                         build/stm32f1xx_hal_flash_ex.o
HAL_FLASHEx_OBProgram                             build/stm32f1xx_hal_flash_ex.o
HAL_FLASH_EndOfOperationCallback                  build/stm32f1xx_hal_flash.o
HAL_FLASH_GetError                                build/stm32f1xx_hal_flash.o
HAL_FLASH_IRQHandler                              build/stm32f1xx_hal_flash.o
HAL_FLASH_Lock                                    build/stm32f1xx_hal_flash.o
HAL_FLASH_OB_Launch                               build/stm32f1xx_hal_flash.o
HAL_FLASH_OB_Lock                                 build/stm32f1xx_hal_flash.o
HAL_FLASH_OB_Unlock                               build/stm32f1xx_hal_flash.o
HAL_FLASH_OperationErrorCallback                  build/stm32f1xx_hal_flash.o
HAL_FLASH_Program                                 build/stm32f1xx_hal_flash.o
HAL_FLASH_Program_IT                              build/stm32f1xx_hal_flash.o
HAL_FLASH_Unlock                                  build/stm32f1xx_hal_flash.o
HAL_GPIOEx_ConfigEventout                         build/stm32f1xx_hal_gpio_ex.o
HAL_GPIOEx_DisableEventout                        build/stm32f1xx_hal_gpio_ex.o
HAL_GPIOEx_EnableEventout                         build/stm32f1xx_hal_gpio_ex.o
HAL_GPIO_DeInit                                   build/stm32f1xx_hal_gpio.o
                                                  build/usart.o
HAL_GPIO_EXTI_Callback                            build/stm32f1xx_hal_gpio.o
HAL_GPIO_EXTI_IRQHandler                          build/stm32f1xx_hal_gpio.o
HAL_GPIO_Init                                     build/stm32f1xx_hal_gpio.o
                                                  build/stm32f1xx_hal_rcc.o
                                                  build/usart.o
                                                  build/tim.o
HAL_GPIO_LockPin                                  build/stm32f1xx_hal_gpio.o
HAL_GPIO_ReadPin                                  build/stm32f1xx_hal_gpio.o
HAL_GPIO_TogglePin                                build/stm32f1xx_hal_gpio.o
HAL_GPIO_WritePin                                 build/stm32f1xx_hal_gpio.o
HAL_GetDEVID                                      build/stm32f1xx_hal.o
HAL_GetHalVersion                                 build/stm32f1xx_hal.o
HAL_GetREVID                                      build/stm32f1xx_hal.o
HAL_GetTick                                       build/stm32f1xx_hal.o
                                                  build/stm32f1xx_hal_iwdg.o
                                                  build/stm32f1xx_hal_uart.o
                                                  build/stm32f1xx_hal_flash.o
                                                  build/stm32f1xx_hal_dma.o
                                                  build/stm32f1xx_hal_rcc_ex.o
                                                  build/stm32f1xx_hal_rcc.o
HAL_GetTickFreq                                   build/stm32f1xx_hal.o
HAL_GetTickPrio                                   build/stm32f1xx_hal.o
HAL_GetUIDw0                                      build/stm32f1xx_hal.o
HAL_GetUIDw1                                      build/stm32f1xx_hal.o
HAL_GetUIDw2                                      build/stm32f1xx_hal.o
HAL_HalfDuplex_EnableReceiver                     build/stm32f1xx_hal_uart.o
HAL_HalfDuplex_EnableTransmitter                  build/stm32f1xx_hal_uart.o
HAL_HalfDuplex_Init                               build/stm32f1xx_hal_uart.o
HAL_IWDG_Init                                     build/stm32f1xx_hal_iwdg.o
                                                  build/iwdg.o
HAL_IWDG_Refresh                                  build/stm32f1xx_hal_iwdg.o
HAL_IncTick                                       build/stm32f1xx_hal.o
                                                  build/main.o
HAL_Init                                          build/stm32f1xx_hal.o
                                                  build/main.o
HAL_InitTick                                      build/stm32f1xx_hal_timebase_tim.o
                                                  build/stm32f1xx_hal_rcc.o
HAL_LIN_Init                                      build/stm32f1xx_hal_uart.o
HAL_LIN_SendBreak                                 build/stm32f1xx_hal_uart.o
HAL_MspDeInit                                     build/stm32f1xx_hal.o
HAL_MspInit                                       build/stm32f1xx_hal_msp.o
HAL_MultiProcessor_EnterMuteMode                  build/stm32f1xx_hal_uart.o
HAL_MultiProcessor_ExitMuteMode                   build/stm32f1xx_hal_uart.o
HAL_MultiProcessor_Init                           build/stm32f1xx_hal_uart.o
HAL_NVIC_ClearPendingIRQ                          build/stm32f1xx_hal_cortex.o
HAL_NVIC_DisableIRQ                               build/stm32f1xx_hal_cortex.o
                                                  build/usart.o
HAL_NVIC_EnableIRQ                                build/stm32f1xx_hal_cortex.o
                                                  build/stm32f1xx_hal_timebase_tim.o
                                                  build/usart.o
                                                  build/dma.o
HAL_NVIC_GetActive                                build/stm32f1xx_hal_cortex.o
HAL_NVIC_GetPendingIRQ                            build/stm32f1xx_hal_cortex.o
HAL_NVIC_GetPriority                              build/stm32f1xx_hal_cortex.o
HAL_NVIC_GetPriorityGrouping                      build/stm32f1xx_hal_cortex.o
HAL_NVIC_SetPendingIRQ                            build/stm32f1xx_hal_cortex.o
HAL_NVIC_SetPriority                              build/stm32f1xx_hal_cortex.o
                                                  build/stm32f1xx_hal.o
                                                  build/stm32f1xx_hal_timebase_tim.o
                                                  build/stm32f1xx_hal_msp.o
                                                  build/usart.o
                                                  build/dma.o
HAL_NVIC_SetPriorityGrouping                      build/stm32f1xx_hal_cortex.o
                                                  build/stm32f1xx_hal.o
HAL_NVIC_SystemReset                              build/stm32f1xx_hal_cortex.o
                                                  build/stm32f1xx_hal_flash.o
HAL_PWR_ConfigPVD                                 build/stm32f1xx_hal_pwr.o
HAL_PWR_DeInit                                    build/stm32f1xx_hal_pwr.o
HAL_PWR_DisableBkUpAccess                         build/stm32f1xx_hal_pwr.o
HAL_PWR_DisablePVD                                build/stm32f1xx_hal_pwr.o
HAL_PWR_DisableSEVOnPend                          build/stm32f1xx_hal_pwr.o
HAL_PWR_DisableSleepOnExit                        build/stm32f1xx_hal_pwr.o
HAL_PWR_DisableWakeUpPin                          build/stm32f1xx_hal_pwr.o
HAL_PWR_EnableBkUpAccess                          build/stm32f1xx_hal_pwr.o
HAL_PWR_EnablePVD                                 build/stm32f1xx_hal_pwr.o
HAL_PWR_EnableSEVOnPend                           build/stm32f1xx_hal_pwr.o
HAL_PWR_EnableSleepOnExit                         build/stm32f1xx_hal_pwr.o
HAL_PWR_EnableWakeUpPin                           build/stm32f1xx_hal_pwr.o
HAL_PWR_EnterSLEEPMode                            build/stm32f1xx_hal_pwr.o
HAL_PWR_EnterSTANDBYMode                          build/stm32f1xx_hal_pwr.o
HAL_PWR_EnterSTOPMode                             build/stm32f1xx_hal_pwr.o
HAL_PWR_PVDCallback                               build/stm32f1xx_hal_pwr.o
HAL_PWR_PVD_IRQHandler                            build/stm32f1xx_hal_pwr.o
HAL_RCCEx_GetPeriphCLKConfig                      build/stm32f1xx_hal_rcc_ex.o
HAL_RCCEx_GetPeriphCLKFreq                        build/stm32f1xx_hal_rcc_ex.o
HAL_RCCEx_PeriphCLKConfig                         build/stm32f1xx_hal_rcc_ex.o
HAL_RCC_CSSCallback                               build/stm32f1xx_hal_rcc.o
HAL_RCC_ClockConfig                               build/stm32f1xx_hal_rcc.o
                                                  build/main.o
HAL_RCC_DeInit                                    build/stm32f1xx_hal_rcc.o
HAL_RCC_DisableCSS                                build/stm32f1xx_hal_rcc.o
HAL_RCC_EnableCSS                                 build/stm32f1xx_hal_rcc.o
HAL_RCC_GetClockConfig                            build/stm32f1xx_hal_rcc.o
                                                  build/stm32f1xx_hal_timebase_tim.o
HAL_RCC_GetHCLKFreq                               build/stm32f1xx_hal_rcc.o
HAL_RCC_GetOscConfig                              build/stm32f1xx_hal_rcc.o
HAL_RCC_GetPCLK1Freq                              build/stm32f1xx_hal_rcc.o
                                                  build/stm32f1xx_hal_uart.o
                                                  build/stm32f1xx_hal_timebase_tim.o
HAL_RCC_GetPCLK2Freq                              build/stm32f1xx_hal_rcc.o
                                                  build/stm32f1xx_hal_uart.o
                                                  build/stm32f1xx_hal_rcc_ex.o
HAL_RCC_GetSysClockFreq                           build/stm32f1xx_hal_rcc.o
HAL_RCC_MCOConfig                                 build/stm32f1xx_hal_rcc.o
HAL_RCC_NMI_IRQHandler                            build/stm32f1xx_hal_rcc.o
HAL_RCC_OscConfig                                 build/stm32f1xx_hal_rcc.o
                                                  build/main.o
HAL_ResumeTick                                    build/stm32f1xx_hal_timebase_tim.o
HAL_SYSTICK_CLKSourceConfig                       build/stm32f1xx_hal_cortex.o
HAL_SYSTICK_Callback                              build/stm32f1xx_hal_cortex.o
HAL_SYSTICK_Config                                build/stm32f1xx_hal_cortex.o
                                                  build/stm32f1xx_hal.o
HAL_SYSTICK_IRQHandler                            build/stm32f1xx_hal_cortex.o
HAL_SetTickFreq                                   build/stm32f1xx_hal.o
HAL_SuspendTick                                   build/stm32f1xx_hal_timebase_tim.o
HAL_TIMEx_BreakCallback                           build/stm32f1xx_hal_tim_ex.o
                                                  build/stm32f1xx_hal_tim.o
HAL_TIMEx_CommutCallback                          build/stm32f1xx_hal_tim_ex.o
                                                  build/stm32f1xx_hal_tim.o
HAL_TIMEx_CommutHalfCpltCallback                  build/stm32f1xx_hal_tim_ex.o
HAL_TIMEx_ConfigBreakDeadTime                     build/stm32f1xx_hal_tim_ex.o
HAL_TIMEx_ConfigCommutEvent                       build/stm32f1xx_hal_tim_ex.o
HAL_TIMEx_ConfigCommutEvent_DMA                   build/stm32f1xx_hal_tim_ex.o
HAL_TIMEx_ConfigCommutEvent_IT                    build/stm32f1xx_hal_tim_ex.o
HAL_TIMEx_GetChannelNState                        build/stm32f1xx_hal_tim_ex.o
HAL_TIMEx_HallSensor_DeInit                       build/stm32f1xx_hal_tim_ex.o
HAL_TIMEx_HallSensor_GetState                     build/stm32f1xx_hal_tim_ex.o
HAL_TIMEx_HallSensor_Init                         build/stm32f1xx_hal_tim_ex.o
HAL_TIMEx_HallSensor_MspDeInit                    build/stm32f1xx_hal_tim_ex.o
HAL_TIMEx_HallSensor_MspInit                      build/stm32f1xx_hal_tim_ex.o
HAL_TIMEx_HallSensor_Start                        build/stm32f1xx_hal_tim_ex.o
HAL_TIMEx_HallSensor_Start_DMA                    build/stm32f1xx_hal_tim_ex.o
HAL_TIMEx_HallSensor_Start_IT                     build/stm32f1xx_hal_tim_ex.o
HAL_TIMEx_HallSensor_Stop                         build/stm32f1xx_hal_tim_ex.o
HAL_TIMEx_HallSensor_Stop_DMA                     build/stm32f1xx_hal_tim_ex.o
HAL_TIMEx_HallSensor_Stop_IT                      build/stm32f1xx_hal_tim_ex.o
HAL_TIMEx_MasterConfigSynchronization             build/stm32f1xx_hal_tim_ex.o
                                                  build/tim.o
HAL_TIMEx_OCN_Start                               build/stm32f1xx_hal_tim_ex.o
HAL_TIMEx_OCN_Start_DMA                           build/stm32f1xx_hal_tim_ex.o
HAL_TIMEx_OCN_Start_IT                            build/stm32f1xx_hal_tim_ex.o
HAL_TIMEx_OCN_Stop                                build/stm32f1xx_hal_tim_ex.o
HAL_TIMEx_OCN_Stop_DMA                            build/stm32f1xx_hal_tim_ex.o
HAL_TIMEx_OCN_Stop_IT                             build/stm32f1xx_hal_tim_ex.o
HAL_TIMEx_OnePulseN_Start                         build/stm32f1xx_hal_tim_ex.o
HAL_TIMEx_OnePulseN_Start_IT                      build/stm32f1xx_hal_tim_ex.o
HAL_TIMEx_OnePulseN_Stop                          build/stm32f1xx_hal_tim_ex.o
HAL_TIMEx_OnePulseN_Stop_IT                       build/stm32f1xx_hal_tim_ex.o
HAL_TIMEx_PWMN_Start                              build/stm32f1xx_hal_tim_ex.o
HAL_TIMEx_PWMN_Start_DMA                          build/stm32f1xx_hal_tim_ex.o
HAL_TIMEx_PWMN_Start_IT                           build/stm32f1xx_hal_tim_ex.o
HAL_TIMEx_PWMN_Stop                               build/stm32f1xx_hal_tim_ex.o
HAL_TIMEx_PWMN_Stop_DMA                           build/stm32f1xx_hal_tim_ex.o
HAL_TIMEx_PWMN_Stop_IT                            build/stm32f1xx_hal_tim_ex.o
HAL_TIMEx_RemapConfig                             build/stm32f1xx_hal_tim_ex.o
HAL_TIM_Base_DeInit                               build/stm32f1xx_hal_tim.o
HAL_TIM_Base_GetState                             build/stm32f1xx_hal_tim.o
HAL_TIM_Base_Init                                 build/stm32f1xx_hal_tim.o
                                                  build/stm32f1xx_hal_timebase_tim.o
HAL_TIM_Base_MspDeInit                            build/stm32f1xx_hal_tim.o
HAL_TIM_Base_MspInit                              build/stm32f1xx_hal_tim.o
HAL_TIM_Base_Start                                build/stm32f1xx_hal_tim.o
HAL_TIM_Base_Start_DMA                            build/stm32f1xx_hal_tim.o
HAL_TIM_Base_Start_IT                             build/stm32f1xx_hal_tim.o
                                                  build/stm32f1xx_hal_timebase_tim.o
HAL_TIM_Base_Stop                                 build/stm32f1xx_hal_tim.o
HAL_TIM_Base_Stop_DMA                             build/stm32f1xx_hal_tim.o
HAL_TIM_Base_Stop_IT                              build/stm32f1xx_hal_tim.o
HAL_TIM_ConfigClockSource                         build/stm32f1xx_hal_tim.o
HAL_TIM_ConfigOCrefClear                          build/stm32f1xx_hal_tim.o
HAL_TIM_ConfigTI1Input                            build/stm32f1xx_hal_tim.o
HAL_TIM_DMABurstState                             build/stm32f1xx_hal_tim.o
HAL_TIM_DMABurst_MultiReadStart                   build/stm32f1xx_hal_tim.o
HAL_TIM_DMABurst_MultiWriteStart                  build/stm32f1xx_hal_tim.o
HAL_TIM_DMABurst_ReadStart                        build/stm32f1xx_hal_tim.o
HAL_TIM_DMABurst_ReadStop                         build/stm32f1xx_hal_tim.o
HAL_TIM_DMABurst_WriteStart                       build/stm32f1xx_hal_tim.o
HAL_TIM_DMABurst_WriteStop                        build/stm32f1xx_hal_tim.o
HAL_TIM_Encoder_DeInit                            build/stm32f1xx_hal_tim.o
HAL_TIM_Encoder_GetState                          build/stm32f1xx_hal_tim.o
HAL_TIM_Encoder_Init                              build/stm32f1xx_hal_tim.o
HAL_TIM_Encoder_MspDeInit                         build/stm32f1xx_hal_tim.o
HAL_TIM_Encoder_MspInit                           build/stm32f1xx_hal_tim.o
HAL_TIM_Encoder_Start                             build/stm32f1xx_hal_tim.o
HAL_TIM_Encoder_Start_DMA                         build/stm32f1xx_hal_tim.o
HAL_TIM_Encoder_Start_IT                          build/stm32f1xx_hal_tim.o
HAL_TIM_Encoder_Stop                              build/stm32f1xx_hal_tim.o
HAL_TIM_Encoder_Stop_DMA                          build/stm32f1xx_hal_tim.o
HAL_TIM_Encoder_Stop_IT                           build/stm32f1xx_hal_tim.o
HAL_TIM_ErrorCallback                             build/stm32f1xx_hal_tim.o
                                                  build/stm32f1xx_hal_tim_ex.o
HAL_TIM_GenerateEvent                             build/stm32f1xx_hal_tim.o
HAL_TIM_GetActiveChannel                          build/stm32f1xx_hal_tim.o
HAL_TIM_GetChannelState                           build/stm32f1xx_hal_tim.o
HAL_TIM_IC_CaptureCallback                        build/stm32f1xx_hal_tim.o
HAL_TIM_IC_CaptureHalfCpltCallback                build/stm32f1xx_hal_tim.o
HAL_TIM_IC_ConfigChannel                          build/stm32f1xx_hal_tim.o
HAL_TIM_IC_DeInit                                 build/stm32f1xx_hal_tim.o
HAL_TIM_IC_GetState                               build/stm32f1xx_hal_tim.o
HAL_TIM_IC_Init                                   build/stm32f1xx_hal_tim.o
HAL_TIM_IC_MspDeInit                              build/stm32f1xx_hal_tim.o
HAL_TIM_IC_MspInit                                build/stm32f1xx_hal_tim.o
HAL_TIM_IC_Start                                  build/stm32f1xx_hal_tim.o
HAL_TIM_IC_Start_DMA                              build/stm32f1xx_hal_tim.o
HAL_TIM_IC_Start_IT                               build/stm32f1xx_hal_tim.o
HAL_TIM_IC_Stop                                   build/stm32f1xx_hal_tim.o
HAL_TIM_IC_Stop_DMA                               build/stm32f1xx_hal_tim.o
HAL_TIM_IC_Stop_IT                                build/stm32f1xx_hal_tim.o
HAL_TIM_IRQHandler                                build/stm32f1xx_hal_tim.o
                                                  build/stm32f1xx_it.o
HAL_TIM_MspPostInit                               build/tim.o
HAL_TIM_OC_ConfigChannel                          build/stm32f1xx_hal_tim.o
HAL_TIM_OC_DeInit                                 build/stm32f1xx_hal_tim.o
HAL_TIM_OC_DelayElapsedCallback                   build/stm32f1xx_hal_tim.o
HAL_TIM_OC_GetState                               build/stm32f1xx_hal_tim.o
HAL_TIM_OC_Init                                   build/stm32f1xx_hal_tim.o
HAL_TIM_OC_MspDeInit                              build/stm32f1xx_hal_tim.o
HAL_TIM_OC_MspInit                                build/stm32f1xx_hal_tim.o
HAL_TIM_OC_Start                                  build/stm32f1xx_hal_tim.o
HAL_TIM_OC_Start_DMA                              build/stm32f1xx_hal_tim.o
HAL_TIM_OC_Start_IT                               build/stm32f1xx_hal_tim.o
HAL_TIM_OC_Stop                                   build/stm32f1xx_hal_tim.o
HAL_TIM_OC_Stop_DMA                               build/stm32f1xx_hal_tim.o
HAL_TIM_OC_Stop_IT                                build/stm32f1xx_hal_tim.o
HAL_TIM_OnePulse_ConfigChannel                    build/stm32f1xx_hal_tim.o
HAL_TIM_OnePulse_DeInit                           build/stm32f1xx_hal_tim.o
HAL_TIM_OnePulse_GetState                         build/stm32f1xx_hal_tim.o
HAL_TIM_OnePulse_Init                             build/stm32f1xx_hal_tim.o
HAL_TIM_OnePulse_MspDeInit                        build/stm32f1xx_hal_tim.o
HAL_TIM_OnePulse_MspInit                          build/stm32f1xx_hal_tim.o
HAL_TIM_OnePulse_Start                            build/stm32f1xx_hal_tim.o
HAL_TIM_OnePulse_Start_IT                         build/stm32f1xx_hal_tim.o
HAL_TIM_OnePulse_Stop                             build/stm32f1xx_hal_tim.o
HAL_TIM_OnePulse_Stop_IT                          build/stm32f1xx_hal_tim.o
HAL_TIM_PWM_ConfigChannel                         build/stm32f1xx_hal_tim.o
                                                  build/tim.o
HAL_TIM_PWM_DeInit                                build/stm32f1xx_hal_tim.o
HAL_TIM_PWM_GetState                              build/stm32f1xx_hal_tim.o
HAL_TIM_PWM_Init                                  build/stm32f1xx_hal_tim.o
                                                  build/tim.o
HAL_TIM_PWM_MspDeInit                             build/tim.o
HAL_TIM_PWM_MspInit                               build/tim.o
HAL_TIM_PWM_PulseFinishedCallback                 build/stm32f1xx_hal_tim.o
                                                  build/stm32f1xx_hal_tim_ex.o
HAL_TIM_PWM_PulseFinishedHalfCpltCallback         build/stm32f1xx_hal_tim.o
HAL_TIM_PWM_Start                                 build/stm32f1xx_hal_tim.o
                                                  build/servo_driver.o
HAL_TIM_PWM_Start_DMA                             build/stm32f1xx_hal_tim.o
HAL_TIM_PWM_Start_IT                              build/stm32f1xx_hal_tim.o
HAL_TIM_PWM_Stop                                  build/stm32f1xx_hal_tim.o
HAL_TIM_PWM_Stop_DMA                              build/stm32f1xx_hal_tim.o
HAL_TIM_PWM_Stop_IT                               build/stm32f1xx_hal_tim.o
HAL_TIM_PeriodElapsedCallback                     build/main.o
HAL_TIM_PeriodElapsedHalfCpltCallback             build/stm32f1xx_hal_tim.o
HAL_TIM_ReadCapturedValue                         build/stm32f1xx_hal_tim.o
HAL_TIM_SlaveConfigSynchro                        build/stm32f1xx_hal_tim.o
HAL_TIM_SlaveConfigSynchro_IT                     build/stm32f1xx_hal_tim.o
HAL_TIM_TriggerCallback                           build/stm32f1xx_hal_tim.o
HAL_TIM_TriggerHalfCpltCallback                   build/stm32f1xx_hal_tim.o
HAL_UARTEx_GetRxEventType                         build/stm32f1xx_hal_uart.o
HAL_UARTEx_ReceiveToIdle                          build/stm32f1xx_hal_uart.o
HAL_UARTEx_ReceiveToIdle_DMA                      build/stm32f1xx_hal_uart.o
HAL_UARTEx_ReceiveToIdle_IT                       build/stm32f1xx_hal_uart.o
HAL_UARTEx_RxEventCallback                        build/stm32f1xx_hal_uart.o
HAL_UART_Abort                                    build/stm32f1xx_hal_uart.o
HAL_UART_AbortCpltCallback                        build/stm32f1xx_hal_uart.o
HAL_UART_AbortReceive                             build/stm32f1xx_hal_uart.o
HAL_UART_AbortReceiveCpltCallback                 build/stm32f1xx_hal_uart.o
HAL_UART_AbortReceive_IT                          build/stm32f1xx_hal_uart.o
HAL_UART_AbortTransmit                            build/stm32f1xx_hal_uart.o
HAL_UART_AbortTransmitCpltCallback                build/stm32f1xx_hal_uart.o
HAL_UART_AbortTransmit_IT                         build/stm32f1xx_hal_uart.o
HAL_UART_Abort_IT                                 build/stm32f1xx_hal_uart.o
HAL_UART_DMAPause                                 build/stm32f1xx_hal_uart.o
HAL_UART_DMAResume                                build/stm32f1xx_hal_uart.o
HAL_UART_DMAStop                                  build/stm32f1xx_hal_uart.o
HAL_UART_DeInit                                   build/stm32f1xx_hal_uart.o
HAL_UART_ErrorCallback                            build/stm32f1xx_hal_uart.o
HAL_UART_GetError                                 build/stm32f1xx_hal_uart.o
HAL_UART_GetState                                 build/stm32f1xx_hal_uart.o
HAL_UART_IRQHandler                               build/stm32f1xx_hal_uart.o
                                                  build/stm32f1xx_it.o
HAL_UART_Init                                     build/stm32f1xx_hal_uart.o
                                                  build/usart.o
HAL_UART_MspDeInit                                build/usart.o
HAL_UART_MspInit                                  build/usart.o
HAL_UART_Receive                                  build/stm32f1xx_hal_uart.o
HAL_UART_Receive_DMA                              build/stm32f1xx_hal_uart.o
HAL_UART_Receive_IT                               build/stm32f1xx_hal_uart.o
HAL_UART_RxCpltCallback                           build/stm32f1xx_hal_uart.o
HAL_UART_RxHalfCpltCallback                       build/stm32f1xx_hal_uart.o
HAL_UART_Transmit                                 build/stm32f1xx_hal_uart.o
HAL_UART_Transmit_DMA                             build/stm32f1xx_hal_uart.o
HAL_UART_Transmit_IT                              build/stm32f1xx_hal_uart.o
HAL_UART_TxCpltCallback                           build/stm32f1xx_hal_uart.o
HAL_UART_TxHalfCpltCallback                       build/stm32f1xx_hal_uart.o
HardFault_Handler                                 build/stm32f1xx_it.o
I2C1_ER_IRQHandler                                build/startup_stm32f103xb.o
I2C1_EV_IRQHandler                                build/startup_stm32f103xb.o
I2C2_ER_IRQHandler                                build/startup_stm32f103xb.o
I2C2_EV_IRQHandler                                build/startup_stm32f103xb.o
MX_DMA_Init                                       build/dma.o
                                                  build/main.o
MX_FREERTOS_Init                                  build/freertos.o
MX_GPIO_Init                                      build/gpio.o
                                                  build/main.o
MX_IWDG_Init                                      build/iwdg.o
                                                  build/main.o
MX_TIM2_Init                                      build/tim.o
                                                  build/main.o
MX_USART1_UART_Init                               build/usart.o
                                                  build/main.o
MemManage_Handler                                 build/stm32f1xx_it.o
NMI_Handler                                       build/stm32f1xx_it.o
PVD_IRQHandler                                    build/startup_stm32f103xb.o
PendSV_Handler                                    build/port.o
RCC_IRQHandler                                    build/startup_stm32f103xb.o
RTC_Alarm_IRQHandler                              build/startup_stm32f103xb.o
RTC_IRQHandler                                    build/startup_stm32f103xb.o
Reset_Handler                                     build/startup_stm32f103xb.o
SPI1_IRQHandler                                   build/startup_stm32f103xb.o
SPI2_IRQHandler                                   build/startup_stm32f103xb.o
SVC_Handler                                       build/port.o
Servo_GetAngle                                    build/servo_driver.o
Servo_Init                                        build/servo_driver.o
                                                  build/main.o
Servo_SetAngle                                    build/servo_driver.o
                                                  build/main.o
StartDefaultTask                                  build/freertos.o
SysTick_Handler                                   build/cmsis_os2.o
SystemClock_Config                                build/main.o
SystemCoreClock                                   build/system_stm32f1xx.o
                                                  build/port.o
                                                  build/cmsis_os2.o
                                                  build/stm32f1xx_hal_rcc.o
                                                  build/stm32f1xx_hal.o
SystemCoreClockUpdate                             build/system_stm32f1xx.o
SystemInit                                        build/system_stm32f1xx.o
                                                  build/startup_stm32f103xb.o
TAMPER_IRQHandler                                 build/startup_stm32f103xb.o
TIM1_BRK_IRQHandler                               build/startup_stm32f103xb.o
TIM1_CC_IRQHandler                                build/startup_stm32f103xb.o
TIM1_TRG_COM_IRQHandler                           build/startup_stm32f103xb.o
TIM1_UP_IRQHandler                                build/startup_stm32f103xb.o
TIM2_IRQHandler                                   build/startup_stm32f103xb.o
TIM3_IRQHandler                                   build/startup_stm32f103xb.o
TIM4_IRQHandler                                   build/stm32f1xx_it.o
TIMEx_DMACommutationCplt                          build/stm32f1xx_hal_tim_ex.o
                                                  build/stm32f1xx_hal_tim.o
TIMEx_DMACommutationHalfCplt                      build/stm32f1xx_hal_tim_ex.o
                                                  build/stm32f1xx_hal_tim.o
TIM_Base_SetConfig                                build/stm32f1xx_hal_tim.o
                                                  build/stm32f1xx_hal_tim_ex.o
TIM_CCxChannelCmd                                 build/stm32f1xx_hal_tim.o
                                                  build/stm32f1xx_hal_tim_ex.o
TIM_DMACaptureCplt                                build/stm32f1xx_hal_tim.o
                                                  build/stm32f1xx_hal_tim_ex.o
TIM_DMACaptureHalfCplt                            build/stm32f1xx_hal_tim.o
                                                  build/stm32f1xx_hal_tim_ex.o
TIM_DMADelayPulseHalfCplt                         build/stm32f1xx_hal_tim.o
                                                  build/stm32f1xx_hal_tim_ex.o
TIM_DMAError                                      build/stm32f1xx_hal_tim.o
                                                  build/stm32f1xx_hal_tim_ex.o
TIM_ETR_SetConfig                                 build/stm32f1xx_hal_tim.o
TIM_OC2_SetConfig                                 build/stm32f1xx_hal_tim.o
                                                  build/stm32f1xx_hal_tim_ex.o
TIM_TI1_SetConfig                                 build/stm32f1xx_hal_tim.o
                                                  build/stm32f1xx_hal_tim_ex.o
UART_Start_Receive_DMA                            build/stm32f1xx_hal_uart.o
UART_Start_Receive_IT                             build/stm32f1xx_hal_uart.o
USART1_IRQHandler                                 build/stm32f1xx_it.o
USART2_IRQHandler                                 build/startup_stm32f103xb.o
USART3_IRQHandler                                 build/startup_stm32f103xb.o
USBWakeUp_IRQHandler                              build/startup_stm32f103xb.o
USB_HP_CAN1_TX_IRQHandler                         build/startup_stm32f103xb.o
USB_LP_CAN1_RX0_IRQHandler                        build/startup_stm32f103xb.o
UsageFault_Handler                                build/stm32f1xx_it.o
WWDG_IRQHandler                                   build/startup_stm32f103xb.o
_Min_Stack_Size                                   build/sysmem.o
__addsf3                                          e:/keil_v5/gnu arm embedded toolchain/10 2021.10/bin/../lib/gcc/arm-none-eabi/10.3.1/thumb/v7-m/nofp\libgcc.a(_arm_addsubsf3.o)
__aeabi_cfcmpeq                                   e:/keil_v5/gnu arm embedded toolchain/10 2021.10/bin/../lib/gcc/arm-none-eabi/10.3.1/thumb/v7-m/nofp\libgcc.a(_arm_cmpsf2.o)
__aeabi_cfcmple                                   e:/keil_v5/gnu arm embedded toolchain/10 2021.10/bin/../lib/gcc/arm-none-eabi/10.3.1/thumb/v7-m/nofp\libgcc.a(_arm_cmpsf2.o)
__aeabi_cfrcmple                                  e:/keil_v5/gnu arm embedded toolchain/10 2021.10/bin/../lib/gcc/arm-none-eabi/10.3.1/thumb/v7-m/nofp\libgcc.a(_arm_cmpsf2.o)
__aeabi_f2uiz                                     e:/keil_v5/gnu arm embedded toolchain/10 2021.10/bin/../lib/gcc/arm-none-eabi/10.3.1/thumb/v7-m/nofp\libgcc.a(_arm_fixunssfsi.o)
                                                  build/servo_driver.o
__aeabi_fadd                                      e:/keil_v5/gnu arm embedded toolchain/10 2021.10/bin/../lib/gcc/arm-none-eabi/10.3.1/thumb/v7-m/nofp\libgcc.a(_arm_addsubsf3.o)
                                                  build/servo_driver.o
__aeabi_fcmpeq                                    e:/keil_v5/gnu arm embedded toolchain/10 2021.10/bin/../lib/gcc/arm-none-eabi/10.3.1/thumb/v7-m/nofp\libgcc.a(_arm_cmpsf2.o)
__aeabi_fcmpge                                    e:/keil_v5/gnu arm embedded toolchain/10 2021.10/bin/../lib/gcc/arm-none-eabi/10.3.1/thumb/v7-m/nofp\libgcc.a(_arm_cmpsf2.o)
__aeabi_fcmpgt                                    e:/keil_v5/gnu arm embedded toolchain/10 2021.10/bin/../lib/gcc/arm-none-eabi/10.3.1/thumb/v7-m/nofp\libgcc.a(_arm_cmpsf2.o)
                                                  build/servo_driver.o
__aeabi_fcmple                                    e:/keil_v5/gnu arm embedded toolchain/10 2021.10/bin/../lib/gcc/arm-none-eabi/10.3.1/thumb/v7-m/nofp\libgcc.a(_arm_cmpsf2.o)
__aeabi_fcmplt                                    e:/keil_v5/gnu arm embedded toolchain/10 2021.10/bin/../lib/gcc/arm-none-eabi/10.3.1/thumb/v7-m/nofp\libgcc.a(_arm_cmpsf2.o)
                                                  build/servo_driver.o
__aeabi_fmul                                      e:/keil_v5/gnu arm embedded toolchain/10 2021.10/bin/../lib/gcc/arm-none-eabi/10.3.1/thumb/v7-m/nofp\libgcc.a(_arm_mulsf3.o)
                                                  build/servo_driver.o
__aeabi_frsub                                     e:/keil_v5/gnu arm embedded toolchain/10 2021.10/bin/../lib/gcc/arm-none-eabi/10.3.1/thumb/v7-m/nofp\libgcc.a(_arm_addsubsf3.o)
__aeabi_fsub                                      e:/keil_v5/gnu arm embedded toolchain/10 2021.10/bin/../lib/gcc/arm-none-eabi/10.3.1/thumb/v7-m/nofp\libgcc.a(_arm_addsubsf3.o)
__aeabi_i2f                                       e:/keil_v5/gnu arm embedded toolchain/10 2021.10/bin/../lib/gcc/arm-none-eabi/10.3.1/thumb/v7-m/nofp\libgcc.a(_arm_addsubsf3.o)
__aeabi_l2f                                       e:/keil_v5/gnu arm embedded toolchain/10 2021.10/bin/../lib/gcc/arm-none-eabi/10.3.1/thumb/v7-m/nofp\libgcc.a(_arm_addsubsf3.o)
__aeabi_ui2f                                      e:/keil_v5/gnu arm embedded toolchain/10 2021.10/bin/../lib/gcc/arm-none-eabi/10.3.1/thumb/v7-m/nofp\libgcc.a(_arm_addsubsf3.o)
__aeabi_ul2f                                      e:/keil_v5/gnu arm embedded toolchain/10 2021.10/bin/../lib/gcc/arm-none-eabi/10.3.1/thumb/v7-m/nofp\libgcc.a(_arm_addsubsf3.o)
__bss_end__                                       e:/keil_v5/gnu arm embedded toolchain/10 2021.10/bin/../lib/gcc/arm-none-eabi/10.3.1/../../../../arm-none-eabi/lib/thumb/v7-m/nofp/crt0.o
__bss_start__                                     e:/keil_v5/gnu arm embedded toolchain/10 2021.10/bin/../lib/gcc/arm-none-eabi/10.3.1/../../../../arm-none-eabi/lib/thumb/v7-m/nofp/crt0.o
__call_exitprocs                                  e:/keil_v5/gnu arm embedded toolchain/10 2021.10/bin/../lib/gcc/arm-none-eabi/10.3.1/../../../../arm-none-eabi/lib/thumb/v7-m/nofp\libc_nano.a(lib_a-exit.o)
__cmpsf2                                          e:/keil_v5/gnu arm embedded toolchain/10 2021.10/bin/../lib/gcc/arm-none-eabi/10.3.1/thumb/v7-m/nofp\libgcc.a(_arm_cmpsf2.o)
__deregister_frame_info                           e:/keil_v5/gnu arm embedded toolchain/10 2021.10/bin/../lib/gcc/arm-none-eabi/10.3.1/thumb/v7-m/nofp/crtbegin.o
__dso_handle                                      e:/keil_v5/gnu arm embedded toolchain/10 2021.10/bin/../lib/gcc/arm-none-eabi/10.3.1/thumb/v7-m/nofp/crtbegin.o
__env                                             build/syscalls.o
__eqsf2                                           e:/keil_v5/gnu arm embedded toolchain/10 2021.10/bin/../lib/gcc/arm-none-eabi/10.3.1/thumb/v7-m/nofp\libgcc.a(_arm_cmpsf2.o)
__errno                                           e:/keil_v5/gnu arm embedded toolchain/10 2021.10/bin/../lib/gcc/arm-none-eabi/10.3.1/../../../../arm-none-eabi/lib/thumb/v7-m/nofp\libc_nano.a(lib_a-errno.o)
                                                  build/syscalls.o
                                                  build/sysmem.o
__fixunssfsi                                      e:/keil_v5/gnu arm embedded toolchain/10 2021.10/bin/../lib/gcc/arm-none-eabi/10.3.1/thumb/v7-m/nofp\libgcc.a(_arm_fixunssfsi.o)
__floatdisf                                       e:/keil_v5/gnu arm embedded toolchain/10 2021.10/bin/../lib/gcc/arm-none-eabi/10.3.1/thumb/v7-m/nofp\libgcc.a(_arm_addsubsf3.o)
__floatsisf                                       e:/keil_v5/gnu arm embedded toolchain/10 2021.10/bin/../lib/gcc/arm-none-eabi/10.3.1/thumb/v7-m/nofp\libgcc.a(_arm_addsubsf3.o)
__floatundisf                                     e:/keil_v5/gnu arm embedded toolchain/10 2021.10/bin/../lib/gcc/arm-none-eabi/10.3.1/thumb/v7-m/nofp\libgcc.a(_arm_addsubsf3.o)
__floatunsisf                                     e:/keil_v5/gnu arm embedded toolchain/10 2021.10/bin/../lib/gcc/arm-none-eabi/10.3.1/thumb/v7-m/nofp\libgcc.a(_arm_addsubsf3.o)
__gesf2                                           e:/keil_v5/gnu arm embedded toolchain/10 2021.10/bin/../lib/gcc/arm-none-eabi/10.3.1/thumb/v7-m/nofp\libgcc.a(_arm_cmpsf2.o)
__gtsf2                                           e:/keil_v5/gnu arm embedded toolchain/10 2021.10/bin/../lib/gcc/arm-none-eabi/10.3.1/thumb/v7-m/nofp\libgcc.a(_arm_cmpsf2.o)
__init_array_end                                  e:/keil_v5/gnu arm embedded toolchain/10 2021.10/bin/../lib/gcc/arm-none-eabi/10.3.1/../../../../arm-none-eabi/lib/thumb/v7-m/nofp\libc_nano.a(lib_a-init.o)
__init_array_start                                e:/keil_v5/gnu arm embedded toolchain/10 2021.10/bin/../lib/gcc/arm-none-eabi/10.3.1/../../../../arm-none-eabi/lib/thumb/v7-m/nofp\libc_nano.a(lib_a-init.o)
__io_getchar                                      build/syscalls.o
__io_putchar                                      build/syscalls.o
__lesf2                                           e:/keil_v5/gnu arm embedded toolchain/10 2021.10/bin/../lib/gcc/arm-none-eabi/10.3.1/thumb/v7-m/nofp\libgcc.a(_arm_cmpsf2.o)
__libc_fini_array                                 e:/keil_v5/gnu arm embedded toolchain/10 2021.10/bin/../lib/gcc/arm-none-eabi/10.3.1/../../../../arm-none-eabi/lib/thumb/v7-m/nofp/crt0.o
__libc_init_array                                 e:/keil_v5/gnu arm embedded toolchain/10 2021.10/bin/../lib/gcc/arm-none-eabi/10.3.1/../../../../arm-none-eabi/lib/thumb/v7-m/nofp\libc_nano.a(lib_a-init.o)
                                                  build/startup_stm32f103xb.o
                                                  e:/keil_v5/gnu arm embedded toolchain/10 2021.10/bin/../lib/gcc/arm-none-eabi/10.3.1/../../../../arm-none-eabi/lib/thumb/v7-m/nofp/crt0.o