ARM GAS  /tmp/cclj6s2k.s 			page 1


   1              		.cpu cortex-m3
   2              		.arch armv7-m
   3              		.fpu softvfp
   4              		.eabi_attribute 20, 1
   5              		.eabi_attribute 21, 1
   6              		.eabi_attribute 23, 3
   7              		.eabi_attribute 24, 1
   8              		.eabi_attribute 25, 1
   9              		.eabi_attribute 26, 1
  10              		.eabi_attribute 30, 1
  11              		.eabi_attribute 34, 1
  12              		.eabi_attribute 18, 4
  13              		.file	"traj_planner.c"
  14              		.text
  15              	.Ltext0:
  16              		.cfi_sections	.debug_frame
  17              		.file 1 "Core/Src/traj_planner.c"
  18              		.global	__aeabi_ui2f
  19              		.global	__aeabi_fdiv
  20              		.global	__aeabi_fmul
  21              		.global	__aeabi_fcmple
  22              		.global	__aeabi_fadd
  23              		.global	__aeabi_fsub
  24              		.section	.text.Traj_Update,"ax",%progbits
  25              		.align	1
  26              		.syntax unified
  27              		.thumb
  28              		.thumb_func
  30              	Traj_Update:
  31              	.LVL0:
  32              	.LFB71:
   1:Core/Src/traj_planner.c **** #include "traj_planner.h"
   2:Core/Src/traj_planner.c **** #include "servo_driver.h"
   3:Core/Src/traj_planner.c **** #include "cmsis_os.h"
   4:Core/Src/traj_planner.c **** #include "stm32f1xx_hal.h"
   5:Core/Src/traj_planner.c **** #include <math.h>
   6:Core/Src/traj_planner.c **** 
   7:Core/Src/traj_planner.c **** /* Fraction of total time used for accel and decel phases each (symmetric) */
   8:Core/Src/traj_planner.c **** #define TRAJ_ACCEL_RATIO  0.3f
   9:Core/Src/traj_planner.c **** #define TRAJ_TICK_MS      5U
  10:Core/Src/traj_planner.c **** 
  11:Core/Src/traj_planner.c **** TrajState g_traj_state[TRAJ_SERVO_COUNT];
  12:Core/Src/traj_planner.c **** 
  13:Core/Src/traj_planner.c **** /* Per-servo trajectory start angle and peak velocity (private) */
  14:Core/Src/traj_planner.c **** static float s_start_angle[TRAJ_SERVO_COUNT];
  15:Core/Src/traj_planner.c **** static float s_v_max[TRAJ_SERVO_COUNT];
  16:Core/Src/traj_planner.c **** 
  17:Core/Src/traj_planner.c **** void TrajPlanner_Init(void)
  18:Core/Src/traj_planner.c **** {
  19:Core/Src/traj_planner.c ****     Servo_Init();
  20:Core/Src/traj_planner.c ****     for (uint8_t i = 0; i < TRAJ_SERVO_COUNT; i++) {
  21:Core/Src/traj_planner.c ****         g_traj_state[i].current_angle = 0.0f;
  22:Core/Src/traj_planner.c ****         g_traj_state[i].target_angle  = 0.0f;
  23:Core/Src/traj_planner.c ****         g_traj_state[i].velocity      = 0.0f;
  24:Core/Src/traj_planner.c ****         g_traj_state[i].max_accel     = 0.0f;
  25:Core/Src/traj_planner.c ****         g_traj_state[i].start_tick    = 0U;
  26:Core/Src/traj_planner.c ****         g_traj_state[i].duration_ms   = 0U;
ARM GAS  /tmp/cclj6s2k.s 			page 2


  27:Core/Src/traj_planner.c ****         s_start_angle[i]              = 0.0f;
  28:Core/Src/traj_planner.c ****         s_v_max[i]                    = 0.0f;
  29:Core/Src/traj_planner.c ****     }
  30:Core/Src/traj_planner.c **** }
  31:Core/Src/traj_planner.c **** 
  32:Core/Src/traj_planner.c **** void Traj_SetTarget(uint8_t id, float target_deg, uint16_t duration_ms)
  33:Core/Src/traj_planner.c **** {
  34:Core/Src/traj_planner.c ****     if (id >= TRAJ_SERVO_COUNT) {
  35:Core/Src/traj_planner.c ****         return;
  36:Core/Src/traj_planner.c ****     }
  37:Core/Src/traj_planner.c **** 
  38:Core/Src/traj_planner.c ****     float dist = target_deg - g_traj_state[id].current_angle;
  39:Core/Src/traj_planner.c ****     float T    = (float)duration_ms / 1000.0f;
  40:Core/Src/traj_planner.c **** 
  41:Core/Src/traj_planner.c ****     g_traj_state[id].target_angle = target_deg;
  42:Core/Src/traj_planner.c ****     g_traj_state[id].duration_ms  = duration_ms;
  43:Core/Src/traj_planner.c ****     g_traj_state[id].start_tick   = HAL_GetTick();
  44:Core/Src/traj_planner.c ****     g_traj_state[id].velocity     = 0.0f;
  45:Core/Src/traj_planner.c ****     s_start_angle[id]             = g_traj_state[id].current_angle;
  46:Core/Src/traj_planner.c **** 
  47:Core/Src/traj_planner.c ****     if (T > 0.001f && fabsf(dist) > 0.01f) {
  48:Core/Src/traj_planner.c ****         /* Symmetric trapezoid: V_max = D / (T * (1 - r)), a = V_max / (T * r) */
  49:Core/Src/traj_planner.c ****         s_v_max[id]                  = dist / (T * (1.0f - TRAJ_ACCEL_RATIO));
  50:Core/Src/traj_planner.c ****         g_traj_state[id].max_accel   = s_v_max[id] / (T * TRAJ_ACCEL_RATIO);
  51:Core/Src/traj_planner.c ****     } else {
  52:Core/Src/traj_planner.c ****         /* Negligible distance or zero duration: snap immediately */
  53:Core/Src/traj_planner.c ****         s_v_max[id]                  = 0.0f;
  54:Core/Src/traj_planner.c ****         g_traj_state[id].max_accel   = 0.0f;
  55:Core/Src/traj_planner.c ****         g_traj_state[id].current_angle = target_deg;
  56:Core/Src/traj_planner.c ****         g_traj_state[id].duration_ms   = 0U;
  57:Core/Src/traj_planner.c ****         Servo_SetAngle(id, target_deg);
  58:Core/Src/traj_planner.c ****     }
  59:Core/Src/traj_planner.c **** }
  60:Core/Src/traj_planner.c **** 
  61:Core/Src/traj_planner.c **** /* Compute and output the intermediate angle for one servo at current time */
  62:Core/Src/traj_planner.c **** static void Traj_Update(uint8_t id)
  63:Core/Src/traj_planner.c **** {
  33              		.loc 1 63 1 view -0
  34              		.cfi_startproc
  35              		@ args = 0, pretend = 0, frame = 0
  36              		@ frame_needed = 0, uses_anonymous_args = 0
  64:Core/Src/traj_planner.c ****     TrajState *s = &g_traj_state[id];
  37              		.loc 1 64 5 view .LVU1
  65:Core/Src/traj_planner.c **** 
  66:Core/Src/traj_planner.c ****     if (s->duration_ms == 0U) {
  38              		.loc 1 66 5 view .LVU2
  39              		.loc 1 66 10 is_stmt 0 view .LVU3
  40 0000 00EB4002 		add	r2, r0, r0, lsl #1
  41 0004 6D4B     		ldr	r3, .L19
  42 0006 03EBC203 		add	r3, r3, r2, lsl #3
  43 000a 5B69     		ldr	r3, [r3, #20]
  44              		.loc 1 66 8 view .LVU4
  45 000c 03B9     		cbnz	r3, .L17
  46 000e 7047     		bx	lr
  47              	.L17:
  63:Core/Src/traj_planner.c ****     TrajState *s = &g_traj_state[id];
  48              		.loc 1 63 1 view .LVU5
ARM GAS  /tmp/cclj6s2k.s 			page 3


  49 0010 2DE9F047 		push	{r4, r5, r6, r7, r8, r9, r10, lr}
  50              	.LCFI0:
  51              		.cfi_def_cfa_offset 32
  52              		.cfi_offset 4, -32
  53              		.cfi_offset 5, -28
  54              		.cfi_offset 6, -24
  55              		.cfi_offset 7, -20
  56              		.cfi_offset 8, -16
  57              		.cfi_offset 9, -12
  58              		.cfi_offset 10, -8
  59              		.cfi_offset 14, -4
  60 0014 0446     		mov	r4, r0
  67:Core/Src/traj_planner.c ****         return;
  68:Core/Src/traj_planner.c ****     }
  69:Core/Src/traj_planner.c **** 
  70:Core/Src/traj_planner.c ****     uint32_t elapsed_ms = HAL_GetTick() - s->start_tick;
  61              		.loc 1 70 5 is_stmt 1 view .LVU6
  62              		.loc 1 70 27 is_stmt 0 view .LVU7
  63 0016 FFF7FEFF 		bl	HAL_GetTick
  64              	.LVL1:
  65              		.loc 1 70 44 discriminator 1 view .LVU8
  66 001a 04EB4402 		add	r2, r4, r4, lsl #1
  67 001e 674B     		ldr	r3, .L19
  68 0020 03EBC203 		add	r3, r3, r2, lsl #3
  69 0024 1A69     		ldr	r2, [r3, #16]
  70              		.loc 1 70 14 discriminator 1 view .LVU9
  71 0026 851A     		subs	r5, r0, r2
  72              	.LVL2:
  71:Core/Src/traj_planner.c **** 
  72:Core/Src/traj_planner.c ****     /* Trajectory finished */
  73:Core/Src/traj_planner.c ****     if (elapsed_ms >= s->duration_ms) {
  73              		.loc 1 73 5 is_stmt 1 view .LVU10
  74              		.loc 1 73 24 is_stmt 0 view .LVU11
  75 0028 5869     		ldr	r0, [r3, #20]
  76              		.loc 1 73 8 view .LVU12
  77 002a A842     		cmp	r0, r5
  78 002c 4BD9     		bls	.L18
  74:Core/Src/traj_planner.c ****         s->current_angle = s->target_angle;
  75:Core/Src/traj_planner.c ****         s->velocity      = 0.0f;
  76:Core/Src/traj_planner.c ****         s->duration_ms   = 0U;
  77:Core/Src/traj_planner.c ****         Servo_SetAngle(id, s->target_angle);
  78:Core/Src/traj_planner.c ****         return;
  79:Core/Src/traj_planner.c ****     }
  80:Core/Src/traj_planner.c **** 
  81:Core/Src/traj_planner.c ****     float T   = (float)s->duration_ms / 1000.0f;
  79              		.loc 1 81 5 is_stmt 1 view .LVU13
  80              		.loc 1 81 17 is_stmt 0 view .LVU14
  81 002e FFF7FEFF 		bl	__aeabi_ui2f
  82              	.LVL3:
  83              		.loc 1 81 11 view .LVU15
  84 0032 6349     		ldr	r1, .L19+4
  85 0034 FFF7FEFF 		bl	__aeabi_fdiv
  86              	.LVL4:
  87 0038 0646     		mov	r6, r0
  88              	.LVL5:
  82:Core/Src/traj_planner.c ****     float t   = (float)elapsed_ms     / 1000.0f;
  89              		.loc 1 82 5 is_stmt 1 view .LVU16
ARM GAS  /tmp/cclj6s2k.s 			page 4


  90              		.loc 1 82 17 is_stmt 0 view .LVU17
  91 003a 2846     		mov	r0, r5
  92              	.LVL6:
  93              		.loc 1 82 17 view .LVU18
  94 003c FFF7FEFF 		bl	__aeabi_ui2f
  95              	.LVL7:
  96              		.loc 1 82 11 view .LVU19
  97 0040 5F49     		ldr	r1, .L19+4
  98 0042 FFF7FEFF 		bl	__aeabi_fdiv
  99              	.LVL8:
 100 0046 0546     		mov	r5, r0
 101              	.LVL9:
  83:Core/Src/traj_planner.c ****     float t1  = T * TRAJ_ACCEL_RATIO;
 102              		.loc 1 83 5 is_stmt 1 view .LVU20
 103              		.loc 1 83 11 is_stmt 0 view .LVU21
 104 0048 5E49     		ldr	r1, .L19+8
 105 004a 3046     		mov	r0, r6
 106              	.LVL10:
 107              		.loc 1 83 11 view .LVU22
 108 004c FFF7FEFF 		bl	__aeabi_fmul
 109              	.LVL11:
 110 0050 0746     		mov	r7, r0
 111              	.LVL12:
  84:Core/Src/traj_planner.c ****     float t2  = T * (1.0f - TRAJ_ACCEL_RATIO);
 112              		.loc 1 84 5 is_stmt 1 view .LVU23
 113              		.loc 1 84 11 is_stmt 0 view .LVU24
 114 0052 5D49     		ldr	r1, .L19+12
 115 0054 3046     		mov	r0, r6
 116              	.LVL13:
 117              		.loc 1 84 11 view .LVU25
 118 0056 FFF7FEFF 		bl	__aeabi_fmul
 119              	.LVL14:
 120 005a 8046     		mov	r8, r0
 121              	.LVL15:
  85:Core/Src/traj_planner.c ****     float v   = s_v_max[id];
 122              		.loc 1 85 5 is_stmt 1 view .LVU26
 123              		.loc 1 85 11 is_stmt 0 view .LVU27
 124 005c 5B4B     		ldr	r3, .L19+16
 125 005e 53F82460 		ldr	r6, [r3, r4, lsl #2]	@ float
 126              	.LVL16:
  86:Core/Src/traj_planner.c ****     float a   = s->max_accel;
 127              		.loc 1 86 5 is_stmt 1 view .LVU28
 128              		.loc 1 86 11 is_stmt 0 view .LVU29
 129 0062 04EB4402 		add	r2, r4, r4, lsl #1
 130 0066 554B     		ldr	r3, .L19
 131 0068 03EBC203 		add	r3, r3, r2, lsl #3
 132 006c D3F80C90 		ldr	r9, [r3, #12]	@ float
 133              	.LVL17:
  87:Core/Src/traj_planner.c ****     float angle;
 134              		.loc 1 87 5 is_stmt 1 view .LVU30
  88:Core/Src/traj_planner.c ****     float vel;
 135              		.loc 1 88 5 view .LVU31
  89:Core/Src/traj_planner.c **** 
  90:Core/Src/traj_planner.c ****     if (t <= t1) {
 136              		.loc 1 90 5 view .LVU32
 137              		.loc 1 90 8 is_stmt 0 view .LVU33
 138 0070 3946     		mov	r1, r7
ARM GAS  /tmp/cclj6s2k.s 			page 5


 139 0072 2846     		mov	r0, r5
 140              	.LVL18:
 141              		.loc 1 90 8 view .LVU34
 142 0074 FFF7FEFF 		bl	__aeabi_fcmple
 143              	.LVL19:
 144 0078 0028     		cmp	r0, #0
 145 007a 38D0     		beq	.L11
  91:Core/Src/traj_planner.c ****         /* Accel phase */
  92:Core/Src/traj_planner.c ****         vel   = a * t;
 146              		.loc 1 92 9 is_stmt 1 view .LVU35
 147              		.loc 1 92 15 is_stmt 0 view .LVU36
 148 007c 4946     		mov	r1, r9
 149 007e 2846     		mov	r0, r5
 150 0080 FFF7FEFF 		bl	__aeabi_fmul
 151              	.LVL20:
 152 0084 0646     		mov	r6, r0
 153              	.LVL21:
  93:Core/Src/traj_planner.c ****         angle = s_start_angle[id] + 0.5f * a * t * t;
 154              		.loc 1 93 9 is_stmt 1 view .LVU37
 155              		.loc 1 93 30 is_stmt 0 view .LVU38
 156 0086 524B     		ldr	r3, .L19+20
 157 0088 53F82470 		ldr	r7, [r3, r4, lsl #2]	@ float
 158              	.LVL22:
 159              		.loc 1 93 42 view .LVU39
 160 008c 4FF07C51 		mov	r1, #1056964608
 161 0090 4846     		mov	r0, r9
 162              	.LVL23:
 163              		.loc 1 93 42 view .LVU40
 164 0092 FFF7FEFF 		bl	__aeabi_fmul
 165              	.LVL24:
 166              		.loc 1 93 46 view .LVU41
 167 0096 2946     		mov	r1, r5
 168 0098 FFF7FEFF 		bl	__aeabi_fmul
 169              	.LVL25:
 170              		.loc 1 93 50 view .LVU42
 171 009c 2946     		mov	r1, r5
 172 009e FFF7FEFF 		bl	__aeabi_fmul
 173              	.LVL26:
 174 00a2 0146     		mov	r1, r0
 175              		.loc 1 93 15 view .LVU43
 176 00a4 3846     		mov	r0, r7
 177 00a6 FFF7FEFF 		bl	__aeabi_fadd
 178              	.LVL27:
 179 00aa 0146     		mov	r1, r0
 180              	.LVL28:
 181              	.L6:
  94:Core/Src/traj_planner.c ****     } else if (t <= t2) {
  95:Core/Src/traj_planner.c ****         /* Cruise phase */
  96:Core/Src/traj_planner.c ****         vel   = v;
  97:Core/Src/traj_planner.c ****         angle = s_start_angle[id] + 0.5f * v * t1 + v * (t - t1);
  98:Core/Src/traj_planner.c ****     } else {
  99:Core/Src/traj_planner.c ****         /* Decel phase */
 100:Core/Src/traj_planner.c ****         float tau        = t - t2;
 101:Core/Src/traj_planner.c ****         float dist_prior = 0.5f * v * t1 + v * (t2 - t1);
 102:Core/Src/traj_planner.c ****         vel   = v - a * tau;
 103:Core/Src/traj_planner.c ****         angle = s_start_angle[id] + dist_prior + v * tau - 0.5f * a * tau * tau;
 104:Core/Src/traj_planner.c ****     }
ARM GAS  /tmp/cclj6s2k.s 			page 6


 105:Core/Src/traj_planner.c **** 
 106:Core/Src/traj_planner.c ****     s->current_angle = angle;
 182              		.loc 1 106 5 is_stmt 1 view .LVU44
 183              		.loc 1 106 22 is_stmt 0 view .LVU45
 184 00ac 434B     		ldr	r3, .L19
 185 00ae 04EB4402 		add	r2, r4, r4, lsl #1
 186 00b2 43F83210 		str	r1, [r3, r2, lsl #3]	@ float
 107:Core/Src/traj_planner.c ****     s->velocity      = vel;
 187              		.loc 1 107 5 is_stmt 1 view .LVU46
 188              		.loc 1 107 22 is_stmt 0 view .LVU47
 189 00b6 03EBC203 		add	r3, r3, r2, lsl #3
 190 00ba 9E60     		str	r6, [r3, #8]	@ float
 108:Core/Src/traj_planner.c ****     Servo_SetAngle(id, angle);
 191              		.loc 1 108 5 is_stmt 1 view .LVU48
 192 00bc 2046     		mov	r0, r4
 193              	.LVL29:
 194              		.loc 1 108 5 is_stmt 0 view .LVU49
 195 00be FFF7FEFF 		bl	Servo_SetAngle
 196              	.LVL30:
 197              	.L1:
 109:Core/Src/traj_planner.c **** }
 198              		.loc 1 109 1 view .LVU50
 199 00c2 BDE8F087 		pop	{r4, r5, r6, r7, r8, r9, r10, pc}
 200              	.LVL31:
 201              	.L18:
  74:Core/Src/traj_planner.c ****         s->velocity      = 0.0f;
 202              		.loc 1 74 9 is_stmt 1 view .LVU51
  74:Core/Src/traj_planner.c ****         s->velocity      = 0.0f;
 203              		.loc 1 74 29 is_stmt 0 view .LVU52
 204 00c6 3D4B     		ldr	r3, .L19
 205 00c8 04EB4400 		add	r0, r4, r4, lsl #1
 206 00cc 03EBC002 		add	r2, r3, r0, lsl #3
 207 00d0 5168     		ldr	r1, [r2, #4]	@ float
  74:Core/Src/traj_planner.c ****         s->velocity      = 0.0f;
 208              		.loc 1 74 26 view .LVU53
 209 00d2 43F83010 		str	r1, [r3, r0, lsl #3]	@ float
  75:Core/Src/traj_planner.c ****         s->duration_ms   = 0U;
 210              		.loc 1 75 9 is_stmt 1 view .LVU54
  75:Core/Src/traj_planner.c ****         s->duration_ms   = 0U;
 211              		.loc 1 75 26 is_stmt 0 view .LVU55
 212 00d6 0020     		movs	r0, #0
 213 00d8 9060     		str	r0, [r2, #8]	@ float
  76:Core/Src/traj_planner.c ****         Servo_SetAngle(id, s->target_angle);
 214              		.loc 1 76 9 is_stmt 1 view .LVU56
  76:Core/Src/traj_planner.c ****         Servo_SetAngle(id, s->target_angle);
 215              		.loc 1 76 26 is_stmt 0 view .LVU57
 216 00da 04EB4402 		add	r2, r4, r4, lsl #1
 217 00de 03EBC203 		add	r3, r3, r2, lsl #3
 218 00e2 0022     		movs	r2, #0
 219 00e4 5A61     		str	r2, [r3, #20]
  77:Core/Src/traj_planner.c ****         return;
 220              		.loc 1 77 9 is_stmt 1 view .LVU58
 221 00e6 2046     		mov	r0, r4
 222 00e8 FFF7FEFF 		bl	Servo_SetAngle
 223              	.LVL32:
  78:Core/Src/traj_planner.c ****     }
 224              		.loc 1 78 9 view .LVU59
ARM GAS  /tmp/cclj6s2k.s 			page 7


 225 00ec E9E7     		b	.L1
 226              	.LVL33:
 227              	.L11:
  94:Core/Src/traj_planner.c ****         /* Cruise phase */
 228              		.loc 1 94 12 view .LVU60
  94:Core/Src/traj_planner.c ****         /* Cruise phase */
 229              		.loc 1 94 15 is_stmt 0 view .LVU61
 230 00ee 4146     		mov	r1, r8
 231 00f0 2846     		mov	r0, r5
 232 00f2 FFF7FEFF 		bl	__aeabi_fcmple
 233              	.LVL34:
 234 00f6 E0B1     		cbz	r0, .L12
  96:Core/Src/traj_planner.c ****         angle = s_start_angle[id] + 0.5f * v * t1 + v * (t - t1);
 235              		.loc 1 96 9 is_stmt 1 view .LVU62
 236              	.LVL35:
  97:Core/Src/traj_planner.c ****     } else {
 237              		.loc 1 97 9 view .LVU63
  97:Core/Src/traj_planner.c ****     } else {
 238              		.loc 1 97 30 is_stmt 0 view .LVU64
 239 00f8 354B     		ldr	r3, .L19+20
 240 00fa 53F82480 		ldr	r8, [r3, r4, lsl #2]	@ float
 241              	.LVL36:
  97:Core/Src/traj_planner.c ****     } else {
 242              		.loc 1 97 42 view .LVU65
 243 00fe 4FF07C51 		mov	r1, #1056964608
 244 0102 3046     		mov	r0, r6
 245 0104 FFF7FEFF 		bl	__aeabi_fmul
 246              	.LVL37:
  97:Core/Src/traj_planner.c ****     } else {
 247              		.loc 1 97 46 view .LVU66
 248 0108 3946     		mov	r1, r7
 249 010a FFF7FEFF 		bl	__aeabi_fmul
 250              	.LVL38:
 251 010e 0146     		mov	r1, r0
  97:Core/Src/traj_planner.c ****     } else {
 252              		.loc 1 97 35 view .LVU67
 253 0110 4046     		mov	r0, r8
 254 0112 FFF7FEFF 		bl	__aeabi_fadd
 255              	.LVL39:
 256 0116 8046     		mov	r8, r0
  97:Core/Src/traj_planner.c ****     } else {
 257              		.loc 1 97 60 view .LVU68
 258 0118 3946     		mov	r1, r7
 259 011a 2846     		mov	r0, r5
 260 011c FFF7FEFF 		bl	__aeabi_fsub
 261              	.LVL40:
  97:Core/Src/traj_planner.c ****     } else {
 262              		.loc 1 97 55 view .LVU69
 263 0120 3146     		mov	r1, r6
 264 0122 FFF7FEFF 		bl	__aeabi_fmul
 265              	.LVL41:
 266 0126 0146     		mov	r1, r0
  97:Core/Src/traj_planner.c ****     } else {
 267              		.loc 1 97 15 view .LVU70
 268 0128 4046     		mov	r0, r8
 269 012a FFF7FEFF 		bl	__aeabi_fadd
 270              	.LVL42:
ARM GAS  /tmp/cclj6s2k.s 			page 8


 271 012e 0146     		mov	r1, r0
 272              	.LVL43:
  97:Core/Src/traj_planner.c ****     } else {
 273              		.loc 1 97 15 view .LVU71
 274 0130 BCE7     		b	.L6
 275              	.LVL44:
 276              	.L12:
 277              	.LBB2:
 100:Core/Src/traj_planner.c ****         float dist_prior = 0.5f * v * t1 + v * (t2 - t1);
 278              		.loc 1 100 9 is_stmt 1 view .LVU72
 100:Core/Src/traj_planner.c ****         float dist_prior = 0.5f * v * t1 + v * (t2 - t1);
 279              		.loc 1 100 15 is_stmt 0 view .LVU73
 280 0132 4146     		mov	r1, r8
 281 0134 2846     		mov	r0, r5
 282 0136 FFF7FEFF 		bl	__aeabi_fsub
 283              	.LVL45:
 284 013a 0546     		mov	r5, r0
 285              	.LVL46:
 101:Core/Src/traj_planner.c ****         vel   = v - a * tau;
 286              		.loc 1 101 9 is_stmt 1 view .LVU74
 101:Core/Src/traj_planner.c ****         vel   = v - a * tau;
 287              		.loc 1 101 33 is_stmt 0 view .LVU75
 288 013c 4FF07C51 		mov	r1, #1056964608
 289 0140 3046     		mov	r0, r6
 290              	.LVL47:
 101:Core/Src/traj_planner.c ****         vel   = v - a * tau;
 291              		.loc 1 101 33 view .LVU76
 292 0142 FFF7FEFF 		bl	__aeabi_fmul
 293              	.LVL48:
 101:Core/Src/traj_planner.c ****         vel   = v - a * tau;
 294              		.loc 1 101 37 view .LVU77
 295 0146 3946     		mov	r1, r7
 296 0148 FFF7FEFF 		bl	__aeabi_fmul
 297              	.LVL49:
 298 014c 8246     		mov	r10, r0
 101:Core/Src/traj_planner.c ****         vel   = v - a * tau;
 299              		.loc 1 101 52 view .LVU78
 300 014e 3946     		mov	r1, r7
 301 0150 4046     		mov	r0, r8
 302 0152 FFF7FEFF 		bl	__aeabi_fsub
 303              	.LVL50:
 101:Core/Src/traj_planner.c ****         vel   = v - a * tau;
 304              		.loc 1 101 46 view .LVU79
 305 0156 3146     		mov	r1, r6
 306 0158 FFF7FEFF 		bl	__aeabi_fmul
 307              	.LVL51:
 308 015c 0146     		mov	r1, r0
 101:Core/Src/traj_planner.c ****         vel   = v - a * tau;
 309              		.loc 1 101 15 view .LVU80
 310 015e 5046     		mov	r0, r10
 311 0160 FFF7FEFF 		bl	__aeabi_fadd
 312              	.LVL52:
 313 0164 8046     		mov	r8, r0
 314              	.LVL53:
 102:Core/Src/traj_planner.c ****         angle = s_start_angle[id] + dist_prior + v * tau - 0.5f * a * tau * tau;
 315              		.loc 1 102 9 is_stmt 1 view .LVU81
 102:Core/Src/traj_planner.c ****         angle = s_start_angle[id] + dist_prior + v * tau - 0.5f * a * tau * tau;
ARM GAS  /tmp/cclj6s2k.s 			page 9


 316              		.loc 1 102 23 is_stmt 0 view .LVU82
 317 0166 2946     		mov	r1, r5
 318 0168 4846     		mov	r0, r9
 319              	.LVL54:
 102:Core/Src/traj_planner.c ****         angle = s_start_angle[id] + dist_prior + v * tau - 0.5f * a * tau * tau;
 320              		.loc 1 102 23 view .LVU83
 321 016a FFF7FEFF 		bl	__aeabi_fmul
 322              	.LVL55:
 323 016e 0146     		mov	r1, r0
 102:Core/Src/traj_planner.c ****         angle = s_start_angle[id] + dist_prior + v * tau - 0.5f * a * tau * tau;
 324              		.loc 1 102 15 view .LVU84
 325 0170 3046     		mov	r0, r6
 326 0172 FFF7FEFF 		bl	__aeabi_fsub
 327              	.LVL56:
 328 0176 0746     		mov	r7, r0
 329              	.LVL57:
 103:Core/Src/traj_planner.c ****     }
 330              		.loc 1 103 9 is_stmt 1 view .LVU85
 103:Core/Src/traj_planner.c ****     }
 331              		.loc 1 103 35 is_stmt 0 view .LVU86
 332 0178 4146     		mov	r1, r8
 333 017a 154B     		ldr	r3, .L19+20
 334 017c 53F82400 		ldr	r0, [r3, r4, lsl #2]	@ float
 335              	.LVL58:
 103:Core/Src/traj_planner.c ****     }
 336              		.loc 1 103 35 view .LVU87
 337 0180 FFF7FEFF 		bl	__aeabi_fadd
 338              	.LVL59:
 339 0184 8046     		mov	r8, r0
 340              	.LVL60:
 103:Core/Src/traj_planner.c ****     }
 341              		.loc 1 103 52 view .LVU88
 342 0186 2946     		mov	r1, r5
 343 0188 3046     		mov	r0, r6
 344 018a FFF7FEFF 		bl	__aeabi_fmul
 345              	.LVL61:
 346 018e 0146     		mov	r1, r0
 103:Core/Src/traj_planner.c ****     }
 347              		.loc 1 103 48 view .LVU89
 348 0190 4046     		mov	r0, r8
 349 0192 FFF7FEFF 		bl	__aeabi_fadd
 350              	.LVL62:
 351 0196 0646     		mov	r6, r0
 352              	.LVL63:
 103:Core/Src/traj_planner.c ****     }
 353              		.loc 1 103 65 view .LVU90
 354 0198 4FF07C51 		mov	r1, #1056964608
 355 019c 4846     		mov	r0, r9
 356 019e FFF7FEFF 		bl	__aeabi_fmul
 357              	.LVL64:
 103:Core/Src/traj_planner.c ****     }
 358              		.loc 1 103 69 view .LVU91
 359 01a2 2946     		mov	r1, r5
 360 01a4 FFF7FEFF 		bl	__aeabi_fmul
 361              	.LVL65:
 103:Core/Src/traj_planner.c ****     }
 362              		.loc 1 103 75 view .LVU92
ARM GAS  /tmp/cclj6s2k.s 			page 10


 363 01a8 2946     		mov	r1, r5
 364 01aa FFF7FEFF 		bl	__aeabi_fmul
 365              	.LVL66:
 366 01ae 0146     		mov	r1, r0
 103:Core/Src/traj_planner.c ****     }
 367              		.loc 1 103 15 view .LVU93
 368 01b0 3046     		mov	r0, r6
 369 01b2 FFF7FEFF 		bl	__aeabi_fsub
 370              	.LVL67:
 371 01b6 0146     		mov	r1, r0
 372              	.LVL68:
 102:Core/Src/traj_planner.c ****         angle = s_start_angle[id] + dist_prior + v * tau - 0.5f * a * tau * tau;
 373              		.loc 1 102 15 view .LVU94
 374 01b8 3E46     		mov	r6, r7
 375 01ba 77E7     		b	.L6
 376              	.L20:
 377              		.align	2
 378              	.L19:
 379 01bc 00000000 		.word	g_traj_state
 380 01c0 00007A44 		.word	1148846080
 381 01c4 9A99993E 		.word	1050253722
 382 01c8 3333333F 		.word	1060320051
 383 01cc 00000000 		.word	s_v_max
 384 01d0 00000000 		.word	s_start_angle
 385              	.LBE2:
 386              		.cfi_endproc
 387              	.LFE71:
 389              		.section	.text.Task_Traj_Planner,"ax",%progbits
 390              		.align	1
 391              		.syntax unified
 392              		.thumb
 393              		.thumb_func
 395              	Task_Traj_Planner:
 396              	.LFB72:
 110:Core/Src/traj_planner.c **** 
 111:Core/Src/traj_planner.c **** static void Task_Traj_Planner(void *arg)
 112:Core/Src/traj_planner.c **** {
 397              		.loc 1 112 1 is_stmt 1 view -0
 398              		.cfi_startproc
 399              		@ args = 0, pretend = 0, frame = 0
 400              		@ frame_needed = 0, uses_anonymous_args = 0
 401              	.LVL69:
 402              		.loc 1 112 1 is_stmt 0 view .LVU96
 403 0000 10B5     		push	{r4, lr}
 404              	.LCFI1:
 405              		.cfi_def_cfa_offset 8
 406              		.cfi_offset 4, -8
 407              		.cfi_offset 14, -4
 408 0002 09E0     		b	.L24
 409              	.LVL70:
 410              	.L23:
 411              	.LBB3:
 113:Core/Src/traj_planner.c ****     (void)arg;
 114:Core/Src/traj_planner.c ****     for (;;) {
 115:Core/Src/traj_planner.c ****         for (uint8_t i = 0; i < TRAJ_SERVO_COUNT; i++) {
 116:Core/Src/traj_planner.c ****             Traj_Update(i);
 412              		.loc 1 116 13 is_stmt 1 view .LVU97
ARM GAS  /tmp/cclj6s2k.s 			page 11


 413 0004 2046     		mov	r0, r4
 414 0006 FFF7FEFF 		bl	Traj_Update
 415              	.LVL71:
 115:Core/Src/traj_planner.c ****             Traj_Update(i);
 416              		.loc 1 115 52 discriminator 3 view .LVU98
 417 000a 0134     		adds	r4, r4, #1
 418              	.LVL72:
 115:Core/Src/traj_planner.c ****             Traj_Update(i);
 419              		.loc 1 115 52 is_stmt 0 discriminator 3 view .LVU99
 420 000c E4B2     		uxtb	r4, r4
 421              	.LVL73:
 422              	.L22:
 115:Core/Src/traj_planner.c ****             Traj_Update(i);
 423              		.loc 1 115 31 is_stmt 1 discriminator 1 view .LVU100
 424 000e 032C     		cmp	r4, #3
 425 0010 F8D9     		bls	.L23
 426              	.LBE3:
 117:Core/Src/traj_planner.c ****         }
 118:Core/Src/traj_planner.c ****         osDelay(TRAJ_TICK_MS);
 427              		.loc 1 118 9 view .LVU101
 428 0012 0520     		movs	r0, #5
 429 0014 FFF7FEFF 		bl	osDelay
 430              	.LVL74:
 114:Core/Src/traj_planner.c ****         for (uint8_t i = 0; i < TRAJ_SERVO_COUNT; i++) {
 431              		.loc 1 114 5 view .LVU102
 432              	.L24:
 113:Core/Src/traj_planner.c ****     for (;;) {
 433              		.loc 1 113 5 view .LVU103
 114:Core/Src/traj_planner.c ****         for (uint8_t i = 0; i < TRAJ_SERVO_COUNT; i++) {
 434              		.loc 1 114 5 view .LVU104
 115:Core/Src/traj_planner.c ****             Traj_Update(i);
 435              		.loc 1 115 9 view .LVU105
 436              	.LBB4:
 115:Core/Src/traj_planner.c ****             Traj_Update(i);
 437              		.loc 1 115 14 view .LVU106
 115:Core/Src/traj_planner.c ****             Traj_Update(i);
 438              		.loc 1 115 22 is_stmt 0 view .LVU107
 439 0018 0024     		movs	r4, #0
 115:Core/Src/traj_planner.c ****             Traj_Update(i);
 440              		.loc 1 115 9 view .LVU108
 441 001a F8E7     		b	.L22
 442              	.LBE4:
 443              		.cfi_endproc
 444              	.LFE72:
 446              		.section	.text.TrajPlanner_Init,"ax",%progbits
 447              		.align	1
 448              		.global	TrajPlanner_Init
 449              		.syntax unified
 450              		.thumb
 451              		.thumb_func
 453              	TrajPlanner_Init:
 454              	.LFB69:
  18:Core/Src/traj_planner.c ****     Servo_Init();
 455              		.loc 1 18 1 is_stmt 1 view -0
 456              		.cfi_startproc
 457              		@ args = 0, pretend = 0, frame = 0
 458              		@ frame_needed = 0, uses_anonymous_args = 0
ARM GAS  /tmp/cclj6s2k.s 			page 12


 459 0000 10B5     		push	{r4, lr}
 460              	.LCFI2:
 461              		.cfi_def_cfa_offset 8
 462              		.cfi_offset 4, -8
 463              		.cfi_offset 14, -4
  19:Core/Src/traj_planner.c ****     for (uint8_t i = 0; i < TRAJ_SERVO_COUNT; i++) {
 464              		.loc 1 19 5 view .LVU110
 465 0002 FFF7FEFF 		bl	Servo_Init
 466              	.LVL75:
  20:Core/Src/traj_planner.c ****         g_traj_state[i].current_angle = 0.0f;
 467              		.loc 1 20 5 view .LVU111
 468              	.LBB5:
  20:Core/Src/traj_planner.c ****         g_traj_state[i].current_angle = 0.0f;
 469              		.loc 1 20 10 view .LVU112
  20:Core/Src/traj_planner.c ****         g_traj_state[i].current_angle = 0.0f;
 470              		.loc 1 20 18 is_stmt 0 view .LVU113
 471 0006 0023     		movs	r3, #0
  20:Core/Src/traj_planner.c ****         g_traj_state[i].current_angle = 0.0f;
 472              		.loc 1 20 5 view .LVU114
 473 0008 14E0     		b	.L27
 474              	.LVL76:
 475              	.L28:
  21:Core/Src/traj_planner.c ****         g_traj_state[i].target_angle  = 0.0f;
 476              		.loc 1 21 9 is_stmt 1 view .LVU115
  21:Core/Src/traj_planner.c ****         g_traj_state[i].target_angle  = 0.0f;
 477              		.loc 1 21 39 is_stmt 0 view .LVU116
 478 000a 0C4C     		ldr	r4, .L30
 479 000c 03EB4302 		add	r2, r3, r3, lsl #1
 480 0010 D000     		lsls	r0, r2, #3
 481 0012 2118     		adds	r1, r4, r0
 482 0014 0022     		movs	r2, #0
 483 0016 2250     		str	r2, [r4, r0]	@ float
  22:Core/Src/traj_planner.c ****         g_traj_state[i].velocity      = 0.0f;
 484              		.loc 1 22 9 is_stmt 1 view .LVU117
  22:Core/Src/traj_planner.c ****         g_traj_state[i].velocity      = 0.0f;
 485              		.loc 1 22 39 is_stmt 0 view .LVU118
 486 0018 4A60     		str	r2, [r1, #4]	@ float
  23:Core/Src/traj_planner.c ****         g_traj_state[i].max_accel     = 0.0f;
 487              		.loc 1 23 9 is_stmt 1 view .LVU119
  23:Core/Src/traj_planner.c ****         g_traj_state[i].max_accel     = 0.0f;
 488              		.loc 1 23 39 is_stmt 0 view .LVU120
 489 001a 8A60     		str	r2, [r1, #8]	@ float
  24:Core/Src/traj_planner.c ****         g_traj_state[i].start_tick    = 0U;
 490              		.loc 1 24 9 is_stmt 1 view .LVU121
  24:Core/Src/traj_planner.c ****         g_traj_state[i].start_tick    = 0U;
 491              		.loc 1 24 39 is_stmt 0 view .LVU122
 492 001c CA60     		str	r2, [r1, #12]	@ float
  25:Core/Src/traj_planner.c ****         g_traj_state[i].duration_ms   = 0U;
 493              		.loc 1 25 9 is_stmt 1 view .LVU123
  25:Core/Src/traj_planner.c ****         g_traj_state[i].duration_ms   = 0U;
 494              		.loc 1 25 39 is_stmt 0 view .LVU124
 495 001e 0020     		movs	r0, #0
 496 0020 0861     		str	r0, [r1, #16]
  26:Core/Src/traj_planner.c ****         s_start_angle[i]              = 0.0f;
 497              		.loc 1 26 9 is_stmt 1 view .LVU125
  26:Core/Src/traj_planner.c ****         s_start_angle[i]              = 0.0f;
 498              		.loc 1 26 39 is_stmt 0 view .LVU126
ARM GAS  /tmp/cclj6s2k.s 			page 13


 499 0022 4861     		str	r0, [r1, #20]
  27:Core/Src/traj_planner.c ****         s_v_max[i]                    = 0.0f;
 500              		.loc 1 27 9 is_stmt 1 view .LVU127
  27:Core/Src/traj_planner.c ****         s_v_max[i]                    = 0.0f;
 501              		.loc 1 27 39 is_stmt 0 view .LVU128
 502 0024 0649     		ldr	r1, .L30+4
 503 0026 41F82320 		str	r2, [r1, r3, lsl #2]	@ float
  28:Core/Src/traj_planner.c ****     }
 504              		.loc 1 28 9 is_stmt 1 view .LVU129
  28:Core/Src/traj_planner.c ****     }
 505              		.loc 1 28 39 is_stmt 0 view .LVU130
 506 002a 0649     		ldr	r1, .L30+8
 507 002c 41F82320 		str	r2, [r1, r3, lsl #2]	@ float
  20:Core/Src/traj_planner.c ****         g_traj_state[i].current_angle = 0.0f;
 508              		.loc 1 20 48 is_stmt 1 discriminator 3 view .LVU131
 509 0030 0133     		adds	r3, r3, #1
 510              	.LVL77:
  20:Core/Src/traj_planner.c ****         g_traj_state[i].current_angle = 0.0f;
 511              		.loc 1 20 48 is_stmt 0 discriminator 3 view .LVU132
 512 0032 DBB2     		uxtb	r3, r3
 513              	.LVL78:
 514              	.L27:
  20:Core/Src/traj_planner.c ****         g_traj_state[i].current_angle = 0.0f;
 515              		.loc 1 20 27 is_stmt 1 discriminator 1 view .LVU133
 516 0034 032B     		cmp	r3, #3
 517 0036 E8D9     		bls	.L28
 518              	.LBE5:
  30:Core/Src/traj_planner.c **** 
 519              		.loc 1 30 1 is_stmt 0 view .LVU134
 520 0038 10BD     		pop	{r4, pc}
 521              	.L31:
 522 003a 00BF     		.align	2
 523              	.L30:
 524 003c 00000000 		.word	g_traj_state
 525 0040 00000000 		.word	s_start_angle
 526 0044 00000000 		.word	s_v_max
 527              		.cfi_endproc
 528              	.LFE69:
 530              		.global	__aeabi_fcmpgt
 531              		.section	.text.Traj_SetTarget,"ax",%progbits
 532              		.align	1
 533              		.global	Traj_SetTarget
 534              		.syntax unified
 535              		.thumb
 536              		.thumb_func
 538              	Traj_SetTarget:
 539              	.LVL79:
 540              	.LFB70:
  33:Core/Src/traj_planner.c ****     if (id >= TRAJ_SERVO_COUNT) {
 541              		.loc 1 33 1 is_stmt 1 view -0
 542              		.cfi_startproc
 543              		@ args = 0, pretend = 0, frame = 0
 544              		@ frame_needed = 0, uses_anonymous_args = 0
  34:Core/Src/traj_planner.c ****         return;
 545              		.loc 1 34 5 view .LVU136
  34:Core/Src/traj_planner.c ****         return;
 546              		.loc 1 34 8 is_stmt 0 view .LVU137
ARM GAS  /tmp/cclj6s2k.s 			page 14


 547 0000 0328     		cmp	r0, #3
 548 0002 00D9     		bls	.L43
 549 0004 7047     		bx	lr
 550              	.L43:
  33:Core/Src/traj_planner.c ****     if (id >= TRAJ_SERVO_COUNT) {
 551              		.loc 1 33 1 view .LVU138
 552 0006 2DE9F84F 		push	{r3, r4, r5, r6, r7, r8, r9, r10, fp, lr}
 553              	.LCFI3:
 554              		.cfi_def_cfa_offset 40
 555              		.cfi_offset 3, -40
 556              		.cfi_offset 4, -36
 557              		.cfi_offset 5, -32
 558              		.cfi_offset 6, -28
 559              		.cfi_offset 7, -24
 560              		.cfi_offset 8, -20
 561              		.cfi_offset 9, -16
 562              		.cfi_offset 10, -12
 563              		.cfi_offset 11, -8
 564              		.cfi_offset 14, -4
 565 000a 0446     		mov	r4, r0
 566 000c 0D46     		mov	r5, r1
 567 000e 1746     		mov	r7, r2
  38:Core/Src/traj_planner.c ****     float T    = (float)duration_ms / 1000.0f;
 568              		.loc 1 38 5 is_stmt 1 view .LVU139
  38:Core/Src/traj_planner.c ****     float T    = (float)duration_ms / 1000.0f;
 569              		.loc 1 38 47 is_stmt 0 view .LVU140
 570 0010 DFF8A890 		ldr	r9, .L44
 571 0014 00EB4006 		add	r6, r0, r0, lsl #1
 572 0018 4FEAC60A 		lsl	r10, r6, #3
 573 001c 09EBC606 		add	r6, r9, r6, lsl #3
  38:Core/Src/traj_planner.c ****     float T    = (float)duration_ms / 1000.0f;
 574              		.loc 1 38 11 view .LVU141
 575 0020 59F80A10 		ldr	r1, [r9, r10]	@ float
 576              	.LVL80:
  38:Core/Src/traj_planner.c ****     float T    = (float)duration_ms / 1000.0f;
 577              		.loc 1 38 11 view .LVU142
 578 0024 2846     		mov	r0, r5
 579              	.LVL81:
  38:Core/Src/traj_planner.c ****     float T    = (float)duration_ms / 1000.0f;
 580              		.loc 1 38 11 view .LVU143
 581 0026 FFF7FEFF 		bl	__aeabi_fsub
 582              	.LVL82:
  38:Core/Src/traj_planner.c ****     float T    = (float)duration_ms / 1000.0f;
 583              		.loc 1 38 11 view .LVU144
 584 002a 8346     		mov	fp, r0
 585              	.LVL83:
  39:Core/Src/traj_planner.c **** 
 586              		.loc 1 39 5 is_stmt 1 view .LVU145
  39:Core/Src/traj_planner.c **** 
 587              		.loc 1 39 18 is_stmt 0 view .LVU146
 588 002c 3846     		mov	r0, r7
 589              	.LVL84:
  39:Core/Src/traj_planner.c **** 
 590              		.loc 1 39 18 view .LVU147
 591 002e FFF7FEFF 		bl	__aeabi_ui2f
 592              	.LVL85:
  39:Core/Src/traj_planner.c **** 
ARM GAS  /tmp/cclj6s2k.s 			page 15


 593              		.loc 1 39 11 view .LVU148
 594 0032 2349     		ldr	r1, .L44+4
 595 0034 FFF7FEFF 		bl	__aeabi_fdiv
 596              	.LVL86:
 597 0038 8046     		mov	r8, r0
 598              	.LVL87:
  41:Core/Src/traj_planner.c ****     g_traj_state[id].duration_ms  = duration_ms;
 599              		.loc 1 41 5 is_stmt 1 view .LVU149
  41:Core/Src/traj_planner.c ****     g_traj_state[id].duration_ms  = duration_ms;
 600              		.loc 1 41 35 is_stmt 0 view .LVU150
 601 003a 7560     		str	r5, [r6, #4]	@ float
  42:Core/Src/traj_planner.c ****     g_traj_state[id].start_tick   = HAL_GetTick();
 602              		.loc 1 42 5 is_stmt 1 view .LVU151
  42:Core/Src/traj_planner.c ****     g_traj_state[id].start_tick   = HAL_GetTick();
 603              		.loc 1 42 35 is_stmt 0 view .LVU152
 604 003c 7761     		str	r7, [r6, #20]
  43:Core/Src/traj_planner.c ****     g_traj_state[id].velocity     = 0.0f;
 605              		.loc 1 43 5 is_stmt 1 view .LVU153
  43:Core/Src/traj_planner.c ****     g_traj_state[id].velocity     = 0.0f;
 606              		.loc 1 43 37 is_stmt 0 view .LVU154
 607 003e FFF7FEFF 		bl	HAL_GetTick
 608              	.LVL88:
  43:Core/Src/traj_planner.c ****     g_traj_state[id].velocity     = 0.0f;
 609              		.loc 1 43 35 discriminator 1 view .LVU155
 610 0042 3061     		str	r0, [r6, #16]
  44:Core/Src/traj_planner.c ****     s_start_angle[id]             = g_traj_state[id].current_angle;
 611              		.loc 1 44 5 is_stmt 1 view .LVU156
  44:Core/Src/traj_planner.c ****     s_start_angle[id]             = g_traj_state[id].current_angle;
 612              		.loc 1 44 35 is_stmt 0 view .LVU157
 613 0044 0023     		movs	r3, #0
 614 0046 B360     		str	r3, [r6, #8]	@ float
  45:Core/Src/traj_planner.c **** 
 615              		.loc 1 45 5 is_stmt 1 view .LVU158
  45:Core/Src/traj_planner.c **** 
 616              		.loc 1 45 53 is_stmt 0 view .LVU159
 617 0048 59F80A20 		ldr	r2, [r9, r10]	@ float
  45:Core/Src/traj_planner.c **** 
 618              		.loc 1 45 35 view .LVU160
 619 004c 1D4B     		ldr	r3, .L44+8
 620 004e 43F82420 		str	r2, [r3, r4, lsl #2]	@ float
  47:Core/Src/traj_planner.c ****         /* Symmetric trapezoid: V_max = D / (T * (1 - r)), a = V_max / (T * r) */
 621              		.loc 1 47 5 is_stmt 1 view .LVU161
  47:Core/Src/traj_planner.c ****         /* Symmetric trapezoid: V_max = D / (T * (1 - r)), a = V_max / (T * r) */
 622              		.loc 1 47 8 is_stmt 0 view .LVU162
 623 0052 1D49     		ldr	r1, .L44+12
 624 0054 4046     		mov	r0, r8
 625 0056 FFF7FEFF 		bl	__aeabi_fcmpgt
 626              	.LVL89:
 627 005a D8B1     		cbz	r0, .L34
  47:Core/Src/traj_planner.c ****         /* Symmetric trapezoid: V_max = D / (T * (1 - r)), a = V_max / (T * r) */
 628              		.loc 1 47 23 discriminator 1 view .LVU163
 629 005c 2BF00040 		bic	r0, fp, #-2147483648
  47:Core/Src/traj_planner.c ****         /* Symmetric trapezoid: V_max = D / (T * (1 - r)), a = V_max / (T * r) */
 630              		.loc 1 47 20 discriminator 1 view .LVU164
 631 0060 1A49     		ldr	r1, .L44+16
 632 0062 FFF7FEFF 		bl	__aeabi_fcmpgt
 633              	.LVL90:
ARM GAS  /tmp/cclj6s2k.s 			page 16


 634 0066 A8B1     		cbz	r0, .L34
  49:Core/Src/traj_planner.c ****         g_traj_state[id].max_accel   = s_v_max[id] / (T * TRAJ_ACCEL_RATIO);
 635              		.loc 1 49 9 is_stmt 1 view .LVU165
  49:Core/Src/traj_planner.c ****         g_traj_state[id].max_accel   = s_v_max[id] / (T * TRAJ_ACCEL_RATIO);
 636              		.loc 1 49 50 is_stmt 0 view .LVU166
 637 0068 1949     		ldr	r1, .L44+20
 638 006a 4046     		mov	r0, r8
 639 006c FFF7FEFF 		bl	__aeabi_fmul
 640              	.LVL91:
 641 0070 0146     		mov	r1, r0
  49:Core/Src/traj_planner.c ****         g_traj_state[id].max_accel   = s_v_max[id] / (T * TRAJ_ACCEL_RATIO);
 642              		.loc 1 49 45 view .LVU167
 643 0072 5846     		mov	r0, fp
 644 0074 FFF7FEFF 		bl	__aeabi_fdiv
 645              	.LVL92:
 646 0078 0546     		mov	r5, r0
 647              	.LVL93:
  49:Core/Src/traj_planner.c ****         g_traj_state[id].max_accel   = s_v_max[id] / (T * TRAJ_ACCEL_RATIO);
 648              		.loc 1 49 38 view .LVU168
 649 007a 164B     		ldr	r3, .L44+24
 650 007c 43F82400 		str	r0, [r3, r4, lsl #2]	@ float
  50:Core/Src/traj_planner.c ****     } else {
 651              		.loc 1 50 9 is_stmt 1 view .LVU169
  50:Core/Src/traj_planner.c ****     } else {
 652              		.loc 1 50 57 is_stmt 0 view .LVU170
 653 0080 1549     		ldr	r1, .L44+28
 654 0082 4046     		mov	r0, r8
 655 0084 FFF7FEFF 		bl	__aeabi_fmul
 656              	.LVL94:
 657 0088 0146     		mov	r1, r0
  50:Core/Src/traj_planner.c ****     } else {
 658              		.loc 1 50 52 view .LVU171
 659 008a 2846     		mov	r0, r5
 660 008c FFF7FEFF 		bl	__aeabi_fdiv
 661              	.LVL95:
  50:Core/Src/traj_planner.c ****     } else {
 662              		.loc 1 50 38 view .LVU172
 663 0090 F060     		str	r0, [r6, #12]	@ float
 664 0092 11E0     		b	.L32
 665              	.LVL96:
 666              	.L34:
  53:Core/Src/traj_planner.c ****         g_traj_state[id].max_accel   = 0.0f;
 667              		.loc 1 53 9 is_stmt 1 view .LVU173
  53:Core/Src/traj_planner.c ****         g_traj_state[id].max_accel   = 0.0f;
 668              		.loc 1 53 38 is_stmt 0 view .LVU174
 669 0094 0021     		movs	r1, #0
 670 0096 0F4B     		ldr	r3, .L44+24
 671 0098 43F82410 		str	r1, [r3, r4, lsl #2]	@ float
  54:Core/Src/traj_planner.c ****         g_traj_state[id].current_angle = target_deg;
 672              		.loc 1 54 9 is_stmt 1 view .LVU175
  54:Core/Src/traj_planner.c ****         g_traj_state[id].current_angle = target_deg;
 673              		.loc 1 54 38 is_stmt 0 view .LVU176
 674 009c 074B     		ldr	r3, .L44
 675 009e 04EB4402 		add	r2, r4, r4, lsl #1
 676 00a2 03EBC200 		add	r0, r3, r2, lsl #3
 677 00a6 C160     		str	r1, [r0, #12]	@ float
  55:Core/Src/traj_planner.c ****         g_traj_state[id].duration_ms   = 0U;
ARM GAS  /tmp/cclj6s2k.s 			page 17


 678              		.loc 1 55 9 is_stmt 1 view .LVU177
  55:Core/Src/traj_planner.c ****         g_traj_state[id].duration_ms   = 0U;
 679              		.loc 1 55 40 is_stmt 0 view .LVU178
 680 00a8 43F83250 		str	r5, [r3, r2, lsl #3]	@ float
  56:Core/Src/traj_planner.c ****         Servo_SetAngle(id, target_deg);
 681              		.loc 1 56 9 is_stmt 1 view .LVU179
  56:Core/Src/traj_planner.c ****         Servo_SetAngle(id, target_deg);
 682              		.loc 1 56 40 is_stmt 0 view .LVU180
 683 00ac 0022     		movs	r2, #0
 684 00ae 4261     		str	r2, [r0, #20]
  57:Core/Src/traj_planner.c ****     }
 685              		.loc 1 57 9 is_stmt 1 view .LVU181
 686 00b0 2946     		mov	r1, r5
 687 00b2 2046     		mov	r0, r4
 688 00b4 FFF7FEFF 		bl	Servo_SetAngle
 689              	.LVL97:
 690              	.L32:
  59:Core/Src/traj_planner.c **** 
 691              		.loc 1 59 1 is_stmt 0 view .LVU182
 692 00b8 BDE8F88F 		pop	{r3, r4, r5, r6, r7, r8, r9, r10, fp, pc}
 693              	.LVL98:
 694              	.L45:
  59:Core/Src/traj_planner.c **** 
 695              		.loc 1 59 1 view .LVU183
 696              		.align	2
 697              	.L44:
 698 00bc 00000000 		.word	g_traj_state
 699 00c0 00007A44 		.word	1148846080
 700 00c4 00000000 		.word	s_start_angle
 701 00c8 6F12833A 		.word	981668463
 702 00cc 0AD7233C 		.word	1008981770
 703 00d0 3333333F 		.word	1060320051
 704 00d4 00000000 		.word	s_v_max
 705 00d8 9A99993E 		.word	1050253722
 706              		.cfi_endproc
 707              	.LFE70:
 709              		.section	.text.TrajPlannerTask_Create,"ax",%progbits
 710              		.align	1
 711              		.global	TrajPlannerTask_Create
 712              		.syntax unified
 713              		.thumb
 714              		.thumb_func
 716              	TrajPlannerTask_Create:
 717              	.LFB73:
 119:Core/Src/traj_planner.c ****     }
 120:Core/Src/traj_planner.c **** }
 121:Core/Src/traj_planner.c **** 
 122:Core/Src/traj_planner.c **** void TrajPlannerTask_Create(void)
 123:Core/Src/traj_planner.c **** {
 718              		.loc 1 123 1 is_stmt 1 view -0
 719              		.cfi_startproc
 720              		@ args = 0, pretend = 0, frame = 0
 721              		@ frame_needed = 0, uses_anonymous_args = 0
 722 0000 08B5     		push	{r3, lr}
 723              	.LCFI4:
 724              		.cfi_def_cfa_offset 8
 725              		.cfi_offset 3, -8
ARM GAS  /tmp/cclj6s2k.s 			page 18


 726              		.cfi_offset 14, -4
 124:Core/Src/traj_planner.c ****     static const osThreadAttr_t attr = {
 727              		.loc 1 124 5 view .LVU185
 125:Core/Src/traj_planner.c ****         .name       = "TrajPlan",
 126:Core/Src/traj_planner.c ****         .stack_size = 256U * 4U,
 127:Core/Src/traj_planner.c ****         .priority   = (osPriority_t)osPriorityAboveNormal,
 128:Core/Src/traj_planner.c ****     };
 129:Core/Src/traj_planner.c ****     osThreadNew(Task_Traj_Planner, NULL, &attr);
 728              		.loc 1 129 5 view .LVU186
 729 0002 034A     		ldr	r2, .L48
 730 0004 0021     		movs	r1, #0
 731 0006 0348     		ldr	r0, .L48+4
 732 0008 FFF7FEFF 		bl	osThreadNew
 733              	.LVL99:
 130:Core/Src/traj_planner.c **** }
 734              		.loc 1 130 1 is_stmt 0 view .LVU187
 735 000c 08BD     		pop	{r3, pc}
 736              	.L49:
 737 000e 00BF     		.align	2
 738              	.L48:
 739 0010 00000000 		.word	attr.0
 740 0014 00000000 		.word	Task_Traj_Planner
 741              		.cfi_endproc
 742              	.LFE73:
 744              		.section	.rodata.str1.4,"aMS",%progbits,1
 745              		.align	2
 746              	.LC0:
 747 0000 5472616A 		.ascii	"TrajPlan\000"
 747      506C616E 
 747      00
 748              		.section	.rodata.attr.0,"a"
 749              		.align	2
 752              	attr.0:
 753 0000 00000000 		.word	.LC0
 754 0004 00000000 		.space	16
 754      00000000 
 754      00000000 
 754      00000000 
 755 0014 00040000 		.word	1024
 756 0018 20000000 		.word	32
 757 001c 00000000 		.space	8
 757      00000000 
 758              		.section	.bss.s_v_max,"aw",%nobits
 759              		.align	2
 762              	s_v_max:
 763 0000 00000000 		.space	16
 763      00000000 
 763      00000000 
 763      00000000 
 764              		.section	.bss.s_start_angle,"aw",%nobits
 765              		.align	2
 768              	s_start_angle:
 769 0000 00000000 		.space	16
 769      00000000 
 769      00000000 
 769      00000000 
 770              		.global	g_traj_state
ARM GAS  /tmp/cclj6s2k.s 			page 19


 771              		.section	.bss.g_traj_state,"aw",%nobits
 772              		.align	2
 775              	g_traj_state:
 776 0000 00000000 		.space	96
 776      00000000 
 776      00000000 
 776      00000000 
 776      00000000 
 777              		.text
 778              	.Letext0:
 779              		.file 2 "/usr/lib/gcc/arm-none-eabi/13.2.1/include/stdint.h"
 780              		.file 3 "Core/Inc/traj_planner.h"
 781              		.file 4 "Middlewares/Third_Party/FreeRTOS/Source/CMSIS_RTOS_V2/cmsis_os2.h"
 782              		.file 5 "Core/Inc/servo_driver.h"
 783              		.file 6 "Drivers/STM32F1xx_HAL_Driver/Inc/stm32f1xx_hal.h"
ARM GAS  /tmp/cclj6s2k.s 			page 20


DEFINED SYMBOLS
                            *ABS*:00000000 traj_planner.c
     /tmp/cclj6s2k.s:25     .text.Traj_Update:00000000 $t
     /tmp/cclj6s2k.s:30     .text.Traj_Update:00000000 Traj_Update
     /tmp/cclj6s2k.s:379    .text.Traj_Update:000001bc $d
     /tmp/cclj6s2k.s:775    .bss.g_traj_state:00000000 g_traj_state
     /tmp/cclj6s2k.s:762    .bss.s_v_max:00000000 s_v_max
     /tmp/cclj6s2k.s:768    .bss.s_start_angle:00000000 s_start_angle
     /tmp/cclj6s2k.s:390    .text.Task_Traj_Planner:00000000 $t
     /tmp/cclj6s2k.s:395    .text.Task_Traj_Planner:00000000 Task_Traj_Planner
     /tmp/cclj6s2k.s:447    .text.TrajPlanner_Init:00000000 $t
     /tmp/cclj6s2k.s:453    .text.TrajPlanner_Init:00000000 TrajPlanner_Init
     /tmp/cclj6s2k.s:524    .text.TrajPlanner_Init:0000003c $d
     /tmp/cclj6s2k.s:532    .text.Traj_SetTarget:00000000 $t
     /tmp/cclj6s2k.s:538    .text.Traj_SetTarget:00000000 Traj_SetTarget
     /tmp/cclj6s2k.s:698    .text.Traj_SetTarget:000000bc $d
     /tmp/cclj6s2k.s:710    .text.TrajPlannerTask_Create:00000000 $t
     /tmp/cclj6s2k.s:716    .text.TrajPlannerTask_Create:00000000 TrajPlannerTask_Create
     /tmp/cclj6s2k.s:739    .text.TrajPlannerTask_Create:00000010 $d
     /tmp/cclj6s2k.s:752    .rodata.attr.0:00000000 attr.0
     /tmp/cclj6s2k.s:745    .rodata.str1.4:00000000 $d
     /tmp/cclj6s2k.s:749    .rodata.attr.0:00000000 $d
     /tmp/cclj6s2k.s:759    .bss.s_v_max:00000000 $d
     /tmp/cclj6s2k.s:765    .bss.s_start_angle:00000000 $d
     /tmp/cclj6s2k.s:772    .bss.g_traj_state:00000000 $d

UNDEFINED SYMBOLS
__aeabi_ui2f
__aeabi_fdiv
__aeabi_fmul
__aeabi_fcmple
__aeabi_fadd
__aeabi_fsub
HAL_GetTick
Servo_SetAngle
osDelay
Servo_Init
__aeabi_fcmpgt
osThreadNew
