ARM GAS  /tmp/ccxhOu9F.s 			page 1


   1              		.cpu cortex-m3
   2              		.arch armv7-m
   3              		.fpu softvfp
   4              		.eabi_attribute 20, 1
   5              		.eabi_attribute 21, 1
   6              		.eabi_attribute 23, 3
   7              		.eabi_attribute 24, 1
   8              		.eabi_attribute 25, 1
   9              		.eabi_attribute 26, 1
  10              		.eabi_attribute 30, 1
  11              		.eabi_attribute 34, 1
  12              		.eabi_attribute 18, 4
  13              		.file	"uart_protocol.c"
  14              		.text
  15              	.Ltext0:
  16              		.cfi_sections	.debug_frame
  17              		.file 1 "Core/Src/uart_protocol.c"
  18              		.section	.text.crc16_ccitt,"ax",%progbits
  19              		.align	1
  20              		.global	crc16_ccitt
  21              		.syntax unified
  22              		.thumb
  23              		.thumb_func
  25              	crc16_ccitt:
  26              	.LVL0:
  27              	.LFB0:
   1:Core/Src/uart_protocol.c **** #include "uart_protocol.h"
   2:Core/Src/uart_protocol.c **** 
   3:Core/Src/uart_protocol.c **** uint16_t crc16_ccitt(const uint8_t* data, size_t len) {
  28              		.loc 1 3 55 view -0
  29              		.cfi_startproc
  30              		@ args = 0, pretend = 0, frame = 0
  31              		@ frame_needed = 0, uses_anonymous_args = 0
  32              		@ link register save eliminated.
   4:Core/Src/uart_protocol.c ****     uint16_t crc = 0xFFFFu;
  33              		.loc 1 4 5 view .LVU1
   5:Core/Src/uart_protocol.c **** 
   6:Core/Src/uart_protocol.c ****     if (len == 0u) {
  34              		.loc 1 6 5 view .LVU2
  35              		.loc 1 6 8 is_stmt 0 view .LVU3
  36 0000 F9B1     		cbz	r1, .L9
   3:Core/Src/uart_protocol.c ****     uint16_t crc = 0xFFFFu;
  37              		.loc 1 3 55 view .LVU4
  38 0002 10B4     		push	{r4}
  39              	.LCFI0:
  40              		.cfi_def_cfa_offset 4
  41              		.cfi_offset 4, -4
  42 0004 0446     		mov	r4, r0
  43 0006 8C46     		mov	ip, r1
   7:Core/Src/uart_protocol.c ****         return crc;
   8:Core/Src/uart_protocol.c ****     }
   9:Core/Src/uart_protocol.c **** 
  10:Core/Src/uart_protocol.c ****     if (data == NULL) {
  44              		.loc 1 10 5 is_stmt 1 view .LVU5
  45              		.loc 1 10 8 is_stmt 0 view .LVU6
  46 0008 F0B1     		cbz	r0, .L10
  47              	.LBB2:
ARM GAS  /tmp/ccxhOu9F.s 			page 2


  11:Core/Src/uart_protocol.c ****         return 0u;
  12:Core/Src/uart_protocol.c ****     }
  13:Core/Src/uart_protocol.c **** 
  14:Core/Src/uart_protocol.c ****     for (size_t i = 0; i < len; ++i) {
  48              		.loc 1 14 17 view .LVU7
  49 000a 0022     		movs	r2, #0
  50              	.LBE2:
   4:Core/Src/uart_protocol.c **** 
  51              		.loc 1 4 14 view .LVU8
  52 000c 4FF6FF70 		movw	r0, #65535
  53              	.LVL1:
   4:Core/Src/uart_protocol.c **** 
  54              		.loc 1 4 14 view .LVU9
  55 0010 10E0     		b	.L3
  56              	.LVL2:
  57              	.L5:
  58              	.LBB5:
  59              	.LBB3:
  15:Core/Src/uart_protocol.c ****         crc ^= (uint16_t)((uint16_t)data[i] << 8);
  16:Core/Src/uart_protocol.c ****         for (uint8_t bit = 0; bit < 8u; ++bit) {
  17:Core/Src/uart_protocol.c ****             if ((crc & 0x8000u) != 0u) {
  18:Core/Src/uart_protocol.c ****                 crc = (uint16_t)((crc << 1) ^ 0x1021u);
  19:Core/Src/uart_protocol.c ****             } else {
  20:Core/Src/uart_protocol.c ****                 crc = (uint16_t)(crc << 1);
  60              		.loc 1 20 17 is_stmt 1 view .LVU10
  61              		.loc 1 20 21 is_stmt 0 view .LVU11
  62 0012 4000     		lsls	r0, r0, #1
  63              	.LVL3:
  64              		.loc 1 20 21 view .LVU12
  65 0014 80B2     		uxth	r0, r0
  66              	.LVL4:
  67              	.L6:
  16:Core/Src/uart_protocol.c ****             if ((crc & 0x8000u) != 0u) {
  68              		.loc 1 16 41 is_stmt 1 discriminator 2 view .LVU13
  69 0016 0133     		adds	r3, r3, #1
  70              	.LVL5:
  16:Core/Src/uart_protocol.c ****             if ((crc & 0x8000u) != 0u) {
  71              		.loc 1 16 41 is_stmt 0 discriminator 2 view .LVU14
  72 0018 DBB2     		uxtb	r3, r3
  73              	.LVL6:
  74              	.L4:
  16:Core/Src/uart_protocol.c ****             if ((crc & 0x8000u) != 0u) {
  75              		.loc 1 16 35 is_stmt 1 discriminator 1 view .LVU15
  76 001a 072B     		cmp	r3, #7
  77 001c 09D8     		bhi	.L15
  17:Core/Src/uart_protocol.c ****                 crc = (uint16_t)((crc << 1) ^ 0x1021u);
  78              		.loc 1 17 13 view .LVU16
  17:Core/Src/uart_protocol.c ****                 crc = (uint16_t)((crc << 1) ^ 0x1021u);
  79              		.loc 1 17 16 is_stmt 0 view .LVU17
  80 001e 10F4004F 		tst	r0, #32768
  81 0022 F6D0     		beq	.L5
  18:Core/Src/uart_protocol.c ****             } else {
  82              		.loc 1 18 17 is_stmt 1 view .LVU18
  18:Core/Src/uart_protocol.c ****             } else {
  83              		.loc 1 18 39 is_stmt 0 view .LVU19
  84 0024 4000     		lsls	r0, r0, #1
  85              	.LVL7:
ARM GAS  /tmp/ccxhOu9F.s 			page 3


  18:Core/Src/uart_protocol.c ****             } else {
  86              		.loc 1 18 39 view .LVU20
  87 0026 80B2     		uxth	r0, r0
  18:Core/Src/uart_protocol.c ****             } else {
  88              		.loc 1 18 21 view .LVU21
  89 0028 80F48150 		eor	r0, r0, #4128
  90 002c 80F00100 		eor	r0, r0, #1
  91              	.LVL8:
  18:Core/Src/uart_protocol.c ****             } else {
  92              		.loc 1 18 21 view .LVU22
  93 0030 F1E7     		b	.L6
  94              	.L15:
  18:Core/Src/uart_protocol.c ****             } else {
  95              		.loc 1 18 21 view .LVU23
  96              	.LBE3:
  14:Core/Src/uart_protocol.c ****         crc ^= (uint16_t)((uint16_t)data[i] << 8);
  97              		.loc 1 14 33 is_stmt 1 discriminator 2 view .LVU24
  98 0032 0132     		adds	r2, r2, #1
  99              	.LVL9:
 100              	.L3:
  14:Core/Src/uart_protocol.c ****         crc ^= (uint16_t)((uint16_t)data[i] << 8);
 101              		.loc 1 14 26 discriminator 1 view .LVU25
 102 0034 6245     		cmp	r2, ip
 103 0036 08D2     		bcs	.L2
  15:Core/Src/uart_protocol.c ****         for (uint8_t bit = 0; bit < 8u; ++bit) {
 104              		.loc 1 15 9 view .LVU26
  15:Core/Src/uart_protocol.c ****         for (uint8_t bit = 0; bit < 8u; ++bit) {
 105              		.loc 1 15 41 is_stmt 0 view .LVU27
 106 0038 A35C     		ldrb	r3, [r4, r2]	@ zero_extendqisi2
  15:Core/Src/uart_protocol.c ****         for (uint8_t bit = 0; bit < 8u; ++bit) {
 107              		.loc 1 15 13 view .LVU28
 108 003a 80EA0320 		eor	r0, r0, r3, lsl #8
 109              	.LVL10:
  16:Core/Src/uart_protocol.c ****             if ((crc & 0x8000u) != 0u) {
 110              		.loc 1 16 9 is_stmt 1 view .LVU29
 111              	.LBB4:
  16:Core/Src/uart_protocol.c ****             if ((crc & 0x8000u) != 0u) {
 112              		.loc 1 16 14 view .LVU30
  16:Core/Src/uart_protocol.c ****             if ((crc & 0x8000u) != 0u) {
 113              		.loc 1 16 22 is_stmt 0 view .LVU31
 114 003e 0023     		movs	r3, #0
  16:Core/Src/uart_protocol.c ****             if ((crc & 0x8000u) != 0u) {
 115              		.loc 1 16 9 view .LVU32
 116 0040 EBE7     		b	.L4
 117              	.LVL11:
 118              	.L9:
 119              	.LCFI1:
 120              		.cfi_def_cfa_offset 0
 121              		.cfi_restore 4
  16:Core/Src/uart_protocol.c ****             if ((crc & 0x8000u) != 0u) {
 122              		.loc 1 16 9 view .LVU33
 123              	.LBE4:
 124              	.LBE5:
   7:Core/Src/uart_protocol.c ****     }
 125              		.loc 1 7 16 view .LVU34
 126 0042 4FF6FF70 		movw	r0, #65535
 127              	.LVL12:
ARM GAS  /tmp/ccxhOu9F.s 			page 4


  21:Core/Src/uart_protocol.c ****             }
  22:Core/Src/uart_protocol.c ****         }
  23:Core/Src/uart_protocol.c ****     }
  24:Core/Src/uart_protocol.c **** 
  25:Core/Src/uart_protocol.c ****     return crc;
  26:Core/Src/uart_protocol.c **** }
 128              		.loc 1 26 1 view .LVU35
 129 0046 7047     		bx	lr
 130              	.LVL13:
 131              	.L10:
 132              	.LCFI2:
 133              		.cfi_def_cfa_offset 4
 134              		.cfi_offset 4, -4
  11:Core/Src/uart_protocol.c ****     }
 135              		.loc 1 11 16 view .LVU36
 136 0048 0020     		movs	r0, #0
 137              	.LVL14:
 138              	.L2:
 139              		.loc 1 26 1 view .LVU37
 140 004a 10BC     		pop	{r4}
 141              	.LCFI3:
 142              		.cfi_restore 4
 143              		.cfi_def_cfa_offset 0
 144              	.LVL15:
 145              		.loc 1 26 1 view .LVU38
 146 004c 7047     		bx	lr
 147              		.cfi_endproc
 148              	.LFE0:
 150              		.text
 151              	.Letext0:
 152              		.file 2 "/usr/lib/gcc/arm-none-eabi/13.2.1/include/stddef.h"
 153              		.file 3 "/usr/lib/gcc/arm-none-eabi/13.2.1/include/stdint.h"
ARM GAS  /tmp/ccxhOu9F.s 			page 5


DEFINED SYMBOLS
                            *ABS*:00000000 uart_protocol.c
     /tmp/ccxhOu9F.s:19     .text.crc16_ccitt:00000000 $t
     /tmp/ccxhOu9F.s:25     .text.crc16_ccitt:00000000 crc16_ccitt

NO UNDEFINED SYMBOLS
