ARM GAS  C:\Users\Pt\AppData\Local\Temp\ccCMdz0E.s 			page 1


   1              		.cpu cortex-m3
   2              		.arch armv7-m
   3              		.fpu softvfp
   4              		.eabi_attribute 20, 1
   5              		.eabi_attribute 21, 1
   6              		.eabi_attribute 23, 3
   7              		.eabi_attribute 24, 1
   8              		.eabi_attribute 25, 1
   9              		.eabi_attribute 26, 1
  10              		.eabi_attribute 30, 1
  11              		.eabi_attribute 34, 1
  12              		.eabi_attribute 18, 4
  13              		.file	"uart_rx_task.c"
  14              		.text
  15              	.Ltext0:
  16              		.cfi_sections	.debug_frame
  17              		.section	.text.UartRx_ResetFrameParser,"ax",%progbits
  18              		.align	1
  19              		.syntax unified
  20              		.thumb
  21              		.thumb_func
  23              	UartRx_ResetFrameParser:
  24              	.LFB69:
  25              		.file 1 "Core/Src/uart_rx_task.c"
   1:Core/Src/uart_rx_task.c **** #include "uart_rx_task.h"
   2:Core/Src/uart_rx_task.c **** 
   3:Core/Src/uart_rx_task.c **** #include <string.h>
   4:Core/Src/uart_rx_task.c **** 
   5:Core/Src/uart_rx_task.c **** #include "task.h"
   6:Core/Src/uart_rx_task.c **** #include "usart.h"
   7:Core/Src/uart_rx_task.c **** 
   8:Core/Src/uart_rx_task.c **** #define UART_RX_DMA_BUF_LEN UART_MAX_FRAME_LEN
   9:Core/Src/uart_rx_task.c **** #define UART_RX_QUEUE_LEN 8U
  10:Core/Src/uart_rx_task.c **** 
  11:Core/Src/uart_rx_task.c **** QueueHandle_t uart_rx_queue = NULL;
  12:Core/Src/uart_rx_task.c **** volatile uint32_t uart_crc_error_count = 0;
  13:Core/Src/uart_rx_task.c **** volatile uint32_t uart_queue_drop_count = 0;
  14:Core/Src/uart_rx_task.c **** 
  15:Core/Src/uart_rx_task.c **** static TaskHandle_t s_uart_rx_task_handle = NULL;
  16:Core/Src/uart_rx_task.c **** 
  17:Core/Src/uart_rx_task.c **** static uint8_t s_uart_dma_buf[UART_RX_DMA_BUF_LEN];
  18:Core/Src/uart_rx_task.c **** static volatile uint16_t s_uart_dma_write_pos = 0;
  19:Core/Src/uart_rx_task.c **** static uint16_t s_uart_dma_read_pos = 0;
  20:Core/Src/uart_rx_task.c **** 
  21:Core/Src/uart_rx_task.c **** static uint8_t s_frame_buf[UART_MAX_FRAME_LEN];
  22:Core/Src/uart_rx_task.c **** static uint16_t s_frame_len = 0;
  23:Core/Src/uart_rx_task.c **** 
  24:Core/Src/uart_rx_task.c **** static void UartRx_ResetFrameParser(void)
  25:Core/Src/uart_rx_task.c **** {
  26              		.loc 1 25 1 view -0
  27              		.cfi_startproc
  28              		@ args = 0, pretend = 0, frame = 0
  29              		@ frame_needed = 0, uses_anonymous_args = 0
  30              		@ link register save eliminated.
  26:Core/Src/uart_rx_task.c ****   s_frame_len = 0;
  31              		.loc 1 26 3 view .LVU1
  32              		.loc 1 26 15 is_stmt 0 view .LVU2
ARM GAS  C:\Users\Pt\AppData\Local\Temp\ccCMdz0E.s 			page 2


  33 0000 014B     		ldr	r3, .L2
  34 0002 0022     		movs	r2, #0
  35 0004 1A80     		strh	r2, [r3]	@ movhi
  27:Core/Src/uart_rx_task.c **** }
  36              		.loc 1 27 1 view .LVU3
  37 0006 7047     		bx	lr
  38              	.L3:
  39              		.align	2
  40              	.L2:
  41 0008 00000000 		.word	.LANCHOR0
  42              		.cfi_endproc
  43              	.LFE69:
  45              		.section	.text.UartRx_HandleFrame,"ax",%progbits
  46              		.align	1
  47              		.syntax unified
  48              		.thumb
  49              		.thumb_func
  51              	UartRx_HandleFrame:
  52              	.LVL0:
  53              	.LFB70:
  28:Core/Src/uart_rx_task.c **** 
  29:Core/Src/uart_rx_task.c **** static void UartRx_HandleFrame(const uint8_t* frame, uint16_t frame_len)
  30:Core/Src/uart_rx_task.c **** {
  54              		.loc 1 30 1 is_stmt 1 view -0
  55              		.cfi_startproc
  56              		@ args = 0, pretend = 0, frame = 8
  57              		@ frame_needed = 0, uses_anonymous_args = 0
  58              		.loc 1 30 1 is_stmt 0 view .LVU5
  59 0000 70B5     		push	{r4, r5, r6, lr}
  60              	.LCFI0:
  61              		.cfi_def_cfa_offset 16
  62              		.cfi_offset 4, -16
  63              		.cfi_offset 5, -12
  64              		.cfi_offset 6, -8
  65              		.cfi_offset 14, -4
  66 0002 82B0     		sub	sp, sp, #8
  67              	.LCFI1:
  68              		.cfi_def_cfa_offset 24
  69 0004 0446     		mov	r4, r0
  31:Core/Src/uart_rx_task.c ****   uint8_t payload_len;
  70              		.loc 1 31 3 is_stmt 1 view .LVU6
  32:Core/Src/uart_rx_task.c ****   uint16_t crc_calc;
  71              		.loc 1 32 3 view .LVU7
  33:Core/Src/uart_rx_task.c ****   uint16_t crc_recv;
  72              		.loc 1 33 3 view .LVU8
  34:Core/Src/uart_rx_task.c **** 
  35:Core/Src/uart_rx_task.c ****   ServoCmdItem item;
  73              		.loc 1 35 3 view .LVU9
  36:Core/Src/uart_rx_task.c **** 
  37:Core/Src/uart_rx_task.c ****   (void)frame_len;
  74              		.loc 1 37 3 view .LVU10
  38:Core/Src/uart_rx_task.c **** 
  39:Core/Src/uart_rx_task.c ****   payload_len = frame[3];
  75              		.loc 1 39 3 view .LVU11
  76              		.loc 1 39 15 is_stmt 0 view .LVU12
  77 0006 C678     		ldrb	r6, [r0, #3]	@ zero_extendqisi2
  78              	.LVL1:
ARM GAS  C:\Users\Pt\AppData\Local\Temp\ccCMdz0E.s 			page 3


  40:Core/Src/uart_rx_task.c ****   crc_recv = (uint16_t)frame[4U + payload_len] | ((uint16_t)frame[5U + payload_len] << 8);
  79              		.loc 1 40 3 is_stmt 1 view .LVU13
  80              		.loc 1 40 33 is_stmt 0 view .LVU14
  81 0008 331D     		adds	r3, r6, #4
  82              		.loc 1 40 29 view .LVU15
  83 000a C55C     		ldrb	r5, [r0, r3]	@ zero_extendqisi2
  84              		.loc 1 40 70 view .LVU16
  85 000c 731D     		adds	r3, r6, #5
  86              		.loc 1 40 66 view .LVU17
  87 000e C35C     		ldrb	r3, [r0, r3]	@ zero_extendqisi2
  88              		.loc 1 40 12 view .LVU18
  89 0010 45EA0325 		orr	r5, r5, r3, lsl #8
  90              	.LVL2:
  41:Core/Src/uart_rx_task.c ****   crc_calc = crc16_ccitt(&frame[2], (size_t)(2U + payload_len));
  91              		.loc 1 41 3 is_stmt 1 view .LVU19
  92              		.loc 1 41 14 is_stmt 0 view .LVU20
  93 0014 B11C     		adds	r1, r6, #2
  94              	.LVL3:
  95              		.loc 1 41 14 view .LVU21
  96 0016 0230     		adds	r0, r0, #2
  97              	.LVL4:
  98              		.loc 1 41 14 view .LVU22
  99 0018 FFF7FEFF 		bl	crc16_ccitt
 100              	.LVL5:
  42:Core/Src/uart_rx_task.c **** 
  43:Core/Src/uart_rx_task.c ****   if (crc_calc != crc_recv)
 101              		.loc 1 43 3 is_stmt 1 view .LVU23
 102              		.loc 1 43 6 is_stmt 0 view .LVU24
 103 001c 8542     		cmp	r5, r0
 104 001e 05D0     		beq	.L5
  44:Core/Src/uart_rx_task.c ****   {
  45:Core/Src/uart_rx_task.c ****     uart_crc_error_count++;
 105              		.loc 1 45 5 is_stmt 1 view .LVU25
 106              		.loc 1 45 25 is_stmt 0 view .LVU26
 107 0020 0F4A     		ldr	r2, .L10
 108 0022 1368     		ldr	r3, [r2]
 109 0024 0133     		adds	r3, r3, #1
 110 0026 1360     		str	r3, [r2]
  46:Core/Src/uart_rx_task.c ****     return;
 111              		.loc 1 46 5 is_stmt 1 view .LVU27
 112              	.LVL6:
 113              	.L4:
  47:Core/Src/uart_rx_task.c ****   }
  48:Core/Src/uart_rx_task.c **** 
  49:Core/Src/uart_rx_task.c ****   if ((frame[2] != UART_CMD_SERVO_CONTROL) || (payload_len < (uint8_t)sizeof(ServoCmdItem)))
  50:Core/Src/uart_rx_task.c ****   {
  51:Core/Src/uart_rx_task.c ****     return;
  52:Core/Src/uart_rx_task.c ****   }
  53:Core/Src/uart_rx_task.c **** 
  54:Core/Src/uart_rx_task.c ****   memcpy(&item, &frame[4], sizeof(ServoCmdItem));
  55:Core/Src/uart_rx_task.c **** 
  56:Core/Src/uart_rx_task.c ****   if (uart_rx_queue == NULL)
  57:Core/Src/uart_rx_task.c ****   {
  58:Core/Src/uart_rx_task.c ****     return;
  59:Core/Src/uart_rx_task.c ****   }
  60:Core/Src/uart_rx_task.c **** 
  61:Core/Src/uart_rx_task.c ****   if (xQueueSend(uart_rx_queue, &item, 0) != pdPASS)
ARM GAS  C:\Users\Pt\AppData\Local\Temp\ccCMdz0E.s 			page 4


  62:Core/Src/uart_rx_task.c ****   {
  63:Core/Src/uart_rx_task.c ****     uart_queue_drop_count++;
  64:Core/Src/uart_rx_task.c ****   }
  65:Core/Src/uart_rx_task.c **** }
 114              		.loc 1 65 1 is_stmt 0 view .LVU28
 115 0028 02B0     		add	sp, sp, #8
 116              	.LCFI2:
 117              		.cfi_remember_state
 118              		.cfi_def_cfa_offset 16
 119              		@ sp needed
 120 002a 70BD     		pop	{r4, r5, r6, pc}
 121              	.LVL7:
 122              	.L5:
 123              	.LCFI3:
 124              		.cfi_restore_state
  49:Core/Src/uart_rx_task.c ****   {
 125              		.loc 1 49 3 is_stmt 1 view .LVU29
  49:Core/Src/uart_rx_task.c ****   {
 126              		.loc 1 49 13 is_stmt 0 view .LVU30
 127 002c A378     		ldrb	r3, [r4, #2]	@ zero_extendqisi2
  49:Core/Src/uart_rx_task.c ****   {
 128              		.loc 1 49 6 view .LVU31
 129 002e 012B     		cmp	r3, #1
 130 0030 FAD1     		bne	.L4
  49:Core/Src/uart_rx_task.c ****   {
 131              		.loc 1 49 44 discriminator 1 view .LVU32
 132 0032 042E     		cmp	r6, #4
 133 0034 F8D9     		bls	.L4
  54:Core/Src/uart_rx_task.c **** 
 134              		.loc 1 54 3 is_stmt 1 view .LVU33
 135 0036 6068     		ldr	r0, [r4, #4]	@ unaligned
 136              	.LVL8:
  54:Core/Src/uart_rx_task.c **** 
 137              		.loc 1 54 3 is_stmt 0 view .LVU34
 138 0038 0090     		str	r0, [sp]
 139 003a 237A     		ldrb	r3, [r4, #8]	@ zero_extendqisi2
 140 003c 8DF80430 		strb	r3, [sp, #4]
  56:Core/Src/uart_rx_task.c ****   {
 141              		.loc 1 56 3 is_stmt 1 view .LVU35
  56:Core/Src/uart_rx_task.c ****   {
 142              		.loc 1 56 21 is_stmt 0 view .LVU36
 143 0040 084B     		ldr	r3, .L10+4
 144 0042 1868     		ldr	r0, [r3]
  56:Core/Src/uart_rx_task.c ****   {
 145              		.loc 1 56 6 view .LVU37
 146 0044 0028     		cmp	r0, #0
 147 0046 EFD0     		beq	.L4
  61:Core/Src/uart_rx_task.c ****   {
 148              		.loc 1 61 3 is_stmt 1 view .LVU38
  61:Core/Src/uart_rx_task.c ****   {
 149              		.loc 1 61 7 is_stmt 0 view .LVU39
 150 0048 0023     		movs	r3, #0
 151 004a 1A46     		mov	r2, r3
 152 004c 6946     		mov	r1, sp
 153 004e FFF7FEFF 		bl	xQueueGenericSend
 154              	.LVL9:
  61:Core/Src/uart_rx_task.c ****   {
ARM GAS  C:\Users\Pt\AppData\Local\Temp\ccCMdz0E.s 			page 5


 155              		.loc 1 61 6 view .LVU40
 156 0052 0128     		cmp	r0, #1
 157 0054 E8D0     		beq	.L4
  63:Core/Src/uart_rx_task.c ****   }
 158              		.loc 1 63 5 is_stmt 1 view .LVU41
  63:Core/Src/uart_rx_task.c ****   }
 159              		.loc 1 63 26 is_stmt 0 view .LVU42
 160 0056 044A     		ldr	r2, .L10+8
 161 0058 1368     		ldr	r3, [r2]
 162 005a 0133     		adds	r3, r3, #1
 163 005c 1360     		str	r3, [r2]
 164 005e E3E7     		b	.L4
 165              	.L11:
 166              		.align	2
 167              	.L10:
 168 0060 00000000 		.word	.LANCHOR1
 169 0064 00000000 		.word	.LANCHOR2
 170 0068 00000000 		.word	.LANCHOR3
 171              		.cfi_endproc
 172              	.LFE70:
 174              		.section	.text.UartRx_ParseByte,"ax",%progbits
 175              		.align	1
 176              		.syntax unified
 177              		.thumb
 178              		.thumb_func
 180              	UartRx_ParseByte:
 181              	.LVL10:
 182              	.LFB71:
  66:Core/Src/uart_rx_task.c **** 
  67:Core/Src/uart_rx_task.c **** static void UartRx_ParseByte(uint8_t byte)
  68:Core/Src/uart_rx_task.c **** {
 183              		.loc 1 68 1 is_stmt 1 view -0
 184              		.cfi_startproc
 185              		@ args = 0, pretend = 0, frame = 0
 186              		@ frame_needed = 0, uses_anonymous_args = 0
 187              		.loc 1 68 1 is_stmt 0 view .LVU44
 188 0000 08B5     		push	{r3, lr}
 189              	.LCFI4:
 190              		.cfi_def_cfa_offset 8
 191              		.cfi_offset 3, -8
 192              		.cfi_offset 14, -4
  69:Core/Src/uart_rx_task.c ****   uint16_t expected_len;
 193              		.loc 1 69 3 is_stmt 1 view .LVU45
  70:Core/Src/uart_rx_task.c **** 
  71:Core/Src/uart_rx_task.c ****   if (s_frame_len == 0U)
 194              		.loc 1 71 3 view .LVU46
 195              		.loc 1 71 19 is_stmt 0 view .LVU47
 196 0002 204B     		ldr	r3, .L30
 197 0004 1B88     		ldrh	r3, [r3]
 198              		.loc 1 71 6 view .LVU48
 199 0006 CBB1     		cbz	r3, .L23
  72:Core/Src/uart_rx_task.c ****   {
  73:Core/Src/uart_rx_task.c ****     if (byte == UART_FRAME_HEADER_0)
  74:Core/Src/uart_rx_task.c ****     {
  75:Core/Src/uart_rx_task.c ****       s_frame_buf[s_frame_len++] = byte;
  76:Core/Src/uart_rx_task.c ****     }
  77:Core/Src/uart_rx_task.c ****     return;
ARM GAS  C:\Users\Pt\AppData\Local\Temp\ccCMdz0E.s 			page 6


  78:Core/Src/uart_rx_task.c ****   }
  79:Core/Src/uart_rx_task.c **** 
  80:Core/Src/uart_rx_task.c ****   if (s_frame_len == 1U)
 200              		.loc 1 80 3 is_stmt 1 view .LVU49
 201              		.loc 1 80 6 is_stmt 0 view .LVU50
 202 0008 012B     		cmp	r3, #1
 203 000a 20D0     		beq	.L24
  81:Core/Src/uart_rx_task.c ****   {
  82:Core/Src/uart_rx_task.c ****     if (byte == UART_FRAME_HEADER_1)
  83:Core/Src/uart_rx_task.c ****     {
  84:Core/Src/uart_rx_task.c ****       s_frame_buf[s_frame_len++] = byte;
  85:Core/Src/uart_rx_task.c ****       return;
  86:Core/Src/uart_rx_task.c ****     }
  87:Core/Src/uart_rx_task.c **** 
  88:Core/Src/uart_rx_task.c ****     if (byte == UART_FRAME_HEADER_0)
  89:Core/Src/uart_rx_task.c ****     {
  90:Core/Src/uart_rx_task.c ****       s_frame_buf[0] = byte;
  91:Core/Src/uart_rx_task.c ****       return;
  92:Core/Src/uart_rx_task.c ****     }
  93:Core/Src/uart_rx_task.c **** 
  94:Core/Src/uart_rx_task.c ****     UartRx_ResetFrameParser();
  95:Core/Src/uart_rx_task.c ****     return;
  96:Core/Src/uart_rx_task.c ****   }
  97:Core/Src/uart_rx_task.c **** 
  98:Core/Src/uart_rx_task.c ****   if (s_frame_len >= UART_MAX_FRAME_LEN)
 204              		.loc 1 98 3 is_stmt 1 view .LVU51
 205              		.loc 1 98 6 is_stmt 0 view .LVU52
 206 000c FF2B     		cmp	r3, #255
 207 000e 2ED8     		bhi	.L25
  99:Core/Src/uart_rx_task.c ****   {
 100:Core/Src/uart_rx_task.c ****     UartRx_ResetFrameParser();
 101:Core/Src/uart_rx_task.c ****     return;
 102:Core/Src/uart_rx_task.c ****   }
 103:Core/Src/uart_rx_task.c **** 
 104:Core/Src/uart_rx_task.c ****   s_frame_buf[s_frame_len++] = byte;
 208              		.loc 1 104 3 is_stmt 1 view .LVU53
 209              		.loc 1 104 26 is_stmt 0 view .LVU54
 210 0010 5A1C     		adds	r2, r3, #1
 211 0012 92B2     		uxth	r2, r2
 212 0014 1B49     		ldr	r1, .L30
 213 0016 0A80     		strh	r2, [r1]	@ movhi
 214              		.loc 1 104 30 view .LVU55
 215 0018 1B49     		ldr	r1, .L30+4
 216 001a C854     		strb	r0, [r1, r3]
 105:Core/Src/uart_rx_task.c **** 
 106:Core/Src/uart_rx_task.c ****   if (s_frame_len < 4U)
 217              		.loc 1 106 3 is_stmt 1 view .LVU56
 218              		.loc 1 106 6 is_stmt 0 view .LVU57
 219 001c 032A     		cmp	r2, #3
 220 001e 0FD9     		bls	.L12
 107:Core/Src/uart_rx_task.c ****   {
 108:Core/Src/uart_rx_task.c ****     return;
 109:Core/Src/uart_rx_task.c ****   }
 110:Core/Src/uart_rx_task.c **** 
 111:Core/Src/uart_rx_task.c ****   expected_len = (uint16_t)(7U + s_frame_buf[3]);
 221              		.loc 1 111 3 is_stmt 1 view .LVU58
 222              		.loc 1 111 45 is_stmt 0 view .LVU59
ARM GAS  C:\Users\Pt\AppData\Local\Temp\ccCMdz0E.s 			page 7


 223 0020 CB78     		ldrb	r3, [r1, #3]	@ zero_extendqisi2
 224              		.loc 1 111 16 view .LVU60
 225 0022 D91D     		adds	r1, r3, #7
 226              	.LVL11:
 112:Core/Src/uart_rx_task.c **** 
 113:Core/Src/uart_rx_task.c ****   if ((expected_len < 7U) || (expected_len > UART_MAX_FRAME_LEN))
 227              		.loc 1 113 3 is_stmt 1 view .LVU61
 228              		.loc 1 113 6 is_stmt 0 view .LVU62
 229 0024 F92B     		cmp	r3, #249
 230 0026 25D8     		bhi	.L26
 114:Core/Src/uart_rx_task.c ****   {
 115:Core/Src/uart_rx_task.c ****     UartRx_ResetFrameParser();
 116:Core/Src/uart_rx_task.c ****     return;
 117:Core/Src/uart_rx_task.c ****   }
 118:Core/Src/uart_rx_task.c **** 
 119:Core/Src/uart_rx_task.c ****   if (s_frame_len == expected_len)
 231              		.loc 1 119 3 is_stmt 1 view .LVU63
 232              		.loc 1 119 6 is_stmt 0 view .LVU64
 233 0028 8A42     		cmp	r2, r1
 234 002a 09D1     		bne	.L12
 120:Core/Src/uart_rx_task.c ****   {
 121:Core/Src/uart_rx_task.c ****     if (s_frame_buf[expected_len - 1U] == UART_FRAME_TAIL)
 235              		.loc 1 121 5 is_stmt 1 view .LVU65
 236              		.loc 1 121 34 is_stmt 0 view .LVU66
 237 002c 4B1E     		subs	r3, r1, #1
 238              		.loc 1 121 20 view .LVU67
 239 002e 164A     		ldr	r2, .L30+4
 240 0030 D35C     		ldrb	r3, [r2, r3]	@ zero_extendqisi2
 241              		.loc 1 121 8 view .LVU68
 242 0032 0D2B     		cmp	r3, #13
 243 0034 21D0     		beq	.L27
 244              	.LVL12:
 245              	.L21:
 122:Core/Src/uart_rx_task.c ****     {
 123:Core/Src/uart_rx_task.c ****       UartRx_HandleFrame(s_frame_buf, expected_len);
 124:Core/Src/uart_rx_task.c ****     }
 125:Core/Src/uart_rx_task.c **** 
 126:Core/Src/uart_rx_task.c ****     UartRx_ResetFrameParser();
 246              		.loc 1 126 5 is_stmt 1 view .LVU69
 247 0036 FFF7FEFF 		bl	UartRx_ResetFrameParser
 248              	.LVL13:
 249 003a 01E0     		b	.L12
 250              	.LVL14:
 251              	.L23:
  73:Core/Src/uart_rx_task.c ****     {
 252              		.loc 1 73 5 view .LVU70
  73:Core/Src/uart_rx_task.c ****     {
 253              		.loc 1 73 8 is_stmt 0 view .LVU71
 254 003c AA28     		cmp	r0, #170
 255 003e 00D0     		beq	.L28
 256              	.LVL15:
 257              	.L12:
 127:Core/Src/uart_rx_task.c ****   }
 128:Core/Src/uart_rx_task.c **** }
 258              		.loc 1 128 1 view .LVU72
 259 0040 08BD     		pop	{r3, pc}
 260              	.LVL16:
ARM GAS  C:\Users\Pt\AppData\Local\Temp\ccCMdz0E.s 			page 8


 261              	.L28:
  75:Core/Src/uart_rx_task.c ****     }
 262              		.loc 1 75 7 is_stmt 1 view .LVU73
  75:Core/Src/uart_rx_task.c ****     }
 263              		.loc 1 75 30 is_stmt 0 view .LVU74
 264 0042 591C     		adds	r1, r3, #1
 265 0044 0F4A     		ldr	r2, .L30
 266 0046 1180     		strh	r1, [r2]	@ movhi
  75:Core/Src/uart_rx_task.c ****     }
 267              		.loc 1 75 34 view .LVU75
 268 0048 0F4A     		ldr	r2, .L30+4
 269 004a D054     		strb	r0, [r2, r3]
  77:Core/Src/uart_rx_task.c ****   }
 270              		.loc 1 77 5 is_stmt 1 view .LVU76
 271 004c F8E7     		b	.L12
 272              	.L24:
  82:Core/Src/uart_rx_task.c ****     {
 273              		.loc 1 82 5 view .LVU77
  82:Core/Src/uart_rx_task.c ****     {
 274              		.loc 1 82 8 is_stmt 0 view .LVU78
 275 004e 5528     		cmp	r0, #85
 276 0050 04D0     		beq	.L29
  88:Core/Src/uart_rx_task.c ****     {
 277              		.loc 1 88 5 is_stmt 1 view .LVU79
  88:Core/Src/uart_rx_task.c ****     {
 278              		.loc 1 88 8 is_stmt 0 view .LVU80
 279 0052 AA28     		cmp	r0, #170
 280 0054 08D1     		bne	.L18
  90:Core/Src/uart_rx_task.c ****       return;
 281              		.loc 1 90 7 is_stmt 1 view .LVU81
  90:Core/Src/uart_rx_task.c ****       return;
 282              		.loc 1 90 22 is_stmt 0 view .LVU82
 283 0056 0C4B     		ldr	r3, .L30+4
 284 0058 1870     		strb	r0, [r3]
  91:Core/Src/uart_rx_task.c ****     }
 285              		.loc 1 91 7 is_stmt 1 view .LVU83
 286 005a F1E7     		b	.L12
 287              	.L29:
  84:Core/Src/uart_rx_task.c ****       return;
 288              		.loc 1 84 7 view .LVU84
  84:Core/Src/uart_rx_task.c ****       return;
 289              		.loc 1 84 30 is_stmt 0 view .LVU85
 290 005c 591C     		adds	r1, r3, #1
 291 005e 094A     		ldr	r2, .L30
 292 0060 1180     		strh	r1, [r2]	@ movhi
  84:Core/Src/uart_rx_task.c ****       return;
 293              		.loc 1 84 34 view .LVU86
 294 0062 094A     		ldr	r2, .L30+4
 295 0064 D054     		strb	r0, [r2, r3]
  85:Core/Src/uart_rx_task.c ****     }
 296              		.loc 1 85 7 is_stmt 1 view .LVU87
 297 0066 EBE7     		b	.L12
 298              	.L18:
  94:Core/Src/uart_rx_task.c ****     return;
 299              		.loc 1 94 5 view .LVU88
 300 0068 FFF7FEFF 		bl	UartRx_ResetFrameParser
 301              	.LVL17:
ARM GAS  C:\Users\Pt\AppData\Local\Temp\ccCMdz0E.s 			page 9


  95:Core/Src/uart_rx_task.c ****   }
 302              		.loc 1 95 5 view .LVU89
 303 006c E8E7     		b	.L12
 304              	.LVL18:
 305              	.L25:
 100:Core/Src/uart_rx_task.c ****     return;
 306              		.loc 1 100 5 view .LVU90
 307 006e FFF7FEFF 		bl	UartRx_ResetFrameParser
 308              	.LVL19:
 101:Core/Src/uart_rx_task.c ****   }
 309              		.loc 1 101 5 view .LVU91
 310 0072 E5E7     		b	.L12
 311              	.LVL20:
 312              	.L26:
 115:Core/Src/uart_rx_task.c ****     return;
 313              		.loc 1 115 5 view .LVU92
 314 0074 FFF7FEFF 		bl	UartRx_ResetFrameParser
 315              	.LVL21:
 116:Core/Src/uart_rx_task.c ****   }
 316              		.loc 1 116 5 view .LVU93
 317 0078 E2E7     		b	.L12
 318              	.LVL22:
 319              	.L27:
 123:Core/Src/uart_rx_task.c ****     }
 320              		.loc 1 123 7 view .LVU94
 321 007a 1046     		mov	r0, r2
 322              	.LVL23:
 123:Core/Src/uart_rx_task.c ****     }
 323              		.loc 1 123 7 is_stmt 0 view .LVU95
 324 007c FFF7FEFF 		bl	UartRx_HandleFrame
 325              	.LVL24:
 123:Core/Src/uart_rx_task.c ****     }
 326              		.loc 1 123 7 view .LVU96
 327 0080 D9E7     		b	.L21
 328              	.L31:
 329 0082 00BF     		.align	2
 330              	.L30:
 331 0084 00000000 		.word	.LANCHOR0
 332 0088 00000000 		.word	.LANCHOR4
 333              		.cfi_endproc
 334              	.LFE71:
 336              		.section	.text.UartRx_ProcessDmaData,"ax",%progbits
 337              		.align	1
 338              		.syntax unified
 339              		.thumb
 340              		.thumb_func
 342              	UartRx_ProcessDmaData:
 343              	.LFB72:
 129:Core/Src/uart_rx_task.c **** 
 130:Core/Src/uart_rx_task.c **** static void UartRx_ProcessDmaData(void)
 131:Core/Src/uart_rx_task.c **** {
 344              		.loc 1 131 1 is_stmt 1 view -0
 345              		.cfi_startproc
 346              		@ args = 0, pretend = 0, frame = 0
 347              		@ frame_needed = 0, uses_anonymous_args = 0
 348 0000 10B5     		push	{r4, lr}
 349              	.LCFI5:
ARM GAS  C:\Users\Pt\AppData\Local\Temp\ccCMdz0E.s 			page 10


 350              		.cfi_def_cfa_offset 8
 351              		.cfi_offset 4, -8
 352              		.cfi_offset 14, -4
 132:Core/Src/uart_rx_task.c ****   uint16_t write_pos;
 353              		.loc 1 132 3 view .LVU98
 133:Core/Src/uart_rx_task.c **** 
 134:Core/Src/uart_rx_task.c ****   write_pos = s_uart_dma_write_pos;
 354              		.loc 1 134 3 view .LVU99
 355              		.loc 1 134 13 is_stmt 0 view .LVU100
 356 0002 0B4B     		ldr	r3, .L38
 357 0004 1C88     		ldrh	r4, [r3]
 358 0006 A4B2     		uxth	r4, r4
 359              	.LVL25:
 135:Core/Src/uart_rx_task.c **** 
 136:Core/Src/uart_rx_task.c ****   while (s_uart_dma_read_pos != write_pos)
 360              		.loc 1 136 3 is_stmt 1 view .LVU101
 361              	.L34:
 362              		.loc 1 136 9 view .LVU102
 363              		.loc 1 136 30 is_stmt 0 view .LVU103
 364 0008 0A4B     		ldr	r3, .L38+4
 365 000a 1B88     		ldrh	r3, [r3]
 366              		.loc 1 136 9 view .LVU104
 367 000c A342     		cmp	r3, r4
 368 000e 0ED0     		beq	.L37
 137:Core/Src/uart_rx_task.c ****   {
 138:Core/Src/uart_rx_task.c ****     UartRx_ParseByte(s_uart_dma_buf[s_uart_dma_read_pos]);
 369              		.loc 1 138 5 is_stmt 1 view .LVU105
 370 0010 094A     		ldr	r2, .L38+8
 371 0012 D05C     		ldrb	r0, [r2, r3]	@ zero_extendqisi2
 372 0014 FFF7FEFF 		bl	UartRx_ParseByte
 373              	.LVL26:
 139:Core/Src/uart_rx_task.c **** 
 140:Core/Src/uart_rx_task.c ****     s_uart_dma_read_pos++;
 374              		.loc 1 140 5 view .LVU106
 375              		.loc 1 140 24 is_stmt 0 view .LVU107
 376 0018 064A     		ldr	r2, .L38+4
 377 001a 1388     		ldrh	r3, [r2]
 378 001c 0133     		adds	r3, r3, #1
 379 001e 9BB2     		uxth	r3, r3
 380 0020 1380     		strh	r3, [r2]	@ movhi
 141:Core/Src/uart_rx_task.c ****     if (s_uart_dma_read_pos >= UART_RX_DMA_BUF_LEN)
 381              		.loc 1 141 5 is_stmt 1 view .LVU108
 382              		.loc 1 141 8 is_stmt 0 view .LVU109
 383 0022 FF2B     		cmp	r3, #255
 384 0024 F0D9     		bls	.L34
 142:Core/Src/uart_rx_task.c ****     {
 143:Core/Src/uart_rx_task.c ****       s_uart_dma_read_pos = 0U;
 385              		.loc 1 143 7 is_stmt 1 view .LVU110
 386              		.loc 1 143 27 is_stmt 0 view .LVU111
 387 0026 1346     		mov	r3, r2
 388 0028 0022     		movs	r2, #0
 389 002a 1A80     		strh	r2, [r3]	@ movhi
 390 002c ECE7     		b	.L34
 391              	.L37:
 144:Core/Src/uart_rx_task.c ****     }
 145:Core/Src/uart_rx_task.c ****   }
 146:Core/Src/uart_rx_task.c **** }
ARM GAS  C:\Users\Pt\AppData\Local\Temp\ccCMdz0E.s 			page 11


 392              		.loc 1 146 1 view .LVU112
 393 002e 10BD     		pop	{r4, pc}
 394              	.LVL27:
 395              	.L39:
 396              		.loc 1 146 1 view .LVU113
 397              		.align	2
 398              	.L38:
 399 0030 00000000 		.word	.LANCHOR5
 400 0034 00000000 		.word	.LANCHOR7
 401 0038 00000000 		.word	.LANCHOR6
 402              		.cfi_endproc
 403              	.LFE72:
 405              		.section	.text.Task_UART_RX,"ax",%progbits
 406              		.align	1
 407              		.syntax unified
 408              		.thumb
 409              		.thumb_func
 411              	Task_UART_RX:
 412              	.LVL28:
 413              	.LFB73:
 147:Core/Src/uart_rx_task.c **** 
 148:Core/Src/uart_rx_task.c **** static void Task_UART_RX(void* argument)
 149:Core/Src/uart_rx_task.c **** {
 414              		.loc 1 149 1 is_stmt 1 view -0
 415              		.cfi_startproc
 416              		@ Volatile: function does not return.
 417              		@ args = 0, pretend = 0, frame = 0
 418              		@ frame_needed = 0, uses_anonymous_args = 0
 419              		.loc 1 149 1 is_stmt 0 view .LVU115
 420 0000 08B5     		push	{r3, lr}
 421              	.LCFI6:
 422              		.cfi_def_cfa_offset 8
 423              		.cfi_offset 3, -8
 424              		.cfi_offset 14, -4
 150:Core/Src/uart_rx_task.c ****   (void)argument;
 425              		.loc 1 150 3 is_stmt 1 view .LVU116
 151:Core/Src/uart_rx_task.c **** 
 152:Core/Src/uart_rx_task.c ****   if (HAL_UART_Receive_DMA(&huart1, s_uart_dma_buf, UART_RX_DMA_BUF_LEN) != HAL_OK)
 426              		.loc 1 152 3 view .LVU117
 427              		.loc 1 152 7 is_stmt 0 view .LVU118
 428 0002 4FF48072 		mov	r2, #256
 429 0006 0B49     		ldr	r1, .L45
 430 0008 0B48     		ldr	r0, .L45+4
 431              	.LVL29:
 432              		.loc 1 152 7 view .LVU119
 433 000a FFF7FEFF 		bl	HAL_UART_Receive_DMA
 434              	.LVL30:
 435              		.loc 1 152 6 view .LVU120
 436 000e 70B9     		cbnz	r0, .L44
 437              	.L41:
 153:Core/Src/uart_rx_task.c ****   {
 154:Core/Src/uart_rx_task.c ****     Error_Handler();
 155:Core/Src/uart_rx_task.c ****   }
 156:Core/Src/uart_rx_task.c **** 
 157:Core/Src/uart_rx_task.c ****   __HAL_DMA_DISABLE_IT(huart1.hdmarx, DMA_IT_HT);
 438              		.loc 1 157 3 is_stmt 1 view .LVU121
 439 0010 094B     		ldr	r3, .L45+4
ARM GAS  C:\Users\Pt\AppData\Local\Temp\ccCMdz0E.s 			page 12


 440 0012 DB6B     		ldr	r3, [r3, #60]
 441 0014 1A68     		ldr	r2, [r3]
 442 0016 1368     		ldr	r3, [r2]
 443 0018 23F00403 		bic	r3, r3, #4
 444 001c 1360     		str	r3, [r2]
 445              	.L42:
 158:Core/Src/uart_rx_task.c **** 
 159:Core/Src/uart_rx_task.c ****   for (;;)
 446              		.loc 1 159 3 discriminator 1 view .LVU122
 160:Core/Src/uart_rx_task.c ****   {
 161:Core/Src/uart_rx_task.c ****     (void)ulTaskNotifyTake(pdTRUE, portMAX_DELAY);
 447              		.loc 1 161 5 discriminator 1 view .LVU123
 448              		.loc 1 161 11 is_stmt 0 discriminator 1 view .LVU124
 449 001e 4FF0FF31 		mov	r1, #-1
 450 0022 0120     		movs	r0, #1
 451 0024 FFF7FEFF 		bl	ulTaskNotifyTake
 452              	.LVL31:
 162:Core/Src/uart_rx_task.c ****     UartRx_ProcessDmaData();
 453              		.loc 1 162 5 is_stmt 1 discriminator 1 view .LVU125
 454 0028 FFF7FEFF 		bl	UartRx_ProcessDmaData
 455              	.LVL32:
 159:Core/Src/uart_rx_task.c ****   {
 456              		.loc 1 159 9 discriminator 1 view .LVU126
 457 002c F7E7     		b	.L42
 458              	.L44:
 154:Core/Src/uart_rx_task.c ****   }
 459              		.loc 1 154 5 view .LVU127
 460 002e FFF7FEFF 		bl	Error_Handler
 461              	.LVL33:
 462 0032 EDE7     		b	.L41
 463              	.L46:
 464              		.align	2
 465              	.L45:
 466 0034 00000000 		.word	.LANCHOR6
 467 0038 00000000 		.word	huart1
 468              		.cfi_endproc
 469              	.LFE73:
 471              		.section	.rodata.UartRxTask_Create.str1.4,"aMS",%progbits,1
 472              		.align	2
 473              	.LC0:
 474 0000 5461736B 		.ascii	"Task_UART_RX\000"
 474      5F554152 
 474      545F5258 
 474      00
 475              		.section	.text.UartRxTask_Create,"ax",%progbits
 476              		.align	1
 477              		.global	UartRxTask_Create
 478              		.syntax unified
 479              		.thumb
 480              		.thumb_func
 482              	UartRxTask_Create:
 483              	.LFB74:
 163:Core/Src/uart_rx_task.c ****   }
 164:Core/Src/uart_rx_task.c **** }
 165:Core/Src/uart_rx_task.c **** 
 166:Core/Src/uart_rx_task.c **** void UartRxTask_Create(void)
 167:Core/Src/uart_rx_task.c **** {
ARM GAS  C:\Users\Pt\AppData\Local\Temp\ccCMdz0E.s 			page 13


 484              		.loc 1 167 1 view -0
 485              		.cfi_startproc
 486              		@ args = 0, pretend = 0, frame = 0
 487              		@ frame_needed = 0, uses_anonymous_args = 0
 488 0000 00B5     		push	{lr}
 489              	.LCFI7:
 490              		.cfi_def_cfa_offset 4
 491              		.cfi_offset 14, -4
 492 0002 83B0     		sub	sp, sp, #12
 493              	.LCFI8:
 494              		.cfi_def_cfa_offset 16
 168:Core/Src/uart_rx_task.c ****   if (uart_rx_queue == NULL)
 495              		.loc 1 168 3 view .LVU129
 496              		.loc 1 168 21 is_stmt 0 view .LVU130
 497 0004 134B     		ldr	r3, .L54
 498 0006 1B68     		ldr	r3, [r3]
 499              		.loc 1 168 6 view .LVU131
 500 0008 2BB1     		cbz	r3, .L52
 501              	.L48:
 169:Core/Src/uart_rx_task.c ****   {
 170:Core/Src/uart_rx_task.c ****     uart_rx_queue = xQueueCreate(UART_RX_QUEUE_LEN, sizeof(ServoCmdItem));
 171:Core/Src/uart_rx_task.c ****     configASSERT(uart_rx_queue != NULL);
 502              		.loc 1 171 40 is_stmt 1 discriminator 2 view .LVU132
 172:Core/Src/uart_rx_task.c ****   }
 173:Core/Src/uart_rx_task.c **** 
 174:Core/Src/uart_rx_task.c ****   if (s_uart_rx_task_handle == NULL)
 503              		.loc 1 174 3 discriminator 2 view .LVU133
 504              		.loc 1 174 29 is_stmt 0 discriminator 2 view .LVU134
 505 000a 134B     		ldr	r3, .L54+4
 506 000c 1B68     		ldr	r3, [r3]
 507              		.loc 1 174 6 discriminator 2 view .LVU135
 508 000e A3B1     		cbz	r3, .L53
 509              	.L47:
 175:Core/Src/uart_rx_task.c ****   {
 176:Core/Src/uart_rx_task.c ****     (void)xTaskCreate(Task_UART_RX,
 177:Core/Src/uart_rx_task.c ****                       "Task_UART_RX",
 178:Core/Src/uart_rx_task.c ****                       256,
 179:Core/Src/uart_rx_task.c ****                       NULL,
 180:Core/Src/uart_rx_task.c ****                       (tskIDLE_PRIORITY + 2U),
 181:Core/Src/uart_rx_task.c ****                       &s_uart_rx_task_handle);
 182:Core/Src/uart_rx_task.c ****   }
 183:Core/Src/uart_rx_task.c **** }
 510              		.loc 1 183 1 view .LVU136
 511 0010 03B0     		add	sp, sp, #12
 512              	.LCFI9:
 513              		.cfi_remember_state
 514              		.cfi_def_cfa_offset 4
 515              		@ sp needed
 516 0012 5DF804FB 		ldr	pc, [sp], #4
 517              	.L52:
 518              	.LCFI10:
 519              		.cfi_restore_state
 170:Core/Src/uart_rx_task.c ****     configASSERT(uart_rx_queue != NULL);
 520              		.loc 1 170 5 is_stmt 1 view .LVU137
 170:Core/Src/uart_rx_task.c ****     configASSERT(uart_rx_queue != NULL);
 521              		.loc 1 170 21 is_stmt 0 view .LVU138
 522 0016 0022     		movs	r2, #0
ARM GAS  C:\Users\Pt\AppData\Local\Temp\ccCMdz0E.s 			page 14


 523 0018 0521     		movs	r1, #5
 524 001a 0820     		movs	r0, #8
 525 001c FFF7FEFF 		bl	xQueueGenericCreate
 526              	.LVL34:
 170:Core/Src/uart_rx_task.c ****     configASSERT(uart_rx_queue != NULL);
 527              		.loc 1 170 19 view .LVU139
 528 0020 0C4B     		ldr	r3, .L54
 529 0022 1860     		str	r0, [r3]
 171:Core/Src/uart_rx_task.c ****   }
 530              		.loc 1 171 5 is_stmt 1 view .LVU140
 531 0024 0028     		cmp	r0, #0
 532 0026 F0D1     		bne	.L48
 171:Core/Src/uart_rx_task.c ****   }
 533              		.loc 1 171 5 view .LVU141
 534              	.LBB4:
 535              	.LBI4:
 536              		.file 2 "Middlewares/Third_Party/FreeRTOS/Source/portable/GCC/ARM_CM3/portmacro.h"
   1:Middlewares/Third_Party/FreeRTOS/Source/portable/GCC/ARM_CM3/portmacro.h **** /*
   2:Middlewares/Third_Party/FreeRTOS/Source/portable/GCC/ARM_CM3/portmacro.h ****  * FreeRTOS Kernel V10.3.1
   3:Middlewares/Third_Party/FreeRTOS/Source/portable/GCC/ARM_CM3/portmacro.h ****  * Copyright (C) 2020 Amazon.com, Inc. or its affiliates.  All Rights Reserved.
   4:Middlewares/Third_Party/FreeRTOS/Source/portable/GCC/ARM_CM3/portmacro.h ****  *
   5:Middlewares/Third_Party/FreeRTOS/Source/portable/GCC/ARM_CM3/portmacro.h ****  * Permission is hereby granted, free of charge, to any person obtaining a copy of
   6:Middlewares/Third_Party/FreeRTOS/Source/portable/GCC/ARM_CM3/portmacro.h ****  * this software and associated documentation files (the "Software"), to deal in
   7:Middlewares/Third_Party/FreeRTOS/Source/portable/GCC/ARM_CM3/portmacro.h ****  * the Software without restriction, including without limitation the rights to
   8:Middlewares/Third_Party/FreeRTOS/Source/portable/GCC/ARM_CM3/portmacro.h ****  * use, copy, modify, merge, publish, distribute, sublicense, and/or sell copies of
   9:Middlewares/Third_Party/FreeRTOS/Source/portable/GCC/ARM_CM3/portmacro.h ****  * the Software, and to permit persons to whom the Software is furnished to do so,
  10:Middlewares/Third_Party/FreeRTOS/Source/portable/GCC/ARM_CM3/portmacro.h ****  * subject to the following conditions:
  11:Middlewares/Third_Party/FreeRTOS/Source/portable/GCC/ARM_CM3/portmacro.h ****  *
  12:Middlewares/Third_Party/FreeRTOS/Source/portable/GCC/ARM_CM3/portmacro.h ****  * The above copyright notice and this permission notice shall be included in all
  13:Middlewares/Third_Party/FreeRTOS/Source/portable/GCC/ARM_CM3/portmacro.h ****  * copies or substantial portions of the Software.
  14:Middlewares/Third_Party/FreeRTOS/Source/portable/GCC/ARM_CM3/portmacro.h ****  *
  15:Middlewares/Third_Party/FreeRTOS/Source/portable/GCC/ARM_CM3/portmacro.h ****  * THE SOFTWARE IS PROVIDED "AS IS", WITHOUT WARRANTY OF ANY KIND, EXPRESS OR
  16:Middlewares/Third_Party/FreeRTOS/Source/portable/GCC/ARM_CM3/portmacro.h ****  * IMPLIED, INCLUDING BUT NOT LIMITED TO THE WARRANTIES OF MERCHANTABILITY, FITNESS
  17:Middlewares/Third_Party/FreeRTOS/Source/portable/GCC/ARM_CM3/portmacro.h ****  * FOR A PARTICULAR PURPOSE AND NONINFRINGEMENT. IN NO EVENT SHALL THE AUTHORS OR
  18:Middlewares/Third_Party/FreeRTOS/Source/portable/GCC/ARM_CM3/portmacro.h ****  * COPYRIGHT HOLDERS BE LIABLE FOR ANY CLAIM, DAMAGES OR OTHER LIABILITY, WHETHER
  19:Middlewares/Third_Party/FreeRTOS/Source/portable/GCC/ARM_CM3/portmacro.h ****  * IN AN ACTION OF CONTRACT, TORT OR OTHERWISE, ARISING FROM, OUT OF OR IN
  20:Middlewares/Third_Party/FreeRTOS/Source/portable/GCC/ARM_CM3/portmacro.h ****  * CONNECTION WITH THE SOFTWARE OR THE USE OR OTHER DEALINGS IN THE SOFTWARE.
  21:Middlewares/Third_Party/FreeRTOS/Source/portable/GCC/ARM_CM3/portmacro.h ****  *
  22:Middlewares/Third_Party/FreeRTOS/Source/portable/GCC/ARM_CM3/portmacro.h ****  * http://www.FreeRTOS.org
  23:Middlewares/Third_Party/FreeRTOS/Source/portable/GCC/ARM_CM3/portmacro.h ****  * http://aws.amazon.com/freertos
  24:Middlewares/Third_Party/FreeRTOS/Source/portable/GCC/ARM_CM3/portmacro.h ****  *
  25:Middlewares/Third_Party/FreeRTOS/Source/portable/GCC/ARM_CM3/portmacro.h ****  * 1 tab == 4 spaces!
  26:Middlewares/Third_Party/FreeRTOS/Source/portable/GCC/ARM_CM3/portmacro.h ****  */
  27:Middlewares/Third_Party/FreeRTOS/Source/portable/GCC/ARM_CM3/portmacro.h **** 
  28:Middlewares/Third_Party/FreeRTOS/Source/portable/GCC/ARM_CM3/portmacro.h **** 
  29:Middlewares/Third_Party/FreeRTOS/Source/portable/GCC/ARM_CM3/portmacro.h **** #ifndef PORTMACRO_H
  30:Middlewares/Third_Party/FreeRTOS/Source/portable/GCC/ARM_CM3/portmacro.h **** #define PORTMACRO_H
  31:Middlewares/Third_Party/FreeRTOS/Source/portable/GCC/ARM_CM3/portmacro.h **** 
  32:Middlewares/Third_Party/FreeRTOS/Source/portable/GCC/ARM_CM3/portmacro.h **** #ifdef __cplusplus
  33:Middlewares/Third_Party/FreeRTOS/Source/portable/GCC/ARM_CM3/portmacro.h **** extern "C" {
  34:Middlewares/Third_Party/FreeRTOS/Source/portable/GCC/ARM_CM3/portmacro.h **** #endif
  35:Middlewares/Third_Party/FreeRTOS/Source/portable/GCC/ARM_CM3/portmacro.h **** 
  36:Middlewares/Third_Party/FreeRTOS/Source/portable/GCC/ARM_CM3/portmacro.h **** /*-----------------------------------------------------------
  37:Middlewares/Third_Party/FreeRTOS/Source/portable/GCC/ARM_CM3/portmacro.h ****  * Port specific definitions.
  38:Middlewares/Third_Party/FreeRTOS/Source/portable/GCC/ARM_CM3/portmacro.h ****  *
  39:Middlewares/Third_Party/FreeRTOS/Source/portable/GCC/ARM_CM3/portmacro.h ****  * The settings in this file configure FreeRTOS correctly for the
  40:Middlewares/Third_Party/FreeRTOS/Source/portable/GCC/ARM_CM3/portmacro.h ****  * given hardware and compiler.
ARM GAS  C:\Users\Pt\AppData\Local\Temp\ccCMdz0E.s 			page 15


  41:Middlewares/Third_Party/FreeRTOS/Source/portable/GCC/ARM_CM3/portmacro.h ****  *
  42:Middlewares/Third_Party/FreeRTOS/Source/portable/GCC/ARM_CM3/portmacro.h ****  * These settings should not be altered.
  43:Middlewares/Third_Party/FreeRTOS/Source/portable/GCC/ARM_CM3/portmacro.h ****  *-----------------------------------------------------------
  44:Middlewares/Third_Party/FreeRTOS/Source/portable/GCC/ARM_CM3/portmacro.h ****  */
  45:Middlewares/Third_Party/FreeRTOS/Source/portable/GCC/ARM_CM3/portmacro.h **** 
  46:Middlewares/Third_Party/FreeRTOS/Source/portable/GCC/ARM_CM3/portmacro.h **** /* Type definitions. */
  47:Middlewares/Third_Party/FreeRTOS/Source/portable/GCC/ARM_CM3/portmacro.h **** #define portCHAR		char
  48:Middlewares/Third_Party/FreeRTOS/Source/portable/GCC/ARM_CM3/portmacro.h **** #define portFLOAT		float
  49:Middlewares/Third_Party/FreeRTOS/Source/portable/GCC/ARM_CM3/portmacro.h **** #define portDOUBLE		double
  50:Middlewares/Third_Party/FreeRTOS/Source/portable/GCC/ARM_CM3/portmacro.h **** #define portLONG		long
  51:Middlewares/Third_Party/FreeRTOS/Source/portable/GCC/ARM_CM3/portmacro.h **** #define portSHORT		short
  52:Middlewares/Third_Party/FreeRTOS/Source/portable/GCC/ARM_CM3/portmacro.h **** #define portSTACK_TYPE	uint32_t
  53:Middlewares/Third_Party/FreeRTOS/Source/portable/GCC/ARM_CM3/portmacro.h **** #define portBASE_TYPE	long
  54:Middlewares/Third_Party/FreeRTOS/Source/portable/GCC/ARM_CM3/portmacro.h **** 
  55:Middlewares/Third_Party/FreeRTOS/Source/portable/GCC/ARM_CM3/portmacro.h **** typedef portSTACK_TYPE StackType_t;
  56:Middlewares/Third_Party/FreeRTOS/Source/portable/GCC/ARM_CM3/portmacro.h **** typedef long BaseType_t;
  57:Middlewares/Third_Party/FreeRTOS/Source/portable/GCC/ARM_CM3/portmacro.h **** typedef unsigned long UBaseType_t;
  58:Middlewares/Third_Party/FreeRTOS/Source/portable/GCC/ARM_CM3/portmacro.h **** 
  59:Middlewares/Third_Party/FreeRTOS/Source/portable/GCC/ARM_CM3/portmacro.h **** #if( configUSE_16_BIT_TICKS == 1 )
  60:Middlewares/Third_Party/FreeRTOS/Source/portable/GCC/ARM_CM3/portmacro.h **** 	typedef uint16_t TickType_t;
  61:Middlewares/Third_Party/FreeRTOS/Source/portable/GCC/ARM_CM3/portmacro.h **** 	#define portMAX_DELAY ( TickType_t ) 0xffff
  62:Middlewares/Third_Party/FreeRTOS/Source/portable/GCC/ARM_CM3/portmacro.h **** #else
  63:Middlewares/Third_Party/FreeRTOS/Source/portable/GCC/ARM_CM3/portmacro.h **** 	typedef uint32_t TickType_t;
  64:Middlewares/Third_Party/FreeRTOS/Source/portable/GCC/ARM_CM3/portmacro.h **** 	#define portMAX_DELAY ( TickType_t ) 0xffffffffUL
  65:Middlewares/Third_Party/FreeRTOS/Source/portable/GCC/ARM_CM3/portmacro.h **** 
  66:Middlewares/Third_Party/FreeRTOS/Source/portable/GCC/ARM_CM3/portmacro.h **** 	/* 32-bit tick type on a 32-bit architecture, so reads of the tick count do
  67:Middlewares/Third_Party/FreeRTOS/Source/portable/GCC/ARM_CM3/portmacro.h **** 	not need to be guarded with a critical section. */
  68:Middlewares/Third_Party/FreeRTOS/Source/portable/GCC/ARM_CM3/portmacro.h **** 	#define portTICK_TYPE_IS_ATOMIC 1
  69:Middlewares/Third_Party/FreeRTOS/Source/portable/GCC/ARM_CM3/portmacro.h **** #endif
  70:Middlewares/Third_Party/FreeRTOS/Source/portable/GCC/ARM_CM3/portmacro.h **** /*-----------------------------------------------------------*/
  71:Middlewares/Third_Party/FreeRTOS/Source/portable/GCC/ARM_CM3/portmacro.h **** 
  72:Middlewares/Third_Party/FreeRTOS/Source/portable/GCC/ARM_CM3/portmacro.h **** /* Architecture specifics. */
  73:Middlewares/Third_Party/FreeRTOS/Source/portable/GCC/ARM_CM3/portmacro.h **** #define portSTACK_GROWTH			( -1 )
  74:Middlewares/Third_Party/FreeRTOS/Source/portable/GCC/ARM_CM3/portmacro.h **** #define portTICK_PERIOD_MS			( ( TickType_t ) 1000 / configTICK_RATE_HZ )
  75:Middlewares/Third_Party/FreeRTOS/Source/portable/GCC/ARM_CM3/portmacro.h **** #define portBYTE_ALIGNMENT			8
  76:Middlewares/Third_Party/FreeRTOS/Source/portable/GCC/ARM_CM3/portmacro.h **** /*-----------------------------------------------------------*/
  77:Middlewares/Third_Party/FreeRTOS/Source/portable/GCC/ARM_CM3/portmacro.h **** 
  78:Middlewares/Third_Party/FreeRTOS/Source/portable/GCC/ARM_CM3/portmacro.h **** /* Scheduler utilities. */
  79:Middlewares/Third_Party/FreeRTOS/Source/portable/GCC/ARM_CM3/portmacro.h **** #define portYIELD() 															\
  80:Middlewares/Third_Party/FreeRTOS/Source/portable/GCC/ARM_CM3/portmacro.h **** {																				\
  81:Middlewares/Third_Party/FreeRTOS/Source/portable/GCC/ARM_CM3/portmacro.h **** 	/* Set a PendSV to request a context switch. */								\
  82:Middlewares/Third_Party/FreeRTOS/Source/portable/GCC/ARM_CM3/portmacro.h **** 	portNVIC_INT_CTRL_REG = portNVIC_PENDSVSET_BIT;								\
  83:Middlewares/Third_Party/FreeRTOS/Source/portable/GCC/ARM_CM3/portmacro.h **** 																				\
  84:Middlewares/Third_Party/FreeRTOS/Source/portable/GCC/ARM_CM3/portmacro.h **** 	/* Barriers are normally not required but do ensure the code is completely	\
  85:Middlewares/Third_Party/FreeRTOS/Source/portable/GCC/ARM_CM3/portmacro.h **** 	within the specified behaviour for the architecture. */						\
  86:Middlewares/Third_Party/FreeRTOS/Source/portable/GCC/ARM_CM3/portmacro.h **** 	__asm volatile( "dsb" ::: "memory" );										\
  87:Middlewares/Third_Party/FreeRTOS/Source/portable/GCC/ARM_CM3/portmacro.h **** 	__asm volatile( "isb" );													\
  88:Middlewares/Third_Party/FreeRTOS/Source/portable/GCC/ARM_CM3/portmacro.h **** }
  89:Middlewares/Third_Party/FreeRTOS/Source/portable/GCC/ARM_CM3/portmacro.h **** 
  90:Middlewares/Third_Party/FreeRTOS/Source/portable/GCC/ARM_CM3/portmacro.h **** #define portNVIC_INT_CTRL_REG		( * ( ( volatile uint32_t * ) 0xe000ed04 ) )
  91:Middlewares/Third_Party/FreeRTOS/Source/portable/GCC/ARM_CM3/portmacro.h **** #define portNVIC_PENDSVSET_BIT		( 1UL << 28UL )
  92:Middlewares/Third_Party/FreeRTOS/Source/portable/GCC/ARM_CM3/portmacro.h **** #define portEND_SWITCHING_ISR( xSwitchRequired ) if( xSwitchRequired != pdFALSE ) portYIELD()
  93:Middlewares/Third_Party/FreeRTOS/Source/portable/GCC/ARM_CM3/portmacro.h **** #define portYIELD_FROM_ISR( x ) portEND_SWITCHING_ISR( x )
  94:Middlewares/Third_Party/FreeRTOS/Source/portable/GCC/ARM_CM3/portmacro.h **** /*-----------------------------------------------------------*/
  95:Middlewares/Third_Party/FreeRTOS/Source/portable/GCC/ARM_CM3/portmacro.h **** 
  96:Middlewares/Third_Party/FreeRTOS/Source/portable/GCC/ARM_CM3/portmacro.h **** /* Critical section management. */
  97:Middlewares/Third_Party/FreeRTOS/Source/portable/GCC/ARM_CM3/portmacro.h **** extern void vPortEnterCritical( void );
ARM GAS  C:\Users\Pt\AppData\Local\Temp\ccCMdz0E.s 			page 16


  98:Middlewares/Third_Party/FreeRTOS/Source/portable/GCC/ARM_CM3/portmacro.h **** extern void vPortExitCritical( void );
  99:Middlewares/Third_Party/FreeRTOS/Source/portable/GCC/ARM_CM3/portmacro.h **** #define portSET_INTERRUPT_MASK_FROM_ISR()		ulPortRaiseBASEPRI()
 100:Middlewares/Third_Party/FreeRTOS/Source/portable/GCC/ARM_CM3/portmacro.h **** #define portCLEAR_INTERRUPT_MASK_FROM_ISR(x)	vPortSetBASEPRI(x)
 101:Middlewares/Third_Party/FreeRTOS/Source/portable/GCC/ARM_CM3/portmacro.h **** #define portDISABLE_INTERRUPTS()				vPortRaiseBASEPRI()
 102:Middlewares/Third_Party/FreeRTOS/Source/portable/GCC/ARM_CM3/portmacro.h **** #define portENABLE_INTERRUPTS()					vPortSetBASEPRI(0)
 103:Middlewares/Third_Party/FreeRTOS/Source/portable/GCC/ARM_CM3/portmacro.h **** #define portENTER_CRITICAL()					vPortEnterCritical()
 104:Middlewares/Third_Party/FreeRTOS/Source/portable/GCC/ARM_CM3/portmacro.h **** #define portEXIT_CRITICAL()						vPortExitCritical()
 105:Middlewares/Third_Party/FreeRTOS/Source/portable/GCC/ARM_CM3/portmacro.h **** 
 106:Middlewares/Third_Party/FreeRTOS/Source/portable/GCC/ARM_CM3/portmacro.h **** /*-----------------------------------------------------------*/
 107:Middlewares/Third_Party/FreeRTOS/Source/portable/GCC/ARM_CM3/portmacro.h **** 
 108:Middlewares/Third_Party/FreeRTOS/Source/portable/GCC/ARM_CM3/portmacro.h **** /* Task function macros as described on the FreeRTOS.org WEB site.  These are
 109:Middlewares/Third_Party/FreeRTOS/Source/portable/GCC/ARM_CM3/portmacro.h **** not necessary for to use this port.  They are defined so the common demo files
 110:Middlewares/Third_Party/FreeRTOS/Source/portable/GCC/ARM_CM3/portmacro.h **** (which build with all the ports) will build. */
 111:Middlewares/Third_Party/FreeRTOS/Source/portable/GCC/ARM_CM3/portmacro.h **** #define portTASK_FUNCTION_PROTO( vFunction, pvParameters ) void vFunction( void *pvParameters )
 112:Middlewares/Third_Party/FreeRTOS/Source/portable/GCC/ARM_CM3/portmacro.h **** #define portTASK_FUNCTION( vFunction, pvParameters ) void vFunction( void *pvParameters )
 113:Middlewares/Third_Party/FreeRTOS/Source/portable/GCC/ARM_CM3/portmacro.h **** /*-----------------------------------------------------------*/
 114:Middlewares/Third_Party/FreeRTOS/Source/portable/GCC/ARM_CM3/portmacro.h **** 
 115:Middlewares/Third_Party/FreeRTOS/Source/portable/GCC/ARM_CM3/portmacro.h **** /* Tickless idle/low power functionality. */
 116:Middlewares/Third_Party/FreeRTOS/Source/portable/GCC/ARM_CM3/portmacro.h **** #ifndef portSUPPRESS_TICKS_AND_SLEEP
 117:Middlewares/Third_Party/FreeRTOS/Source/portable/GCC/ARM_CM3/portmacro.h **** 	extern void vPortSuppressTicksAndSleep( TickType_t xExpectedIdleTime );
 118:Middlewares/Third_Party/FreeRTOS/Source/portable/GCC/ARM_CM3/portmacro.h **** 	#define portSUPPRESS_TICKS_AND_SLEEP( xExpectedIdleTime ) vPortSuppressTicksAndSleep( xExpectedIdl
 119:Middlewares/Third_Party/FreeRTOS/Source/portable/GCC/ARM_CM3/portmacro.h **** #endif
 120:Middlewares/Third_Party/FreeRTOS/Source/portable/GCC/ARM_CM3/portmacro.h **** /*-----------------------------------------------------------*/
 121:Middlewares/Third_Party/FreeRTOS/Source/portable/GCC/ARM_CM3/portmacro.h **** 
 122:Middlewares/Third_Party/FreeRTOS/Source/portable/GCC/ARM_CM3/portmacro.h **** /* Architecture specific optimisations. */
 123:Middlewares/Third_Party/FreeRTOS/Source/portable/GCC/ARM_CM3/portmacro.h **** #ifndef configUSE_PORT_OPTIMISED_TASK_SELECTION
 124:Middlewares/Third_Party/FreeRTOS/Source/portable/GCC/ARM_CM3/portmacro.h **** 	#define configUSE_PORT_OPTIMISED_TASK_SELECTION 1
 125:Middlewares/Third_Party/FreeRTOS/Source/portable/GCC/ARM_CM3/portmacro.h **** #endif
 126:Middlewares/Third_Party/FreeRTOS/Source/portable/GCC/ARM_CM3/portmacro.h **** 
 127:Middlewares/Third_Party/FreeRTOS/Source/portable/GCC/ARM_CM3/portmacro.h **** #if configUSE_PORT_OPTIMISED_TASK_SELECTION == 1
 128:Middlewares/Third_Party/FreeRTOS/Source/portable/GCC/ARM_CM3/portmacro.h **** 
 129:Middlewares/Third_Party/FreeRTOS/Source/portable/GCC/ARM_CM3/portmacro.h **** 	/* Generic helper function. */
 130:Middlewares/Third_Party/FreeRTOS/Source/portable/GCC/ARM_CM3/portmacro.h **** 	__attribute__( ( always_inline ) ) static inline uint8_t ucPortCountLeadingZeros( uint32_t ulBitma
 131:Middlewares/Third_Party/FreeRTOS/Source/portable/GCC/ARM_CM3/portmacro.h **** 	{
 132:Middlewares/Third_Party/FreeRTOS/Source/portable/GCC/ARM_CM3/portmacro.h **** 	uint8_t ucReturn;
 133:Middlewares/Third_Party/FreeRTOS/Source/portable/GCC/ARM_CM3/portmacro.h **** 
 134:Middlewares/Third_Party/FreeRTOS/Source/portable/GCC/ARM_CM3/portmacro.h **** 		__asm volatile ( "clz %0, %1" : "=r" ( ucReturn ) : "r" ( ulBitmap ) : "memory" );
 135:Middlewares/Third_Party/FreeRTOS/Source/portable/GCC/ARM_CM3/portmacro.h **** 		return ucReturn;
 136:Middlewares/Third_Party/FreeRTOS/Source/portable/GCC/ARM_CM3/portmacro.h **** 	}
 137:Middlewares/Third_Party/FreeRTOS/Source/portable/GCC/ARM_CM3/portmacro.h **** 
 138:Middlewares/Third_Party/FreeRTOS/Source/portable/GCC/ARM_CM3/portmacro.h **** 	/* Check the configuration. */
 139:Middlewares/Third_Party/FreeRTOS/Source/portable/GCC/ARM_CM3/portmacro.h **** 	#if( configMAX_PRIORITIES > 32 )
 140:Middlewares/Third_Party/FreeRTOS/Source/portable/GCC/ARM_CM3/portmacro.h **** 		#error configUSE_PORT_OPTIMISED_TASK_SELECTION can only be set to 1 when configMAX_PRIORITIES is 
 141:Middlewares/Third_Party/FreeRTOS/Source/portable/GCC/ARM_CM3/portmacro.h **** 	#endif
 142:Middlewares/Third_Party/FreeRTOS/Source/portable/GCC/ARM_CM3/portmacro.h **** 
 143:Middlewares/Third_Party/FreeRTOS/Source/portable/GCC/ARM_CM3/portmacro.h **** 	/* Store/clear the ready priorities in a bit map. */
 144:Middlewares/Third_Party/FreeRTOS/Source/portable/GCC/ARM_CM3/portmacro.h **** 	#define portRECORD_READY_PRIORITY( uxPriority, uxReadyPriorities ) ( uxReadyPriorities ) |= ( 1UL 
 145:Middlewares/Third_Party/FreeRTOS/Source/portable/GCC/ARM_CM3/portmacro.h **** 	#define portRESET_READY_PRIORITY( uxPriority, uxReadyPriorities ) ( uxReadyPriorities ) &= ~( 1UL 
 146:Middlewares/Third_Party/FreeRTOS/Source/portable/GCC/ARM_CM3/portmacro.h **** 
 147:Middlewares/Third_Party/FreeRTOS/Source/portable/GCC/ARM_CM3/portmacro.h **** 	/*-----------------------------------------------------------*/
 148:Middlewares/Third_Party/FreeRTOS/Source/portable/GCC/ARM_CM3/portmacro.h **** 
 149:Middlewares/Third_Party/FreeRTOS/Source/portable/GCC/ARM_CM3/portmacro.h **** 	#define portGET_HIGHEST_PRIORITY( uxTopPriority, uxReadyPriorities ) uxTopPriority = ( 31UL - ( ui
 150:Middlewares/Third_Party/FreeRTOS/Source/portable/GCC/ARM_CM3/portmacro.h **** 
 151:Middlewares/Third_Party/FreeRTOS/Source/portable/GCC/ARM_CM3/portmacro.h **** #endif /* configUSE_PORT_OPTIMISED_TASK_SELECTION */
 152:Middlewares/Third_Party/FreeRTOS/Source/portable/GCC/ARM_CM3/portmacro.h **** 
 153:Middlewares/Third_Party/FreeRTOS/Source/portable/GCC/ARM_CM3/portmacro.h **** /*-----------------------------------------------------------*/
 154:Middlewares/Third_Party/FreeRTOS/Source/portable/GCC/ARM_CM3/portmacro.h **** 
ARM GAS  C:\Users\Pt\AppData\Local\Temp\ccCMdz0E.s 			page 17


 155:Middlewares/Third_Party/FreeRTOS/Source/portable/GCC/ARM_CM3/portmacro.h **** #ifdef configASSERT
 156:Middlewares/Third_Party/FreeRTOS/Source/portable/GCC/ARM_CM3/portmacro.h **** 	void vPortValidateInterruptPriority( void );
 157:Middlewares/Third_Party/FreeRTOS/Source/portable/GCC/ARM_CM3/portmacro.h **** 	#define portASSERT_IF_INTERRUPT_PRIORITY_INVALID() 	vPortValidateInterruptPriority()
 158:Middlewares/Third_Party/FreeRTOS/Source/portable/GCC/ARM_CM3/portmacro.h **** #endif
 159:Middlewares/Third_Party/FreeRTOS/Source/portable/GCC/ARM_CM3/portmacro.h **** 
 160:Middlewares/Third_Party/FreeRTOS/Source/portable/GCC/ARM_CM3/portmacro.h **** /* portNOP() is not required by this port. */
 161:Middlewares/Third_Party/FreeRTOS/Source/portable/GCC/ARM_CM3/portmacro.h **** #define portNOP()
 162:Middlewares/Third_Party/FreeRTOS/Source/portable/GCC/ARM_CM3/portmacro.h **** 
 163:Middlewares/Third_Party/FreeRTOS/Source/portable/GCC/ARM_CM3/portmacro.h **** #define portINLINE	__inline
 164:Middlewares/Third_Party/FreeRTOS/Source/portable/GCC/ARM_CM3/portmacro.h **** 
 165:Middlewares/Third_Party/FreeRTOS/Source/portable/GCC/ARM_CM3/portmacro.h **** #ifndef portFORCE_INLINE
 166:Middlewares/Third_Party/FreeRTOS/Source/portable/GCC/ARM_CM3/portmacro.h **** 	#define portFORCE_INLINE inline __attribute__(( always_inline))
 167:Middlewares/Third_Party/FreeRTOS/Source/portable/GCC/ARM_CM3/portmacro.h **** #endif
 168:Middlewares/Third_Party/FreeRTOS/Source/portable/GCC/ARM_CM3/portmacro.h **** 
 169:Middlewares/Third_Party/FreeRTOS/Source/portable/GCC/ARM_CM3/portmacro.h **** /*-----------------------------------------------------------*/
 170:Middlewares/Third_Party/FreeRTOS/Source/portable/GCC/ARM_CM3/portmacro.h **** 
 171:Middlewares/Third_Party/FreeRTOS/Source/portable/GCC/ARM_CM3/portmacro.h **** portFORCE_INLINE static BaseType_t xPortIsInsideInterrupt( void )
 172:Middlewares/Third_Party/FreeRTOS/Source/portable/GCC/ARM_CM3/portmacro.h **** {
 173:Middlewares/Third_Party/FreeRTOS/Source/portable/GCC/ARM_CM3/portmacro.h **** uint32_t ulCurrentInterrupt;
 174:Middlewares/Third_Party/FreeRTOS/Source/portable/GCC/ARM_CM3/portmacro.h **** BaseType_t xReturn;
 175:Middlewares/Third_Party/FreeRTOS/Source/portable/GCC/ARM_CM3/portmacro.h **** 
 176:Middlewares/Third_Party/FreeRTOS/Source/portable/GCC/ARM_CM3/portmacro.h **** 	/* Obtain the number of the currently executing interrupt. */
 177:Middlewares/Third_Party/FreeRTOS/Source/portable/GCC/ARM_CM3/portmacro.h **** 	__asm volatile( "mrs %0, ipsr" : "=r"( ulCurrentInterrupt ) :: "memory" );
 178:Middlewares/Third_Party/FreeRTOS/Source/portable/GCC/ARM_CM3/portmacro.h **** 
 179:Middlewares/Third_Party/FreeRTOS/Source/portable/GCC/ARM_CM3/portmacro.h **** 	if( ulCurrentInterrupt == 0 )
 180:Middlewares/Third_Party/FreeRTOS/Source/portable/GCC/ARM_CM3/portmacro.h **** 	{
 181:Middlewares/Third_Party/FreeRTOS/Source/portable/GCC/ARM_CM3/portmacro.h **** 		xReturn = pdFALSE;
 182:Middlewares/Third_Party/FreeRTOS/Source/portable/GCC/ARM_CM3/portmacro.h **** 	}
 183:Middlewares/Third_Party/FreeRTOS/Source/portable/GCC/ARM_CM3/portmacro.h **** 	else
 184:Middlewares/Third_Party/FreeRTOS/Source/portable/GCC/ARM_CM3/portmacro.h **** 	{
 185:Middlewares/Third_Party/FreeRTOS/Source/portable/GCC/ARM_CM3/portmacro.h **** 		xReturn = pdTRUE;
 186:Middlewares/Third_Party/FreeRTOS/Source/portable/GCC/ARM_CM3/portmacro.h **** 	}
 187:Middlewares/Third_Party/FreeRTOS/Source/portable/GCC/ARM_CM3/portmacro.h **** 
 188:Middlewares/Third_Party/FreeRTOS/Source/portable/GCC/ARM_CM3/portmacro.h **** 	return xReturn;
 189:Middlewares/Third_Party/FreeRTOS/Source/portable/GCC/ARM_CM3/portmacro.h **** }
 190:Middlewares/Third_Party/FreeRTOS/Source/portable/GCC/ARM_CM3/portmacro.h **** 
 191:Middlewares/Third_Party/FreeRTOS/Source/portable/GCC/ARM_CM3/portmacro.h **** /*-----------------------------------------------------------*/
 192:Middlewares/Third_Party/FreeRTOS/Source/portable/GCC/ARM_CM3/portmacro.h **** 
 193:Middlewares/Third_Party/FreeRTOS/Source/portable/GCC/ARM_CM3/portmacro.h **** portFORCE_INLINE static void vPortRaiseBASEPRI( void )
 537              		.loc 2 193 30 view .LVU142
 538              	.LBB5:
 194:Middlewares/Third_Party/FreeRTOS/Source/portable/GCC/ARM_CM3/portmacro.h **** {
 195:Middlewares/Third_Party/FreeRTOS/Source/portable/GCC/ARM_CM3/portmacro.h **** uint32_t ulNewBASEPRI;
 539              		.loc 2 195 1 view .LVU143
 196:Middlewares/Third_Party/FreeRTOS/Source/portable/GCC/ARM_CM3/portmacro.h **** 
 197:Middlewares/Third_Party/FreeRTOS/Source/portable/GCC/ARM_CM3/portmacro.h **** 	__asm volatile
 540              		.loc 2 197 2 view .LVU144
 541              		.syntax unified
 542              	@ 197 "Middlewares/Third_Party/FreeRTOS/Source/portable/GCC/ARM_CM3/portmacro.h" 1
 543 0028 4FF05003 			mov r3, #80												
 544 002c 83F31188 		msr basepri, r3											
 545 0030 BFF36F8F 		isb														
 546 0034 BFF34F8F 		dsb														
 547              	
 548              	@ 0 "" 2
 549              	.LVL35:
 550              		.thumb
ARM GAS  C:\Users\Pt\AppData\Local\Temp\ccCMdz0E.s 			page 18


 551              		.syntax unified
 552              	.L49:
 553              		.loc 2 197 2 is_stmt 0 view .LVU145
 554              	.LBE5:
 555              	.LBE4:
 171:Core/Src/uart_rx_task.c ****   }
 556              		.loc 1 171 5 is_stmt 1 discriminator 1 view .LVU146
 171:Core/Src/uart_rx_task.c ****   }
 557              		.loc 1 171 5 discriminator 1 view .LVU147
 171:Core/Src/uart_rx_task.c ****   }
 558              		.loc 1 171 5 discriminator 1 view .LVU148
 559 0038 FEE7     		b	.L49
 560              	.L53:
 176:Core/Src/uart_rx_task.c ****                       "Task_UART_RX",
 561              		.loc 1 176 5 view .LVU149
 176:Core/Src/uart_rx_task.c ****                       "Task_UART_RX",
 562              		.loc 1 176 11 is_stmt 0 view .LVU150
 563 003a 074B     		ldr	r3, .L54+4
 564 003c 0193     		str	r3, [sp, #4]
 565 003e 0223     		movs	r3, #2
 566 0040 0093     		str	r3, [sp]
 567 0042 0023     		movs	r3, #0
 568 0044 4FF48072 		mov	r2, #256
 569 0048 0449     		ldr	r1, .L54+8
 570 004a 0548     		ldr	r0, .L54+12
 571 004c FFF7FEFF 		bl	xTaskCreate
 572              	.LVL36:
 573              		.loc 1 183 1 view .LVU151
 574 0050 DEE7     		b	.L47
 575              	.L55:
 576 0052 00BF     		.align	2
 577              	.L54:
 578 0054 00000000 		.word	.LANCHOR2
 579 0058 00000000 		.word	.LANCHOR8
 580 005c 00000000 		.word	.LC0
 581 0060 00000000 		.word	Task_UART_RX
 582              		.cfi_endproc
 583              	.LFE74:
 585              		.section	.text.UartRxTask_NotifyFromIdleIrq,"ax",%progbits
 586              		.align	1
 587              		.global	UartRxTask_NotifyFromIdleIrq
 588              		.syntax unified
 589              		.thumb
 590              		.thumb_func
 592              	UartRxTask_NotifyFromIdleIrq:
 593              	.LFB75:
 184:Core/Src/uart_rx_task.c **** 
 185:Core/Src/uart_rx_task.c **** void UartRxTask_NotifyFromIdleIrq(void)
 186:Core/Src/uart_rx_task.c **** {
 594              		.loc 1 186 1 is_stmt 1 view -0
 595              		.cfi_startproc
 596              		@ args = 0, pretend = 0, frame = 8
 597              		@ frame_needed = 0, uses_anonymous_args = 0
 598 0000 00B5     		push	{lr}
 599              	.LCFI11:
 600              		.cfi_def_cfa_offset 4
 601              		.cfi_offset 14, -4
ARM GAS  C:\Users\Pt\AppData\Local\Temp\ccCMdz0E.s 			page 19


 602 0002 83B0     		sub	sp, sp, #12
 603              	.LCFI12:
 604              		.cfi_def_cfa_offset 16
 187:Core/Src/uart_rx_task.c ****   BaseType_t xHigherPriorityTaskWoken = pdFALSE;
 605              		.loc 1 187 3 view .LVU153
 606              		.loc 1 187 14 is_stmt 0 view .LVU154
 607 0004 0023     		movs	r3, #0
 608 0006 0193     		str	r3, [sp, #4]
 188:Core/Src/uart_rx_task.c **** 
 189:Core/Src/uart_rx_task.c ****   if (huart1.hdmarx == NULL)
 609              		.loc 1 189 3 is_stmt 1 view .LVU155
 610              		.loc 1 189 13 is_stmt 0 view .LVU156
 611 0008 0F4B     		ldr	r3, .L61
 612 000a DB6B     		ldr	r3, [r3, #60]
 613              		.loc 1 189 6 view .LVU157
 614 000c C3B1     		cbz	r3, .L56
 190:Core/Src/uart_rx_task.c ****   {
 191:Core/Src/uart_rx_task.c ****     return;
 192:Core/Src/uart_rx_task.c ****   }
 193:Core/Src/uart_rx_task.c **** 
 194:Core/Src/uart_rx_task.c ****   s_uart_dma_write_pos = (uint16_t)(UART_RX_DMA_BUF_LEN - __HAL_DMA_GET_COUNTER(huart1.hdmarx));
 615              		.loc 1 194 3 is_stmt 1 view .LVU158
 616              		.loc 1 194 59 is_stmt 0 view .LVU159
 617 000e 1B68     		ldr	r3, [r3]
 618 0010 5B68     		ldr	r3, [r3, #4]
 619              		.loc 1 194 26 view .LVU160
 620 0012 C3F58073 		rsb	r3, r3, #256
 621 0016 9BB2     		uxth	r3, r3
 622              		.loc 1 194 24 view .LVU161
 623 0018 0C4A     		ldr	r2, .L61+4
 624 001a 1380     		strh	r3, [r2]	@ movhi
 195:Core/Src/uart_rx_task.c **** 
 196:Core/Src/uart_rx_task.c ****   if (s_uart_rx_task_handle != NULL)
 625              		.loc 1 196 3 is_stmt 1 view .LVU162
 626              		.loc 1 196 29 is_stmt 0 view .LVU163
 627 001c 0C4B     		ldr	r3, .L61+8
 628 001e 1868     		ldr	r0, [r3]
 629              		.loc 1 196 6 view .LVU164
 630 0020 70B1     		cbz	r0, .L56
 197:Core/Src/uart_rx_task.c ****   {
 198:Core/Src/uart_rx_task.c ****     vTaskNotifyGiveFromISR(s_uart_rx_task_handle, &xHigherPriorityTaskWoken);
 631              		.loc 1 198 5 is_stmt 1 view .LVU165
 632 0022 01A9     		add	r1, sp, #4
 633 0024 FFF7FEFF 		bl	vTaskNotifyGiveFromISR
 634              	.LVL37:
 199:Core/Src/uart_rx_task.c ****     portYIELD_FROM_ISR(xHigherPriorityTaskWoken);
 635              		.loc 1 199 5 view .LVU166
 636 0028 019B     		ldr	r3, [sp, #4]
 637 002a 4BB1     		cbz	r3, .L56
 638              		.loc 1 199 5 discriminator 1 view .LVU167
 639 002c 4FF0E023 		mov	r3, #-536813568
 640 0030 4FF08052 		mov	r2, #268435456
 641 0034 C3F8042D 		str	r2, [r3, #3332]
 642              		.loc 1 199 5 discriminator 1 view .LVU168
 643              		.syntax unified
 644              	@ 199 "Core/Src/uart_rx_task.c" 1
 645 0038 BFF34F8F 		dsb
ARM GAS  C:\Users\Pt\AppData\Local\Temp\ccCMdz0E.s 			page 20


 646              	@ 0 "" 2
 647              		.loc 1 199 5 discriminator 1 view .LVU169
 648              	@ 199 "Core/Src/uart_rx_task.c" 1
 649 003c BFF36F8F 		isb
 650              	@ 0 "" 2
 651              		.loc 1 199 49 discriminator 1 view .LVU170
 652              		.thumb
 653              		.syntax unified
 654              	.L56:
 200:Core/Src/uart_rx_task.c ****   }
 201:Core/Src/uart_rx_task.c **** }
 655              		.loc 1 201 1 is_stmt 0 view .LVU171
 656 0040 03B0     		add	sp, sp, #12
 657              	.LCFI13:
 658              		.cfi_def_cfa_offset 4
 659              		@ sp needed
 660 0042 5DF804FB 		ldr	pc, [sp], #4
 661              	.L62:
 662 0046 00BF     		.align	2
 663              	.L61:
 664 0048 00000000 		.word	huart1
 665 004c 00000000 		.word	.LANCHOR5
 666 0050 00000000 		.word	.LANCHOR8
 667              		.cfi_endproc
 668              	.LFE75:
 670              		.global	uart_queue_drop_count
 671              		.global	uart_crc_error_count
 672              		.global	uart_rx_queue
 673              		.section	.bss.s_frame_buf,"aw",%nobits
 674              		.align	2
 675              		.set	.LANCHOR4,. + 0
 678              	s_frame_buf:
 679 0000 00000000 		.space	256
 679      00000000 
 679      00000000 
 679      00000000 
 679      00000000 
 680              		.section	.bss.s_frame_len,"aw",%nobits
 681              		.align	1
 682              		.set	.LANCHOR0,. + 0
 685              	s_frame_len:
 686 0000 0000     		.space	2
 687              		.section	.bss.s_uart_dma_buf,"aw",%nobits
 688              		.align	2
 689              		.set	.LANCHOR6,. + 0
 692              	s_uart_dma_buf:
 693 0000 00000000 		.space	256
 693      00000000 
 693      00000000 
 693      00000000 
 693      00000000 
 694              		.section	.bss.s_uart_dma_read_pos,"aw",%nobits
 695              		.align	1
 696              		.set	.LANCHOR7,. + 0
 699              	s_uart_dma_read_pos:
 700 0000 0000     		.space	2
 701              		.section	.bss.s_uart_dma_write_pos,"aw",%nobits
ARM GAS  C:\Users\Pt\AppData\Local\Temp\ccCMdz0E.s 			page 21


 702              		.align	1
 703              		.set	.LANCHOR5,. + 0
 706              	s_uart_dma_write_pos:
 707 0000 0000     		.space	2
 708              		.section	.bss.s_uart_rx_task_handle,"aw",%nobits
 709              		.align	2
 710              		.set	.LANCHOR8,. + 0
 713              	s_uart_rx_task_handle:
 714 0000 00000000 		.space	4
 715              		.section	.bss.uart_crc_error_count,"aw",%nobits
 716              		.align	2
 717              		.set	.LANCHOR1,. + 0
 720              	uart_crc_error_count:
 721 0000 00000000 		.space	4
 722              		.section	.bss.uart_queue_drop_count,"aw",%nobits
 723              		.align	2
 724              		.set	.LANCHOR3,. + 0
 727              	uart_queue_drop_count:
 728 0000 00000000 		.space	4
 729              		.section	.bss.uart_rx_queue,"aw",%nobits
 730              		.align	2
 731              		.set	.LANCHOR2,. + 0
 734              	uart_rx_queue:
 735 0000 00000000 		.space	4
 736              		.text
 737              	.Letext0:
 738              		.file 3 "e:\\keil_v5\\gnu arm embedded toolchain\\10 2021.10\\lib\\gcc\\arm-none-eabi\\10.3.1\\inc
 739              		.file 4 "e:\\keil_v5\\gnu arm embedded toolchain\\10 2021.10\\arm-none-eabi\\include\\machine\\_de
 740              		.file 5 "e:\\keil_v5\\gnu arm embedded toolchain\\10 2021.10\\arm-none-eabi\\include\\sys\\_stdint
 741              		.file 6 "Middlewares/Third_Party/FreeRTOS/Source/include/task.h"
 742              		.file 7 "Middlewares/Third_Party/FreeRTOS/Source/include/queue.h"
 743              		.file 8 "Core/Inc/uart_protocol.h"
 744              		.file 9 "Core/Inc/uart_rx_task.h"
 745              		.file 10 "Drivers/CMSIS/Device/ST/STM32F1xx/Include/stm32f103xb.h"
 746              		.file 11 "Drivers/STM32F1xx_HAL_Driver/Inc/stm32f1xx_hal_def.h"
 747              		.file 12 "Drivers/STM32F1xx_HAL_Driver/Inc/stm32f1xx_hal_dma.h"
 748              		.file 13 "Drivers/STM32F1xx_HAL_Driver/Inc/stm32f1xx_hal_uart.h"
 749              		.file 14 "Core/Inc/usart.h"
 750              		.file 15 "Core/Inc/main.h"
ARM GAS  C:\Users\Pt\AppData\Local\Temp\ccCMdz0E.s 			page 22


DEFINED SYMBOLS
                            *ABS*:00000000 uart_rx_task.c
C:\Users\Pt\AppData\Local\Temp\ccCMdz0E.s:18     .text.UartRx_ResetFrameParser:00000000 $t
C:\Users\Pt\AppData\Local\Temp\ccCMdz0E.s:23     .text.UartRx_ResetFrameParser:00000000 UartRx_ResetFrameParser
C:\Users\Pt\AppData\Local\Temp\ccCMdz0E.s:41     .text.UartRx_ResetFrameParser:00000008 $d
C:\Users\Pt\AppData\Local\Temp\ccCMdz0E.s:46     .text.UartRx_HandleFrame:00000000 $t
C:\Users\Pt\AppData\Local\Temp\ccCMdz0E.s:51     .text.UartRx_HandleFrame:00000000 UartRx_HandleFrame
C:\Users\Pt\AppData\Local\Temp\ccCMdz0E.s:168    .text.UartRx_HandleFrame:00000060 $d
C:\Users\Pt\AppData\Local\Temp\ccCMdz0E.s:175    .text.UartRx_ParseByte:00000000 $t
C:\Users\Pt\AppData\Local\Temp\ccCMdz0E.s:180    .text.UartRx_ParseByte:00000000 UartRx_ParseByte
C:\Users\Pt\AppData\Local\Temp\ccCMdz0E.s:331    .text.UartRx_ParseByte:00000084 $d
C:\Users\Pt\AppData\Local\Temp\ccCMdz0E.s:337    .text.UartRx_ProcessDmaData:00000000 $t
C:\Users\Pt\AppData\Local\Temp\ccCMdz0E.s:342    .text.UartRx_ProcessDmaData:00000000 UartRx_ProcessDmaData
C:\Users\Pt\AppData\Local\Temp\ccCMdz0E.s:399    .text.UartRx_ProcessDmaData:00000030 $d
C:\Users\Pt\AppData\Local\Temp\ccCMdz0E.s:406    .text.Task_UART_RX:00000000 $t
C:\Users\Pt\AppData\Local\Temp\ccCMdz0E.s:411    .text.Task_UART_RX:00000000 Task_UART_RX
C:\Users\Pt\AppData\Local\Temp\ccCMdz0E.s:466    .text.Task_UART_RX:00000034 $d
C:\Users\Pt\AppData\Local\Temp\ccCMdz0E.s:472    .rodata.UartRxTask_Create.str1.4:00000000 $d
C:\Users\Pt\AppData\Local\Temp\ccCMdz0E.s:476    .text.UartRxTask_Create:00000000 $t
C:\Users\Pt\AppData\Local\Temp\ccCMdz0E.s:482    .text.UartRxTask_Create:00000000 UartRxTask_Create
C:\Users\Pt\AppData\Local\Temp\ccCMdz0E.s:578    .text.UartRxTask_Create:00000054 $d
C:\Users\Pt\AppData\Local\Temp\ccCMdz0E.s:586    .text.UartRxTask_NotifyFromIdleIrq:00000000 $t
C:\Users\Pt\AppData\Local\Temp\ccCMdz0E.s:592    .text.UartRxTask_NotifyFromIdleIrq:00000000 UartRxTask_NotifyFromIdleIrq
C:\Users\Pt\AppData\Local\Temp\ccCMdz0E.s:664    .text.UartRxTask_NotifyFromIdleIrq:00000048 $d
C:\Users\Pt\AppData\Local\Temp\ccCMdz0E.s:727    .bss.uart_queue_drop_count:00000000 uart_queue_drop_count
C:\Users\Pt\AppData\Local\Temp\ccCMdz0E.s:720    .bss.uart_crc_error_count:00000000 uart_crc_error_count
C:\Users\Pt\AppData\Local\Temp\ccCMdz0E.s:734    .bss.uart_rx_queue:00000000 uart_rx_queue
C:\Users\Pt\AppData\Local\Temp\ccCMdz0E.s:674    .bss.s_frame_buf:00000000 $d
C:\Users\Pt\AppData\Local\Temp\ccCMdz0E.s:678    .bss.s_frame_buf:00000000 s_frame_buf
C:\Users\Pt\AppData\Local\Temp\ccCMdz0E.s:681    .bss.s_frame_len:00000000 $d
C:\Users\Pt\AppData\Local\Temp\ccCMdz0E.s:685    .bss.s_frame_len:00000000 s_frame_len
C:\Users\Pt\AppData\Local\Temp\ccCMdz0E.s:688    .bss.s_uart_dma_buf:00000000 $d
C:\Users\Pt\AppData\Local\Temp\ccCMdz0E.s:692    .bss.s_uart_dma_buf:00000000 s_uart_dma_buf
C:\Users\Pt\AppData\Local\Temp\ccCMdz0E.s:695    .bss.s_uart_dma_read_pos:00000000 $d
C:\Users\Pt\AppData\Local\Temp\ccCMdz0E.s:699    .bss.s_uart_dma_read_pos:00000000 s_uart_dma_read_pos
C:\Users\Pt\AppData\Local\Temp\ccCMdz0E.s:702    .bss.s_uart_dma_write_pos:00000000 $d
C:\Users\Pt\AppData\Local\Temp\ccCMdz0E.s:706    .bss.s_uart_dma_write_pos:00000000 s_uart_dma_write_pos
C:\Users\Pt\AppData\Local\Temp\ccCMdz0E.s:709    .bss.s_uart_rx_task_handle:00000000 $d
C:\Users\Pt\AppData\Local\Temp\ccCMdz0E.s:713    .bss.s_uart_rx_task_handle:00000000 s_uart_rx_task_handle
C:\Users\Pt\AppData\Local\Temp\ccCMdz0E.s:716    .bss.uart_crc_error_count:00000000 $d
C:\Users\Pt\AppData\Local\Temp\ccCMdz0E.s:723    .bss.uart_queue_drop_count:00000000 $d
C:\Users\Pt\AppData\Local\Temp\ccCMdz0E.s:730    .bss.uart_rx_queue:00000000 $d

UNDEFINED SYMBOLS
crc16_ccitt
xQueueGenericSend
HAL_UART_Receive_DMA
ulTaskNotifyTake
Error_Handler
huart1
xQueueGenericCreate
xTaskCreate
vTaskNotifyGiveFromISR
