ARM GAS  C:\Users\Pt\AppData\Local\Temp\cczQB7PV.s 			page 1


   1              		.cpu cortex-m3
   2              		.arch armv7-m
   3              		.fpu softvfp
   4              		.eabi_attribute 20, 1
   5              		.eabi_attribute 21, 1
   6              		.eabi_attribute 23, 3
   7              		.eabi_attribute 24, 1
   8              		.eabi_attribute 25, 1
   9              		.eabi_attribute 26, 1
  10              		.eabi_attribute 30, 1
  11              		.eabi_attribute 34, 1
  12              		.eabi_attribute 18, 4
  13              		.file	"usart.c"
  14              		.text
  15              	.Ltext0:
  16              		.cfi_sections	.debug_frame
  17              		.section	.text.MX_USART1_UART_Init,"ax",%progbits
  18              		.align	1
  19              		.global	MX_USART1_UART_Init
  20              		.syntax unified
  21              		.thumb
  22              		.thumb_func
  24              	MX_USART1_UART_Init:
  25              	.LFB65:
  26              		.file 1 "Core/Src/usart.c"
   1:Core/Src/usart.c **** /* USER CODE BEGIN Header */
   2:Core/Src/usart.c **** /**
   3:Core/Src/usart.c ****   ******************************************************************************
   4:Core/Src/usart.c ****   * @file    usart.c
   5:Core/Src/usart.c ****   * @brief   This file provides code for the configuration
   6:Core/Src/usart.c ****   *          of the USART instances.
   7:Core/Src/usart.c ****   ******************************************************************************
   8:Core/Src/usart.c ****   * @attention
   9:Core/Src/usart.c ****   *
  10:Core/Src/usart.c ****   * Copyright (c) 2026 STMicroelectronics.
  11:Core/Src/usart.c ****   * All rights reserved.
  12:Core/Src/usart.c ****   *
  13:Core/Src/usart.c ****   * This software is licensed under terms that can be found in the LICENSE file
  14:Core/Src/usart.c ****   * in the root directory of this software component.
  15:Core/Src/usart.c ****   * If no LICENSE file comes with this software, it is provided AS-IS.
  16:Core/Src/usart.c ****   *
  17:Core/Src/usart.c ****   ******************************************************************************
  18:Core/Src/usart.c ****   */
  19:Core/Src/usart.c **** /* USER CODE END Header */
  20:Core/Src/usart.c **** /* Includes ------------------------------------------------------------------*/
  21:Core/Src/usart.c **** #include "usart.h"
  22:Core/Src/usart.c **** 
  23:Core/Src/usart.c **** /* USER CODE BEGIN 0 */
  24:Core/Src/usart.c **** 
  25:Core/Src/usart.c **** /* USER CODE END 0 */
  26:Core/Src/usart.c **** 
  27:Core/Src/usart.c **** UART_HandleTypeDef huart1;
  28:Core/Src/usart.c **** DMA_HandleTypeDef hdma_usart1_rx;
  29:Core/Src/usart.c **** DMA_HandleTypeDef hdma_usart1_tx;
  30:Core/Src/usart.c **** 
  31:Core/Src/usart.c **** /* USART1 init function */
  32:Core/Src/usart.c **** 
ARM GAS  C:\Users\Pt\AppData\Local\Temp\cczQB7PV.s 			page 2


  33:Core/Src/usart.c **** void MX_USART1_UART_Init(void)
  34:Core/Src/usart.c **** {
  27              		.loc 1 34 1 view -0
  28              		.cfi_startproc
  29              		@ args = 0, pretend = 0, frame = 0
  30              		@ frame_needed = 0, uses_anonymous_args = 0
  31 0000 08B5     		push	{r3, lr}
  32              	.LCFI0:
  33              		.cfi_def_cfa_offset 8
  34              		.cfi_offset 3, -8
  35              		.cfi_offset 14, -4
  35:Core/Src/usart.c **** 
  36:Core/Src/usart.c ****   /* USER CODE BEGIN USART1_Init 0 */
  37:Core/Src/usart.c **** 
  38:Core/Src/usart.c ****   /* USER CODE END USART1_Init 0 */
  39:Core/Src/usart.c **** 
  40:Core/Src/usart.c ****   /* USER CODE BEGIN USART1_Init 1 */
  41:Core/Src/usart.c **** 
  42:Core/Src/usart.c ****   /* USER CODE END USART1_Init 1 */
  43:Core/Src/usart.c ****   huart1.Instance = USART1;
  36              		.loc 1 43 3 view .LVU1
  37              		.loc 1 43 19 is_stmt 0 view .LVU2
  38 0002 0D48     		ldr	r0, .L5
  39 0004 0D4B     		ldr	r3, .L5+4
  40 0006 0360     		str	r3, [r0]
  44:Core/Src/usart.c ****   huart1.Init.BaudRate = 921600;
  41              		.loc 1 44 3 is_stmt 1 view .LVU3
  42              		.loc 1 44 24 is_stmt 0 view .LVU4
  43 0008 4FF46123 		mov	r3, #921600
  44 000c 4360     		str	r3, [r0, #4]
  45:Core/Src/usart.c ****   huart1.Init.WordLength = UART_WORDLENGTH_8B;
  45              		.loc 1 45 3 is_stmt 1 view .LVU5
  46              		.loc 1 45 26 is_stmt 0 view .LVU6
  47 000e 0023     		movs	r3, #0
  48 0010 8360     		str	r3, [r0, #8]
  46:Core/Src/usart.c ****   huart1.Init.StopBits = UART_STOPBITS_1;
  49              		.loc 1 46 3 is_stmt 1 view .LVU7
  50              		.loc 1 46 24 is_stmt 0 view .LVU8
  51 0012 C360     		str	r3, [r0, #12]
  47:Core/Src/usart.c ****   huart1.Init.Parity = UART_PARITY_NONE;
  52              		.loc 1 47 3 is_stmt 1 view .LVU9
  53              		.loc 1 47 22 is_stmt 0 view .LVU10
  54 0014 0361     		str	r3, [r0, #16]
  48:Core/Src/usart.c ****   huart1.Init.Mode = UART_MODE_TX_RX;
  55              		.loc 1 48 3 is_stmt 1 view .LVU11
  56              		.loc 1 48 20 is_stmt 0 view .LVU12
  57 0016 0C22     		movs	r2, #12
  58 0018 4261     		str	r2, [r0, #20]
  49:Core/Src/usart.c ****   huart1.Init.HwFlowCtl = UART_HWCONTROL_NONE;
  59              		.loc 1 49 3 is_stmt 1 view .LVU13
  60              		.loc 1 49 25 is_stmt 0 view .LVU14
  61 001a 8361     		str	r3, [r0, #24]
  50:Core/Src/usart.c ****   huart1.Init.OverSampling = UART_OVERSAMPLING_16;
  62              		.loc 1 50 3 is_stmt 1 view .LVU15
  63              		.loc 1 50 28 is_stmt 0 view .LVU16
  64 001c C361     		str	r3, [r0, #28]
  51:Core/Src/usart.c ****   if (HAL_UART_Init(&huart1) != HAL_OK)
ARM GAS  C:\Users\Pt\AppData\Local\Temp\cczQB7PV.s 			page 3


  65              		.loc 1 51 3 is_stmt 1 view .LVU17
  66              		.loc 1 51 7 is_stmt 0 view .LVU18
  67 001e FFF7FEFF 		bl	HAL_UART_Init
  68              	.LVL0:
  69              		.loc 1 51 6 view .LVU19
  70 0022 30B9     		cbnz	r0, .L4
  71              	.L2:
  52:Core/Src/usart.c ****   {
  53:Core/Src/usart.c ****     Error_Handler();
  54:Core/Src/usart.c ****   }
  55:Core/Src/usart.c ****   /* USER CODE BEGIN USART1_Init 2 */
  56:Core/Src/usart.c ****   __HAL_UART_ENABLE_IT(&huart1, UART_IT_IDLE);
  72              		.loc 1 56 3 is_stmt 1 view .LVU20
  73 0024 044B     		ldr	r3, .L5
  74 0026 1A68     		ldr	r2, [r3]
  75 0028 D368     		ldr	r3, [r2, #12]
  76 002a 43F01003 		orr	r3, r3, #16
  77 002e D360     		str	r3, [r2, #12]
  57:Core/Src/usart.c **** 
  58:Core/Src/usart.c ****   /* USER CODE END USART1_Init 2 */
  59:Core/Src/usart.c **** 
  60:Core/Src/usart.c **** }
  78              		.loc 1 60 1 is_stmt 0 view .LVU21
  79 0030 08BD     		pop	{r3, pc}
  80              	.L4:
  53:Core/Src/usart.c ****   }
  81              		.loc 1 53 5 is_stmt 1 view .LVU22
  82 0032 FFF7FEFF 		bl	Error_Handler
  83              	.LVL1:
  84 0036 F5E7     		b	.L2
  85              	.L6:
  86              		.align	2
  87              	.L5:
  88 0038 00000000 		.word	.LANCHOR0
  89 003c 00380140 		.word	1073821696
  90              		.cfi_endproc
  91              	.LFE65:
  93              		.section	.text.HAL_UART_MspInit,"ax",%progbits
  94              		.align	1
  95              		.global	HAL_UART_MspInit
  96              		.syntax unified
  97              		.thumb
  98              		.thumb_func
 100              	HAL_UART_MspInit:
 101              	.LVL2:
 102              	.LFB66:
  61:Core/Src/usart.c **** 
  62:Core/Src/usart.c **** void HAL_UART_MspInit(UART_HandleTypeDef* uartHandle)
  63:Core/Src/usart.c **** {
 103              		.loc 1 63 1 view -0
 104              		.cfi_startproc
 105              		@ args = 0, pretend = 0, frame = 24
 106              		@ frame_needed = 0, uses_anonymous_args = 0
 107              		.loc 1 63 1 is_stmt 0 view .LVU24
 108 0000 70B5     		push	{r4, r5, r6, lr}
 109              	.LCFI1:
 110              		.cfi_def_cfa_offset 16
ARM GAS  C:\Users\Pt\AppData\Local\Temp\cczQB7PV.s 			page 4


 111              		.cfi_offset 4, -16
 112              		.cfi_offset 5, -12
 113              		.cfi_offset 6, -8
 114              		.cfi_offset 14, -4
 115 0002 86B0     		sub	sp, sp, #24
 116              	.LCFI2:
 117              		.cfi_def_cfa_offset 40
  64:Core/Src/usart.c **** 
  65:Core/Src/usart.c ****   GPIO_InitTypeDef GPIO_InitStruct = {0};
 118              		.loc 1 65 3 is_stmt 1 view .LVU25
 119              		.loc 1 65 20 is_stmt 0 view .LVU26
 120 0004 0023     		movs	r3, #0
 121 0006 0293     		str	r3, [sp, #8]
 122 0008 0393     		str	r3, [sp, #12]
 123 000a 0493     		str	r3, [sp, #16]
 124 000c 0593     		str	r3, [sp, #20]
  66:Core/Src/usart.c ****   if(uartHandle->Instance==USART1)
 125              		.loc 1 66 3 is_stmt 1 view .LVU27
 126              		.loc 1 66 16 is_stmt 0 view .LVU28
 127 000e 0268     		ldr	r2, [r0]
 128              		.loc 1 66 5 view .LVU29
 129 0010 334B     		ldr	r3, .L15
 130 0012 9A42     		cmp	r2, r3
 131 0014 01D0     		beq	.L12
 132              	.LVL3:
 133              	.L7:
  67:Core/Src/usart.c ****   {
  68:Core/Src/usart.c ****   /* USER CODE BEGIN USART1_MspInit 0 */
  69:Core/Src/usart.c **** 
  70:Core/Src/usart.c ****   /* USER CODE END USART1_MspInit 0 */
  71:Core/Src/usart.c ****     /* USART1 clock enable */
  72:Core/Src/usart.c ****     __HAL_RCC_USART1_CLK_ENABLE();
  73:Core/Src/usart.c **** 
  74:Core/Src/usart.c ****     __HAL_RCC_GPIOA_CLK_ENABLE();
  75:Core/Src/usart.c ****     /**USART1 GPIO Configuration
  76:Core/Src/usart.c ****     PA9     ------> USART1_TX
  77:Core/Src/usart.c ****     PA10     ------> USART1_RX
  78:Core/Src/usart.c ****     */
  79:Core/Src/usart.c ****     GPIO_InitStruct.Pin = GPIO_PIN_9;
  80:Core/Src/usart.c ****     GPIO_InitStruct.Mode = GPIO_MODE_AF_PP;
  81:Core/Src/usart.c ****     GPIO_InitStruct.Speed = GPIO_SPEED_FREQ_HIGH;
  82:Core/Src/usart.c ****     HAL_GPIO_Init(GPIOA, &GPIO_InitStruct);
  83:Core/Src/usart.c **** 
  84:Core/Src/usart.c ****     GPIO_InitStruct.Pin = GPIO_PIN_10;
  85:Core/Src/usart.c ****     GPIO_InitStruct.Mode = GPIO_MODE_INPUT;
  86:Core/Src/usart.c ****     GPIO_InitStruct.Pull = GPIO_NOPULL;
  87:Core/Src/usart.c ****     HAL_GPIO_Init(GPIOA, &GPIO_InitStruct);
  88:Core/Src/usart.c **** 
  89:Core/Src/usart.c ****     /* USART1 DMA Init */
  90:Core/Src/usart.c ****     /* USART1_RX Init */
  91:Core/Src/usart.c ****     hdma_usart1_rx.Instance = DMA1_Channel5;
  92:Core/Src/usart.c ****     hdma_usart1_rx.Init.Direction = DMA_PERIPH_TO_MEMORY;
  93:Core/Src/usart.c ****     hdma_usart1_rx.Init.PeriphInc = DMA_PINC_DISABLE;
  94:Core/Src/usart.c ****     hdma_usart1_rx.Init.MemInc = DMA_MINC_ENABLE;
  95:Core/Src/usart.c ****     hdma_usart1_rx.Init.PeriphDataAlignment = DMA_PDATAALIGN_BYTE;
  96:Core/Src/usart.c ****     hdma_usart1_rx.Init.MemDataAlignment = DMA_MDATAALIGN_BYTE;
  97:Core/Src/usart.c ****     hdma_usart1_rx.Init.Mode = DMA_NORMAL;
ARM GAS  C:\Users\Pt\AppData\Local\Temp\cczQB7PV.s 			page 5


  98:Core/Src/usart.c ****     hdma_usart1_rx.Init.Priority = DMA_PRIORITY_MEDIUM;
  99:Core/Src/usart.c ****     if (HAL_DMA_Init(&hdma_usart1_rx) != HAL_OK)
 100:Core/Src/usart.c ****     {
 101:Core/Src/usart.c ****       Error_Handler();
 102:Core/Src/usart.c ****     }
 103:Core/Src/usart.c **** 
 104:Core/Src/usart.c ****     __HAL_LINKDMA(uartHandle,hdmarx,hdma_usart1_rx);
 105:Core/Src/usart.c **** 
 106:Core/Src/usart.c ****     /* USART1_TX Init */
 107:Core/Src/usart.c ****     hdma_usart1_tx.Instance = DMA1_Channel4;
 108:Core/Src/usart.c ****     hdma_usart1_tx.Init.Direction = DMA_MEMORY_TO_PERIPH;
 109:Core/Src/usart.c ****     hdma_usart1_tx.Init.PeriphInc = DMA_PINC_DISABLE;
 110:Core/Src/usart.c ****     hdma_usart1_tx.Init.MemInc = DMA_MINC_ENABLE;
 111:Core/Src/usart.c ****     hdma_usart1_tx.Init.PeriphDataAlignment = DMA_PDATAALIGN_BYTE;
 112:Core/Src/usart.c ****     hdma_usart1_tx.Init.MemDataAlignment = DMA_MDATAALIGN_BYTE;
 113:Core/Src/usart.c ****     hdma_usart1_tx.Init.Mode = DMA_NORMAL;
 114:Core/Src/usart.c ****     hdma_usart1_tx.Init.Priority = DMA_PRIORITY_MEDIUM;
 115:Core/Src/usart.c ****     if (HAL_DMA_Init(&hdma_usart1_tx) != HAL_OK)
 116:Core/Src/usart.c ****     {
 117:Core/Src/usart.c ****       Error_Handler();
 118:Core/Src/usart.c ****     }
 119:Core/Src/usart.c **** 
 120:Core/Src/usart.c ****     __HAL_LINKDMA(uartHandle,hdmatx,hdma_usart1_tx);
 121:Core/Src/usart.c **** 
 122:Core/Src/usart.c ****     /* USART1 interrupt Init */
 123:Core/Src/usart.c ****     HAL_NVIC_SetPriority(USART1_IRQn, 5, 0);
 124:Core/Src/usart.c ****     HAL_NVIC_EnableIRQ(USART1_IRQn);
 125:Core/Src/usart.c ****   /* USER CODE BEGIN USART1_MspInit 1 */
 126:Core/Src/usart.c **** 
 127:Core/Src/usart.c ****   /* USER CODE END USART1_MspInit 1 */
 128:Core/Src/usart.c ****   }
 129:Core/Src/usart.c **** }
 134              		.loc 1 129 1 view .LVU30
 135 0016 06B0     		add	sp, sp, #24
 136              	.LCFI3:
 137              		.cfi_remember_state
 138              		.cfi_def_cfa_offset 16
 139              		@ sp needed
 140 0018 70BD     		pop	{r4, r5, r6, pc}
 141              	.LVL4:
 142              	.L12:
 143              	.LCFI4:
 144              		.cfi_restore_state
 145              		.loc 1 129 1 view .LVU31
 146 001a 0446     		mov	r4, r0
  72:Core/Src/usart.c **** 
 147              		.loc 1 72 5 is_stmt 1 view .LVU32
 148              	.LBB2:
  72:Core/Src/usart.c **** 
 149              		.loc 1 72 5 view .LVU33
  72:Core/Src/usart.c **** 
 150              		.loc 1 72 5 view .LVU34
 151 001c 03F55843 		add	r3, r3, #55296
 152 0020 9A69     		ldr	r2, [r3, #24]
 153 0022 42F48042 		orr	r2, r2, #16384
 154 0026 9A61     		str	r2, [r3, #24]
  72:Core/Src/usart.c **** 
ARM GAS  C:\Users\Pt\AppData\Local\Temp\cczQB7PV.s 			page 6


 155              		.loc 1 72 5 view .LVU35
 156 0028 9A69     		ldr	r2, [r3, #24]
 157 002a 02F48042 		and	r2, r2, #16384
 158 002e 0092     		str	r2, [sp]
  72:Core/Src/usart.c **** 
 159              		.loc 1 72 5 view .LVU36
 160 0030 009A     		ldr	r2, [sp]
 161              	.LBE2:
  72:Core/Src/usart.c **** 
 162              		.loc 1 72 5 view .LVU37
  74:Core/Src/usart.c ****     /**USART1 GPIO Configuration
 163              		.loc 1 74 5 view .LVU38
 164              	.LBB3:
  74:Core/Src/usart.c ****     /**USART1 GPIO Configuration
 165              		.loc 1 74 5 view .LVU39
  74:Core/Src/usart.c ****     /**USART1 GPIO Configuration
 166              		.loc 1 74 5 view .LVU40
 167 0032 9A69     		ldr	r2, [r3, #24]
 168 0034 42F00402 		orr	r2, r2, #4
 169 0038 9A61     		str	r2, [r3, #24]
  74:Core/Src/usart.c ****     /**USART1 GPIO Configuration
 170              		.loc 1 74 5 view .LVU41
 171 003a 9B69     		ldr	r3, [r3, #24]
 172 003c 03F00403 		and	r3, r3, #4
 173 0040 0193     		str	r3, [sp, #4]
  74:Core/Src/usart.c ****     /**USART1 GPIO Configuration
 174              		.loc 1 74 5 view .LVU42
 175 0042 019B     		ldr	r3, [sp, #4]
 176              	.LBE3:
  74:Core/Src/usart.c ****     /**USART1 GPIO Configuration
 177              		.loc 1 74 5 view .LVU43
  79:Core/Src/usart.c ****     GPIO_InitStruct.Mode = GPIO_MODE_AF_PP;
 178              		.loc 1 79 5 view .LVU44
  79:Core/Src/usart.c ****     GPIO_InitStruct.Mode = GPIO_MODE_AF_PP;
 179              		.loc 1 79 25 is_stmt 0 view .LVU45
 180 0044 4FF40073 		mov	r3, #512
 181 0048 0293     		str	r3, [sp, #8]
  80:Core/Src/usart.c ****     GPIO_InitStruct.Speed = GPIO_SPEED_FREQ_HIGH;
 182              		.loc 1 80 5 is_stmt 1 view .LVU46
  80:Core/Src/usart.c ****     GPIO_InitStruct.Speed = GPIO_SPEED_FREQ_HIGH;
 183              		.loc 1 80 26 is_stmt 0 view .LVU47
 184 004a 0223     		movs	r3, #2
 185 004c 0393     		str	r3, [sp, #12]
  81:Core/Src/usart.c ****     HAL_GPIO_Init(GPIOA, &GPIO_InitStruct);
 186              		.loc 1 81 5 is_stmt 1 view .LVU48
  81:Core/Src/usart.c ****     HAL_GPIO_Init(GPIOA, &GPIO_InitStruct);
 187              		.loc 1 81 27 is_stmt 0 view .LVU49
 188 004e 0323     		movs	r3, #3
 189 0050 0593     		str	r3, [sp, #20]
  82:Core/Src/usart.c **** 
 190              		.loc 1 82 5 is_stmt 1 view .LVU50
 191 0052 244E     		ldr	r6, .L15+4
 192 0054 02A9     		add	r1, sp, #8
 193 0056 3046     		mov	r0, r6
 194              	.LVL5:
  82:Core/Src/usart.c **** 
 195              		.loc 1 82 5 is_stmt 0 view .LVU51
ARM GAS  C:\Users\Pt\AppData\Local\Temp\cczQB7PV.s 			page 7


 196 0058 FFF7FEFF 		bl	HAL_GPIO_Init
 197              	.LVL6:
  84:Core/Src/usart.c ****     GPIO_InitStruct.Mode = GPIO_MODE_INPUT;
 198              		.loc 1 84 5 is_stmt 1 view .LVU52
  84:Core/Src/usart.c ****     GPIO_InitStruct.Mode = GPIO_MODE_INPUT;
 199              		.loc 1 84 25 is_stmt 0 view .LVU53
 200 005c 4FF48063 		mov	r3, #1024
 201 0060 0293     		str	r3, [sp, #8]
  85:Core/Src/usart.c ****     GPIO_InitStruct.Pull = GPIO_NOPULL;
 202              		.loc 1 85 5 is_stmt 1 view .LVU54
  85:Core/Src/usart.c ****     GPIO_InitStruct.Pull = GPIO_NOPULL;
 203              		.loc 1 85 26 is_stmt 0 view .LVU55
 204 0062 0025     		movs	r5, #0
 205 0064 0395     		str	r5, [sp, #12]
  86:Core/Src/usart.c ****     HAL_GPIO_Init(GPIOA, &GPIO_InitStruct);
 206              		.loc 1 86 5 is_stmt 1 view .LVU56
  86:Core/Src/usart.c ****     HAL_GPIO_Init(GPIOA, &GPIO_InitStruct);
 207              		.loc 1 86 26 is_stmt 0 view .LVU57
 208 0066 0495     		str	r5, [sp, #16]
  87:Core/Src/usart.c **** 
 209              		.loc 1 87 5 is_stmt 1 view .LVU58
 210 0068 02A9     		add	r1, sp, #8
 211 006a 3046     		mov	r0, r6
 212 006c FFF7FEFF 		bl	HAL_GPIO_Init
 213              	.LVL7:
  91:Core/Src/usart.c ****     hdma_usart1_rx.Init.Direction = DMA_PERIPH_TO_MEMORY;
 214              		.loc 1 91 5 view .LVU59
  91:Core/Src/usart.c ****     hdma_usart1_rx.Init.Direction = DMA_PERIPH_TO_MEMORY;
 215              		.loc 1 91 29 is_stmt 0 view .LVU60
 216 0070 1D48     		ldr	r0, .L15+8
 217 0072 1E4B     		ldr	r3, .L15+12
 218 0074 0360     		str	r3, [r0]
  92:Core/Src/usart.c ****     hdma_usart1_rx.Init.PeriphInc = DMA_PINC_DISABLE;
 219              		.loc 1 92 5 is_stmt 1 view .LVU61
  92:Core/Src/usart.c ****     hdma_usart1_rx.Init.PeriphInc = DMA_PINC_DISABLE;
 220              		.loc 1 92 35 is_stmt 0 view .LVU62
 221 0076 4560     		str	r5, [r0, #4]
  93:Core/Src/usart.c ****     hdma_usart1_rx.Init.MemInc = DMA_MINC_ENABLE;
 222              		.loc 1 93 5 is_stmt 1 view .LVU63
  93:Core/Src/usart.c ****     hdma_usart1_rx.Init.MemInc = DMA_MINC_ENABLE;
 223              		.loc 1 93 35 is_stmt 0 view .LVU64
 224 0078 8560     		str	r5, [r0, #8]
  94:Core/Src/usart.c ****     hdma_usart1_rx.Init.PeriphDataAlignment = DMA_PDATAALIGN_BYTE;
 225              		.loc 1 94 5 is_stmt 1 view .LVU65
  94:Core/Src/usart.c ****     hdma_usart1_rx.Init.PeriphDataAlignment = DMA_PDATAALIGN_BYTE;
 226              		.loc 1 94 32 is_stmt 0 view .LVU66
 227 007a 8023     		movs	r3, #128
 228 007c C360     		str	r3, [r0, #12]
  95:Core/Src/usart.c ****     hdma_usart1_rx.Init.MemDataAlignment = DMA_MDATAALIGN_BYTE;
 229              		.loc 1 95 5 is_stmt 1 view .LVU67
  95:Core/Src/usart.c ****     hdma_usart1_rx.Init.MemDataAlignment = DMA_MDATAALIGN_BYTE;
 230              		.loc 1 95 45 is_stmt 0 view .LVU68
 231 007e 0561     		str	r5, [r0, #16]
  96:Core/Src/usart.c ****     hdma_usart1_rx.Init.Mode = DMA_NORMAL;
 232              		.loc 1 96 5 is_stmt 1 view .LVU69
  96:Core/Src/usart.c ****     hdma_usart1_rx.Init.Mode = DMA_NORMAL;
 233              		.loc 1 96 42 is_stmt 0 view .LVU70
ARM GAS  C:\Users\Pt\AppData\Local\Temp\cczQB7PV.s 			page 8


 234 0080 4561     		str	r5, [r0, #20]
  97:Core/Src/usart.c ****     hdma_usart1_rx.Init.Priority = DMA_PRIORITY_MEDIUM;
 235              		.loc 1 97 5 is_stmt 1 view .LVU71
  97:Core/Src/usart.c ****     hdma_usart1_rx.Init.Priority = DMA_PRIORITY_MEDIUM;
 236              		.loc 1 97 30 is_stmt 0 view .LVU72
 237 0082 8561     		str	r5, [r0, #24]
  98:Core/Src/usart.c ****     if (HAL_DMA_Init(&hdma_usart1_rx) != HAL_OK)
 238              		.loc 1 98 5 is_stmt 1 view .LVU73
  98:Core/Src/usart.c ****     if (HAL_DMA_Init(&hdma_usart1_rx) != HAL_OK)
 239              		.loc 1 98 34 is_stmt 0 view .LVU74
 240 0084 4FF48053 		mov	r3, #4096
 241 0088 C361     		str	r3, [r0, #28]
  99:Core/Src/usart.c ****     {
 242              		.loc 1 99 5 is_stmt 1 view .LVU75
  99:Core/Src/usart.c ****     {
 243              		.loc 1 99 9 is_stmt 0 view .LVU76
 244 008a FFF7FEFF 		bl	HAL_DMA_Init
 245              	.LVL8:
  99:Core/Src/usart.c ****     {
 246              		.loc 1 99 8 view .LVU77
 247 008e 00BB     		cbnz	r0, .L13
 248              	.L9:
 104:Core/Src/usart.c **** 
 249              		.loc 1 104 5 is_stmt 1 view .LVU78
 104:Core/Src/usart.c **** 
 250              		.loc 1 104 5 view .LVU79
 251 0090 154B     		ldr	r3, .L15+8
 252 0092 E363     		str	r3, [r4, #60]
 104:Core/Src/usart.c **** 
 253              		.loc 1 104 5 view .LVU80
 254 0094 5C62     		str	r4, [r3, #36]
 104:Core/Src/usart.c **** 
 255              		.loc 1 104 5 view .LVU81
 107:Core/Src/usart.c ****     hdma_usart1_tx.Init.Direction = DMA_MEMORY_TO_PERIPH;
 256              		.loc 1 107 5 view .LVU82
 107:Core/Src/usart.c ****     hdma_usart1_tx.Init.Direction = DMA_MEMORY_TO_PERIPH;
 257              		.loc 1 107 29 is_stmt 0 view .LVU83
 258 0096 1648     		ldr	r0, .L15+16
 259 0098 164B     		ldr	r3, .L15+20
 260 009a 0360     		str	r3, [r0]
 108:Core/Src/usart.c ****     hdma_usart1_tx.Init.PeriphInc = DMA_PINC_DISABLE;
 261              		.loc 1 108 5 is_stmt 1 view .LVU84
 108:Core/Src/usart.c ****     hdma_usart1_tx.Init.PeriphInc = DMA_PINC_DISABLE;
 262              		.loc 1 108 35 is_stmt 0 view .LVU85
 263 009c 1023     		movs	r3, #16
 264 009e 4360     		str	r3, [r0, #4]
 109:Core/Src/usart.c ****     hdma_usart1_tx.Init.MemInc = DMA_MINC_ENABLE;
 265              		.loc 1 109 5 is_stmt 1 view .LVU86
 109:Core/Src/usart.c ****     hdma_usart1_tx.Init.MemInc = DMA_MINC_ENABLE;
 266              		.loc 1 109 35 is_stmt 0 view .LVU87
 267 00a0 0023     		movs	r3, #0
 268 00a2 8360     		str	r3, [r0, #8]
 110:Core/Src/usart.c ****     hdma_usart1_tx.Init.PeriphDataAlignment = DMA_PDATAALIGN_BYTE;
 269              		.loc 1 110 5 is_stmt 1 view .LVU88
 110:Core/Src/usart.c ****     hdma_usart1_tx.Init.PeriphDataAlignment = DMA_PDATAALIGN_BYTE;
 270              		.loc 1 110 32 is_stmt 0 view .LVU89
 271 00a4 8022     		movs	r2, #128
ARM GAS  C:\Users\Pt\AppData\Local\Temp\cczQB7PV.s 			page 9


 272 00a6 C260     		str	r2, [r0, #12]
 111:Core/Src/usart.c ****     hdma_usart1_tx.Init.MemDataAlignment = DMA_MDATAALIGN_BYTE;
 273              		.loc 1 111 5 is_stmt 1 view .LVU90
 111:Core/Src/usart.c ****     hdma_usart1_tx.Init.MemDataAlignment = DMA_MDATAALIGN_BYTE;
 274              		.loc 1 111 45 is_stmt 0 view .LVU91
 275 00a8 0361     		str	r3, [r0, #16]
 112:Core/Src/usart.c ****     hdma_usart1_tx.Init.Mode = DMA_NORMAL;
 276              		.loc 1 112 5 is_stmt 1 view .LVU92
 112:Core/Src/usart.c ****     hdma_usart1_tx.Init.Mode = DMA_NORMAL;
 277              		.loc 1 112 42 is_stmt 0 view .LVU93
 278 00aa 4361     		str	r3, [r0, #20]
 113:Core/Src/usart.c ****     hdma_usart1_tx.Init.Priority = DMA_PRIORITY_MEDIUM;
 279              		.loc 1 113 5 is_stmt 1 view .LVU94
 113:Core/Src/usart.c ****     hdma_usart1_tx.Init.Priority = DMA_PRIORITY_MEDIUM;
 280              		.loc 1 113 30 is_stmt 0 view .LVU95
 281 00ac 8361     		str	r3, [r0, #24]
 114:Core/Src/usart.c ****     if (HAL_DMA_Init(&hdma_usart1_tx) != HAL_OK)
 282              		.loc 1 114 5 is_stmt 1 view .LVU96
 114:Core/Src/usart.c ****     if (HAL_DMA_Init(&hdma_usart1_tx) != HAL_OK)
 283              		.loc 1 114 34 is_stmt 0 view .LVU97
 284 00ae 4FF48053 		mov	r3, #4096
 285 00b2 C361     		str	r3, [r0, #28]
 115:Core/Src/usart.c ****     {
 286              		.loc 1 115 5 is_stmt 1 view .LVU98
 115:Core/Src/usart.c ****     {
 287              		.loc 1 115 9 is_stmt 0 view .LVU99
 288 00b4 FFF7FEFF 		bl	HAL_DMA_Init
 289              	.LVL9:
 115:Core/Src/usart.c ****     {
 290              		.loc 1 115 8 view .LVU100
 291 00b8 70B9     		cbnz	r0, .L14
 292              	.L10:
 120:Core/Src/usart.c **** 
 293              		.loc 1 120 5 is_stmt 1 view .LVU101
 120:Core/Src/usart.c **** 
 294              		.loc 1 120 5 view .LVU102
 295 00ba 0D4B     		ldr	r3, .L15+16
 296 00bc A363     		str	r3, [r4, #56]
 120:Core/Src/usart.c **** 
 297              		.loc 1 120 5 view .LVU103
 298 00be 5C62     		str	r4, [r3, #36]
 120:Core/Src/usart.c **** 
 299              		.loc 1 120 5 view .LVU104
 123:Core/Src/usart.c ****     HAL_NVIC_EnableIRQ(USART1_IRQn);
 300              		.loc 1 123 5 view .LVU105
 301 00c0 0022     		movs	r2, #0
 302 00c2 0521     		movs	r1, #5
 303 00c4 2520     		movs	r0, #37
 304 00c6 FFF7FEFF 		bl	HAL_NVIC_SetPriority
 305              	.LVL10:
 124:Core/Src/usart.c ****   /* USER CODE BEGIN USART1_MspInit 1 */
 306              		.loc 1 124 5 view .LVU106
 307 00ca 2520     		movs	r0, #37
 308 00cc FFF7FEFF 		bl	HAL_NVIC_EnableIRQ
 309              	.LVL11:
 310              		.loc 1 129 1 is_stmt 0 view .LVU107
 311 00d0 A1E7     		b	.L7
ARM GAS  C:\Users\Pt\AppData\Local\Temp\cczQB7PV.s 			page 10


 312              	.L13:
 101:Core/Src/usart.c ****     }
 313              		.loc 1 101 7 is_stmt 1 view .LVU108
 314 00d2 FFF7FEFF 		bl	Error_Handler
 315              	.LVL12:
 316 00d6 DBE7     		b	.L9
 317              	.L14:
 117:Core/Src/usart.c ****     }
 318              		.loc 1 117 7 view .LVU109
 319 00d8 FFF7FEFF 		bl	Error_Handler
 320              	.LVL13:
 321 00dc EDE7     		b	.L10
 322              	.L16:
 323 00de 00BF     		.align	2
 324              	.L15:
 325 00e0 00380140 		.word	1073821696
 326 00e4 00080140 		.word	1073809408
 327 00e8 00000000 		.word	.LANCHOR1
 328 00ec 58000240 		.word	1073872984
 329 00f0 00000000 		.word	.LANCHOR2
 330 00f4 44000240 		.word	1073872964
 331              		.cfi_endproc
 332              	.LFE66:
 334              		.section	.text.HAL_UART_MspDeInit,"ax",%progbits
 335              		.align	1
 336              		.global	HAL_UART_MspDeInit
 337              		.syntax unified
 338              		.thumb
 339              		.thumb_func
 341              	HAL_UART_MspDeInit:
 342              	.LVL14:
 343              	.LFB67:
 130:Core/Src/usart.c **** 
 131:Core/Src/usart.c **** void HAL_UART_MspDeInit(UART_HandleTypeDef* uartHandle)
 132:Core/Src/usart.c **** {
 344              		.loc 1 132 1 view -0
 345              		.cfi_startproc
 346              		@ args = 0, pretend = 0, frame = 0
 347              		@ frame_needed = 0, uses_anonymous_args = 0
 133:Core/Src/usart.c **** 
 134:Core/Src/usart.c ****   if(uartHandle->Instance==USART1)
 348              		.loc 1 134 3 view .LVU111
 349              		.loc 1 134 16 is_stmt 0 view .LVU112
 350 0000 0268     		ldr	r2, [r0]
 351              		.loc 1 134 5 view .LVU113
 352 0002 0D4B     		ldr	r3, .L24
 353 0004 9A42     		cmp	r2, r3
 354 0006 00D0     		beq	.L23
 355 0008 7047     		bx	lr
 356              	.L23:
 132:Core/Src/usart.c **** 
 357              		.loc 1 132 1 view .LVU114
 358 000a 10B5     		push	{r4, lr}
 359              	.LCFI5:
 360              		.cfi_def_cfa_offset 8
 361              		.cfi_offset 4, -8
 362              		.cfi_offset 14, -4
ARM GAS  C:\Users\Pt\AppData\Local\Temp\cczQB7PV.s 			page 11


 363 000c 0446     		mov	r4, r0
 135:Core/Src/usart.c ****   {
 136:Core/Src/usart.c ****   /* USER CODE BEGIN USART1_MspDeInit 0 */
 137:Core/Src/usart.c **** 
 138:Core/Src/usart.c ****   /* USER CODE END USART1_MspDeInit 0 */
 139:Core/Src/usart.c ****     /* Peripheral clock disable */
 140:Core/Src/usart.c ****     __HAL_RCC_USART1_CLK_DISABLE();
 364              		.loc 1 140 5 is_stmt 1 view .LVU115
 365 000e 0B4A     		ldr	r2, .L24+4
 366 0010 9369     		ldr	r3, [r2, #24]
 367 0012 23F48043 		bic	r3, r3, #16384
 368 0016 9361     		str	r3, [r2, #24]
 141:Core/Src/usart.c **** 
 142:Core/Src/usart.c ****     /**USART1 GPIO Configuration
 143:Core/Src/usart.c ****     PA9     ------> USART1_TX
 144:Core/Src/usart.c ****     PA10     ------> USART1_RX
 145:Core/Src/usart.c ****     */
 146:Core/Src/usart.c ****     HAL_GPIO_DeInit(GPIOA, GPIO_PIN_9|GPIO_PIN_10);
 369              		.loc 1 146 5 view .LVU116
 370 0018 4FF4C061 		mov	r1, #1536
 371 001c 0848     		ldr	r0, .L24+8
 372              	.LVL15:
 373              		.loc 1 146 5 is_stmt 0 view .LVU117
 374 001e FFF7FEFF 		bl	HAL_GPIO_DeInit
 375              	.LVL16:
 147:Core/Src/usart.c **** 
 148:Core/Src/usart.c ****     /* USART1 DMA DeInit */
 149:Core/Src/usart.c ****     HAL_DMA_DeInit(uartHandle->hdmarx);
 376              		.loc 1 149 5 is_stmt 1 view .LVU118
 377 0022 E06B     		ldr	r0, [r4, #60]
 378 0024 FFF7FEFF 		bl	HAL_DMA_DeInit
 379              	.LVL17:
 150:Core/Src/usart.c ****     HAL_DMA_DeInit(uartHandle->hdmatx);
 380              		.loc 1 150 5 view .LVU119
 381 0028 A06B     		ldr	r0, [r4, #56]
 382 002a FFF7FEFF 		bl	HAL_DMA_DeInit
 383              	.LVL18:
 151:Core/Src/usart.c **** 
 152:Core/Src/usart.c ****     /* USART1 interrupt Deinit */
 153:Core/Src/usart.c ****     HAL_NVIC_DisableIRQ(USART1_IRQn);
 384              		.loc 1 153 5 view .LVU120
 385 002e 2520     		movs	r0, #37
 386 0030 FFF7FEFF 		bl	HAL_NVIC_DisableIRQ
 387              	.LVL19:
 154:Core/Src/usart.c ****   /* USER CODE BEGIN USART1_MspDeInit 1 */
 155:Core/Src/usart.c **** 
 156:Core/Src/usart.c ****   /* USER CODE END USART1_MspDeInit 1 */
 157:Core/Src/usart.c ****   }
 158:Core/Src/usart.c **** }
 388              		.loc 1 158 1 is_stmt 0 view .LVU121
 389 0034 10BD     		pop	{r4, pc}
 390              	.LVL20:
 391              	.L25:
 392              		.loc 1 158 1 view .LVU122
 393 0036 00BF     		.align	2
 394              	.L24:
 395 0038 00380140 		.word	1073821696
ARM GAS  C:\Users\Pt\AppData\Local\Temp\cczQB7PV.s 			page 12


 396 003c 00100240 		.word	1073876992
 397 0040 00080140 		.word	1073809408
 398              		.cfi_endproc
 399              	.LFE67:
 401              		.global	hdma_usart1_tx
 402              		.global	hdma_usart1_rx
 403              		.global	huart1
 404              		.section	.bss.hdma_usart1_rx,"aw",%nobits
 405              		.align	2
 406              		.set	.LANCHOR1,. + 0
 409              	hdma_usart1_rx:
 410 0000 00000000 		.space	68
 410      00000000 
 410      00000000 
 410      00000000 
 410      00000000 
 411              		.section	.bss.hdma_usart1_tx,"aw",%nobits
 412              		.align	2
 413              		.set	.LANCHOR2,. + 0
 416              	hdma_usart1_tx:
 417 0000 00000000 		.space	68
 417      00000000 
 417      00000000 
 417      00000000 
 417      00000000 
 418              		.section	.bss.huart1,"aw",%nobits
 419              		.align	2
 420              		.set	.LANCHOR0,. + 0
 423              	huart1:
 424 0000 00000000 		.space	72
 424      00000000 
 424      00000000 
 424      00000000 
 424      00000000 
 425              		.text
 426              	.Letext0:
 427              		.file 2 "e:\\keil_v5\\gnu arm embedded toolchain\\10 2021.10\\arm-none-eabi\\include\\machine\\_de
 428              		.file 3 "e:\\keil_v5\\gnu arm embedded toolchain\\10 2021.10\\arm-none-eabi\\include\\sys\\_stdint
 429              		.file 4 "Drivers/CMSIS/Device/ST/STM32F1xx/Include/stm32f103xb.h"
 430              		.file 5 "Drivers/STM32F1xx_HAL_Driver/Inc/stm32f1xx_hal_def.h"
 431              		.file 6 "Drivers/STM32F1xx_HAL_Driver/Inc/stm32f1xx_hal_gpio.h"
 432              		.file 7 "Drivers/STM32F1xx_HAL_Driver/Inc/stm32f1xx_hal_dma.h"
 433              		.file 8 "Drivers/STM32F1xx_HAL_Driver/Inc/stm32f1xx_hal_uart.h"
 434              		.file 9 "Core/Inc/usart.h"
 435              		.file 10 "Drivers/STM32F1xx_HAL_Driver/Inc/stm32f1xx_hal_cortex.h"
 436              		.file 11 "Core/Inc/main.h"
ARM GAS  C:\Users\Pt\AppData\Local\Temp\cczQB7PV.s 			page 13


DEFINED SYMBOLS
                            *ABS*:00000000 usart.c
C:\Users\Pt\AppData\Local\Temp\cczQB7PV.s:18     .text.MX_USART1_UART_Init:00000000 $t
C:\Users\Pt\AppData\Local\Temp\cczQB7PV.s:24     .text.MX_USART1_UART_Init:00000000 MX_USART1_UART_Init
C:\Users\Pt\AppData\Local\Temp\cczQB7PV.s:88     .text.MX_USART1_UART_Init:00000038 $d
C:\Users\Pt\AppData\Local\Temp\cczQB7PV.s:94     .text.HAL_UART_MspInit:00000000 $t
C:\Users\Pt\AppData\Local\Temp\cczQB7PV.s:100    .text.HAL_UART_MspInit:00000000 HAL_UART_MspInit
C:\Users\Pt\AppData\Local\Temp\cczQB7PV.s:325    .text.HAL_UART_MspInit:000000e0 $d
C:\Users\Pt\AppData\Local\Temp\cczQB7PV.s:335    .text.HAL_UART_MspDeInit:00000000 $t
C:\Users\Pt\AppData\Local\Temp\cczQB7PV.s:341    .text.HAL_UART_MspDeInit:00000000 HAL_UART_MspDeInit
C:\Users\Pt\AppData\Local\Temp\cczQB7PV.s:395    .text.HAL_UART_MspDeInit:00000038 $d
C:\Users\Pt\AppData\Local\Temp\cczQB7PV.s:416    .bss.hdma_usart1_tx:00000000 hdma_usart1_tx
C:\Users\Pt\AppData\Local\Temp\cczQB7PV.s:409    .bss.hdma_usart1_rx:00000000 hdma_usart1_rx
C:\Users\Pt\AppData\Local\Temp\cczQB7PV.s:423    .bss.huart1:00000000 huart1
C:\Users\Pt\AppData\Local\Temp\cczQB7PV.s:405    .bss.hdma_usart1_rx:00000000 $d
C:\Users\Pt\AppData\Local\Temp\cczQB7PV.s:412    .bss.hdma_usart1_tx:00000000 $d
C:\Users\Pt\AppData\Local\Temp\cczQB7PV.s:419    .bss.huart1:00000000 $d

UNDEFINED SYMBOLS
HAL_UART_Init
Error_Handler
HAL_GPIO_Init
HAL_DMA_Init
HAL_NVIC_SetPriority
HAL_NVIC_EnableIRQ
HAL_GPIO_DeInit
HAL_DMA_DeInit
HAL_NVIC_DisableIRQ
