[0.018s] Invoking command in '/home/peter/dog/dog_dev/build/robot_interfaces': CMAKE_PREFIX_PATH=${CMAKE_PREFIX_PATH}:/opt/ros/jazzy DEBUGINFOD_URLS=https://debuginfod.ubuntu.com /usr/bin/cmake --build /home/peter/dog/dog_dev/build/robot_interfaces -- -j16 -l16
[0.056s] [  1%] Built target robot_interfaces__rs
[0.059s] [  2%] Built target robot_interfaces__rosidl_generator_type_description
[0.064s] [  2%] Built target ament_cmake_python_copy_robot_interfaces
[0.077s] [  4%] Built target robot_interfaces__cpp
[0.079s] [ 26%] Built target robot_interfaces__rosidl_generator_c
[0.120s] [ 36%] Built target robot_interfaces__rosidl_typesupport_introspection_cpp
[0.120s] [ 45%] Built target robot_interfaces__rosidl_typesupport_introspection_c
[0.121s] [ 54%] Built target robot_interfaces__rosidl_typesupport_fastrtps_c
[0.121s] [ 70%] Built target robot_interfaces__rosidl_typesupport_cpp
[0.121s] [ 73%] Built target robot_interfaces__rosidl_typesupport_fastrtps_cpp
[0.121s] [ 82%] Built target robot_interfaces__rosidl_typesupport_c
[0.121s] [ 82%] Built target robot_interfaces
[0.139s] [ 84%] Built target robot_interfaces__py
[0.152s] [ 92%] Built target robot_interfaces__rosidl_generator_py
[0.170s] [ 97%] Built target robot_interfaces_s__rosidl_typesupport_introspection_c
[0.170s] [ 97%] Built target robot_interfaces_s__rosidl_typesupport_fastrtps_c
[0.170s] [100%] Built target robot_interfaces_s__rosidl_typesupport_c
[0.214s] running egg_info
[0.225s] writing robot_interfaces.egg-info/PKG-INFO
[0.226s] writing dependency_links to robot_interfaces.egg-info/dependency_links.txt
[0.226s] writing top-level names to robot_interfaces.egg-info/top_level.txt
[0.261s] reading manifest file 'robot_interfaces.egg-info/SOURCES.txt'
[0.261s] writing manifest file 'robot_interfaces.egg-info/SOURCES.txt'
[0.280s] [100%] Built target ament_cmake_python_build_robot_interfaces_egg
[0.287s] Invoked command in '/home/peter/dog/dog_dev/build/robot_interfaces' returned '0': CMAKE_PREFIX_PATH=${CMAKE_PREFIX_PATH}:/opt/ros/jazzy DEBUGINFOD_URLS=https://debuginfod.ubuntu.com /usr/bin/cmake --build /home/peter/dog/dog_dev/build/robot_interfaces -- -j16 -l16
[0.288s] Invoking command in '/home/peter/dog/dog_dev/build/robot_interfaces': CMAKE_PREFIX_PATH=${CMAKE_PREFIX_PATH}:/opt/ros/jazzy DEBUGINFOD_URLS=https://debuginfod.ubuntu.com /usr/bin/cmake --install /home/peter/dog/dog_dev/build/robot_interfaces
[0.294s] -- Install configuration: ""
[0.294s] -- Up-to-date: /home/peter/dog/dog_dev/install/robot_interfaces/share/ament_index/resource_index/rosidl_interfaces/robot_interfaces
[0.294s] -- Up-to-date: /home/peter/dog/dog_dev/install/robot_interfaces/share/robot_interfaces/msg/TargetInfo.json
[0.294s] -- Up-to-date: /home/peter/dog/dog_dev/install/robot_interfaces/share/robot_interfaces/msg/SimpleDetection.json
[0.295s] -- Up-to-date: /home/peter/dog/dog_dev/install/robot_interfaces/share/robot_interfaces/msg/SimpleDetection2DArray.json
[0.295s] -- Up-to-date: /home/peter/dog/dog_dev/install/robot_interfaces/share/robot_interfaces/srv/SetTargetClass.json
[0.295s] -- Up-to-date: /home/peter/dog/dog_dev/install/robot_interfaces/share/robot_interfaces/srv/CalibrateCenter.json
[0.295s] -- Up-to-date: /home/peter/dog/dog_dev/install/robot_interfaces/include/robot_interfaces/robot_interfaces
[0.295s] -- Up-to-date: /home/peter/dog/dog_dev/install/robot_interfaces/include/robot_interfaces/robot_interfaces/srv
[0.296s] -- Up-to-date: /home/peter/dog/dog_dev/install/robot_interfaces/include/robot_interfaces/robot_interfaces/srv/detail
[0.296s] -- Up-to-date: /home/peter/dog/dog_dev/install/robot_interfaces/include/robot_interfaces/robot_interfaces/srv/detail/calibrate_center__type_support.h
[0.296s] -- Up-to-date: /home/peter/dog/dog_dev/install/robot_interfaces/include/robot_interfaces/robot_interfaces/srv/detail/set_target_class__struct.h
[0.296s] -- Up-to-date: /home/peter/dog/dog_dev/install/robot_interfaces/include/robot_interfaces/robot_interfaces/srv/detail/calibrate_center__struct.h
[0.296s] -- Up-to-date: /home/peter/dog/dog_dev/install/robot_interfaces/include/robot_interfaces/robot_interfaces/srv/detail/calibrate_center__functions.c
[0.297s] -- Up-to-date: /home/peter/dog/dog_dev/install/robot_interfaces/include/robot_interfaces/robot_interfaces/srv/detail/set_target_class__type_support.h
[0.297s] -- Up-to-date: /home/peter/dog/dog_dev/install/robot_interfaces/include/robot_interfaces/robot_interfaces/srv/detail/calibrate_center__functions.h
[0.297s] -- Up-to-date: /home/peter/dog/dog_dev/install/robot_interfaces/include/robot_interfaces/robot_interfaces/srv/detail/calibrate_center__description.c
[0.297s] -- Up-to-date: /home/peter/dog/dog_dev/install/robot_interfaces/include/robot_interfaces/robot_interfaces/srv/detail/set_target_class__functions.c
[0.297s] -- Up-to-date: /home/peter/dog/dog_dev/install/robot_interfaces/include/robot_interfaces/robot_interfaces/srv/detail/set_target_class__functions.h
[0.298s] -- Up-to-date: /home/peter/dog/dog_dev/install/robot_interfaces/include/robot_interfaces/robot_interfaces/srv/detail/set_target_class__description.c
[0.298s] -- Up-to-date: /home/peter/dog/dog_dev/install/robot_interfaces/include/robot_interfaces/robot_interfaces/srv/detail/set_target_class__type_support.c
[0.298s] -- Up-to-date: /home/peter/dog/dog_dev/install/robot_interfaces/include/robot_interfaces/robot_interfaces/srv/detail/calibrate_center__type_support.c
[0.298s] -- Up-to-date: /home/peter/dog/dog_dev/install/robot_interfaces/include/robot_interfaces/robot_interfaces/srv/calibrate_center.h
[0.298s] -- Up-to-date: /home/peter/dog/dog_dev/install/robot_interfaces/include/robot_interfaces/robot_interfaces/srv/set_target_class.h
[0.298s] -- Up-to-date: /home/peter/dog/dog_dev/install/robot_interfaces/include/robot_interfaces/robot_interfaces/msg
[0.298s] -- Up-to-date: /home/peter/dog/dog_dev/install/robot_interfaces/include/robot_interfaces/robot_interfaces/msg/detail
[0.298s] -- Up-to-date: /home/peter/dog/dog_dev/install/robot_interfaces/include/robot_interfaces/robot_interfaces/msg/detail/target_info__type_support.c
[0.298s] -- Up-to-date: /home/peter/dog/dog_dev/install/robot_interfaces/include/robot_interfaces/robot_interfaces/msg/detail/simple_detection2_d_array__type_support.c
[0.298s] -- Up-to-date: /home/peter/dog/dog_dev/install/robot_interfaces/include/robot_interfaces/robot_interfaces/msg/detail/simple_detection__functions.h
[0.298s] -- Up-to-date: /home/peter/dog/dog_dev/install/robot_interfaces/include/robot_interfaces/robot_interfaces/msg/detail/simple_detection__functions.c
[0.298s] -- Up-to-date: /home/peter/dog/dog_dev/install/robot_interfaces/include/robot_interfaces/robot_interfaces/msg/detail/simple_detection__type_support.h
[0.298s] -- Up-to-date: /home/peter/dog/dog_dev/install/robot_interfaces/include/robot_interfaces/robot_interfaces/msg/detail/target_info__functions.c
[0.298s] -- Up-to-date: /home/peter/dog/dog_dev/install/robot_interfaces/include/robot_interfaces/robot_interfaces/msg/detail/simple_detection__struct.h
[0.298s] -- Up-to-date: /home/peter/dog/dog_dev/install/robot_interfaces/include/robot_interfaces/robot_interfaces/msg/detail/simple_detection2_d_array__description.c
[0.298s] -- Up-to-date: /home/peter/dog/dog_dev/install/robot_interfaces/include/robot_interfaces/robot_interfaces/msg/detail/target_info__struct.h
[0.299s] -- Up-to-date: /home/peter/dog/dog_dev/install/robot_interfaces/include/robot_interfaces/robot_interfaces/msg/detail/simple_detection__description.c
[0.299s] -- Up-to-date: /home/peter/dog/dog_dev/install/robot_interfaces/include/robot_interfaces/robot_interfaces/msg/detail/target_info__type_support.h
[0.299s] -- Up-to-date: /home/peter/dog/dog_dev/install/robot_interfaces/include/robot_interfaces/robot_interfaces/msg/detail/simple_detection__type_support.c
[0.299s] -- Up-to-date: /home/peter/dog/dog_dev/install/robot_interfaces/include/robot_interfaces/robot_interfaces/msg/detail/simple_detection2_d_array__type_support.h
[0.299s] -- Up-to-date: /home/peter/dog/dog_dev/install/robot_interfaces/include/robot_interfaces/robot_interfaces/msg/detail/target_info__description.c
[0.299s] -- Up-to-date: /home/peter/dog/dog_dev/install/robot_interfaces/include/robot_interfaces/robot_interfaces/msg/detail/simple_detection2_d_array__struct.h
[0.299s] -- Up-to-date: /home/peter/dog/dog_dev/install/robot_interfaces/include/robot_interfaces/robot_interfaces/msg/detail/target_info__functions.h
[0.299s] -- Up-to-date: /home/peter/dog/dog_dev/install/robot_interfaces/include/robot_interfaces/robot_interfaces/msg/detail/simple_detection2_d_array__functions.c
[0.299s] -- Up-to-date: /home/peter/dog/dog_dev/install/robot_interfaces/include/robot_interfaces/robot_interfaces/msg/detail/simple_detection2_d_array__functions.h
[0.299s] -- Up-to-date: /home/peter/dog/dog_dev/install/robot_interfaces/include/robot_interfaces/robot_interfaces/msg/simple_detection.h
[0.299s] -- Up-to-date: /home/peter/dog/dog_dev/install/robot_interfaces/include/robot_interfaces/robot_interfaces/msg/simple_detection2_d_array.h
[0.299s] -- Up-to-date: /home/peter/dog/dog_dev/install/robot_interfaces/include/robot_interfaces/robot_interfaces/msg/rosidl_generator_c__visibility_control.h
[0.299s] -- Up-to-date: /home/peter/dog/dog_dev/install/robot_interfaces/include/robot_interfaces/robot_interfaces/msg/target_info.h
[0.299s] -- Up-to-date: /home/peter/dog/dog_dev/install/robot_interfaces/share/robot_interfaces/environment/library_path.sh
[0.299s] -- Up-to-date: /home/peter/dog/dog_dev/install/robot_interfaces/share/robot_interfaces/environment/library_path.dsv
[0.299s] -- Up-to-date: /home/peter/dog/dog_dev/install/robot_interfaces/lib/librobot_interfaces__rosidl_generator_c.so
[0.299s] -- Up-to-date: /home/peter/dog/dog_dev/install/robot_interfaces/include/robot_interfaces/robot_interfaces
[0.299s] -- Up-to-date: /home/peter/dog/dog_dev/install/robot_interfaces/include/robot_interfaces/robot_interfaces/srv
[0.299s] -- Up-to-date: /home/peter/dog/dog_dev/install/robot_interfaces/include/robot_interfaces/robot_interfaces/srv/detail
[0.299s] -- Up-to-date: /home/peter/dog/dog_dev/install/robot_interfaces/include/robot_interfaces/robot_interfaces/srv/detail/set_target_class__rosidl_typesupport_fastrtps_c.h
[0.299s] -- Up-to-date: /home/peter/dog/dog_dev/install/robot_interfaces/include/robot_interfaces/robot_interfaces/srv/detail/calibrate_center__rosidl_typesupport_fastrtps_c.h
[0.299s] -- Up-to-date: /home/peter/dog/dog_dev/install/robot_interfaces/include/robot_interfaces/robot_interfaces/msg
[0.299s] -- Up-to-date: /home/peter/dog/dog_dev/install/robot_interfaces/include/robot_interfaces/robot_interfaces/msg/detail
[0.299s] -- Up-to-date: /home/peter/dog/dog_dev/install/robot_interfaces/include/robot_interfaces/robot_interfaces/msg/detail/simple_detection__rosidl_typesupport_fastrtps_c.h
[0.299s] -- Up-to-date: /home/peter/dog/dog_dev/install/robot_interfaces/include/robot_interfaces/robot_interfaces/msg/detail/target_info__rosidl_typesupport_fastrtps_c.h
[0.299s] -- Up-to-date: /home/peter/dog/dog_dev/install/robot_interfaces/include/robot_interfaces/robot_interfaces/msg/detail/simple_detection2_d_array__rosidl_typesupport_fastrtps_c.h
[0.299s] -- Up-to-date: /home/peter/dog/dog_dev/install/robot_interfaces/include/robot_interfaces/robot_interfaces/msg/rosidl_typesupport_fastrtps_c__visibility_control.h
[0.299s] -- Up-to-date: /home/peter/dog/dog_dev/install/robot_interfaces/lib/librobot_interfaces__rosidl_typesupport_fastrtps_c.so
[0.300s] -- Up-to-date: /home/peter/dog/dog_dev/install/robot_interfaces/include/robot_interfaces/robot_interfaces
[0.300s] -- Up-to-date: /home/peter/dog/dog_dev/install/robot_interfaces/include/robot_interfaces/robot_interfaces/srv
[0.300s] -- Up-to-date: /home/peter/dog/dog_dev/install/robot_interfaces/include/robot_interfaces/robot_interfaces/srv/detail
[0.300s] -- Up-to-date: /home/peter/dog/dog_dev/install/robot_interfaces/include/robot_interfaces/robot_interfaces/srv/detail/set_target_class__rosidl_typesupport_introspection_c.h
[0.300s] -- Up-to-date: /home/peter/dog/dog_dev/install/robot_interfaces/include/robot_interfaces/robot_interfaces/srv/detail/set_target_class__type_support.c
[0.300s] -- Up-to-date: /home/peter/dog/dog_dev/install/robot_interfaces/include/robot_interfaces/robot_interfaces/srv/detail/calibrate_center__type_support.c
[0.300s] -- Up-to-date: /home/peter/dog/dog_dev/install/robot_interfaces/include/robot_interfaces/robot_interfaces/srv/detail/calibrate_center__rosidl_typesupport_introspection_c.h
[0.300s] -- Up-to-date: /home/peter/dog/dog_dev/install/robot_interfaces/include/robot_interfaces/robot_interfaces/msg
[0.300s] -- Up-to-date: /home/peter/dog/dog_dev/install/robot_interfaces/include/robot_interfaces/robot_interfaces/msg/detail
[0.300s] -- Up-to-date: /home/peter/dog/dog_dev/install/robot_interfaces/include/robot_interfaces/robot_interfaces/msg/detail/target_info__type_support.c
[0.300s] -- Up-to-date: /home/peter/dog/dog_dev/install/robot_interfaces/include/robot_interfaces/robot_interfaces/msg/detail/simple_detection2_d_array__type_support.c
[0.300s] -- Up-to-date: /home/peter/dog/dog_dev/install/robot_interfaces/include/robot_interfaces/robot_interfaces/msg/detail/simple_detection2_d_array__rosidl_typesupport_introspection_c.h
[0.300s] -- Up-to-date: /home/peter/dog/dog_dev/install/robot_interfaces/include/robot_interfaces/robot_interfaces/msg/detail/simple_detection__type_support.c
[0.300s] -- Up-to-date: /home/peter/dog/dog_dev/install/robot_interfaces/include/robot_interfaces/robot_interfaces/msg/detail/simple_detection__rosidl_typesupport_introspection_c.h
[0.300s] -- Up-to-date: /home/peter/dog/dog_dev/install/robot_interfaces/include/robot_interfaces/robot_interfaces/msg/detail/target_info__rosidl_typesupport_introspection_c.h
[0.300s] -- Up-to-date: /home/peter/dog/dog_dev/install/robot_interfaces/include/robot_interfaces/robot_interfaces/msg/rosidl_typesupport_introspection_c__visibility_control.h
[0.300s] -- Up-to-date: /home/peter/dog/dog_dev/install/robot_interfaces/lib/librobot_interfaces__rosidl_typesupport_introspection_c.so
[0.300s] -- Up-to-date: /home/peter/dog/dog_dev/install/robot_interfaces/lib/librobot_interfaces__rosidl_typesupport_c.so
[0.300s] -- Up-to-date: /home/peter/dog/dog_dev/install/robot_interfaces/include/robot_interfaces/robot_interfaces
[0.300s] -- Up-to-date: /home/peter/dog/dog_dev/install/robot_interfaces/include/robot_interfaces/robot_interfaces/srv
[0.300s] -- Up-to-date: /home/peter/dog/dog_dev/install/robot_interfaces/include/robot_interfaces/robot_interfaces/srv/calibrate_center.hpp
[0.300s] -- Up-to-date: /home/peter/dog/dog_dev/install/robot_interfaces/include/robot_interfaces/robot_interfaces/srv/detail
[0.300s] -- Up-to-date: /home/peter/dog/dog_dev/install/robot_interfaces/include/robot_interfaces/robot_interfaces/srv/detail/calibrate_center__traits.hpp
[0.301s] -- Up-to-date: /home/peter/dog/dog_dev/install/robot_interfaces/include/robot_interfaces/robot_interfaces/srv/detail/calibrate_center__struct.hpp
[0.301s] -- Up-to-date: /home/peter/dog/dog_dev/install/robot_interfaces/include/robot_interfaces/robot_interfaces/srv/detail/calibrate_center__type_support.hpp
[0.301s] -- Up-to-date: /home/peter/dog/dog_dev/install/robot_interfaces/include/robot_interfaces/robot_interfaces/srv/detail/set_target_class__builder.hpp
[0.301s] -- Up-to-date: /home/peter/dog/dog_dev/install/robot_interfaces/include/robot_interfaces/robot_interfaces/srv/detail/calibrate_center__builder.hpp
[0.301s] -- Up-to-date: /home/peter/dog/dog_dev/install/robot_interfaces/include/robot_interfaces/robot_interfaces/srv/detail/set_target_class__struct.hpp
[0.301s] -- Up-to-date: /home/peter/dog/dog_dev/install/robot_interfaces/include/robot_interfaces/robot_interfaces/srv/detail/set_target_class__type_support.hpp
[0.301s] -- Up-to-date: /home/peter/dog/dog_dev/install/robot_interfaces/include/robot_interfaces/robot_interfaces/srv/detail/set_target_class__traits.hpp
[0.301s] -- Up-to-date: /home/peter/dog/dog_dev/install/robot_interfaces/include/robot_interfaces/robot_interfaces/srv/set_target_class.hpp
[0.301s] -- Up-to-date: /home/peter/dog/dog_dev/install/robot_interfaces/include/robot_interfaces/robot_interfaces/msg
[0.301s] -- Up-to-date: /home/peter/dog/dog_dev/install/robot_interfaces/include/robot_interfaces/robot_interfaces/msg/rosidl_generator_cpp__visibility_control.hpp
[0.301s] -- Up-to-date: /home/peter/dog/dog_dev/install/robot_interfaces/include/robot_interfaces/robot_interfaces/msg/detail
[0.301s] -- Up-to-date: /home/peter/dog/dog_dev/install/robot_interfaces/include/robot_interfaces/robot_interfaces/msg/detail/target_info__traits.hpp
[0.301s] -- Up-to-date: /home/peter/dog/dog_dev/install/robot_interfaces/include/robot_interfaces/robot_interfaces/msg/detail/target_info__builder.hpp
[0.301s] -- Up-to-date: /home/peter/dog/dog_dev/install/robot_interfaces/include/robot_interfaces/robot_interfaces/msg/detail/simple_detection__traits.hpp
[0.301s] -- Up-to-date: /home/peter/dog/dog_dev/install/robot_interfaces/include/robot_interfaces/robot_interfaces/msg/detail/simple_detection2_d_array__traits.hpp
[0.301s] -- Up-to-date: /home/peter/dog/dog_dev/install/robot_interfaces/include/robot_interfaces/robot_interfaces/msg/detail/target_info__struct.hpp
[0.301s] -- Up-to-date: /home/peter/dog/dog_dev/install/robot_interfaces/include/robot_interfaces/robot_interfaces/msg/detail/target_info__type_support.hpp
[0.301s] -- Up-to-date: /home/peter/dog/dog_dev/install/robot_interfaces/include/robot_interfaces/robot_interfaces/msg/detail/simple_detection__type_support.hpp
[0.301s] -- Up-to-date: /home/peter/dog/dog_dev/install/robot_interfaces/include/robot_interfaces/robot_interfaces/msg/detail/simple_detection2_d_array__type_support.hpp
[0.301s] -- Up-to-date: /home/peter/dog/dog_dev/install/robot_interfaces/include/robot_interfaces/robot_interfaces/msg/detail/simple_detection2_d_array__builder.hpp
[0.301s] -- Up-to-date: /home/peter/dog/dog_dev/install/robot_interfaces/include/robot_interfaces/robot_interfaces/msg/detail/simple_detection__builder.hpp
[0.301s] -- Up-to-date: /home/peter/dog/dog_dev/install/robot_interfaces/include/robot_interfaces/robot_interfaces/msg/detail/simple_detection__struct.hpp
[0.301s] -- Up-to-date: /home/peter/dog/dog_dev/install/robot_interfaces/include/robot_interfaces/robot_interfaces/msg/detail/simple_detection2_d_array__struct.hpp
[0.301s] -- Up-to-date: /home/peter/dog/dog_dev/install/robot_interfaces/include/robot_interfaces/robot_interfaces/msg/simple_detection.hpp
[0.301s] -- Up-to-date: /home/peter/dog/dog_dev/install/robot_interfaces/include/robot_interfaces/robot_interfaces/msg/target_info.hpp
[0.301s] -- Up-to-date: /home/peter/dog/dog_dev/install/robot_interfaces/include/robot_interfaces/robot_interfaces/msg/simple_detection2_d_array.hpp
[0.301s] -- Up-to-date: /home/peter/dog/dog_dev/install/robot_interfaces/include/robot_interfaces/robot_interfaces
[0.301s] -- Up-to-date: /home/peter/dog/dog_dev/install/robot_interfaces/include/robot_interfaces/robot_interfaces/srv
[0.301s] -- Up-to-date: /home/peter/dog/dog_dev/install/robot_interfaces/include/robot_interfaces/robot_interfaces/srv/detail
[0.301s] -- Up-to-date: /home/peter/dog/dog_dev/install/robot_interfaces/include/robot_interfaces/robot_interfaces/srv/detail/set_target_class__rosidl_typesupport_fastrtps_cpp.hpp
[0.301s] -- Up-to-date: /home/peter/dog/dog_dev/install/robot_interfaces/include/robot_interfaces/robot_interfaces/srv/detail/calibrate_center__rosidl_typesupport_fastrtps_cpp.hpp
[0.302s] -- Up-to-date: /home/peter/dog/dog_dev/install/robot_interfaces/include/robot_interfaces/robot_interfaces/srv/detail/dds_fastrtps
[0.302s] -- Up-to-date: /home/peter/dog/dog_dev/install/robot_interfaces/include/robot_interfaces/robot_interfaces/msg
[0.302s] -- Up-to-date: /home/peter/dog/dog_dev/install/robot_interfaces/include/robot_interfaces/robot_interfaces/msg/detail
[0.302s] -- Up-to-date: /home/peter/dog/dog_dev/install/robot_interfaces/include/robot_interfaces/robot_interfaces/msg/detail/simple_detection__rosidl_typesupport_fastrtps_cpp.hpp
[0.302s] -- Up-to-date: /home/peter/dog/dog_dev/install/robot_interfaces/include/robot_interfaces/robot_interfaces/msg/detail/target_info__rosidl_typesupport_fastrtps_cpp.hpp
[0.302s] -- Up-to-date: /home/peter/dog/dog_dev/install/robot_interfaces/include/robot_interfaces/robot_interfaces/msg/detail/simple_detection2_d_array__rosidl_typesupport_fastrtps_cpp.hpp
[0.302s] -- Up-to-date: /home/peter/dog/dog_dev/install/robot_interfaces/include/robot_interfaces/robot_interfaces/msg/detail/dds_fastrtps
[0.302s] -- Up-to-date: /home/peter/dog/dog_dev/install/robot_interfaces/include/robot_interfaces/robot_interfaces/msg/rosidl_typesupport_fastrtps_cpp__visibility_control.h
[0.302s] -- Up-to-date: /home/peter/dog/dog_dev/install/robot_interfaces/lib/librobot_interfaces__rosidl_typesupport_fastrtps_cpp.so
[0.302s] -- Up-to-date: /home/peter/dog/dog_dev/install/robot_interfaces/include/robot_interfaces/robot_interfaces
[0.302s] -- Up-to-date: /home/peter/dog/dog_dev/install/robot_interfaces/include/robot_interfaces/robot_interfaces/srv
[0.302s] -- Up-to-date: /home/peter/dog/dog_dev/install/robot_interfaces/include/robot_interfaces/robot_interfaces/srv/detail
[0.302s] -- Up-to-date: /home/peter/dog/dog_dev/install/robot_interfaces/include/robot_interfaces/robot_interfaces/srv/detail/calibrate_center__type_support.cpp
[0.302s] -- Up-to-date: /home/peter/dog/dog_dev/install/robot_interfaces/include/robot_interfaces/robot_interfaces/srv/detail/calibrate_center__rosidl_typesupport_introspection_cpp.hpp
[0.302s] -- Up-to-date: /home/peter/dog/dog_dev/install/robot_interfaces/include/robot_interfaces/robot_interfaces/srv/detail/set_target_class__rosidl_typesupport_introspection_cpp.hpp
[0.302s] -- Up-to-date: /home/peter/dog/dog_dev/install/robot_interfaces/include/robot_interfaces/robot_interfaces/srv/detail/set_target_class__type_support.cpp
[0.302s] -- Up-to-date: /home/peter/dog/dog_dev/install/robot_interfaces/include/robot_interfaces/robot_interfaces/msg
[0.302s] -- Up-to-date: /home/peter/dog/dog_dev/install/robot_interfaces/include/robot_interfaces/robot_interfaces/msg/detail
[0.302s] -- Up-to-date: /home/peter/dog/dog_dev/install/robot_interfaces/include/robot_interfaces/robot_interfaces/msg/detail/simple_detection2_d_array__rosidl_typesupport_introspection_cpp.hpp
[0.302s] -- Up-to-date: /home/peter/dog/dog_dev/install/robot_interfaces/include/robot_interfaces/robot_interfaces/msg/detail/target_info__type_support.cpp
[0.302s] -- Up-to-date: /home/peter/dog/dog_dev/install/robot_interfaces/include/robot_interfaces/robot_interfaces/msg/detail/target_info__rosidl_typesupport_introspection_cpp.hpp
[0.302s] -- Up-to-date: /home/peter/dog/dog_dev/install/robot_interfaces/include/robot_interfaces/robot_interfaces/msg/detail/simple_detection__type_support.cpp
[0.302s] -- Up-to-date: /home/peter/dog/dog_dev/install/robot_interfaces/include/robot_interfaces/robot_interfaces/msg/detail/simple_detection__rosidl_typesupport_introspection_cpp.hpp
[0.302s] -- Up-to-date: /home/peter/dog/dog_dev/install/robot_interfaces/include/robot_interfaces/robot_interfaces/msg/detail/simple_detection2_d_array__type_support.cpp
[0.302s] -- Up-to-date: /home/peter/dog/dog_dev/install/robot_interfaces/lib/librobot_interfaces__rosidl_typesupport_introspection_cpp.so
[0.302s] -- Up-to-date: /home/peter/dog/dog_dev/install/robot_interfaces/lib/librobot_interfaces__rosidl_typesupport_cpp.so
[0.303s] -- Up-to-date: /home/peter/dog/dog_dev/install/robot_interfaces/share/robot_interfaces/environment/pythonpath.sh
[0.303s] -- Up-to-date: /home/peter/dog/dog_dev/install/robot_interfaces/share/robot_interfaces/environment/pythonpath.dsv
[0.303s] -- Up-to-date: /home/peter/dog/dog_dev/install/robot_interfaces/lib/python3.12/site-packages/robot_interfaces-0.0.0-py3.12.egg-info
[0.303s] -- Installing: /home/peter/dog/dog_dev/install/robot_interfaces/lib/python3.12/site-packages/robot_interfaces-0.0.0-py3.12.egg-info/dependency_links.txt
[0.303s] -- Installing: /home/peter/dog/dog_dev/install/robot_interfaces/lib/python3.12/site-packages/robot_interfaces-0.0.0-py3.12.egg-info/PKG-INFO
[0.303s] -- Installing: /home/peter/dog/dog_dev/install/robot_interfaces/lib/python3.12/site-packages/robot_interfaces-0.0.0-py3.12.egg-info/SOURCES.txt
[0.303s] -- Installing: /home/peter/dog/dog_dev/install/robot_interfaces/lib/python3.12/site-packages/robot_interfaces-0.0.0-py3.12.egg-info/top_level.txt
[0.303s] -- Up-to-date: /home/peter/dog/dog_dev/install/robot_interfaces/lib/python3.12/site-packages/robot_interfaces
[0.303s] -- Up-to-date: /home/peter/dog/dog_dev/install/robot_interfaces/lib/python3.12/site-packages/robot_interfaces/robot_interfaces_s__rosidl_typesupport_introspection_c.so
[0.303s] -- Up-to-date: /home/peter/dog/dog_dev/install/robot_interfaces/lib/python3.12/site-packages/robot_interfaces/_robot_interfaces_s.ep.rosidl_typesupport_c.c
[0.303s] -- Up-to-date: /home/peter/dog/dog_dev/install/robot_interfaces/lib/python3.12/site-packages/robot_interfaces/robot_interfaces_s__rosidl_typesupport_fastrtps_c.so
[0.303s] -- Up-to-date: /home/peter/dog/dog_dev/install/robot_interfaces/lib/python3.12/site-packages/robot_interfaces/srv
[0.303s] -- Up-to-date: /home/peter/dog/dog_dev/install/robot_interfaces/lib/python3.12/site-packages/robot_interfaces/srv/_calibrate_center.py
[0.303s] -- Up-to-date: /home/peter/dog/dog_dev/install/robot_interfaces/lib/python3.12/site-packages/robot_interfaces/srv/_set_target_class_s.c
[0.303s] -- Up-to-date: /home/peter/dog/dog_dev/install/robot_interfaces/lib/python3.12/site-packages/robot_interfaces/srv/_set_target_class.py
[0.303s] -- Up-to-date: /home/peter/dog/dog_dev/install/robot_interfaces/lib/python3.12/site-packages/robot_interfaces/srv/_calibrate_center_s.c
[0.303s] -- Up-to-date: /home/peter/dog/dog_dev/install/robot_interfaces/lib/python3.12/site-packages/robot_interfaces/srv/__init__.py
[0.303s] -- Up-to-date: /home/peter/dog/dog_dev/install/robot_interfaces/lib/python3.12/site-packages/robot_interfaces/__init__.py
[0.303s] -- Up-to-date: /home/peter/dog/dog_dev/install/robot_interfaces/lib/python3.12/site-packages/robot_interfaces/_robot_interfaces_s.ep.rosidl_typesupport_introspection_c.c
[0.303s] -- Up-to-date: /home/peter/dog/dog_dev/install/robot_interfaces/lib/python3.12/site-packages/robot_interfaces/robot_interfaces_s__rosidl_typesupport_c.so
[0.303s] -- Up-to-date: /home/peter/dog/dog_dev/install/robot_interfaces/lib/python3.12/site-packages/robot_interfaces/_robot_interfaces_s.ep.rosidl_typesupport_fastrtps_c.c
[0.303s] -- Up-to-date: /home/peter/dog/dog_dev/install/robot_interfaces/lib/python3.12/site-packages/robot_interfaces/msg
[0.303s] -- Up-to-date: /home/peter/dog/dog_dev/install/robot_interfaces/lib/python3.12/site-packages/robot_interfaces/msg/_simple_detection.py
[0.303s] -- Up-to-date: /home/peter/dog/dog_dev/install/robot_interfaces/lib/python3.12/site-packages/robot_interfaces/msg/_target_info_s.c
[0.303s] -- Up-to-date: /home/peter/dog/dog_dev/install/robot_interfaces/lib/python3.12/site-packages/robot_interfaces/msg/_target_info.py
[0.303s] -- Up-to-date: /home/peter/dog/dog_dev/install/robot_interfaces/lib/python3.12/site-packages/robot_interfaces/msg/__init__.py
[0.303s] -- Up-to-date: /home/peter/dog/dog_dev/install/robot_interfaces/lib/python3.12/site-packages/robot_interfaces/msg/_simple_detection2_d_array.py
[0.304s] -- Up-to-date: /home/peter/dog/dog_dev/install/robot_interfaces/lib/python3.12/site-packages/robot_interfaces/msg/_simple_detection_s.c
[0.304s] -- Up-to-date: /home/peter/dog/dog_dev/install/robot_interfaces/lib/python3.12/site-packages/robot_interfaces/msg/_simple_detection2_d_array_s.c
[0.322s] Listing '/home/peter/dog/dog_dev/install/robot_interfaces/lib/python3.12/site-packages/robot_interfaces'...
[0.322s] Listing '/home/peter/dog/dog_dev/install/robot_interfaces/lib/python3.12/site-packages/robot_interfaces/msg'...
[0.322s] Listing '/home/peter/dog/dog_dev/install/robot_interfaces/lib/python3.12/site-packages/robot_interfaces/srv'...
[0.326s] -- Up-to-date: /home/peter/dog/dog_dev/install/robot_interfaces/lib/python3.12/site-packages/robot_interfaces/robot_interfaces_s__rosidl_typesupport_fastrtps_c.so
[0.326s] -- Up-to-date: /home/peter/dog/dog_dev/install/robot_interfaces/lib/python3.12/site-packages/robot_interfaces/robot_interfaces_s__rosidl_typesupport_introspection_c.so
[0.327s] -- Up-to-date: /home/peter/dog/dog_dev/install/robot_interfaces/lib/python3.12/site-packages/robot_interfaces/robot_interfaces_s__rosidl_typesupport_c.so
[0.327s] -- Up-to-date: /home/peter/dog/dog_dev/install/robot_interfaces/lib/librobot_interfaces__rosidl_generator_py.so
[0.327s] -- Up-to-date: /home/peter/dog/dog_dev/install/robot_interfaces/share/ament_index/resource_index/rust_packages/robot_interfaces
[0.327s] -- Up-to-date: /home/peter/dog/dog_dev/install/robot_interfaces/share/robot_interfaces/rust
[0.327s] -- Up-to-date: /home/peter/dog/dog_dev/install/robot_interfaces/share/robot_interfaces/rust/Cargo.toml
[0.327s] -- Up-to-date: /home/peter/dog/dog_dev/install/robot_interfaces/share/robot_interfaces/rust/build.rs
[0.328s] -- Up-to-date: /home/peter/dog/dog_dev/install/robot_interfaces/share/robot_interfaces/rust/src
[0.328s] -- Up-to-date: /home/peter/dog/dog_dev/install/robot_interfaces/share/robot_interfaces/rust/src/lib.rs
[0.328s] -- Up-to-date: /home/peter/dog/dog_dev/install/robot_interfaces/share/robot_interfaces/rust/src/srv.rs
[0.328s] -- Up-to-date: /home/peter/dog/dog_dev/install/robot_interfaces/share/robot_interfaces/rust/src/msg.rs
[0.328s] -- Up-to-date: /home/peter/dog/dog_dev/install/robot_interfaces/share/robot_interfaces/rust/src/srv
[0.328s] -- Up-to-date: /home/peter/dog/dog_dev/install/robot_interfaces/share/robot_interfaces/rust/src/srv/rmw.rs
[0.328s] -- Up-to-date: /home/peter/dog/dog_dev/install/robot_interfaces/share/robot_interfaces/rust/src/msg
[0.328s] -- Up-to-date: /home/peter/dog/dog_dev/install/robot_interfaces/share/robot_interfaces/rust/src/msg/rmw.rs
[0.328s] -- Up-to-date: /home/peter/dog/dog_dev/install/robot_interfaces/share/robot_interfaces/msg/TargetInfo.idl
[0.328s] -- Up-to-date: /home/peter/dog/dog_dev/install/robot_interfaces/share/robot_interfaces/msg/SimpleDetection.idl
[0.328s] -- Up-to-date: /home/peter/dog/dog_dev/install/robot_interfaces/share/robot_interfaces/msg/SimpleDetection2DArray.idl
[0.328s] -- Up-to-date: /home/peter/dog/dog_dev/install/robot_interfaces/share/robot_interfaces/srv/SetTargetClass.idl
[0.328s] -- Up-to-date: /home/peter/dog/dog_dev/install/robot_interfaces/share/robot_interfaces/srv/CalibrateCenter.idl
[0.328s] -- Up-to-date: /home/peter/dog/dog_dev/install/robot_interfaces/share/robot_interfaces/msg/TargetInfo.msg
[0.328s] -- Up-to-date: /home/peter/dog/dog_dev/install/robot_interfaces/share/robot_interfaces/msg/SimpleDetection.msg
[0.328s] -- Up-to-date: /home/peter/dog/dog_dev/install/robot_interfaces/share/robot_interfaces/msg/SimpleDetection2DArray.msg
[0.328s] -- Up-to-date: /home/peter/dog/dog_dev/install/robot_interfaces/share/robot_interfaces/srv/SetTargetClass.srv
[0.328s] -- Up-to-date: /home/peter/dog/dog_dev/install/robot_interfaces/share/robot_interfaces/srv/CalibrateCenter.srv
[0.328s] -- Up-to-date: /home/peter/dog/dog_dev/install/robot_interfaces/share/ament_index/resource_index/package_run_dependencies/robot_interfaces
[0.328s] -- Up-to-date: /home/peter/dog/dog_dev/install/robot_interfaces/share/ament_index/resource_index/parent_prefix_path/robot_interfaces
[0.329s] -- Up-to-date: /home/peter/dog/dog_dev/install/robot_interfaces/share/robot_interfaces/environment/ament_prefix_path.sh
[0.329s] -- Up-to-date: /home/peter/dog/dog_dev/install/robot_interfaces/share/robot_interfaces/environment/ament_prefix_path.dsv
[0.329s] -- Up-to-date: /home/peter/dog/dog_dev/install/robot_interfaces/share/robot_interfaces/environment/path.sh
[0.329s] -- Up-to-date: /home/peter/dog/dog_dev/install/robot_interfaces/share/robot_interfaces/environment/path.dsv
[0.329s] -- Up-to-date: /home/peter/dog/dog_dev/install/robot_interfaces/share/robot_interfaces/local_setup.bash
[0.329s] -- Up-to-date: /home/peter/dog/dog_dev/install/robot_interfaces/share/robot_interfaces/local_setup.sh
[0.329s] -- Up-to-date: /home/peter/dog/dog_dev/install/robot_interfaces/share/robot_interfaces/local_setup.zsh
[0.329s] -- Up-to-date: /home/peter/dog/dog_dev/install/robot_interfaces/share/robot_interfaces/local_setup.dsv
[0.329s] -- Installing: /home/peter/dog/dog_dev/install/robot_interfaces/share/robot_interfaces/package.dsv
[0.329s] -- Up-to-date: /home/peter/dog/dog_dev/install/robot_interfaces/share/ament_index/resource_index/packages/robot_interfaces
[0.329s] -- Up-to-date: /home/peter/dog/dog_dev/install/robot_interfaces/share/robot_interfaces/cmake/export_robot_interfaces__rosidl_generator_cExport.cmake
[0.329s] -- Up-to-date: /home/peter/dog/dog_dev/install/robot_interfaces/share/robot_interfaces/cmake/export_robot_interfaces__rosidl_generator_cExport-noconfig.cmake
[0.330s] -- Up-to-date: /home/peter/dog/dog_dev/install/robot_interfaces/share/robot_interfaces/cmake/export_robot_interfaces__rosidl_typesupport_fastrtps_cExport.cmake
[0.330s] -- Up-to-date: /home/peter/dog/dog_dev/install/robot_interfaces/share/robot_interfaces/cmake/export_robot_interfaces__rosidl_typesupport_fastrtps_cExport-noconfig.cmake
[0.331s] -- Up-to-date: /home/peter/dog/dog_dev/install/robot_interfaces/share/robot_interfaces/cmake/robot_interfaces__rosidl_typesupport_introspection_cExport.cmake
[0.331s] -- Up-to-date: /home/peter/dog/dog_dev/install/robot_interfaces/share/robot_interfaces/cmake/robot_interfaces__rosidl_typesupport_introspection_cExport-noconfig.cmake
[0.331s] -- Up-to-date: /home/peter/dog/dog_dev/install/robot_interfaces/share/robot_interfaces/cmake/robot_interfaces__rosidl_typesupport_cExport.cmake
[0.331s] -- Up-to-date: /home/peter/dog/dog_dev/install/robot_interfaces/share/robot_interfaces/cmake/robot_interfaces__rosidl_typesupport_cExport-noconfig.cmake
[0.331s] -- Up-to-date: /home/peter/dog/dog_dev/install/robot_interfaces/share/robot_interfaces/cmake/export_robot_interfaces__rosidl_generator_cppExport.cmake
[0.332s] -- Up-to-date: /home/peter/dog/dog_dev/install/robot_interfaces/share/robot_interfaces/cmake/export_robot_interfaces__rosidl_typesupport_fastrtps_cppExport.cmake
[0.332s] -- Up-to-date: /home/peter/dog/dog_dev/install/robot_interfaces/share/robot_interfaces/cmake/export_robot_interfaces__rosidl_typesupport_fastrtps_cppExport-noconfig.cmake
[0.333s] -- Up-to-date: /home/peter/dog/dog_dev/install/robot_interfaces/share/robot_interfaces/cmake/robot_interfaces__rosidl_typesupport_introspection_cppExport.cmake
[0.333s] -- Up-to-date: /home/peter/dog/dog_dev/install/robot_interfaces/share/robot_interfaces/cmake/robot_interfaces__rosidl_typesupport_introspection_cppExport-noconfig.cmake
[0.333s] -- Up-to-date: /home/peter/dog/dog_dev/install/robot_interfaces/share/robot_interfaces/cmake/robot_interfaces__rosidl_typesupport_cppExport.cmake
[0.333s] -- Up-to-date: /home/peter/dog/dog_dev/install/robot_interfaces/share/robot_interfaces/cmake/robot_interfaces__rosidl_typesupport_cppExport-noconfig.cmake
[0.334s] -- Up-to-date: /home/peter/dog/dog_dev/install/robot_interfaces/share/robot_interfaces/cmake/export_robot_interfaces__rosidl_generator_pyExport.cmake
[0.334s] -- Up-to-date: /home/peter/dog/dog_dev/install/robot_interfaces/share/robot_interfaces/cmake/export_robot_interfaces__rosidl_generator_pyExport-noconfig.cmake
[0.334s] -- Up-to-date: /home/peter/dog/dog_dev/install/robot_interfaces/share/robot_interfaces/cmake/rosidl_cmake-extras.cmake
[0.334s] -- Up-to-date: /home/peter/dog/dog_dev/install/robot_interfaces/share/robot_interfaces/cmake/ament_cmake_export_dependencies-extras.cmake
[0.334s] -- Up-to-date: /home/peter/dog/dog_dev/install/robot_interfaces/share/robot_interfaces/cmake/ament_cmake_export_include_directories-extras.cmake
[0.335s] -- Up-to-date: /home/peter/dog/dog_dev/install/robot_interfaces/share/robot_interfaces/cmake/ament_cmake_export_libraries-extras.cmake
[0.335s] -- Up-to-date: /home/peter/dog/dog_dev/install/robot_interfaces/share/robot_interfaces/cmake/ament_cmake_export_targets-extras.cmake
[0.335s] -- Up-to-date: /home/peter/dog/dog_dev/install/robot_interfaces/share/robot_interfaces/cmake/rosidl_cmake_export_typesupport_targets-extras.cmake
[0.335s] -- Up-to-date: /home/peter/dog/dog_dev/install/robot_interfaces/share/robot_interfaces/cmake/rosidl_cmake_export_typesupport_libraries-extras.cmake
[0.335s] -- Up-to-date: /home/peter/dog/dog_dev/install/robot_interfaces/share/robot_interfaces/cmake/robot_interfacesConfig.cmake
[0.335s] -- Up-to-date: /home/peter/dog/dog_dev/install/robot_interfaces/share/robot_interfaces/cmake/robot_interfacesConfig-version.cmake
[0.335s] -- Up-to-date: /home/peter/dog/dog_dev/install/robot_interfaces/share/robot_interfaces/package.xml
[0.336s] Invoked command in '/home/peter/dog/dog_dev/build/robot_interfaces' returned '0': CMAKE_PREFIX_PATH=${CMAKE_PREFIX_PATH}:/opt/ros/jazzy DEBUGINFOD_URLS=https://debuginfod.ubuntu.com /usr/bin/cmake --install /home/peter/dog/dog_dev/build/robot_interfaces
