[0.019s] Invoking command in '/home/peter/dog/dog_dev/build/visual_servo': CMAKE_PREFIX_PATH=${CMAKE_PREFIX_PATH}:/opt/ros/jazzy DEBUGINFOD_URLS=https://debuginfod.ubuntu.com /usr/bin/cmake /home/peter/dog/dog_dev/ros2_ws/src/visual_servo -DAMENT_CMAKE_SYMLINK_INSTALL=1 -DCMAKE_INSTALL_PREFIX=/home/peter/dog/dog_dev/install/visual_servo
[0.025s] -- Found ament_cmake: 2.5.6 (/opt/ros/jazzy/share/ament_cmake/cmake)
[0.166s] -- Override CMake install command with custom implementation using symlinks instead of copying resources
[0.171s] -- Found rclcpp: 28.1.18 (/opt/ros/jazzy/share/rclcpp/cmake)
[0.441s] -- Found rosidl_generator_c: 4.6.7 (/opt/ros/jazzy/share/rosidl_generator_c/cmake)
[0.446s] -- Found rosidl_generator_cpp: 4.6.7 (/opt/ros/jazzy/share/rosidl_generator_cpp/cmake)
[0.453s] -- Using all available rosidl_typesupport_c: rosidl_typesupport_fastrtps_c;rosidl_typesupport_introspection_c
[0.462s] -- Using all available rosidl_typesupport_cpp: rosidl_typesupport_fastrtps_cpp;rosidl_typesupport_introspection_cpp
[0.501s] -- Found rmw_implementation_cmake: 7.3.3 (/opt/ros/jazzy/share/rmw_implementation_cmake/cmake)
[0.502s] -- Found rmw_fastrtps_cpp: 8.4.3 (/opt/ros/jazzy/share/rmw_fastrtps_cpp/cmake)
[0.820s] -- Using RMW implementation 'rmw_fastrtps_cpp' as default
[1.047s] -- Found geometry_msgs: 5.3.7 (/opt/ros/jazzy/share/geometry_msgs/cmake)
[1.068s] -- Found sensor_msgs: 5.3.7 (/opt/ros/jazzy/share/sensor_msgs/cmake)
[1.087s] -- Found ament_lint_auto: 0.17.5 (/opt/ros/jazzy/share/ament_lint_auto/cmake)
[1.153s] -- Added test 'cppcheck' to perform static code analysis on C / C++ code
[1.153s] -- Configured cppcheck include dirs: $<BUILD_INTERFACE:/home/peter/dog/dog_dev/ros2_ws/src/visual_servo/include>
[1.153s] -- Configured cppcheck exclude dirs and/or files: 
[1.153s] -- Added test 'flake8' to check Python code syntax and style conventions
[1.153s] -- Configured 'flake8' exclude dirs and/or files: 
[1.153s] -- Added test 'lint_cmake' to check CMake code style
[1.153s] -- Added test 'pep257' to check Python code against some of the docstring style conventions in PEP 257
[1.154s] -- Added test 'uncrustify' to check C / C++ code style
[1.154s] -- Configured uncrustify additional arguments: 
[1.154s] -- Added test 'xmllint' to check XML markup files
[1.155s] -- Configuring done (1.1s)
[1.163s] -- Generating done (0.0s)
[1.165s] -- Build files have been written to: /home/peter/dog/dog_dev/build/visual_servo
