[0.017s] Invoking command in '/home/peter/dog/dog_dev/build/gst_receiver': CMAKE_PREFIX_PATH=${CMAKE_PREFIX_PATH}:/opt/ros/jazzy DEBUGINFOD_URLS=https://debuginfod.ubuntu.com /usr/bin/cmake --build /home/peter/dog/dog_dev/build/gst_receiver -- -j16 -l16
[0.033s] CMake Error: The current CMakeCache.txt directory /home/peter/dog/dog_dev/build/gst_receiver/CMakeCache.txt is different than the directory /mnt/c/Users/Pt/Desktop/dog/agent_dev/build/gst_receiver where CMakeCache.txt was created. This may result in binaries being created in the wrong place. If you are not sure, reedit the CMakeCache.txt
[0.276s] -- Found ament_cmake: 2.5.6 (/opt/ros/jazzy/share/ament_cmake/cmake)
[0.877s] -- Found rclcpp: 28.1.18 (/opt/ros/jazzy/share/rclcpp/cmake)
[1.511s] -- Found rosidl_generator_c: 4.6.7 (/opt/ros/jazzy/share/rosidl_generator_c/cmake)
[1.613s] -- Found rosidl_generator_cpp: 4.6.7 (/opt/ros/jazzy/share/rosidl_generator_cpp/cmake)
[1.691s] -- Using all available rosidl_typesupport_c: rosidl_typesupport_fastrtps_c;rosidl_typesupport_introspection_c
[1.777s] -- Using all available rosidl_typesupport_cpp: rosidl_typesupport_fastrtps_cpp;rosidl_typesupport_introspection_cpp
[2.209s] -- Found rmw_implementation_cmake: 7.3.3 (/opt/ros/jazzy/share/rmw_implementation_cmake/cmake)
[2.247s] -- Found rmw_fastrtps_cpp: 8.4.3 (/opt/ros/jazzy/share/rmw_fastrtps_cpp/cmake)
[3.303s] -- Using RMW implementation 'rmw_fastrtps_cpp' as default
[3.921s] -- Found sensor_msgs: 5.3.7 (/opt/ros/jazzy/share/sensor_msgs/cmake)
[4.047s] -- Found cv_bridge: 4.1.0 (/opt/ros/jazzy/share/cv_bridge/cmake)
[4.106s] -- Found ament_lint_auto: 0.17.5 (/opt/ros/jazzy/share/ament_lint_auto/cmake)
[4.978s] -- Added test 'cppcheck' to perform static code analysis on C / C++ code
[4.978s] -- Configured cppcheck include dirs: /mnt/c/Users/Pt/Desktop/dog/agent_dev/ros2_ws/src/gst_receiver/include
[4.978s] -- Configured cppcheck exclude dirs and/or files: 
[5.235s] -- Added test 'lint_cmake' to check CMake code style
[5.708s] -- Added test 'uncrustify' to check C / C++ code style
[5.708s] -- Configured uncrustify additional arguments: 
[5.735s] -- Added test 'xmllint' to check XML markup files
[5.813s] -- Configuring done (5.6s)
[6.662s] -- Generating done (0.7s)
[7.090s] -- Build files have been written to: /mnt/c/Users/Pt/Desktop/dog/agent_dev/build/gst_receiver
[8.683s] [100%] Built target gst_receiver_node
