[ 22%] Built target byte_tracker
[ 44%] Built target test_byte_tracker
[ 66%] Built target test_tracker_node_integration
[100%] Built target tracker_node_exe
-- Install configuration: ""
-- Up-to-date: /home/peter/dog/dog_dev/install/tracker_node/lib/tracker_node/tracker_node_exe
-- Up-to-date: /home/peter/dog/dog_dev/install/tracker_node/share/tracker_node/launch
-- Up-to-date: /home/peter/dog/dog_dev/install/tracker_node/share/tracker_node/launch/tracker.launch.py
-- Up-to-date: /home/peter/dog/dog_dev/install/tracker_node/share/tracker_node/config
-- Up-to-date: /home/peter/dog/dog_dev/install/tracker_node/share/tracker_node/config/tracker.yaml
-- Up-to-date: /home/peter/dog/dog_dev/install/tracker_node/share/ament_index/resource_index/package_run_dependencies/tracker_node
-- Up-to-date: /home/peter/dog/dog_dev/install/tracker_node/share/ament_index/resource_index/parent_prefix_path/tracker_node
-- Up-to-date: /home/peter/dog/dog_dev/install/tracker_node/share/tracker_node/environment/ament_prefix_path.sh
-- Up-to-date: /home/peter/dog/dog_dev/install/tracker_node/share/tracker_node/environment/ament_prefix_path.dsv
-- Up-to-date: /home/peter/dog/dog_dev/install/tracker_node/share/tracker_node/environment/path.sh
-- Up-to-date: /home/peter/dog/dog_dev/install/tracker_node/share/tracker_node/environment/path.dsv
-- Up-to-date: /home/peter/dog/dog_dev/install/tracker_node/share/tracker_node/local_setup.bash
-- Up-to-date: /home/peter/dog/dog_dev/install/tracker_node/share/tracker_node/local_setup.sh
-- Up-to-date: /home/peter/dog/dog_dev/install/tracker_node/share/tracker_node/local_setup.zsh
-- Up-to-date: /home/peter/dog/dog_dev/install/tracker_node/share/tracker_node/local_setup.dsv
-- Installing: /home/peter/dog/dog_dev/install/tracker_node/share/tracker_node/package.dsv
-- Up-to-date: /home/peter/dog/dog_dev/install/tracker_node/share/ament_index/resource_index/packages/tracker_node
-- Up-to-date: /home/peter/dog/dog_dev/install/tracker_node/share/tracker_node/cmake/tracker_nodeConfig.cmake
-- Up-to-date: /home/peter/dog/dog_dev/install/tracker_node/share/tracker_node/cmake/tracker_nodeConfig-version.cmake
-- Up-to-date: /home/peter/dog/dog_dev/install/tracker_node/share/tracker_node/package.xml
