[0.611s] Invoking command in '/home/peter/dog/dog_dev/build/tracker_node': AMENT_PREFIX_PATH=/home/peter/dog/dog_dev/install/robot_interfaces:${AMENT_PREFIX_PATH} CMAKE_PREFIX_PATH=/home/peter/dog/dog_dev/install/robot_interfaces:/opt/ros/jazzy/opt/gz_math_vendor:/opt/ros/jazzy/opt/gz_utils_vendor:/opt/ros/jazzy/opt/gz_cmake_vendor:/opt/ros/jazzy DEBUGINFOD_URLS=https://debuginfod.ubuntu.com LD_LIBRARY_PATH=/home/peter/dog/dog_dev/install/robot_interfaces/lib:/opt/MVS/lib/64:/opt/MVS/lib/32:/opt/ros/jazzy/opt/rviz_ogre_vendor/lib:/opt/ros/jazzy/lib/x86_64-linux-gnu:/opt/ros/jazzy/opt/gz_math_vendor/lib:/opt/ros/jazzy/opt/gz_utils_vendor/lib:/opt/ros/jazzy/opt/gz_cmake_vendor/lib:/opt/ros/jazzy/lib:/opt/MVS/lib/64:/opt/MVS/lib/32:/opt/MVS/lib/64:/opt/MVS/lib/32 PYTHONPATH=/home/peter/dog/dog_dev/install/robot_interfaces/lib/python3.12/site-packages:${PYTHONPATH} /usr/bin/cmake --build /home/peter/dog/dog_dev/build/tracker_node -- -j16 -l16
[0.645s] [ 22%] Built target byte_tracker
[0.660s] [ 44%] Built target test_byte_tracker
[0.662s] [ 66%] Built target test_tracker_node_integration
[0.664s] [100%] Built target tracker_node_exe
[0.672s] Invoked command in '/home/peter/dog/dog_dev/build/tracker_node' returned '0': AMENT_PREFIX_PATH=/home/peter/dog/dog_dev/install/robot_interfaces:${AMENT_PREFIX_PATH} CMAKE_PREFIX_PATH=/home/peter/dog/dog_dev/install/robot_interfaces:/opt/ros/jazzy/opt/gz_math_vendor:/opt/ros/jazzy/opt/gz_utils_vendor:/opt/ros/jazzy/opt/gz_cmake_vendor:/opt/ros/jazzy DEBUGINFOD_URLS=https://debuginfod.ubuntu.com LD_LIBRARY_PATH=/home/peter/dog/dog_dev/install/robot_interfaces/lib:/opt/MVS/lib/64:/opt/MVS/lib/32:/opt/ros/jazzy/opt/rviz_ogre_vendor/lib:/opt/ros/jazzy/lib/x86_64-linux-gnu:/opt/ros/jazzy/opt/gz_math_vendor/lib:/opt/ros/jazzy/opt/gz_utils_vendor/lib:/opt/ros/jazzy/opt/gz_cmake_vendor/lib:/opt/ros/jazzy/lib:/opt/MVS/lib/64:/opt/MVS/lib/32:/opt/MVS/lib/64:/opt/MVS/lib/32 PYTHONPATH=/home/peter/dog/dog_dev/install/robot_interfaces/lib/python3.12/site-packages:${PYTHONPATH} /usr/bin/cmake --build /home/peter/dog/dog_dev/build/tracker_node -- -j16 -l16
[0.673s] Invoking command in '/home/peter/dog/dog_dev/build/tracker_node': AMENT_PREFIX_PATH=/home/peter/dog/dog_dev/install/robot_interfaces:${AMENT_PREFIX_PATH} CMAKE_PREFIX_PATH=/home/peter/dog/dog_dev/install/robot_interfaces:/opt/ros/jazzy/opt/gz_math_vendor:/opt/ros/jazzy/opt/gz_utils_vendor:/opt/ros/jazzy/opt/gz_cmake_vendor:/opt/ros/jazzy DEBUGINFOD_URLS=https://debuginfod.ubuntu.com LD_LIBRARY_PATH=/home/peter/dog/dog_dev/install/robot_interfaces/lib:/opt/MVS/lib/64:/opt/MVS/lib/32:/opt/ros/jazzy/opt/rviz_ogre_vendor/lib:/opt/ros/jazzy/lib/x86_64-linux-gnu:/opt/ros/jazzy/opt/gz_math_vendor/lib:/opt/ros/jazzy/opt/gz_utils_vendor/lib:/opt/ros/jazzy/opt/gz_cmake_vendor/lib:/opt/ros/jazzy/lib:/opt/MVS/lib/64:/opt/MVS/lib/32:/opt/MVS/lib/64:/opt/MVS/lib/32 PYTHONPATH=/home/peter/dog/dog_dev/install/robot_interfaces/lib/python3.12/site-packages:${PYTHONPATH} /usr/bin/cmake --install /home/peter/dog/dog_dev/build/tracker_node
[0.678s] -- Install configuration: ""
[0.678s] -- Up-to-date: /home/peter/dog/dog_dev/install/tracker_node/lib/tracker_node/tracker_node_exe
[0.678s] -- Up-to-date: /home/peter/dog/dog_dev/install/tracker_node/share/tracker_node/launch
[0.679s] -- Up-to-date: /home/peter/dog/dog_dev/install/tracker_node/share/tracker_node/launch/tracker.launch.py
[0.679s] -- Up-to-date: /home/peter/dog/dog_dev/install/tracker_node/share/tracker_node/config
[0.679s] -- Up-to-date: /home/peter/dog/dog_dev/install/tracker_node/share/tracker_node/config/tracker.yaml
[0.679s] -- Up-to-date: /home/peter/dog/dog_dev/install/tracker_node/share/ament_index/resource_index/package_run_dependencies/tracker_node
[0.679s] -- Up-to-date: /home/peter/dog/dog_dev/install/tracker_node/share/ament_index/resource_index/parent_prefix_path/tracker_node
[0.679s] -- Up-to-date: /home/peter/dog/dog_dev/install/tracker_node/share/tracker_node/environment/ament_prefix_path.sh
[0.679s] -- Up-to-date: /home/peter/dog/dog_dev/install/tracker_node/share/tracker_node/environment/ament_prefix_path.dsv
[0.679s] -- Up-to-date: /home/peter/dog/dog_dev/install/tracker_node/share/tracker_node/environment/path.sh
[0.680s] -- Up-to-date: /home/peter/dog/dog_dev/install/tracker_node/share/tracker_node/environment/path.dsv
[0.680s] -- Up-to-date: /home/peter/dog/dog_dev/install/tracker_node/share/tracker_node/local_setup.bash
[0.681s] -- Up-to-date: /home/peter/dog/dog_dev/install/tracker_node/share/tracker_node/local_setup.sh
[0.681s] -- Up-to-date: /home/peter/dog/dog_dev/install/tracker_node/share/tracker_node/local_setup.zsh
[0.681s] -- Up-to-date: /home/peter/dog/dog_dev/install/tracker_node/share/tracker_node/local_setup.dsv
[0.681s] -- Installing: /home/peter/dog/dog_dev/install/tracker_node/share/tracker_node/package.dsv
[0.682s] -- Up-to-date: /home/peter/dog/dog_dev/install/tracker_node/share/ament_index/resource_index/packages/tracker_node
[0.682s] -- Up-to-date: /home/peter/dog/dog_dev/install/tracker_node/share/tracker_node/cmake/tracker_nodeConfig.cmake
[0.682s] -- Up-to-date: /home/peter/dog/dog_dev/install/tracker_node/share/tracker_node/cmake/tracker_nodeConfig-version.cmake
[0.682s] -- Up-to-date: /home/peter/dog/dog_dev/install/tracker_node/share/tracker_node/package.xml
[0.683s] Invoked command in '/home/peter/dog/dog_dev/build/tracker_node' returned '0': AMENT_PREFIX_PATH=/home/peter/dog/dog_dev/install/robot_interfaces:${AMENT_PREFIX_PATH} CMAKE_PREFIX_PATH=/home/peter/dog/dog_dev/install/robot_interfaces:/opt/ros/jazzy/opt/gz_math_vendor:/opt/ros/jazzy/opt/gz_utils_vendor:/opt/ros/jazzy/opt/gz_cmake_vendor:/opt/ros/jazzy DEBUGINFOD_URLS=https://debuginfod.ubuntu.com LD_LIBRARY_PATH=/home/peter/dog/dog_dev/install/robot_interfaces/lib:/opt/MVS/lib/64:/opt/MVS/lib/32:/opt/ros/jazzy/opt/rviz_ogre_vendor/lib:/opt/ros/jazzy/lib/x86_64-linux-gnu:/opt/ros/jazzy/opt/gz_math_vendor/lib:/opt/ros/jazzy/opt/gz_utils_vendor/lib:/opt/ros/jazzy/opt/gz_cmake_vendor/lib:/opt/ros/jazzy/lib:/opt/MVS/lib/64:/opt/MVS/lib/32:/opt/MVS/lib/64:/opt/MVS/lib/32 PYTHONPATH=/home/peter/dog/dog_dev/install/robot_interfaces/lib/python3.12/site-packages:${PYTHONPATH} /usr/bin/cmake --install /home/peter/dog/dog_dev/build/tracker_node
