[0.239s] Invoking command in '/mnt/c/Users/Pt/Desktop/dog/agent_dev/ros2_ws/build/uart_bridge': CMAKE_PREFIX_PATH=${CMAKE_PREFIX_PATH}:/opt/ros/jazzy DEBUGINFOD_URLS=https://debuginfod.ubuntu.com /usr/bin/cmake --build /mnt/c/Users/Pt/Desktop/dog/agent_dev/ros2_ws/build/uart_bridge -- -j16 -l16
[3.391s] [ 25%] Building CXX object CMakeFiles/uart_bridge_node.dir/src/frame_parser.cpp.o
[4.262s] [ 50%] Linking CXX executable uart_bridge_node
[5.436s] [100%] Built target uart_bridge_node
[5.485s] Invoked command in '/mnt/c/Users/Pt/Desktop/dog/agent_dev/ros2_ws/build/uart_bridge' returned '0': CMAKE_PREFIX_PATH=${CMAKE_PREFIX_PATH}:/opt/ros/jazzy DEBUGINFOD_URLS=https://debuginfod.ubuntu.com /usr/bin/cmake --build /mnt/c/Users/Pt/Desktop/dog/agent_dev/ros2_ws/build/uart_bridge -- -j16 -l16
[5.528s] Invoking command in '/mnt/c/Users/Pt/Desktop/dog/agent_dev/ros2_ws/build/uart_bridge': CMAKE_PREFIX_PATH=${CMAKE_PREFIX_PATH}:/opt/ros/jazzy DEBUGINFOD_URLS=https://debuginfod.ubuntu.com /usr/bin/cmake --install /mnt/c/Users/Pt/Desktop/dog/agent_dev/ros2_ws/build/uart_bridge
[5.558s] -- Install configuration: ""
[5.689s] -- Installing: /mnt/c/Users/Pt/Desktop/dog/agent_dev/ros2_ws/install/uart_bridge/lib/uart_bridge/uart_bridge_node
[5.784s] -- Set non-toolchain portion of runtime path of "/mnt/c/Users/Pt/Desktop/dog/agent_dev/ros2_ws/install/uart_bridge/lib/uart_bridge/uart_bridge_node" to ""
[5.797s] -- Up-to-date: /mnt/c/Users/Pt/Desktop/dog/agent_dev/ros2_ws/install/uart_bridge/share/uart_bridge/config
[5.817s] -- Up-to-date: /mnt/c/Users/Pt/Desktop/dog/agent_dev/ros2_ws/install/uart_bridge/share/uart_bridge/config/uart_bridge.yaml
[5.829s] -- Up-to-date: /mnt/c/Users/Pt/Desktop/dog/agent_dev/ros2_ws/install/uart_bridge/share/uart_bridge/launch
[5.847s] -- Up-to-date: /mnt/c/Users/Pt/Desktop/dog/agent_dev/ros2_ws/install/uart_bridge/share/uart_bridge/launch/uart_bridge.launch.py
[5.869s] -- Up-to-date: /mnt/c/Users/Pt/Desktop/dog/agent_dev/ros2_ws/install/uart_bridge/share/ament_index/resource_index/package_run_dependencies/uart_bridge
[5.892s] -- Up-to-date: /mnt/c/Users/Pt/Desktop/dog/agent_dev/ros2_ws/install/uart_bridge/share/ament_index/resource_index/parent_prefix_path/uart_bridge
[5.904s] -- Up-to-date: /mnt/c/Users/Pt/Desktop/dog/agent_dev/ros2_ws/install/uart_bridge/share/uart_bridge/environment/ament_prefix_path.sh
[5.919s] -- Up-to-date: /mnt/c/Users/Pt/Desktop/dog/agent_dev/ros2_ws/install/uart_bridge/share/uart_bridge/environment/ament_prefix_path.dsv
[5.933s] -- Up-to-date: /mnt/c/Users/Pt/Desktop/dog/agent_dev/ros2_ws/install/uart_bridge/share/uart_bridge/environment/path.sh
[5.969s] -- Up-to-date: /mnt/c/Users/Pt/Desktop/dog/agent_dev/ros2_ws/install/uart_bridge/share/uart_bridge/environment/path.dsv
[5.991s] -- Up-to-date: /mnt/c/Users/Pt/Desktop/dog/agent_dev/ros2_ws/install/uart_bridge/share/uart_bridge/local_setup.bash
[6.003s] -- Up-to-date: /mnt/c/Users/Pt/Desktop/dog/agent_dev/ros2_ws/install/uart_bridge/share/uart_bridge/local_setup.sh
[6.023s] -- Up-to-date: /mnt/c/Users/Pt/Desktop/dog/agent_dev/ros2_ws/install/uart_bridge/share/uart_bridge/local_setup.zsh
[6.047s] -- Up-to-date: /mnt/c/Users/Pt/Desktop/dog/agent_dev/ros2_ws/install/uart_bridge/share/uart_bridge/local_setup.dsv
[6.062s] -- Installing: /mnt/c/Users/Pt/Desktop/dog/agent_dev/ros2_ws/install/uart_bridge/share/uart_bridge/package.dsv
[6.212s] -- Up-to-date: /mnt/c/Users/Pt/Desktop/dog/agent_dev/ros2_ws/install/uart_bridge/share/ament_index/resource_index/packages/uart_bridge
[6.313s] -- Up-to-date: /mnt/c/Users/Pt/Desktop/dog/agent_dev/ros2_ws/install/uart_bridge/share/uart_bridge/cmake/uart_bridgeConfig.cmake
[6.394s] -- Up-to-date: /mnt/c/Users/Pt/Desktop/dog/agent_dev/ros2_ws/install/uart_bridge/share/uart_bridge/cmake/uart_bridgeConfig-version.cmake
[6.563s] -- Up-to-date: /mnt/c/Users/Pt/Desktop/dog/agent_dev/ros2_ws/install/uart_bridge/share/uart_bridge/package.xml
[6.592s] Invoked command in '/mnt/c/Users/Pt/Desktop/dog/agent_dev/ros2_ws/build/uart_bridge' returned '0': CMAKE_PREFIX_PATH=${CMAKE_PREFIX_PATH}:/opt/ros/jazzy DEBUGINFOD_URLS=https://debuginfod.ubuntu.com /usr/bin/cmake --install /mnt/c/Users/Pt/Desktop/dog/agent_dev/ros2_ws/build/uart_bridge
