[0.572s] DEBUG:colcon:Command line arguments: ['/usr/bin/colcon', 'build', '--packages-select', 'uart_bridge']
[0.572s] DEBUG:colcon:Parsed command line arguments: Namespace(log_base=None, log_level=None, verb_name='build', build_base='build', install_base='install', merge_install=False, symlink_install=False, test_result_base=None, continue_on_error=False, executor='parallel', parallel_workers=16, event_handlers=None, ignore_user_meta=False, metas=['./colcon.meta'], base_paths=['.'], packages_ignore=None, packages_ignore_regex=None, paths=None, packages_up_to=None, packages_up_to_regex=None, packages_above=None, packages_above_and_dependencies=None, packages_above_depth=None, packages_select_by_dep=None, packages_skip_by_dep=None, packages_skip_up_to=None, packages_select_build_failed=False, packages_skip_build_finished=False, packages_select_test_failures=False, packages_skip_test_passed=False, packages_select=['uart_bridge'], packages_skip=None, packages_select_regex=None, packages_skip_regex=None, packages_start=None, packages_end=None, allow_overriding=[], cmake_args=None, cmake_target=None, cmake_target_skip_unavailable=False, cmake_clean_cache=False, cmake_clean_first=False, cmake_force_configure=False, ament_cmake_args=None, catkin_cmake_args=None, catkin_skip_building_tests=False, verb_parser=<colcon_defaults.argument_parser.defaults.DefaultArgumentsDecorator object at 0x78e3f72468d0>, verb_extension=<colcon_core.verb.build.BuildVerb object at 0x78e3f73a3e30>, main=<bound method BuildVerb.main of <colcon_core.verb.build.BuildVerb object at 0x78e3f73a3e30>>)
[0.630s] Level 1:colcon.colcon_core.package_discovery:discover_packages(colcon_meta) check parameters
[0.631s] Level 1:colcon.colcon_core.package_discovery:discover_packages(recursive) check parameters
[0.631s] Level 1:colcon.colcon_core.package_discovery:discover_packages(ignore) check parameters
[0.632s] Level 1:colcon.colcon_core.package_discovery:discover_packages(path) check parameters
[0.633s] Level 1:colcon.colcon_core.package_discovery:discover_packages(colcon_meta) discover
[0.633s] Level 1:colcon.colcon_core.package_discovery:discover_packages(recursive) discover
[0.634s] INFO:colcon.colcon_core.package_discovery:Crawling recursively for packages in '/mnt/c/Users/Pt/Desktop/dog/agent_dev/ros2_ws'
[0.638s] Level 1:colcon.colcon_core.package_identification:_identify(.) by extensions ['ignore', 'ignore_ament_install']
[0.638s] Level 1:colcon.colcon_core.package_identification:_identify(.) by extension 'ignore'
[0.639s] Level 1:colcon.colcon_core.package_identification:_identify(.) by extension 'ignore_ament_install'
[0.641s] Level 1:colcon.colcon_core.package_identification:_identify(.) by extensions ['colcon_pkg']
[0.641s] Level 1:colcon.colcon_core.package_identification:_identify(.) by extension 'colcon_pkg'
[0.641s] Level 1:colcon.colcon_core.package_identification:_identify(.) by extensions ['colcon_meta']
[0.642s] Level 1:colcon.colcon_core.package_identification:_identify(.) by extension 'colcon_meta'
[0.642s] Level 1:colcon.colcon_core.package_identification:_identify(.) by extensions ['ros']
[0.643s] Level 1:colcon.colcon_core.package_identification:_identify(.) by extension 'ros'
[0.665s] Level 1:colcon.colcon_core.package_identification:_identify(.) by extensions ['cmake', 'python']
[0.665s] Level 1:colcon.colcon_core.package_identification:_identify(.) by extension 'cmake'
[0.667s] Level 1:colcon.colcon_core.package_identification:_identify(.) by extension 'python'
[0.668s] Level 1:colcon.colcon_core.package_identification:_identify(.) by extensions ['python_setup_py']
[0.669s] Level 1:colcon.colcon_core.package_identification:_identify(.) by extension 'python_setup_py'
[0.677s] Level 1:colcon.colcon_core.package_identification:_identify(build) by extensions ['ignore', 'ignore_ament_install']
[0.677s] Level 1:colcon.colcon_core.package_identification:_identify(build) by extension 'ignore'
[0.681s] Level 1:colcon.colcon_core.package_identification:_identify(build) ignored
[0.686s] Level 1:colcon.colcon_core.package_identification:_identify(install) by extensions ['ignore', 'ignore_ament_install']
[0.687s] Level 1:colcon.colcon_core.package_identification:_identify(install) by extension 'ignore'
[0.689s] Level 1:colcon.colcon_core.package_identification:_identify(install) ignored
[0.702s] Level 1:colcon.colcon_core.package_identification:_identify(log) by extensions ['ignore', 'ignore_ament_install']
[0.703s] Level 1:colcon.colcon_core.package_identification:_identify(log) by extension 'ignore'
[0.706s] Level 1:colcon.colcon_core.package_identification:_identify(log) ignored
[0.713s] Level 1:colcon.colcon_core.package_identification:_identify(src) by extensions ['ignore', 'ignore_ament_install']
[0.713s] Level 1:colcon.colcon_core.package_identification:_identify(src) by extension 'ignore'
[0.716s] Level 1:colcon.colcon_core.package_identification:_identify(src) by extension 'ignore_ament_install'
[0.721s] Level 1:colcon.colcon_core.package_identification:_identify(src) by extensions ['colcon_pkg']
[0.721s] Level 1:colcon.colcon_core.package_identification:_identify(src) by extension 'colcon_pkg'
[0.722s] Level 1:colcon.colcon_core.package_identification:_identify(src) by extensions ['colcon_meta']
[0.723s] Level 1:colcon.colcon_core.package_identification:_identify(src) by extension 'colcon_meta'
[0.724s] Level 1:colcon.colcon_core.package_identification:_identify(src) by extensions ['ros']
[0.725s] Level 1:colcon.colcon_core.package_identification:_identify(src) by extension 'ros'
[0.734s] Level 1:colcon.colcon_core.package_identification:_identify(src) by extensions ['cmake', 'python']
[0.735s] Level 1:colcon.colcon_core.package_identification:_identify(src) by extension 'cmake'
[0.744s] Level 1:colcon.colcon_core.package_identification:_identify(src) by extension 'python'
[0.746s] Level 1:colcon.colcon_core.package_identification:_identify(src) by extensions ['python_setup_py']
[0.747s] Level 1:colcon.colcon_core.package_identification:_identify(src) by extension 'python_setup_py'
[0.752s] Level 1:colcon.colcon_core.package_identification:_identify(src/robot_interfaces) by extensions ['ignore', 'ignore_ament_install']
[0.753s] Level 1:colcon.colcon_core.package_identification:_identify(src/robot_interfaces) by extension 'ignore'
[0.754s] Level 1:colcon.colcon_core.package_identification:_identify(src/robot_interfaces) by extension 'ignore_ament_install'
[0.757s] Level 1:colcon.colcon_core.package_identification:_identify(src/robot_interfaces) by extensions ['colcon_pkg']
[0.757s] Level 1:colcon.colcon_core.package_identification:_identify(src/robot_interfaces) by extension 'colcon_pkg'
[0.758s] Level 1:colcon.colcon_core.package_identification:_identify(src/robot_interfaces) by extensions ['colcon_meta']
[0.759s] Level 1:colcon.colcon_core.package_identification:_identify(src/robot_interfaces) by extension 'colcon_meta'
[0.761s] Level 1:colcon.colcon_core.package_identification:_identify(src/robot_interfaces) by extensions ['ros']
[0.761s] Level 1:colcon.colcon_core.package_identification:_identify(src/robot_interfaces) by extension 'ros'
[0.793s] DEBUG:colcon.colcon_core.package_identification:Package 'src/robot_interfaces' with type 'ros.ament_cmake' and name 'robot_interfaces'
[0.818s] Level 1:colcon.colcon_core.package_identification:_identify(src/uart_bridge) by extensions ['ignore', 'ignore_ament_install']
[0.820s] Level 1:colcon.colcon_core.package_identification:_identify(src/uart_bridge) by extension 'ignore'
[0.828s] Level 1:colcon.colcon_core.package_identification:_identify(src/uart_bridge) by extension 'ignore_ament_install'
[0.835s] Level 1:colcon.colcon_core.package_identification:_identify(src/uart_bridge) by extensions ['colcon_pkg']
[0.836s] Level 1:colcon.colcon_core.package_identification:_identify(src/uart_bridge) by extension 'colcon_pkg'
[0.839s] Level 1:colcon.colcon_core.package_identification:_identify(src/uart_bridge) by extensions ['colcon_meta']
[0.840s] Level 1:colcon.colcon_core.package_identification:_identify(src/uart_bridge) by extension 'colcon_meta'
[0.846s] Level 1:colcon.colcon_core.package_identification:_identify(src/uart_bridge) by extensions ['ros']
[0.847s] Level 1:colcon.colcon_core.package_identification:_identify(src/uart_bridge) by extension 'ros'
[0.900s] DEBUG:colcon.colcon_core.package_identification:Package 'src/uart_bridge' with type 'ros.ament_cmake' and name 'uart_bridge'
[0.901s] Level 1:colcon.colcon_core.package_discovery:discover_packages(recursive) using defaults
[0.902s] Level 1:colcon.colcon_core.package_discovery:discover_packages(ignore) discover
[0.903s] Level 1:colcon.colcon_core.package_discovery:discover_packages(ignore) using defaults
[0.904s] Level 1:colcon.colcon_core.package_discovery:discover_packages(path) discover
[0.905s] Level 1:colcon.colcon_core.package_discovery:discover_packages(path) using defaults
[0.956s] INFO:colcon.colcon_core.package_selection:Skipping not selected package 'robot_interfaces' in 'src/robot_interfaces'
[0.956s] Level 1:colcon.colcon_core.package_discovery:discover_packages(prefix_path) check parameters
[0.957s] Level 1:colcon.colcon_core.package_discovery:discover_packages(prefix_path) discover
[0.961s] DEBUG:colcon.colcon_installed_package_information.package_discovery:Found 288 installed packages in /opt/ros/jazzy
[0.963s] Level 1:colcon.colcon_core.package_discovery:discover_packages(prefix_path) using defaults
[0.989s] Level 5:colcon.colcon_core.verb:set package 'uart_bridge' build argument 'cmake_args' from command line to 'None'
[0.990s] Level 5:colcon.colcon_core.verb:set package 'uart_bridge' build argument 'cmake_target' from command line to 'None'
[0.991s] Level 5:colcon.colcon_core.verb:set package 'uart_bridge' build argument 'cmake_target_skip_unavailable' from command line to 'False'
[0.992s] Level 5:colcon.colcon_core.verb:set package 'uart_bridge' build argument 'cmake_clean_cache' from command line to 'False'
[0.993s] Level 5:colcon.colcon_core.verb:set package 'uart_bridge' build argument 'cmake_clean_first' from command line to 'False'
[0.993s] Level 5:colcon.colcon_core.verb:set package 'uart_bridge' build argument 'cmake_force_configure' from command line to 'False'
[0.995s] Level 5:colcon.colcon_core.verb:set package 'uart_bridge' build argument 'ament_cmake_args' from command line to 'None'
[0.996s] Level 5:colcon.colcon_core.verb:set package 'uart_bridge' build argument 'catkin_cmake_args' from command line to 'None'
[0.997s] Level 5:colcon.colcon_core.verb:set package 'uart_bridge' build argument 'catkin_skip_building_tests' from command line to 'False'
[0.997s] DEBUG:colcon.colcon_core.verb:Building package 'uart_bridge' with the following arguments: {'ament_cmake_args': None, 'build_base': '/mnt/c/Users/Pt/Desktop/dog/agent_dev/ros2_ws/build/uart_bridge', 'catkin_cmake_args': None, 'catkin_skip_building_tests': False, 'cmake_args': None, 'cmake_clean_cache': False, 'cmake_clean_first': False, 'cmake_force_configure': False, 'cmake_target': None, 'cmake_target_skip_unavailable': False, 'install_base': '/mnt/c/Users/Pt/Desktop/dog/agent_dev/ros2_ws/install/uart_bridge', 'merge_install': False, 'path': '/mnt/c/Users/Pt/Desktop/dog/agent_dev/ros2_ws/src/uart_bridge', 'symlink_install': False, 'test_result_base': None}
[0.998s] INFO:colcon.colcon_core.executor:Executing jobs using 'parallel' executor
[0.999s] DEBUG:colcon.colcon_parallel_executor.executor.parallel:run_until_complete
[1.000s] INFO:colcon.colcon_ros.task.ament_cmake.build:Building ROS package in '/mnt/c/Users/Pt/Desktop/dog/agent_dev/ros2_ws/src/uart_bridge' with build type 'ament_cmake'
[1.000s] INFO:colcon.colcon_cmake.task.cmake.build:Building CMake package in '/mnt/c/Users/Pt/Desktop/dog/agent_dev/ros2_ws/src/uart_bridge'
[1.002s] INFO:colcon.colcon_core.plugin_system:Skipping extension 'colcon_core.shell.bat': Not used on non-Windows systems
[1.002s] INFO:colcon.colcon_core.shell:Skip shell extension 'powershell' for command environment: Not usable outside of PowerShell
[1.003s] DEBUG:colcon.colcon_core.shell:Skip shell extension 'dsv' for command environment
[1.051s] DEBUG:colcon.colcon_core.event_handler.log_command:Invoking command in '/mnt/c/Users/Pt/Desktop/dog/agent_dev/ros2_ws/build/uart_bridge': CMAKE_PREFIX_PATH=${CMAKE_PREFIX_PATH}:/opt/ros/jazzy DEBUGINFOD_URLS=https://debuginfod.ubuntu.com /usr/bin/cmake --build /mnt/c/Users/Pt/Desktop/dog/agent_dev/ros2_ws/build/uart_bridge -- -j16 -l16
[25.353s] DEBUG:colcon.colcon_core.event_handler.log_command:Invoked command in '/mnt/c/Users/Pt/Desktop/dog/agent_dev/ros2_ws/build/uart_bridge' returned '0': CMAKE_PREFIX_PATH=${CMAKE_PREFIX_PATH}:/opt/ros/jazzy DEBUGINFOD_URLS=https://debuginfod.ubuntu.com /usr/bin/cmake --build /mnt/c/Users/Pt/Desktop/dog/agent_dev/ros2_ws/build/uart_bridge -- -j16 -l16
[25.402s] DEBUG:colcon.colcon_core.event_handler.log_command:Invoking command in '/mnt/c/Users/Pt/Desktop/dog/agent_dev/ros2_ws/build/uart_bridge': CMAKE_PREFIX_PATH=${CMAKE_PREFIX_PATH}:/opt/ros/jazzy DEBUGINFOD_URLS=https://debuginfod.ubuntu.com /usr/bin/cmake --install /mnt/c/Users/Pt/Desktop/dog/agent_dev/ros2_ws/build/uart_bridge
[26.704s] Level 1:colcon.colcon_core.environment:create_environment_scripts_only(uart_bridge)
[26.706s] Level 1:colcon.colcon_core.environment:checking '/mnt/c/Users/Pt/Desktop/dog/agent_dev/ros2_ws/install/uart_bridge' for CMake module files
[26.706s] DEBUG:colcon.colcon_core.event_handler.log_command:Invoked command in '/mnt/c/Users/Pt/Desktop/dog/agent_dev/ros2_ws/build/uart_bridge' returned '0': CMAKE_PREFIX_PATH=${CMAKE_PREFIX_PATH}:/opt/ros/jazzy DEBUGINFOD_URLS=https://debuginfod.ubuntu.com /usr/bin/cmake --install /mnt/c/Users/Pt/Desktop/dog/agent_dev/ros2_ws/build/uart_bridge
[26.778s] Level 1:colcon.colcon_core.environment:checking '/mnt/c/Users/Pt/Desktop/dog/agent_dev/ros2_ws/install/uart_bridge' for CMake config files
[26.863s] Level 1:colcon.colcon_core.shell:create_environment_hook('uart_bridge', 'cmake_prefix_path')
[26.863s] INFO:colcon.colcon_core.shell:Creating environment hook '/mnt/c/Users/Pt/Desktop/dog/agent_dev/ros2_ws/install/uart_bridge/share/uart_bridge/hook/cmake_prefix_path.ps1'
[26.875s] INFO:colcon.colcon_core.shell:Creating environment descriptor '/mnt/c/Users/Pt/Desktop/dog/agent_dev/ros2_ws/install/uart_bridge/share/uart_bridge/hook/cmake_prefix_path.dsv'
[26.886s] INFO:colcon.colcon_core.shell:Creating environment hook '/mnt/c/Users/Pt/Desktop/dog/agent_dev/ros2_ws/install/uart_bridge/share/uart_bridge/hook/cmake_prefix_path.sh'
[26.901s] Level 1:colcon.colcon_core.environment:checking '/mnt/c/Users/Pt/Desktop/dog/agent_dev/ros2_ws/install/uart_bridge/lib'
[26.905s] Level 1:colcon.colcon_core.environment:checking '/mnt/c/Users/Pt/Desktop/dog/agent_dev/ros2_ws/install/uart_bridge/bin'
[26.906s] Level 1:colcon.colcon_core.environment:checking '/mnt/c/Users/Pt/Desktop/dog/agent_dev/ros2_ws/install/uart_bridge/lib/pkgconfig/uart_bridge.pc'
[26.907s] Level 1:colcon.colcon_core.environment:checking '/mnt/c/Users/Pt/Desktop/dog/agent_dev/ros2_ws/install/uart_bridge/lib/python3.12/site-packages'
[26.910s] Level 1:colcon.colcon_core.environment:checking '/mnt/c/Users/Pt/Desktop/dog/agent_dev/ros2_ws/install/uart_bridge/bin'
[26.911s] INFO:colcon.colcon_core.shell:Creating package script '/mnt/c/Users/Pt/Desktop/dog/agent_dev/ros2_ws/install/uart_bridge/share/uart_bridge/package.ps1'
[26.920s] INFO:colcon.colcon_core.shell:Creating package descriptor '/mnt/c/Users/Pt/Desktop/dog/agent_dev/ros2_ws/install/uart_bridge/share/uart_bridge/package.dsv'
[26.931s] INFO:colcon.colcon_core.shell:Creating package script '/mnt/c/Users/Pt/Desktop/dog/agent_dev/ros2_ws/install/uart_bridge/share/uart_bridge/package.sh'
[26.941s] INFO:colcon.colcon_core.shell:Creating package script '/mnt/c/Users/Pt/Desktop/dog/agent_dev/ros2_ws/install/uart_bridge/share/uart_bridge/package.bash'
[26.951s] INFO:colcon.colcon_core.shell:Creating package script '/mnt/c/Users/Pt/Desktop/dog/agent_dev/ros2_ws/install/uart_bridge/share/uart_bridge/package.zsh'
[26.962s] Level 1:colcon.colcon_core.environment:create_file_with_runtime_dependencies(/mnt/c/Users/Pt/Desktop/dog/agent_dev/ros2_ws/install/uart_bridge/share/colcon-core/packages/uart_bridge)
[26.981s] Level 1:colcon.colcon_core.environment:create_environment_scripts_only(uart_bridge)
[26.981s] Level 1:colcon.colcon_core.environment:checking '/mnt/c/Users/Pt/Desktop/dog/agent_dev/ros2_ws/install/uart_bridge' for CMake module files
[27.063s] Level 1:colcon.colcon_core.environment:checking '/mnt/c/Users/Pt/Desktop/dog/agent_dev/ros2_ws/install/uart_bridge' for CMake config files
[27.147s] Level 1:colcon.colcon_core.shell:create_environment_hook('uart_bridge', 'cmake_prefix_path')
[27.147s] INFO:colcon.colcon_core.shell:Creating environment hook '/mnt/c/Users/Pt/Desktop/dog/agent_dev/ros2_ws/install/uart_bridge/share/uart_bridge/hook/cmake_prefix_path.ps1'
[27.159s] INFO:colcon.colcon_core.shell:Creating environment descriptor '/mnt/c/Users/Pt/Desktop/dog/agent_dev/ros2_ws/install/uart_bridge/share/uart_bridge/hook/cmake_prefix_path.dsv'
[27.170s] INFO:colcon.colcon_core.shell:Creating environment hook '/mnt/c/Users/Pt/Desktop/dog/agent_dev/ros2_ws/install/uart_bridge/share/uart_bridge/hook/cmake_prefix_path.sh'
[27.185s] Level 1:colcon.colcon_core.environment:checking '/mnt/c/Users/Pt/Desktop/dog/agent_dev/ros2_ws/install/uart_bridge/lib'
[27.189s] Level 1:colcon.colcon_core.environment:checking '/mnt/c/Users/Pt/Desktop/dog/agent_dev/ros2_ws/install/uart_bridge/bin'
[27.192s] Level 1:colcon.colcon_core.environment:checking '/mnt/c/Users/Pt/Desktop/dog/agent_dev/ros2_ws/install/uart_bridge/lib/pkgconfig/uart_bridge.pc'
[27.193s] Level 1:colcon.colcon_core.environment:checking '/mnt/c/Users/Pt/Desktop/dog/agent_dev/ros2_ws/install/uart_bridge/lib/python3.12/site-packages'
[27.195s] Level 1:colcon.colcon_core.environment:checking '/mnt/c/Users/Pt/Desktop/dog/agent_dev/ros2_ws/install/uart_bridge/bin'
[27.196s] INFO:colcon.colcon_core.shell:Creating package script '/mnt/c/Users/Pt/Desktop/dog/agent_dev/ros2_ws/install/uart_bridge/share/uart_bridge/package.ps1'
[27.206s] INFO:colcon.colcon_core.shell:Creating package descriptor '/mnt/c/Users/Pt/Desktop/dog/agent_dev/ros2_ws/install/uart_bridge/share/uart_bridge/package.dsv'
[27.216s] INFO:colcon.colcon_core.shell:Creating package script '/mnt/c/Users/Pt/Desktop/dog/agent_dev/ros2_ws/install/uart_bridge/share/uart_bridge/package.sh'
[27.227s] INFO:colcon.colcon_core.shell:Creating package script '/mnt/c/Users/Pt/Desktop/dog/agent_dev/ros2_ws/install/uart_bridge/share/uart_bridge/package.bash'
[27.237s] INFO:colcon.colcon_core.shell:Creating package script '/mnt/c/Users/Pt/Desktop/dog/agent_dev/ros2_ws/install/uart_bridge/share/uart_bridge/package.zsh'
[27.247s] Level 1:colcon.colcon_core.environment:create_file_with_runtime_dependencies(/mnt/c/Users/Pt/Desktop/dog/agent_dev/ros2_ws/install/uart_bridge/share/colcon-core/packages/uart_bridge)
[27.255s] DEBUG:colcon.colcon_parallel_executor.executor.parallel:closing loop
[27.255s] DEBUG:colcon.colcon_parallel_executor.executor.parallel:loop closed
[27.255s] DEBUG:colcon.colcon_parallel_executor.executor.parallel:run_until_complete finished with '0'
[27.256s] DEBUG:colcon.colcon_core.event_reactor:joining thread
[27.269s] INFO:colcon.colcon_core.plugin_system:Skipping extension 'colcon_notification.desktop_notification.terminal_notifier': Not used on non-Darwin systems
[27.270s] INFO:colcon.colcon_core.plugin_system:Skipping extension 'colcon_notification.desktop_notification.win32': Not used on non-Windows systems
[27.270s] INFO:colcon.colcon_notification.desktop_notification:Sending desktop notification using 'notify2'
[27.271s] DEBUG:colcon.colcon_notification.desktop_notification.notify2:Failed to initialize notify2: org.freedesktop.DBus.Error.ServiceUnknown: The name org.freedesktop.Notifications was not provided by any .service files
[27.271s] DEBUG:colcon.colcon_core.event_reactor:joined thread
[27.272s] INFO:colcon.colcon_core.shell:Creating prefix script '/mnt/c/Users/Pt/Desktop/dog/agent_dev/ros2_ws/install/local_setup.ps1'
[27.277s] INFO:colcon.colcon_core.shell:Creating prefix util module '/mnt/c/Users/Pt/Desktop/dog/agent_dev/ros2_ws/install/_local_setup_util_ps1.py'
[27.282s] INFO:colcon.colcon_core.shell:Creating prefix chain script '/mnt/c/Users/Pt/Desktop/dog/agent_dev/ros2_ws/install/setup.ps1'
[27.287s] INFO:colcon.colcon_core.shell:Creating prefix script '/mnt/c/Users/Pt/Desktop/dog/agent_dev/ros2_ws/install/local_setup.sh'
[27.292s] INFO:colcon.colcon_core.shell:Creating prefix util module '/mnt/c/Users/Pt/Desktop/dog/agent_dev/ros2_ws/install/_local_setup_util_sh.py'
[27.298s] INFO:colcon.colcon_core.shell:Creating prefix chain script '/mnt/c/Users/Pt/Desktop/dog/agent_dev/ros2_ws/install/setup.sh'
[27.303s] INFO:colcon.colcon_core.shell:Creating prefix script '/mnt/c/Users/Pt/Desktop/dog/agent_dev/ros2_ws/install/local_setup.bash'
[27.308s] INFO:colcon.colcon_core.shell:Creating prefix chain script '/mnt/c/Users/Pt/Desktop/dog/agent_dev/ros2_ws/install/setup.bash'
[27.313s] INFO:colcon.colcon_core.shell:Creating prefix script '/mnt/c/Users/Pt/Desktop/dog/agent_dev/ros2_ws/install/local_setup.zsh'
[27.318s] INFO:colcon.colcon_core.shell:Creating prefix chain script '/mnt/c/Users/Pt/Desktop/dog/agent_dev/ros2_ws/install/setup.zsh'
